

================================================================
== Synthesis Summary Report of 'simple_add'
================================================================
+ General Information: 
    * Date:           Sat May 30 19:11:43 2026
    * Version:        2023.2 (Build 4023990 on Oct 11 2023)
    * Project:        proj_simple_add
    * Solution:       solution1 (Vivado IP Flow Target)
    * Product family: zynquplus
    * Target device:  xczu7ev-ffvc1156-2-e
    

+ Performance & Resource Estimates: 
    
    PS: '+' for module; 'o' for loop; '*' for dataflow
    +-------------------+------+------+---------+---------+----------+---------+------+----------+------+----+----------+----------+-----+
    |      Modules      | Issue|      | Latency | Latency | Iteration|         | Trip |          |      |    |          |          |     |
    |      & Loops      | Type | Slack| (cycles)|   (ns)  |  Latency | Interval| Count| Pipelined| BRAM | DSP|    FF    |    LUT   | URAM|
    +-------------------+------+------+---------+---------+----------+---------+------+----------+------+----+----------+----------+-----+
    |+ simple_add       |     -|  0.41|      130|  650.000|         -|      131|     -|        no|     -|   -|  19 (~0%)|  96 (~0%)|    -|
    | o VITIS_LOOP_9_1  |     -|  3.65|      128|  640.000|         2|        1|   128|       yes|     -|   -|         -|         -|    -|
    +-------------------+------+------+---------+---------+----------+---------+------+----------+------+----+----------+----------+-----+


================================================================
== HW Interfaces
================================================================
* BRAM
+-----------+------------+---------------+
| Interface | Data Width | Address Width |
+-----------+------------+---------------+
| a_PORTA   | 8          | 32            |
| b_PORTA   | 8          | 32            |
| c_PORTA   | 16         | 32            |
+-----------+------------+---------------+

* TOP LEVEL CONTROL
+-----------+------------+-----------------------------------+
| Interface | Type       | Ports                             |
+-----------+------------+-----------------------------------+
| ap_clk    | clock      | ap_clk                            |
| ap_rst    | reset      | ap_rst                            |
| ap_ctrl   | ap_ctrl_hs | ap_done ap_idle ap_ready ap_start |
+-----------+------------+-----------------------------------+


================================================================
== SW I/O Information
================================================================
* Top Function Arguments
+----------+-----------+-------------------+
| Argument | Direction | Datatype          |
+----------+-----------+-------------------+
| a        | in        | ap_int<8> const * |
| b        | in        | ap_int<8> const * |
| c        | out       | ap_int<16>*       |
+----------+-----------+-------------------+

* SW-to-HW Mapping
+----------+--------------+-----------+
| Argument | HW Interface | HW Type   |
+----------+--------------+-----------+
| a        | a_PORTA      | interface |
| b        | b_PORTA      | interface |
| c        | c_PORTA      | interface |
+----------+--------------+-----------+


================================================================
== Bind Op Report
================================================================
+----------------------+-----+--------+----------+-----+--------+---------+
| Name                 | DSP | Pragma | Variable | Op  | Impl   | Latency |
+----------------------+-----+--------+----------+-----+--------+---------+
| + simple_add         | 0   |        |          |     |        |         |
|   add_ln9_fu_101_p2  |     |        | add_ln9  | add | fabric | 0       |
|   add_ln11_fu_126_p2 |     |        | add_ln11 | add | fabric | 0       |
+----------------------+-----+--------+----------+-----+--------+---------+


================================================================
== Storage Report
================================================================
  No bind storage info in design

================================================================
== Pragma Report
================================================================
* Valid Pragma Syntax
+-----------+------------------------+----------------------------------------+
| Type      | Options                | Location                               |
+-----------+------------------------+----------------------------------------+
| interface | ap_ctrl_hs port=return | simple_add.cpp:4 in simple_add, return |
| interface | bram port=a            | simple_add.cpp:5 in simple_add, a      |
| interface | bram port=b            | simple_add.cpp:6 in simple_add, b      |
| interface | bram port=c            | simple_add.cpp:7 in simple_add, c      |
| pipeline  | II=1                   | simple_add.cpp:10 in simple_add        |
+-----------+------------------------+----------------------------------------+


