

================================================================
== Vitis HLS Report for 'simple_add'
================================================================
* Date:           Sat May 30 19:11:43 2026

* Version:        2023.2 (Build 4023990 on Oct 11 2023)
* Project:        proj_simple_add
* Solution:       solution1 (Vivado IP Flow Target)
* Product family: zynquplus
* Target device:  xczu7ev-ffvc1156-2-e


================================================================
== Performance Estimates
================================================================
+ Timing: 
    * Summary: 
    +--------+---------+----------+------------+
    |  Clock |  Target | Estimated| Uncertainty|
    +--------+---------+----------+------------+
    |ap_clk  |  5.00 ns|  3.239 ns|     1.35 ns|
    +--------+---------+----------+------------+

+ Latency: 
    * Summary: 
    +---------+---------+----------+----------+-----+-----+---------+
    |  Latency (cycles) |  Latency (absolute) |  Interval | Pipeline|
    |   min   |   max   |    min   |    max   | min | max |   Type  |
    +---------+---------+----------+----------+-----+-----+---------+
    |      130|      130|  0.650 us|  0.650 us|  131|  131|       no|
    +---------+---------+----------+----------+-----+-----+---------+

    + Detail: 
        * Instance: 
        N/A

        * Loop: 
        +------------------+---------+---------+----------+-----------+-----------+------+----------+
        |                  |  Latency (cycles) | Iteration|  Initiation Interval  | Trip |          |
        |     Loop Name    |   min   |   max   |  Latency |  achieved |   target  | Count| Pipelined|
        +------------------+---------+---------+----------+-----------+-----------+------+----------+
        |- VITIS_LOOP_9_1  |      128|      128|         2|          1|          1|   128|       yes|
        +------------------+---------+---------+----------+-----------+-----------+------+----------+



================================================================
== Utilization Estimates
================================================================
* Summary: 
+-----------------+---------+------+--------+--------+-----+
|       Name      | BRAM_18K|  DSP |   FF   |   LUT  | URAM|
+-----------------+---------+------+--------+--------+-----+
|DSP              |        -|     -|       -|       -|    -|
|Expression       |        -|     -|       0|      51|    -|
|FIFO             |        -|     -|       -|       -|    -|
|Instance         |        -|     -|       -|       -|    -|
|Memory           |        -|     -|       -|       -|    -|
|Multiplexer      |        -|     -|       -|      45|    -|
|Register         |        -|     -|      19|       -|    -|
+-----------------+---------+------+--------+--------+-----+
|Total            |        0|     0|      19|      96|    0|
+-----------------+---------+------+--------+--------+-----+
|Available        |      624|  1728|  460800|  230400|   96|
+-----------------+---------+------+--------+--------+-----+
|Utilization (%)  |        0|     0|      ~0|      ~0|    0|
+-----------------+---------+------+--------+--------+-----+

+ Detail: 
    * Instance: 
    N/A

    * DSP: 
    N/A

    * Memory: 
    N/A

    * FIFO: 
    N/A

    * Expression: 
    +--------------------+----------+----+---+----+------------+------------+
    |    Variable Name   | Operation| DSP| FF| LUT| Bitwidth P0| Bitwidth P1|
    +--------------------+----------+----+---+----+------------+------------+
    |add_ln11_fu_126_p2  |         +|   0|  0|  16|           9|           9|
    |add_ln9_fu_101_p2   |         +|   0|  0|  15|           8|           1|
    |ap_condition_103    |       and|   0|  0|   2|           1|           1|
    |icmp_ln9_fu_95_p2   |      icmp|   0|  0|  16|           8|           9|
    |ap_enable_pp0       |       xor|   0|  0|   2|           1|           2|
    +--------------------+----------+----+---+----+------------+------------+
    |Total               |          |   0|  0|  51|          27|          22|
    +--------------------+----------+----+---+----+------------+------------+

    * Multiplexer: 
    +-------------------------+----+-----------+-----+-----------+
    |           Name          | LUT| Input Size| Bits| Total Bits|
    +-------------------------+----+-----------+-----+-----------+
    |ap_done_int              |   9|          2|    1|          2|
    |ap_enable_reg_pp0_iter1  |   9|          2|    1|          2|
    |ap_sig_allocacmp_i_1     |   9|          2|    8|         16|
    |c_WEN_A                  |   9|          2|    2|          4|
    |i_fu_44                  |   9|          2|    8|         16|
    +-------------------------+----+-----------+-----+-----------+
    |Total                    |  45|         10|   20|         40|
    +-------------------------+----+-----------+-----+-----------+

    * Register: 
    +-------------------------+---+----+-----+-----------+
    |           Name          | FF| LUT| Bits| Const Bits|
    +-------------------------+---+----+-----+-----------+
    |ap_CS_fsm                |  1|   0|    1|          0|
    |ap_done_reg              |  1|   0|    1|          0|
    |ap_enable_reg_pp0_iter1  |  1|   0|    1|          0|
    |i_fu_44                  |  8|   0|    8|          0|
    |zext_ln9_reg_147         |  8|   0|   64|         56|
    +-------------------------+---+----+-----+-----------+
    |Total                    | 19|   0|   75|         56|
    +-------------------------+---+----+-----+-----------+



================================================================
== Interface
================================================================
* Summary: 
+----------+-----+-----+------------+--------------+--------------+
| RTL Ports| Dir | Bits|  Protocol  | Source Object|    C Type    |
+----------+-----+-----+------------+--------------+--------------+
|ap_clk    |   in|    1|  ap_ctrl_hs|    simple_add|  return value|
|ap_rst    |   in|    1|  ap_ctrl_hs|    simple_add|  return value|
|ap_start  |   in|    1|  ap_ctrl_hs|    simple_add|  return value|
|ap_done   |  out|    1|  ap_ctrl_hs|    simple_add|  return value|
|ap_idle   |  out|    1|  ap_ctrl_hs|    simple_add|  return value|
|ap_ready  |  out|    1|  ap_ctrl_hs|    simple_add|  return value|
|a_Addr_A  |  out|   32|        bram|             a|         array|
|a_EN_A    |  out|    1|        bram|             a|         array|
|a_WEN_A   |  out|    1|        bram|             a|         array|
|a_Din_A   |  out|    8|        bram|             a|         array|
|a_Dout_A  |   in|    8|        bram|             a|         array|
|a_Clk_A   |  out|    1|        bram|             a|         array|
|a_Rst_A   |  out|    1|        bram|             a|         array|
|b_Addr_A  |  out|   32|        bram|             b|         array|
|b_EN_A    |  out|    1|        bram|             b|         array|
|b_WEN_A   |  out|    1|        bram|             b|         array|
|b_Din_A   |  out|    8|        bram|             b|         array|
|b_Dout_A  |   in|    8|        bram|             b|         array|
|b_Clk_A   |  out|    1|        bram|             b|         array|
|b_Rst_A   |  out|    1|        bram|             b|         array|
|c_Addr_A  |  out|   32|        bram|             c|         array|
|c_EN_A    |  out|    1|        bram|             c|         array|
|c_WEN_A   |  out|    2|        bram|             c|         array|
|c_Din_A   |  out|   16|        bram|             c|         array|
|c_Dout_A  |   in|   16|        bram|             c|         array|
|c_Clk_A   |  out|    1|        bram|             c|         array|
|c_Rst_A   |  out|    1|        bram|             c|         array|
+----------+-----+-----+------------+--------------+--------------+

