

================================================================
== Vitis HLS Report for 'awn_forward_Pipeline_VITIS_LOOP_284_12'
================================================================
* Date:           Sat May 30 20:43:37 2026

* Version:        2023.2 (Build 4023990 on Oct 11 2023)
* Project:        proj_awn_int8
* Solution:       solution1 (Vivado IP Flow Target)
* Product family: zynquplus
* Target device:  xczu7ev-ffvc1156-2-e


================================================================
== Performance Estimates
================================================================
+ Timing: 
    * Summary: 
    +--------+---------+----------+------------+
    |  Clock |  Target | Estimated| Uncertainty|
    +--------+---------+----------+------------+
    |ap_clk  |  5.00 ns|  3.420 ns|     1.35 ns|
    +--------+---------+----------+------------+

+ Latency: 
    * Summary: 
    +---------+---------+-----------+-----------+-----+-----+---------+
    |  Latency (cycles) |   Latency (absolute)  |  Interval | Pipeline|
    |   min   |   max   |    min    |    max    | min | max |   Type  |
    +---------+---------+-----------+-----------+-----+-----+---------+
    |       15|       15|  75.000 ns|  75.000 ns|   15|   15|       no|
    +---------+---------+-----------+-----------+-----+-----+---------+

    + Detail: 
        * Instance: 
        N/A

        * Loop: 
        +---------------------+---------+---------+----------+-----------+-----------+------+----------+
        |                     |  Latency (cycles) | Iteration|  Initiation Interval  | Trip |          |
        |      Loop Name      |   min   |   max   |  Latency |  achieved |   target  | Count| Pipelined|
        +---------------------+---------+---------+----------+-----------+-----------+------+----------+
        |- VITIS_LOOP_284_12  |       13|       13|         4|          1|          1|    11|       yes|
        +---------------------+---------+---------+----------+-----------+-----------+------+----------+



================================================================
== Utilization Estimates
================================================================
* Summary: 
+-----------------+---------+------+--------+--------+-----+
|       Name      | BRAM_18K|  DSP |   FF   |   LUT  | URAM|
+-----------------+---------+------+--------+--------+-----+
|DSP              |        -|     -|       -|       -|    -|
|Expression       |        -|     -|       0|     138|    -|
|FIFO             |        -|     -|       -|       -|    -|
|Instance         |        -|     2|       0|      20|    -|
|Memory           |        -|     -|       -|       -|    -|
|Multiplexer      |        -|     -|       -|      36|    -|
|Register         |        -|     -|     154|      32|    -|
+-----------------+---------+------+--------+--------+-----+
|Total            |        0|     2|     154|     226|    0|
+-----------------+---------+------+--------+--------+-----+
|Available        |      624|  1728|  460800|  230400|   96|
+-----------------+---------+------+--------+--------+-----+
|Utilization (%)  |        0|    ~0|      ~0|      ~0|    0|
+-----------------+---------+------+--------+--------+-----+

+ Detail: 
    * Instance: 
    +----------------------------+---------------------+---------+----+---+----+-----+
    |          Instance          |        Module       | BRAM_18K| DSP| FF| LUT| URAM|
    +----------------------------+---------------------+---------+----+---+----+-----+
    |mul_22s_32ns_53_1_1_U12731  |mul_22s_32ns_53_1_1  |        0|   2|  0|  20|    0|
    +----------------------------+---------------------+---------+----+---+----+-----+
    |Total                       |                     |        0|   2|  0|  20|    0|
    +----------------------------+---------------------+---------+----+---+----+-----+

    * DSP: 
    N/A

    * Memory: 
    N/A

    * FIFO: 
    N/A

    * Expression: 
    +-----------------------+----------+----+---+----+------------+------------+
    |     Variable Name     | Operation| DSP| FF| LUT| Bitwidth P0| Bitwidth P1|
    +-----------------------+----------+----+---+----+------------+------------+
    |add_ln284_fu_107_p2    |         +|   0|  0|  12|           4|           1|
    |sum_fu_127_p2          |         +|   0|  0|  60|          53|          40|
    |icmp_ln24_fu_152_p2    |      icmp|   0|  0|  13|           6|           1|
    |icmp_ln25_fu_158_p2    |      icmp|   0|  0|  20|          13|           9|
    |icmp_ln284_fu_101_p2   |      icmp|   0|  0|  12|           4|           4|
    |or_ln24_fu_182_p2      |        or|   0|  0|   2|           1|           1|
    |logits_q_d0            |    select|   0|  0|   8|           1|           8|
    |select_ln24_fu_174_p3  |    select|   0|  0|   9|           1|           7|
    |ap_enable_pp0          |       xor|   0|  0|   2|           1|           2|
    +-----------------------+----------+----+---+----+------------+------------+
    |Total                  |          |   0|  0| 138|          84|          73|
    +-----------------------+----------+----+---+----+------------+------------+

    * Multiplexer: 
    +-------------------------+----+-----------+-----+-----------+
    |           Name          | LUT| Input Size| Bits| Total Bits|
    +-------------------------+----+-----------+-----+-----------+
    |ap_done_int              |   9|          2|    1|          2|
    |ap_enable_reg_pp0_iter1  |   9|          2|    1|          2|
    |ap_sig_allocacmp_i_1     |   9|          2|    4|          8|
    |i_fu_58                  |   9|          2|    4|          8|
    +-------------------------+----+-----------+-----+-----------+
    |Total                    |  36|          8|   10|         20|
    +-------------------------+----+-----------+-----+-----------+

    * Register: 
    +----------------------------------+----+----+-----+-----------+
    |               Name               | FF | LUT| Bits| Const Bits|
    +----------------------------------+----+----+-----+-----------+
    |ap_CS_fsm                         |   1|   0|    1|          0|
    |ap_done_reg                       |   1|   0|    1|          0|
    |ap_enable_reg_pp0_iter1           |   1|   0|    1|          0|
    |ap_enable_reg_pp0_iter2           |   1|   0|    1|          0|
    |ap_enable_reg_pp0_iter3           |   1|   0|    1|          0|
    |ap_loop_exit_ready_pp0_iter1_reg  |   1|   0|    1|          0|
    |ap_loop_exit_ready_pp0_iter2_reg  |   1|   0|    1|          0|
    |fc2_acc_load_reg_218              |  22|   0|   22|          0|
    |i_fu_58                           |   4|   0|    4|          0|
    |prod_reg_223                      |  53|   0|   53|          0|
    |zext_ln284_reg_208                |   4|   0|   64|         60|
    |zext_ln284_reg_208                |  64|  32|   64|         60|
    +----------------------------------+----+----+-----+-----------+
    |Total                             | 154|  32|  214|        120|
    +----------------------------------+----+----+-----+-----------+



================================================================
== Interface
================================================================
* Summary: 
+-------------------+-----+-----+------------+----------------------------------------+--------------+
|     RTL Ports     | Dir | Bits|  Protocol  |              Source Object             |    C Type    |
+-------------------+-----+-----+------------+----------------------------------------+--------------+
|ap_clk             |   in|    1|  ap_ctrl_hs|  awn_forward_Pipeline_VITIS_LOOP_284_12|  return value|
|ap_rst             |   in|    1|  ap_ctrl_hs|  awn_forward_Pipeline_VITIS_LOOP_284_12|  return value|
|ap_start           |   in|    1|  ap_ctrl_hs|  awn_forward_Pipeline_VITIS_LOOP_284_12|  return value|
|ap_done            |  out|    1|  ap_ctrl_hs|  awn_forward_Pipeline_VITIS_LOOP_284_12|  return value|
|ap_idle            |  out|    1|  ap_ctrl_hs|  awn_forward_Pipeline_VITIS_LOOP_284_12|  return value|
|ap_ready           |  out|    1|  ap_ctrl_hs|  awn_forward_Pipeline_VITIS_LOOP_284_12|  return value|
|fc2_acc_address0   |  out|    4|   ap_memory|                                 fc2_acc|         array|
|fc2_acc_ce0        |  out|    1|   ap_memory|                                 fc2_acc|         array|
|fc2_acc_q0         |   in|   22|   ap_memory|                                 fc2_acc|         array|
|logits_q_address0  |  out|    4|   ap_memory|                                logits_q|         array|
|logits_q_ce0       |  out|    1|   ap_memory|                                logits_q|         array|
|logits_q_we0       |  out|    1|   ap_memory|                                logits_q|         array|
|logits_q_d0        |  out|    8|   ap_memory|                                logits_q|         array|
+-------------------+-----+-----+------------+----------------------------------------+--------------+

