

================================================================
== Vitis HLS Report for 'awn_forward_Pipeline_VITIS_LOOP_245_7'
================================================================
* Date:           Sat May 30 20:43:13 2026

* Version:        2023.2 (Build 4023990 on Oct 11 2023)
* Project:        proj_awn_int8
* Solution:       solution1 (Vivado IP Flow Target)
* Product family: zynquplus
* Target device:  xczu7ev-ffvc1156-2-e


================================================================
== Performance Estimates
================================================================
+ Timing: 
    * Summary: 
    +--------+---------+----------+------------+
    |  Clock |  Target | Estimated| Uncertainty|
    +--------+---------+----------+------------+
    |ap_clk  |  5.00 ns|  3.420 ns|     1.35 ns|
    +--------+---------+----------+------------+

+ Latency: 
    * Summary: 
    +---------+---------+----------+----------+-----+-----+---------+
    |  Latency (cycles) |  Latency (absolute) |  Interval | Pipeline|
    |   min   |   max   |    min   |    max   | min | max |   Type  |
    +---------+---------+----------+----------+-----+-----+---------+
    |       68|       68|  0.340 us|  0.340 us|   68|   68|       no|
    +---------+---------+----------+----------+-----+-----+---------+

    + Detail: 
        * Instance: 
        N/A

        * Loop: 
        +--------------------+---------+---------+----------+-----------+-----------+------+----------+
        |                    |  Latency (cycles) | Iteration|  Initiation Interval  | Trip |          |
        |      Loop Name     |   min   |   max   |  Latency |  achieved |   target  | Count| Pipelined|
        +--------------------+---------+---------+----------+-----------+-----------+------+----------+
        |- VITIS_LOOP_245_7  |       66|       66|         4|          1|          1|    64|       yes|
        +--------------------+---------+---------+----------+-----------+-----------+------+----------+



================================================================
== Utilization Estimates
================================================================
* Summary: 
+-----------------+---------+------+--------+--------+-----+
|       Name      | BRAM_18K|  DSP |   FF   |   LUT  | URAM|
+-----------------+---------+------+--------+--------+-----+
|DSP              |        -|     -|       -|       -|    -|
|Expression       |        -|     -|       0|      85|    -|
|FIFO             |        -|     -|       -|       -|    -|
|Instance         |        -|     2|       0|      20|    -|
|Memory           |        -|     -|       -|       -|    -|
|Multiplexer      |        -|     -|       -|      36|    -|
|Register         |        -|     -|     139|      32|    -|
+-----------------+---------+------+--------+--------+-----+
|Total            |        0|     2|     139|     173|    0|
+-----------------+---------+------+--------+--------+-----+
|Available        |      624|  1728|  460800|  230400|   96|
+-----------------+---------+------+--------+--------+-----+
|Utilization (%)  |        0|    ~0|      ~0|      ~0|    0|
+-----------------+---------+------+--------+--------+-----+

+ Detail: 
    * Instance: 
    +---------------------------+--------------------+---------+----+---+----+-----+
    |          Instance         |       Module       | BRAM_18K| DSP| FF| LUT| URAM|
    +---------------------------+--------------------+---------+----+---+----+-----+
    |mul_8s_32ns_39_1_1_U10845  |mul_8s_32ns_39_1_1  |        0|   2|  0|  20|    0|
    +---------------------------+--------------------+---------+----+---+----+-----+
    |Total                      |                    |        0|   2|  0|  20|    0|
    +---------------------------+--------------------+---------+----+---+----+-----+

    * DSP: 
    N/A

    * Memory: 
    N/A

    * FIFO: 
    N/A

    * Expression: 
    +----------------------+----------+----+---+----+------------+------------+
    |     Variable Name    | Operation| DSP| FF| LUT| Bitwidth P0| Bitwidth P1|
    +----------------------+----------+----+---+----+------------+------------+
    |add_ln245_fu_117_p2   |         +|   0|  0|  14|           7|           1|
    |sum_fu_138_p2         |         +|   0|  0|  46|          39|          31|
    |icmp_ln245_fu_111_p2  |      icmp|   0|  0|  15|           7|           8|
    |ap_enable_pp0         |       xor|   0|  0|   2|           1|           2|
    |xor_ln248_fu_154_p2   |       xor|   0|  0|   8|           7|           8|
    +----------------------+----------+----+---+----+------------+------------+
    |Total                 |          |   0|  0|  85|          61|          50|
    +----------------------+----------+----+---+----+------------+------------+

    * Multiplexer: 
    +-------------------------+----+-----------+-----+-----------+
    |           Name          | LUT| Input Size| Bits| Total Bits|
    +-------------------------+----+-----------+-----+-----------+
    |ap_done_int              |   9|          2|    1|          2|
    |ap_enable_reg_pp0_iter1  |   9|          2|    1|          2|
    |ap_sig_allocacmp_c_1     |   9|          2|    7|         14|
    |c_fu_42                  |   9|          2|    7|         14|
    +-------------------------+----+-----------+-----+-----------+
    |Total                    |  36|          8|   16|         32|
    +-------------------------+----+-----------+-----+-----------+

    * Register: 
    +----------------------------------+----+----+-----+-----------+
    |               Name               | FF | LUT| Bits| Const Bits|
    +----------------------------------+----+----+-----+-----------+
    |ap_CS_fsm                         |   1|   0|    1|          0|
    |ap_done_reg                       |   1|   0|    1|          0|
    |ap_enable_reg_pp0_iter1           |   1|   0|    1|          0|
    |ap_enable_reg_pp0_iter2           |   1|   0|    1|          0|
    |ap_enable_reg_pp0_iter3           |   1|   0|    1|          0|
    |ap_loop_exit_ready_pp0_iter1_reg  |   1|   0|    1|          0|
    |ap_loop_exit_ready_pp0_iter2_reg  |   1|   0|    1|          0|
    |avg_c_q_load_reg_195              |   8|   0|    8|          0|
    |c_1_reg_171                       |   7|   0|    7|          0|
    |c_fu_42                           |   7|   0|    7|          0|
    |mul_ln17_reg_200                  |  39|   0|   39|          0|
    |zext_ln245_reg_180                |   7|   0|   64|         57|
    |c_1_reg_171                       |  64|  32|    7|          0|
    +----------------------------------+----+----+-----+-----------+
    |Total                             | 139|  32|  139|         57|
    +----------------------------------+----+----+-----+-----------+



================================================================
== Interface
================================================================
* Summary: 
+------------------+-----+-----+------------+---------------------------------------+--------------+
|     RTL Ports    | Dir | Bits|  Protocol  |             Source Object             |    C Type    |
+------------------+-----+-----+------------+---------------------------------------+--------------+
|ap_clk            |   in|    1|  ap_ctrl_hs|  awn_forward_Pipeline_VITIS_LOOP_245_7|  return value|
|ap_rst            |   in|    1|  ap_ctrl_hs|  awn_forward_Pipeline_VITIS_LOOP_245_7|  return value|
|ap_start          |   in|    1|  ap_ctrl_hs|  awn_forward_Pipeline_VITIS_LOOP_245_7|  return value|
|ap_done           |  out|    1|  ap_ctrl_hs|  awn_forward_Pipeline_VITIS_LOOP_245_7|  return value|
|ap_idle           |  out|    1|  ap_ctrl_hs|  awn_forward_Pipeline_VITIS_LOOP_245_7|  return value|
|ap_ready          |  out|    1|  ap_ctrl_hs|  awn_forward_Pipeline_VITIS_LOOP_245_7|  return value|
|avg_d_q_address0  |  out|    6|   ap_memory|                                avg_d_q|         array|
|avg_d_q_ce0       |  out|    1|   ap_memory|                                avg_d_q|         array|
|avg_d_q_q0        |   in|    8|   ap_memory|                                avg_d_q|         array|
|cat_q_address0    |  out|    7|   ap_memory|                                  cat_q|         array|
|cat_q_ce0         |  out|    1|   ap_memory|                                  cat_q|         array|
|cat_q_we0         |  out|    1|   ap_memory|                                  cat_q|         array|
|cat_q_d0          |  out|    8|   ap_memory|                                  cat_q|         array|
|cat_q_address1    |  out|    7|   ap_memory|                                  cat_q|         array|
|cat_q_ce1         |  out|    1|   ap_memory|                                  cat_q|         array|
|cat_q_we1         |  out|    1|   ap_memory|                                  cat_q|         array|
|cat_q_d1          |  out|    8|   ap_memory|                                  cat_q|         array|
|avg_c_q_address0  |  out|    6|   ap_memory|                                avg_c_q|         array|
|avg_c_q_ce0       |  out|    1|   ap_memory|                                avg_c_q|         array|
|avg_c_q_q0        |   in|    8|   ap_memory|                                avg_c_q|         array|
+------------------+-----+-----+------------+---------------------------------------+--------------+

