

================================================================
== Vitis HLS Report for 'awn_forward_Pipeline_VITIS_LOOP_263_9'
================================================================
* Date:           Sat May 30 20:43:19 2026

* Version:        2023.2 (Build 4023990 on Oct 11 2023)
* Project:        proj_awn_int8
* Solution:       solution1 (Vivado IP Flow Target)
* Product family: zynquplus
* Target device:  xczu7ev-ffvc1156-2-e


================================================================
== Performance Estimates
================================================================
+ Timing: 
    * Summary: 
    +--------+---------+----------+------------+
    |  Clock |  Target | Estimated| Uncertainty|
    +--------+---------+----------+------------+
    |ap_clk  |  5.00 ns|  3.542 ns|     1.35 ns|
    +--------+---------+----------+------------+

+ Latency: 
    * Summary: 
    +---------+---------+----------+----------+-----+-----+---------+
    |  Latency (cycles) |  Latency (absolute) |  Interval | Pipeline|
    |   min   |   max   |    min   |    max   | min | max |   Type  |
    +---------+---------+----------+----------+-----+-----+---------+
    |      133|      133|  0.665 us|  0.665 us|  133|  133|       no|
    +---------+---------+----------+----------+-----+-----+---------+

    + Detail: 
        * Instance: 
        N/A

        * Loop: 
        +--------------------+---------+---------+----------+-----------+-----------+------+----------+
        |                    |  Latency (cycles) | Iteration|  Initiation Interval  | Trip |          |
        |      Loop Name     |   min   |   max   |  Latency |  achieved |   target  | Count| Pipelined|
        +--------------------+---------+---------+----------+-----------+-----------+------+----------+
        |- VITIS_LOOP_263_9  |      131|      131|         5|          1|          1|   128|       yes|
        +--------------------+---------+---------+----------+-----------+-----------+------+----------+



================================================================
== Utilization Estimates
================================================================
* Summary: 
+-----------------+---------+------+--------+--------+-----+
|       Name      | BRAM_18K|  DSP |   FF   |   LUT  | URAM|
+-----------------+---------+------+--------+--------+-----+
|DSP              |        -|     -|       -|       -|    -|
|Expression       |        -|     -|       0|     150|    -|
|FIFO             |        -|     -|       -|       -|    -|
|Instance         |        -|     2|       0|      20|    -|
|Memory           |        1|     -|       0|       0|    -|
|Multiplexer      |        -|     -|       -|      36|    -|
|Register         |        -|     -|     160|      32|    -|
+-----------------+---------+------+--------+--------+-----+
|Total            |        1|     2|     160|     238|    0|
+-----------------+---------+------+--------+--------+-----+
|Available        |      624|  1728|  460800|  230400|   96|
+-----------------+---------+------+--------+--------+-----+
|Utilization (%)  |       ~0|    ~0|      ~0|      ~0|    0|
+-----------------+---------+------+--------+--------+-----+

+ Detail: 
    * Instance: 
    +----------------------------+---------------------+---------+----+---+----+-----+
    |          Instance          |        Module       | BRAM_18K| DSP| FF| LUT| URAM|
    +----------------------------+---------------------+---------+----+---+----+-----+
    |mul_20s_32ns_51_1_1_U11346  |mul_20s_32ns_51_1_1  |        0|   2|  0|  20|    0|
    +----------------------------+---------------------+---------+----+---+----+-----+
    |Total                       |                     |        0|   2|  0|  20|    0|
    +----------------------------+---------------------+---------+----+---+----+-----+

    * DSP: 
    N/A

    * Memory: 
    +---------------+---------------------------------------------------------------+---------+---+----+-----+------+-----+------+-------------+
    |     Memory    |                             Module                            | BRAM_18K| FF| LUT| URAM| Words| Bits| Banks| W*Bits*Banks|
    +---------------+---------------------------------------------------------------+---------+---+----+-----+------+-----+------+-------------+
    |SIGMOID_LUT_U  |awn_forward_Pipeline_VITIS_LOOP_263_9_SIGMOID_LUT_ROM_AUTO_1R  |        1|  0|   0|    0|   256|    7|     1|         1792|
    +---------------+---------------------------------------------------------------+---------+---+----+-----+------+-----+------+-------------+
    |Total          |                                                               |        1|  0|   0|    0|   256|    7|     1|         1792|
    +---------------+---------------------------------------------------------------+---------+---+----+-----+------+-----+------+-------------+

    * FIFO: 
    N/A

    * Expression: 
    +-----------------------+----------+----+---+----+------------+------------+
    |     Variable Name     | Operation| DSP| FF| LUT| Bitwidth P0| Bitwidth P1|
    +-----------------------+----------+----+---+----+------------+------------+
    |add_ln263_fu_117_p2    |         +|   0|  0|  15|           8|           1|
    |sum_fu_137_p2          |         +|   0|  0|  58|          51|          39|
    |icmp_ln24_fu_162_p2    |      icmp|   0|  0|  12|           5|           1|
    |icmp_ln25_fu_168_p2    |      icmp|   0|  0|  19|          12|           9|
    |icmp_ln263_fu_111_p2   |      icmp|   0|  0|  16|           8|           9|
    |or_ln24_fu_192_p2      |        or|   0|  0|   2|           1|           1|
    |r_fu_198_p3            |    select|   0|  0|   8|           1|           8|
    |select_ln24_fu_184_p3  |    select|   0|  0|   9|           1|           7|
    |ap_enable_pp0          |       xor|   0|  0|   2|           1|           2|
    |xor_ln43_fu_206_p2     |       xor|   0|  0|   9|           8|           9|
    +-----------------------+----------+----+---+----+------------+------------+
    |Total                  |          |   0|  0| 150|          96|          86|
    +-----------------------+----------+----+---+----+------------+------------+

    * Multiplexer: 
    +-------------------------+----+-----------+-----+-----------+
    |           Name          | LUT| Input Size| Bits| Total Bits|
    +-------------------------+----+-----------+-----+-----------+
    |ap_done_int              |   9|          2|    1|          2|
    |ap_enable_reg_pp0_iter1  |   9|          2|    1|          2|
    |ap_sig_allocacmp_i       |   9|          2|    8|         16|
    |i_1_fu_54                |   9|          2|    8|         16|
    +-------------------------+----+-----------+-----+-----------+
    |Total                    |  36|          8|   18|         36|
    +-------------------------+----+-----------+-----+-----------+

    * Register: 
    +----------------------------------+----+----+-----+-----------+
    |               Name               | FF | LUT| Bits| Const Bits|
    +----------------------------------+----+----+-----+-----------+
    |ap_CS_fsm                         |   1|   0|    1|          0|
    |ap_done_reg                       |   1|   0|    1|          0|
    |ap_enable_reg_pp0_iter1           |   1|   0|    1|          0|
    |ap_enable_reg_pp0_iter2           |   1|   0|    1|          0|
    |ap_enable_reg_pp0_iter3           |   1|   0|    1|          0|
    |ap_enable_reg_pp0_iter4           |   1|   0|    1|          0|
    |ap_loop_exit_ready_pp0_iter1_reg  |   1|   0|    1|          0|
    |ap_loop_exit_ready_pp0_iter2_reg  |   1|   0|    1|          0|
    |ap_loop_exit_ready_pp0_iter3_reg  |   1|   0|    1|          0|
    |i_1_fu_54                         |   8|   0|    8|          0|
    |prod_reg_243                      |  51|   0|   51|          0|
    |se3_acc_load_reg_238              |  20|   0|   20|          0|
    |zext_ln263_reg_228                |   8|   0|   64|         56|
    |zext_ln263_reg_228                |  64|  32|   64|         56|
    +----------------------------------+----+----+-----+-----------+
    |Total                             | 160|  32|  216|        112|
    +----------------------------------+----+----+-----+-----------+



================================================================
== Interface
================================================================
* Summary: 
+------------------+-----+-----+------------+---------------------------------------+--------------+
|     RTL Ports    | Dir | Bits|  Protocol  |             Source Object             |    C Type    |
+------------------+-----+-----+------------+---------------------------------------+--------------+
|ap_clk            |   in|    1|  ap_ctrl_hs|  awn_forward_Pipeline_VITIS_LOOP_263_9|  return value|
|ap_rst            |   in|    1|  ap_ctrl_hs|  awn_forward_Pipeline_VITIS_LOOP_263_9|  return value|
|ap_start          |   in|    1|  ap_ctrl_hs|  awn_forward_Pipeline_VITIS_LOOP_263_9|  return value|
|ap_done           |  out|    1|  ap_ctrl_hs|  awn_forward_Pipeline_VITIS_LOOP_263_9|  return value|
|ap_idle           |  out|    1|  ap_ctrl_hs|  awn_forward_Pipeline_VITIS_LOOP_263_9|  return value|
|ap_ready          |  out|    1|  ap_ctrl_hs|  awn_forward_Pipeline_VITIS_LOOP_263_9|  return value|
|se3_acc_address0  |  out|    7|   ap_memory|                                se3_acc|         array|
|se3_acc_ce0       |  out|    1|   ap_memory|                                se3_acc|         array|
|se3_acc_q0        |   in|   20|   ap_memory|                                se3_acc|         array|
|sig_q_address0    |  out|    7|   ap_memory|                                  sig_q|         array|
|sig_q_ce0         |  out|    1|   ap_memory|                                  sig_q|         array|
|sig_q_we0         |  out|    1|   ap_memory|                                  sig_q|         array|
|sig_q_d0          |  out|    7|   ap_memory|                                  sig_q|         array|
+------------------+-----+-----+------------+---------------------------------------+--------------+

