

================================================================
== Vitis HLS Report for 'awn_forward_Pipeline_VITIS_LOOP_232_5_VITIS_LOOP_233_6'
================================================================
* Date:           Sat May 30 20:42:09 2026

* Version:        2023.2 (Build 4023990 on Oct 11 2023)
* Project:        proj_awn_int8
* Solution:       solution1 (Vivado IP Flow Target)
* Product family: zynquplus
* Target device:  xczu7ev-ffvc1156-2-e


================================================================
== Performance Estimates
================================================================
+ Timing: 
    * Summary: 
    +--------+---------+----------+------------+
    |  Clock |  Target | Estimated| Uncertainty|
    +--------+---------+----------+------------+
    |ap_clk  |  5.00 ns|  3.640 ns|     1.35 ns|
    +--------+---------+----------+------------+

+ Latency: 
    * Summary: 
    +---------+---------+-----------+-----------+------+------+---------+
    |  Latency (cycles) |   Latency (absolute)  |   Interval  | Pipeline|
    |   min   |   max   |    min    |    max    |  min |  max |   Type  |
    +---------+---------+-----------+-----------+------+------+---------+
    |     4100|     4100|  20.500 us|  20.500 us|  4100|  4100|       no|
    +---------+---------+-----------+-----------+------+------+---------+

    + Detail: 
        * Instance: 
        N/A

        * Loop: 
        +-------------------------------------+---------+---------+----------+-----------+-----------+------+----------+
        |                                     |  Latency (cycles) | Iteration|  Initiation Interval  | Trip |          |
        |              Loop Name              |   min   |   max   |  Latency |  achieved |   target  | Count| Pipelined|
        +-------------------------------------+---------+---------+----------+-----------+-----------+------+----------+
        |- VITIS_LOOP_232_5_VITIS_LOOP_233_6  |     4098|     4098|         4|          1|          1|  4096|       yes|
        +-------------------------------------+---------+---------+----------+-----------+-----------+------+----------+



================================================================
== Utilization Estimates
================================================================
* Summary: 
+-----------------+---------+------+--------+--------+-----+
|       Name      | BRAM_18K|  DSP |   FF   |   LUT  | URAM|
+-----------------+---------+------+--------+--------+-----+
|DSP              |        -|     -|       -|       -|    -|
|Expression       |        -|     -|       0|     224|    -|
|FIFO             |        -|     -|       -|       -|    -|
|Instance         |        -|     2|       0|     293|    -|
|Memory           |        -|     -|       -|       -|    -|
|Multiplexer      |        -|     -|       -|      63|    -|
|Register         |        -|     -|     237|      32|    -|
+-----------------+---------+------+--------+--------+-----+
|Total            |        0|     2|     237|     612|    0|
+-----------------+---------+------+--------+--------+-----+
|Available        |      624|  1728|  460800|  230400|   96|
+-----------------+---------+------+--------+--------+-----+
|Utilization (%)  |        0|    ~0|      ~0|      ~0|    0|
+-----------------+---------+------+--------+--------+-----+

+ Detail: 
    * Instance: 
    +-----------------------------+-----------------------+---------+----+---+-----+-----+
    |           Instance          |         Module        | BRAM_18K| DSP| FF| LUT | URAM|
    +-----------------------------+-----------------------+---------+----+---+-----+-----+
    |mul_8s_32ns_38_1_1_U6483     |mul_8s_32ns_38_1_1     |        0|   2|  0|   20|    0|
    |sparsemux_129_6_8_1_1_U6484  |sparsemux_129_6_8_1_1  |        0|   0|  0|  273|    0|
    +-----------------------------+-----------------------+---------+----+---+-----+-----+
    |Total                        |                       |        0|   2|  0|  293|    0|
    +-----------------------------+-----------------------+---------+----+---+-----+-----+

    * DSP: 
    N/A

    * Memory: 
    N/A

    * FIFO: 
    N/A

    * Expression: 
    +---------------------------+----------+----+---+----+------------+------------+
    |       Variable Name       | Operation| DSP| FF| LUT| Bitwidth P0| Bitwidth P1|
    +---------------------------+----------+----+---+----+------------+------------+
    |add_ln232_1_fu_2166_p2     |         +|   0|  0|  20|          13|           1|
    |add_ln232_fu_2280_p2       |         +|   0|  0|  14|           7|           1|
    |add_ln233_fu_2261_p2       |         +|   0|  0|  14|           7|           1|
    |add_ln235_fu_2308_p2       |         +|   0|  0|  19|          12|          12|
    |sum_fu_2659_p2             |         +|   0|  0|  45|          38|          30|
    |sub_ln235_fu_2681_p2       |         -|   0|  0|  16|           9|           9|
    |icmp_ln232_fu_2160_p2      |      icmp|   0|  0|  21|          13|          14|
    |icmp_ln233_fu_2175_p2      |      icmp|   0|  0|  15|           7|           8|
    |icmp_ln24_fu_2697_p2       |      icmp|   0|  0|   9|           2|           1|
    |icmp_ln25_fu_2703_p2       |      icmp|   0|  0|  16|           9|           9|
    |or_ln24_fu_2721_p2         |        or|   0|  0|   2|           1|           1|
    |select_ln232_1_fu_2286_p3  |    select|   0|  0|   7|           1|           7|
    |select_ln232_fu_2181_p3    |    select|   0|  0|   7|           1|           1|
    |select_ln24_1_fu_2727_p3   |    select|   0|  0|   8|           1|           8|
    |select_ln24_6_fu_2713_p3   |    select|   0|  0|   9|           1|           7|
    |ap_enable_pp0              |       xor|   0|  0|   2|           1|           2|
    +---------------------------+----------+----+---+----+------------+------------+
    |Total                      |          |   0|  0| 224|         123|         112|
    +---------------------------+----------+----+---+----+------------+------------+

    * Multiplexer: 
    +----------------------------------------+----+-----------+-----+-----------+
    |                  Name                  | LUT| Input Size| Bits| Total Bits|
    +----------------------------------------+----+-----------+-----+-----------+
    |ap_done_int                             |   9|          2|    1|          2|
    |ap_enable_reg_pp0_iter1                 |   9|          2|    1|          2|
    |ap_sig_allocacmp_indvar_flatten13_load  |   9|          2|   13|         26|
    |ap_sig_allocacmp_t_load                 |   9|          2|    7|         14|
    |ch_fu_452                               |   9|          2|    7|         14|
    |indvar_flatten13_fu_456                 |   9|          2|   13|         26|
    |t_fu_448                                |   9|          2|    7|         14|
    +----------------------------------------+----+-----------+-----+-----------+
    |Total                                   |  63|         14|   49|         98|
    +----------------------------------------+----+-----------+-----+-----------+

    * Register: 
    +---------------------------------------+----+----+-----+-----------+
    |                  Name                 | FF | LUT| Bits| Const Bits|
    +---------------------------------------+----+----+-----+-----------+
    |ap_CS_fsm                              |   1|   0|    1|          0|
    |ap_done_reg                            |   1|   0|    1|          0|
    |ap_enable_reg_pp0_iter1                |   1|   0|    1|          0|
    |ap_enable_reg_pp0_iter2                |   1|   0|    1|          0|
    |ap_enable_reg_pp0_iter3                |   1|   0|    1|          0|
    |ap_loop_exit_ready_pp0_iter1_reg       |   1|   0|    1|          0|
    |ap_loop_exit_ready_pp0_iter2_reg       |   1|   0|    1|          0|
    |ap_predicate_pred1147_state4           |   1|   0|    1|          0|
    |ap_predicate_pred1153_state4           |   1|   0|    1|          0|
    |ap_predicate_pred1158_state4           |   1|   0|    1|          0|
    |ap_predicate_pred1163_state4           |   1|   0|    1|          0|
    |ap_predicate_pred1168_state4           |   1|   0|    1|          0|
    |ap_predicate_pred1173_state4           |   1|   0|    1|          0|
    |ap_predicate_pred1178_state4           |   1|   0|    1|          0|
    |ap_predicate_pred1183_state4           |   1|   0|    1|          0|
    |ap_predicate_pred1188_state4           |   1|   0|    1|          0|
    |ap_predicate_pred1193_state4           |   1|   0|    1|          0|
    |ap_predicate_pred1198_state4           |   1|   0|    1|          0|
    |ap_predicate_pred1203_state4           |   1|   0|    1|          0|
    |ap_predicate_pred1208_state4           |   1|   0|    1|          0|
    |ap_predicate_pred1213_state4           |   1|   0|    1|          0|
    |ap_predicate_pred1218_state4           |   1|   0|    1|          0|
    |ap_predicate_pred1223_state4           |   1|   0|    1|          0|
    |ap_predicate_pred1228_state4           |   1|   0|    1|          0|
    |ap_predicate_pred1233_state4           |   1|   0|    1|          0|
    |ap_predicate_pred1238_state4           |   1|   0|    1|          0|
    |ap_predicate_pred1243_state4           |   1|   0|    1|          0|
    |ap_predicate_pred1248_state4           |   1|   0|    1|          0|
    |ap_predicate_pred1253_state4           |   1|   0|    1|          0|
    |ap_predicate_pred1258_state4           |   1|   0|    1|          0|
    |ap_predicate_pred1263_state4           |   1|   0|    1|          0|
    |ap_predicate_pred1268_state4           |   1|   0|    1|          0|
    |ap_predicate_pred1273_state4           |   1|   0|    1|          0|
    |ap_predicate_pred1278_state4           |   1|   0|    1|          0|
    |ap_predicate_pred1283_state4           |   1|   0|    1|          0|
    |ap_predicate_pred1288_state4           |   1|   0|    1|          0|
    |ap_predicate_pred1293_state4           |   1|   0|    1|          0|
    |ap_predicate_pred1298_state4           |   1|   0|    1|          0|
    |ap_predicate_pred1303_state4           |   1|   0|    1|          0|
    |ap_predicate_pred1308_state4           |   1|   0|    1|          0|
    |ap_predicate_pred1313_state4           |   1|   0|    1|          0|
    |ap_predicate_pred1318_state4           |   1|   0|    1|          0|
    |ap_predicate_pred1323_state4           |   1|   0|    1|          0|
    |ap_predicate_pred1328_state4           |   1|   0|    1|          0|
    |ap_predicate_pred1333_state4           |   1|   0|    1|          0|
    |ap_predicate_pred1338_state4           |   1|   0|    1|          0|
    |ap_predicate_pred1343_state4           |   1|   0|    1|          0|
    |ap_predicate_pred1348_state4           |   1|   0|    1|          0|
    |ap_predicate_pred1353_state4           |   1|   0|    1|          0|
    |ap_predicate_pred1358_state4           |   1|   0|    1|          0|
    |ap_predicate_pred1363_state4           |   1|   0|    1|          0|
    |ap_predicate_pred1368_state4           |   1|   0|    1|          0|
    |ap_predicate_pred1373_state4           |   1|   0|    1|          0|
    |ap_predicate_pred1378_state4           |   1|   0|    1|          0|
    |ap_predicate_pred1383_state4           |   1|   0|    1|          0|
    |ap_predicate_pred1388_state4           |   1|   0|    1|          0|
    |ap_predicate_pred1393_state4           |   1|   0|    1|          0|
    |ap_predicate_pred1398_state4           |   1|   0|    1|          0|
    |ap_predicate_pred1403_state4           |   1|   0|    1|          0|
    |ap_predicate_pred1408_state4           |   1|   0|    1|          0|
    |ap_predicate_pred1413_state4           |   1|   0|    1|          0|
    |ap_predicate_pred1418_state4           |   1|   0|    1|          0|
    |ap_predicate_pred1423_state4           |   1|   0|    1|          0|
    |ap_predicate_pred1428_state4           |   1|   0|    1|          0|
    |ap_predicate_pred1433_state4           |   1|   0|    1|          0|
    |ap_predicate_pred1438_state4           |   1|   0|    1|          0|
    |ap_predicate_pred1443_state4           |   1|   0|    1|          0|
    |ap_predicate_pred1448_state4           |   1|   0|    1|          0|
    |ap_predicate_pred1453_state4           |   1|   0|    1|          0|
    |ap_predicate_pred1458_state4           |   1|   0|    1|          0|
    |ap_predicate_pred1463_state4           |   1|   0|    1|          0|
    |ch_fu_452                              |   7|   0|    7|          0|
    |icmp_ln233_reg_2824                    |   1|   0|    1|          0|
    |indvar_flatten13_fu_456                |  13|   0|   13|          0|
    |mul_ln17_reg_3173                      |  38|   0|   38|          0|
    |p_tanh_load_reg_3178                   |   1|   0|    1|          0|
    |select_ln232_1_reg_3158                |   7|   0|    7|          0|
    |select_ln232_1_reg_3158_pp0_iter2_reg  |   7|   0|    7|          0|
    |select_ln232_reg_2829                  |   7|   0|    7|          0|
    |t_fu_448                               |   7|   0|    7|          0|
    |tmp_s_reg_3168                         |   8|   0|    8|          0|
    |trunc_ln233_reg_2834                   |   6|   0|    6|          0|
    |trunc_ln233_reg_2834                   |  64|  32|    6|          0|
    +---------------------------------------+----+----+-----+-----------+
    |Total                                  | 237|  32|  179|          0|
    +---------------------------------------+----+----+-----+-----------+



================================================================
== Interface
================================================================
* Summary: 
+-------------------+-----+-----+------------+--------------------------------------------------------+--------------+
|     RTL Ports     | Dir | Bits|  Protocol  |                      Source Object                     |    C Type    |
+-------------------+-----+-----+------------+--------------------------------------------------------+--------------+
|ap_clk             |   in|    1|  ap_ctrl_hs|  awn_forward_Pipeline_VITIS_LOOP_232_5_VITIS_LOOP_233_6|  return value|
|ap_rst             |   in|    1|  ap_ctrl_hs|  awn_forward_Pipeline_VITIS_LOOP_232_5_VITIS_LOOP_233_6|  return value|
|ap_start           |   in|    1|  ap_ctrl_hs|  awn_forward_Pipeline_VITIS_LOOP_232_5_VITIS_LOOP_233_6|  return value|
|ap_done            |  out|    1|  ap_ctrl_hs|  awn_forward_Pipeline_VITIS_LOOP_232_5_VITIS_LOOP_233_6|  return value|
|ap_idle            |  out|    1|  ap_ctrl_hs|  awn_forward_Pipeline_VITIS_LOOP_232_5_VITIS_LOOP_233_6|  return value|
|ap_ready           |  out|    1|  ap_ctrl_hs|  awn_forward_Pipeline_VITIS_LOOP_232_5_VITIS_LOOP_233_6|  return value|
|d_q_address0       |  out|    6|   ap_memory|                                                     d_q|         array|
|d_q_ce0            |  out|    1|   ap_memory|                                                     d_q|         array|
|d_q_we0            |  out|    1|   ap_memory|                                                     d_q|         array|
|d_q_d0             |  out|    8|   ap_memory|                                                     d_q|         array|
|d_q_1_address0     |  out|    6|   ap_memory|                                                   d_q_1|         array|
|d_q_1_ce0          |  out|    1|   ap_memory|                                                   d_q_1|         array|
|d_q_1_we0          |  out|    1|   ap_memory|                                                   d_q_1|         array|
|d_q_1_d0           |  out|    8|   ap_memory|                                                   d_q_1|         array|
|d_q_2_address0     |  out|    6|   ap_memory|                                                   d_q_2|         array|
|d_q_2_ce0          |  out|    1|   ap_memory|                                                   d_q_2|         array|
|d_q_2_we0          |  out|    1|   ap_memory|                                                   d_q_2|         array|
|d_q_2_d0           |  out|    8|   ap_memory|                                                   d_q_2|         array|
|d_q_3_address0     |  out|    6|   ap_memory|                                                   d_q_3|         array|
|d_q_3_ce0          |  out|    1|   ap_memory|                                                   d_q_3|         array|
|d_q_3_we0          |  out|    1|   ap_memory|                                                   d_q_3|         array|
|d_q_3_d0           |  out|    8|   ap_memory|                                                   d_q_3|         array|
|d_q_4_address0     |  out|    6|   ap_memory|                                                   d_q_4|         array|
|d_q_4_ce0          |  out|    1|   ap_memory|                                                   d_q_4|         array|
|d_q_4_we0          |  out|    1|   ap_memory|                                                   d_q_4|         array|
|d_q_4_d0           |  out|    8|   ap_memory|                                                   d_q_4|         array|
|d_q_5_address0     |  out|    6|   ap_memory|                                                   d_q_5|         array|
|d_q_5_ce0          |  out|    1|   ap_memory|                                                   d_q_5|         array|
|d_q_5_we0          |  out|    1|   ap_memory|                                                   d_q_5|         array|
|d_q_5_d0           |  out|    8|   ap_memory|                                                   d_q_5|         array|
|d_q_6_address0     |  out|    6|   ap_memory|                                                   d_q_6|         array|
|d_q_6_ce0          |  out|    1|   ap_memory|                                                   d_q_6|         array|
|d_q_6_we0          |  out|    1|   ap_memory|                                                   d_q_6|         array|
|d_q_6_d0           |  out|    8|   ap_memory|                                                   d_q_6|         array|
|d_q_7_address0     |  out|    6|   ap_memory|                                                   d_q_7|         array|
|d_q_7_ce0          |  out|    1|   ap_memory|                                                   d_q_7|         array|
|d_q_7_we0          |  out|    1|   ap_memory|                                                   d_q_7|         array|
|d_q_7_d0           |  out|    8|   ap_memory|                                                   d_q_7|         array|
|d_q_8_address0     |  out|    6|   ap_memory|                                                   d_q_8|         array|
|d_q_8_ce0          |  out|    1|   ap_memory|                                                   d_q_8|         array|
|d_q_8_we0          |  out|    1|   ap_memory|                                                   d_q_8|         array|
|d_q_8_d0           |  out|    8|   ap_memory|                                                   d_q_8|         array|
|d_q_9_address0     |  out|    6|   ap_memory|                                                   d_q_9|         array|
|d_q_9_ce0          |  out|    1|   ap_memory|                                                   d_q_9|         array|
|d_q_9_we0          |  out|    1|   ap_memory|                                                   d_q_9|         array|
|d_q_9_d0           |  out|    8|   ap_memory|                                                   d_q_9|         array|
|d_q_10_address0    |  out|    6|   ap_memory|                                                  d_q_10|         array|
|d_q_10_ce0         |  out|    1|   ap_memory|                                                  d_q_10|         array|
|d_q_10_we0         |  out|    1|   ap_memory|                                                  d_q_10|         array|
|d_q_10_d0          |  out|    8|   ap_memory|                                                  d_q_10|         array|
|d_q_11_address0    |  out|    6|   ap_memory|                                                  d_q_11|         array|
|d_q_11_ce0         |  out|    1|   ap_memory|                                                  d_q_11|         array|
|d_q_11_we0         |  out|    1|   ap_memory|                                                  d_q_11|         array|
|d_q_11_d0          |  out|    8|   ap_memory|                                                  d_q_11|         array|
|d_q_12_address0    |  out|    6|   ap_memory|                                                  d_q_12|         array|
|d_q_12_ce0         |  out|    1|   ap_memory|                                                  d_q_12|         array|
|d_q_12_we0         |  out|    1|   ap_memory|                                                  d_q_12|         array|
|d_q_12_d0          |  out|    8|   ap_memory|                                                  d_q_12|         array|
|d_q_13_address0    |  out|    6|   ap_memory|                                                  d_q_13|         array|
|d_q_13_ce0         |  out|    1|   ap_memory|                                                  d_q_13|         array|
|d_q_13_we0         |  out|    1|   ap_memory|                                                  d_q_13|         array|
|d_q_13_d0          |  out|    8|   ap_memory|                                                  d_q_13|         array|
|d_q_14_address0    |  out|    6|   ap_memory|                                                  d_q_14|         array|
|d_q_14_ce0         |  out|    1|   ap_memory|                                                  d_q_14|         array|
|d_q_14_we0         |  out|    1|   ap_memory|                                                  d_q_14|         array|
|d_q_14_d0          |  out|    8|   ap_memory|                                                  d_q_14|         array|
|d_q_15_address0    |  out|    6|   ap_memory|                                                  d_q_15|         array|
|d_q_15_ce0         |  out|    1|   ap_memory|                                                  d_q_15|         array|
|d_q_15_we0         |  out|    1|   ap_memory|                                                  d_q_15|         array|
|d_q_15_d0          |  out|    8|   ap_memory|                                                  d_q_15|         array|
|d_q_16_address0    |  out|    6|   ap_memory|                                                  d_q_16|         array|
|d_q_16_ce0         |  out|    1|   ap_memory|                                                  d_q_16|         array|
|d_q_16_we0         |  out|    1|   ap_memory|                                                  d_q_16|         array|
|d_q_16_d0          |  out|    8|   ap_memory|                                                  d_q_16|         array|
|d_q_17_address0    |  out|    6|   ap_memory|                                                  d_q_17|         array|
|d_q_17_ce0         |  out|    1|   ap_memory|                                                  d_q_17|         array|
|d_q_17_we0         |  out|    1|   ap_memory|                                                  d_q_17|         array|
|d_q_17_d0          |  out|    8|   ap_memory|                                                  d_q_17|         array|
|d_q_18_address0    |  out|    6|   ap_memory|                                                  d_q_18|         array|
|d_q_18_ce0         |  out|    1|   ap_memory|                                                  d_q_18|         array|
|d_q_18_we0         |  out|    1|   ap_memory|                                                  d_q_18|         array|
|d_q_18_d0          |  out|    8|   ap_memory|                                                  d_q_18|         array|
|d_q_19_address0    |  out|    6|   ap_memory|                                                  d_q_19|         array|
|d_q_19_ce0         |  out|    1|   ap_memory|                                                  d_q_19|         array|
|d_q_19_we0         |  out|    1|   ap_memory|                                                  d_q_19|         array|
|d_q_19_d0          |  out|    8|   ap_memory|                                                  d_q_19|         array|
|d_q_20_address0    |  out|    6|   ap_memory|                                                  d_q_20|         array|
|d_q_20_ce0         |  out|    1|   ap_memory|                                                  d_q_20|         array|
|d_q_20_we0         |  out|    1|   ap_memory|                                                  d_q_20|         array|
|d_q_20_d0          |  out|    8|   ap_memory|                                                  d_q_20|         array|
|d_q_21_address0    |  out|    6|   ap_memory|                                                  d_q_21|         array|
|d_q_21_ce0         |  out|    1|   ap_memory|                                                  d_q_21|         array|
|d_q_21_we0         |  out|    1|   ap_memory|                                                  d_q_21|         array|
|d_q_21_d0          |  out|    8|   ap_memory|                                                  d_q_21|         array|
|d_q_22_address0    |  out|    6|   ap_memory|                                                  d_q_22|         array|
|d_q_22_ce0         |  out|    1|   ap_memory|                                                  d_q_22|         array|
|d_q_22_we0         |  out|    1|   ap_memory|                                                  d_q_22|         array|
|d_q_22_d0          |  out|    8|   ap_memory|                                                  d_q_22|         array|
|d_q_23_address0    |  out|    6|   ap_memory|                                                  d_q_23|         array|
|d_q_23_ce0         |  out|    1|   ap_memory|                                                  d_q_23|         array|
|d_q_23_we0         |  out|    1|   ap_memory|                                                  d_q_23|         array|
|d_q_23_d0          |  out|    8|   ap_memory|                                                  d_q_23|         array|
|d_q_24_address0    |  out|    6|   ap_memory|                                                  d_q_24|         array|
|d_q_24_ce0         |  out|    1|   ap_memory|                                                  d_q_24|         array|
|d_q_24_we0         |  out|    1|   ap_memory|                                                  d_q_24|         array|
|d_q_24_d0          |  out|    8|   ap_memory|                                                  d_q_24|         array|
|d_q_25_address0    |  out|    6|   ap_memory|                                                  d_q_25|         array|
|d_q_25_ce0         |  out|    1|   ap_memory|                                                  d_q_25|         array|
|d_q_25_we0         |  out|    1|   ap_memory|                                                  d_q_25|         array|
|d_q_25_d0          |  out|    8|   ap_memory|                                                  d_q_25|         array|
|d_q_26_address0    |  out|    6|   ap_memory|                                                  d_q_26|         array|
|d_q_26_ce0         |  out|    1|   ap_memory|                                                  d_q_26|         array|
|d_q_26_we0         |  out|    1|   ap_memory|                                                  d_q_26|         array|
|d_q_26_d0          |  out|    8|   ap_memory|                                                  d_q_26|         array|
|d_q_27_address0    |  out|    6|   ap_memory|                                                  d_q_27|         array|
|d_q_27_ce0         |  out|    1|   ap_memory|                                                  d_q_27|         array|
|d_q_27_we0         |  out|    1|   ap_memory|                                                  d_q_27|         array|
|d_q_27_d0          |  out|    8|   ap_memory|                                                  d_q_27|         array|
|d_q_28_address0    |  out|    6|   ap_memory|                                                  d_q_28|         array|
|d_q_28_ce0         |  out|    1|   ap_memory|                                                  d_q_28|         array|
|d_q_28_we0         |  out|    1|   ap_memory|                                                  d_q_28|         array|
|d_q_28_d0          |  out|    8|   ap_memory|                                                  d_q_28|         array|
|d_q_29_address0    |  out|    6|   ap_memory|                                                  d_q_29|         array|
|d_q_29_ce0         |  out|    1|   ap_memory|                                                  d_q_29|         array|
|d_q_29_we0         |  out|    1|   ap_memory|                                                  d_q_29|         array|
|d_q_29_d0          |  out|    8|   ap_memory|                                                  d_q_29|         array|
|d_q_30_address0    |  out|    6|   ap_memory|                                                  d_q_30|         array|
|d_q_30_ce0         |  out|    1|   ap_memory|                                                  d_q_30|         array|
|d_q_30_we0         |  out|    1|   ap_memory|                                                  d_q_30|         array|
|d_q_30_d0          |  out|    8|   ap_memory|                                                  d_q_30|         array|
|d_q_31_address0    |  out|    6|   ap_memory|                                                  d_q_31|         array|
|d_q_31_ce0         |  out|    1|   ap_memory|                                                  d_q_31|         array|
|d_q_31_we0         |  out|    1|   ap_memory|                                                  d_q_31|         array|
|d_q_31_d0          |  out|    8|   ap_memory|                                                  d_q_31|         array|
|d_q_32_address0    |  out|    6|   ap_memory|                                                  d_q_32|         array|
|d_q_32_ce0         |  out|    1|   ap_memory|                                                  d_q_32|         array|
|d_q_32_we0         |  out|    1|   ap_memory|                                                  d_q_32|         array|
|d_q_32_d0          |  out|    8|   ap_memory|                                                  d_q_32|         array|
|d_q_33_address0    |  out|    6|   ap_memory|                                                  d_q_33|         array|
|d_q_33_ce0         |  out|    1|   ap_memory|                                                  d_q_33|         array|
|d_q_33_we0         |  out|    1|   ap_memory|                                                  d_q_33|         array|
|d_q_33_d0          |  out|    8|   ap_memory|                                                  d_q_33|         array|
|d_q_34_address0    |  out|    6|   ap_memory|                                                  d_q_34|         array|
|d_q_34_ce0         |  out|    1|   ap_memory|                                                  d_q_34|         array|
|d_q_34_we0         |  out|    1|   ap_memory|                                                  d_q_34|         array|
|d_q_34_d0          |  out|    8|   ap_memory|                                                  d_q_34|         array|
|d_q_35_address0    |  out|    6|   ap_memory|                                                  d_q_35|         array|
|d_q_35_ce0         |  out|    1|   ap_memory|                                                  d_q_35|         array|
|d_q_35_we0         |  out|    1|   ap_memory|                                                  d_q_35|         array|
|d_q_35_d0          |  out|    8|   ap_memory|                                                  d_q_35|         array|
|d_q_36_address0    |  out|    6|   ap_memory|                                                  d_q_36|         array|
|d_q_36_ce0         |  out|    1|   ap_memory|                                                  d_q_36|         array|
|d_q_36_we0         |  out|    1|   ap_memory|                                                  d_q_36|         array|
|d_q_36_d0          |  out|    8|   ap_memory|                                                  d_q_36|         array|
|d_q_37_address0    |  out|    6|   ap_memory|                                                  d_q_37|         array|
|d_q_37_ce0         |  out|    1|   ap_memory|                                                  d_q_37|         array|
|d_q_37_we0         |  out|    1|   ap_memory|                                                  d_q_37|         array|
|d_q_37_d0          |  out|    8|   ap_memory|                                                  d_q_37|         array|
|d_q_38_address0    |  out|    6|   ap_memory|                                                  d_q_38|         array|
|d_q_38_ce0         |  out|    1|   ap_memory|                                                  d_q_38|         array|
|d_q_38_we0         |  out|    1|   ap_memory|                                                  d_q_38|         array|
|d_q_38_d0          |  out|    8|   ap_memory|                                                  d_q_38|         array|
|d_q_39_address0    |  out|    6|   ap_memory|                                                  d_q_39|         array|
|d_q_39_ce0         |  out|    1|   ap_memory|                                                  d_q_39|         array|
|d_q_39_we0         |  out|    1|   ap_memory|                                                  d_q_39|         array|
|d_q_39_d0          |  out|    8|   ap_memory|                                                  d_q_39|         array|
|d_q_40_address0    |  out|    6|   ap_memory|                                                  d_q_40|         array|
|d_q_40_ce0         |  out|    1|   ap_memory|                                                  d_q_40|         array|
|d_q_40_we0         |  out|    1|   ap_memory|                                                  d_q_40|         array|
|d_q_40_d0          |  out|    8|   ap_memory|                                                  d_q_40|         array|
|d_q_41_address0    |  out|    6|   ap_memory|                                                  d_q_41|         array|
|d_q_41_ce0         |  out|    1|   ap_memory|                                                  d_q_41|         array|
|d_q_41_we0         |  out|    1|   ap_memory|                                                  d_q_41|         array|
|d_q_41_d0          |  out|    8|   ap_memory|                                                  d_q_41|         array|
|d_q_42_address0    |  out|    6|   ap_memory|                                                  d_q_42|         array|
|d_q_42_ce0         |  out|    1|   ap_memory|                                                  d_q_42|         array|
|d_q_42_we0         |  out|    1|   ap_memory|                                                  d_q_42|         array|
|d_q_42_d0          |  out|    8|   ap_memory|                                                  d_q_42|         array|
|d_q_43_address0    |  out|    6|   ap_memory|                                                  d_q_43|         array|
|d_q_43_ce0         |  out|    1|   ap_memory|                                                  d_q_43|         array|
|d_q_43_we0         |  out|    1|   ap_memory|                                                  d_q_43|         array|
|d_q_43_d0          |  out|    8|   ap_memory|                                                  d_q_43|         array|
|d_q_44_address0    |  out|    6|   ap_memory|                                                  d_q_44|         array|
|d_q_44_ce0         |  out|    1|   ap_memory|                                                  d_q_44|         array|
|d_q_44_we0         |  out|    1|   ap_memory|                                                  d_q_44|         array|
|d_q_44_d0          |  out|    8|   ap_memory|                                                  d_q_44|         array|
|d_q_45_address0    |  out|    6|   ap_memory|                                                  d_q_45|         array|
|d_q_45_ce0         |  out|    1|   ap_memory|                                                  d_q_45|         array|
|d_q_45_we0         |  out|    1|   ap_memory|                                                  d_q_45|         array|
|d_q_45_d0          |  out|    8|   ap_memory|                                                  d_q_45|         array|
|d_q_46_address0    |  out|    6|   ap_memory|                                                  d_q_46|         array|
|d_q_46_ce0         |  out|    1|   ap_memory|                                                  d_q_46|         array|
|d_q_46_we0         |  out|    1|   ap_memory|                                                  d_q_46|         array|
|d_q_46_d0          |  out|    8|   ap_memory|                                                  d_q_46|         array|
|d_q_47_address0    |  out|    6|   ap_memory|                                                  d_q_47|         array|
|d_q_47_ce0         |  out|    1|   ap_memory|                                                  d_q_47|         array|
|d_q_47_we0         |  out|    1|   ap_memory|                                                  d_q_47|         array|
|d_q_47_d0          |  out|    8|   ap_memory|                                                  d_q_47|         array|
|d_q_48_address0    |  out|    6|   ap_memory|                                                  d_q_48|         array|
|d_q_48_ce0         |  out|    1|   ap_memory|                                                  d_q_48|         array|
|d_q_48_we0         |  out|    1|   ap_memory|                                                  d_q_48|         array|
|d_q_48_d0          |  out|    8|   ap_memory|                                                  d_q_48|         array|
|d_q_49_address0    |  out|    6|   ap_memory|                                                  d_q_49|         array|
|d_q_49_ce0         |  out|    1|   ap_memory|                                                  d_q_49|         array|
|d_q_49_we0         |  out|    1|   ap_memory|                                                  d_q_49|         array|
|d_q_49_d0          |  out|    8|   ap_memory|                                                  d_q_49|         array|
|d_q_50_address0    |  out|    6|   ap_memory|                                                  d_q_50|         array|
|d_q_50_ce0         |  out|    1|   ap_memory|                                                  d_q_50|         array|
|d_q_50_we0         |  out|    1|   ap_memory|                                                  d_q_50|         array|
|d_q_50_d0          |  out|    8|   ap_memory|                                                  d_q_50|         array|
|d_q_51_address0    |  out|    6|   ap_memory|                                                  d_q_51|         array|
|d_q_51_ce0         |  out|    1|   ap_memory|                                                  d_q_51|         array|
|d_q_51_we0         |  out|    1|   ap_memory|                                                  d_q_51|         array|
|d_q_51_d0          |  out|    8|   ap_memory|                                                  d_q_51|         array|
|d_q_52_address0    |  out|    6|   ap_memory|                                                  d_q_52|         array|
|d_q_52_ce0         |  out|    1|   ap_memory|                                                  d_q_52|         array|
|d_q_52_we0         |  out|    1|   ap_memory|                                                  d_q_52|         array|
|d_q_52_d0          |  out|    8|   ap_memory|                                                  d_q_52|         array|
|d_q_53_address0    |  out|    6|   ap_memory|                                                  d_q_53|         array|
|d_q_53_ce0         |  out|    1|   ap_memory|                                                  d_q_53|         array|
|d_q_53_we0         |  out|    1|   ap_memory|                                                  d_q_53|         array|
|d_q_53_d0          |  out|    8|   ap_memory|                                                  d_q_53|         array|
|d_q_54_address0    |  out|    6|   ap_memory|                                                  d_q_54|         array|
|d_q_54_ce0         |  out|    1|   ap_memory|                                                  d_q_54|         array|
|d_q_54_we0         |  out|    1|   ap_memory|                                                  d_q_54|         array|
|d_q_54_d0          |  out|    8|   ap_memory|                                                  d_q_54|         array|
|d_q_55_address0    |  out|    6|   ap_memory|                                                  d_q_55|         array|
|d_q_55_ce0         |  out|    1|   ap_memory|                                                  d_q_55|         array|
|d_q_55_we0         |  out|    1|   ap_memory|                                                  d_q_55|         array|
|d_q_55_d0          |  out|    8|   ap_memory|                                                  d_q_55|         array|
|d_q_56_address0    |  out|    6|   ap_memory|                                                  d_q_56|         array|
|d_q_56_ce0         |  out|    1|   ap_memory|                                                  d_q_56|         array|
|d_q_56_we0         |  out|    1|   ap_memory|                                                  d_q_56|         array|
|d_q_56_d0          |  out|    8|   ap_memory|                                                  d_q_56|         array|
|d_q_57_address0    |  out|    6|   ap_memory|                                                  d_q_57|         array|
|d_q_57_ce0         |  out|    1|   ap_memory|                                                  d_q_57|         array|
|d_q_57_we0         |  out|    1|   ap_memory|                                                  d_q_57|         array|
|d_q_57_d0          |  out|    8|   ap_memory|                                                  d_q_57|         array|
|d_q_58_address0    |  out|    6|   ap_memory|                                                  d_q_58|         array|
|d_q_58_ce0         |  out|    1|   ap_memory|                                                  d_q_58|         array|
|d_q_58_we0         |  out|    1|   ap_memory|                                                  d_q_58|         array|
|d_q_58_d0          |  out|    8|   ap_memory|                                                  d_q_58|         array|
|d_q_59_address0    |  out|    6|   ap_memory|                                                  d_q_59|         array|
|d_q_59_ce0         |  out|    1|   ap_memory|                                                  d_q_59|         array|
|d_q_59_we0         |  out|    1|   ap_memory|                                                  d_q_59|         array|
|d_q_59_d0          |  out|    8|   ap_memory|                                                  d_q_59|         array|
|d_q_60_address0    |  out|    6|   ap_memory|                                                  d_q_60|         array|
|d_q_60_ce0         |  out|    1|   ap_memory|                                                  d_q_60|         array|
|d_q_60_we0         |  out|    1|   ap_memory|                                                  d_q_60|         array|
|d_q_60_d0          |  out|    8|   ap_memory|                                                  d_q_60|         array|
|d_q_61_address0    |  out|    6|   ap_memory|                                                  d_q_61|         array|
|d_q_61_ce0         |  out|    1|   ap_memory|                                                  d_q_61|         array|
|d_q_61_we0         |  out|    1|   ap_memory|                                                  d_q_61|         array|
|d_q_61_d0          |  out|    8|   ap_memory|                                                  d_q_61|         array|
|d_q_62_address0    |  out|    6|   ap_memory|                                                  d_q_62|         array|
|d_q_62_ce0         |  out|    1|   ap_memory|                                                  d_q_62|         array|
|d_q_62_we0         |  out|    1|   ap_memory|                                                  d_q_62|         array|
|d_q_62_d0          |  out|    8|   ap_memory|                                                  d_q_62|         array|
|d_q_63_address0    |  out|    6|   ap_memory|                                                  d_q_63|         array|
|d_q_63_ce0         |  out|    1|   ap_memory|                                                  d_q_63|         array|
|d_q_63_we0         |  out|    1|   ap_memory|                                                  d_q_63|         array|
|d_q_63_d0          |  out|    8|   ap_memory|                                                  d_q_63|         array|
|p_tanh_address0    |  out|   12|   ap_memory|                                                  p_tanh|         array|
|p_tanh_ce0         |  out|    1|   ap_memory|                                                  p_tanh|         array|
|p_tanh_q0          |   in|    1|   ap_memory|                                                  p_tanh|         array|
|odd_q_address0     |  out|    6|   ap_memory|                                                   odd_q|         array|
|odd_q_ce0          |  out|    1|   ap_memory|                                                   odd_q|         array|
|odd_q_q0           |   in|    8|   ap_memory|                                                   odd_q|         array|
|odd_q_1_address0   |  out|    6|   ap_memory|                                                 odd_q_1|         array|
|odd_q_1_ce0        |  out|    1|   ap_memory|                                                 odd_q_1|         array|
|odd_q_1_q0         |   in|    8|   ap_memory|                                                 odd_q_1|         array|
|odd_q_2_address0   |  out|    6|   ap_memory|                                                 odd_q_2|         array|
|odd_q_2_ce0        |  out|    1|   ap_memory|                                                 odd_q_2|         array|
|odd_q_2_q0         |   in|    8|   ap_memory|                                                 odd_q_2|         array|
|odd_q_3_address0   |  out|    6|   ap_memory|                                                 odd_q_3|         array|
|odd_q_3_ce0        |  out|    1|   ap_memory|                                                 odd_q_3|         array|
|odd_q_3_q0         |   in|    8|   ap_memory|                                                 odd_q_3|         array|
|odd_q_4_address0   |  out|    6|   ap_memory|                                                 odd_q_4|         array|
|odd_q_4_ce0        |  out|    1|   ap_memory|                                                 odd_q_4|         array|
|odd_q_4_q0         |   in|    8|   ap_memory|                                                 odd_q_4|         array|
|odd_q_5_address0   |  out|    6|   ap_memory|                                                 odd_q_5|         array|
|odd_q_5_ce0        |  out|    1|   ap_memory|                                                 odd_q_5|         array|
|odd_q_5_q0         |   in|    8|   ap_memory|                                                 odd_q_5|         array|
|odd_q_6_address0   |  out|    6|   ap_memory|                                                 odd_q_6|         array|
|odd_q_6_ce0        |  out|    1|   ap_memory|                                                 odd_q_6|         array|
|odd_q_6_q0         |   in|    8|   ap_memory|                                                 odd_q_6|         array|
|odd_q_7_address0   |  out|    6|   ap_memory|                                                 odd_q_7|         array|
|odd_q_7_ce0        |  out|    1|   ap_memory|                                                 odd_q_7|         array|
|odd_q_7_q0         |   in|    8|   ap_memory|                                                 odd_q_7|         array|
|odd_q_8_address0   |  out|    6|   ap_memory|                                                 odd_q_8|         array|
|odd_q_8_ce0        |  out|    1|   ap_memory|                                                 odd_q_8|         array|
|odd_q_8_q0         |   in|    8|   ap_memory|                                                 odd_q_8|         array|
|odd_q_9_address0   |  out|    6|   ap_memory|                                                 odd_q_9|         array|
|odd_q_9_ce0        |  out|    1|   ap_memory|                                                 odd_q_9|         array|
|odd_q_9_q0         |   in|    8|   ap_memory|                                                 odd_q_9|         array|
|odd_q_10_address0  |  out|    6|   ap_memory|                                                odd_q_10|         array|
|odd_q_10_ce0       |  out|    1|   ap_memory|                                                odd_q_10|         array|
|odd_q_10_q0        |   in|    8|   ap_memory|                                                odd_q_10|         array|
|odd_q_11_address0  |  out|    6|   ap_memory|                                                odd_q_11|         array|
|odd_q_11_ce0       |  out|    1|   ap_memory|                                                odd_q_11|         array|
|odd_q_11_q0        |   in|    8|   ap_memory|                                                odd_q_11|         array|
|odd_q_12_address0  |  out|    6|   ap_memory|                                                odd_q_12|         array|
|odd_q_12_ce0       |  out|    1|   ap_memory|                                                odd_q_12|         array|
|odd_q_12_q0        |   in|    8|   ap_memory|                                                odd_q_12|         array|
|odd_q_13_address0  |  out|    6|   ap_memory|                                                odd_q_13|         array|
|odd_q_13_ce0       |  out|    1|   ap_memory|                                                odd_q_13|         array|
|odd_q_13_q0        |   in|    8|   ap_memory|                                                odd_q_13|         array|
|odd_q_14_address0  |  out|    6|   ap_memory|                                                odd_q_14|         array|
|odd_q_14_ce0       |  out|    1|   ap_memory|                                                odd_q_14|         array|
|odd_q_14_q0        |   in|    8|   ap_memory|                                                odd_q_14|         array|
|odd_q_15_address0  |  out|    6|   ap_memory|                                                odd_q_15|         array|
|odd_q_15_ce0       |  out|    1|   ap_memory|                                                odd_q_15|         array|
|odd_q_15_q0        |   in|    8|   ap_memory|                                                odd_q_15|         array|
|odd_q_16_address0  |  out|    6|   ap_memory|                                                odd_q_16|         array|
|odd_q_16_ce0       |  out|    1|   ap_memory|                                                odd_q_16|         array|
|odd_q_16_q0        |   in|    8|   ap_memory|                                                odd_q_16|         array|
|odd_q_17_address0  |  out|    6|   ap_memory|                                                odd_q_17|         array|
|odd_q_17_ce0       |  out|    1|   ap_memory|                                                odd_q_17|         array|
|odd_q_17_q0        |   in|    8|   ap_memory|                                                odd_q_17|         array|
|odd_q_18_address0  |  out|    6|   ap_memory|                                                odd_q_18|         array|
|odd_q_18_ce0       |  out|    1|   ap_memory|                                                odd_q_18|         array|
|odd_q_18_q0        |   in|    8|   ap_memory|                                                odd_q_18|         array|
|odd_q_19_address0  |  out|    6|   ap_memory|                                                odd_q_19|         array|
|odd_q_19_ce0       |  out|    1|   ap_memory|                                                odd_q_19|         array|
|odd_q_19_q0        |   in|    8|   ap_memory|                                                odd_q_19|         array|
|odd_q_20_address0  |  out|    6|   ap_memory|                                                odd_q_20|         array|
|odd_q_20_ce0       |  out|    1|   ap_memory|                                                odd_q_20|         array|
|odd_q_20_q0        |   in|    8|   ap_memory|                                                odd_q_20|         array|
|odd_q_21_address0  |  out|    6|   ap_memory|                                                odd_q_21|         array|
|odd_q_21_ce0       |  out|    1|   ap_memory|                                                odd_q_21|         array|
|odd_q_21_q0        |   in|    8|   ap_memory|                                                odd_q_21|         array|
|odd_q_22_address0  |  out|    6|   ap_memory|                                                odd_q_22|         array|
|odd_q_22_ce0       |  out|    1|   ap_memory|                                                odd_q_22|         array|
|odd_q_22_q0        |   in|    8|   ap_memory|                                                odd_q_22|         array|
|odd_q_23_address0  |  out|    6|   ap_memory|                                                odd_q_23|         array|
|odd_q_23_ce0       |  out|    1|   ap_memory|                                                odd_q_23|         array|
|odd_q_23_q0        |   in|    8|   ap_memory|                                                odd_q_23|         array|
|odd_q_24_address0  |  out|    6|   ap_memory|                                                odd_q_24|         array|
|odd_q_24_ce0       |  out|    1|   ap_memory|                                                odd_q_24|         array|
|odd_q_24_q0        |   in|    8|   ap_memory|                                                odd_q_24|         array|
|odd_q_25_address0  |  out|    6|   ap_memory|                                                odd_q_25|         array|
|odd_q_25_ce0       |  out|    1|   ap_memory|                                                odd_q_25|         array|
|odd_q_25_q0        |   in|    8|   ap_memory|                                                odd_q_25|         array|
|odd_q_26_address0  |  out|    6|   ap_memory|                                                odd_q_26|         array|
|odd_q_26_ce0       |  out|    1|   ap_memory|                                                odd_q_26|         array|
|odd_q_26_q0        |   in|    8|   ap_memory|                                                odd_q_26|         array|
|odd_q_27_address0  |  out|    6|   ap_memory|                                                odd_q_27|         array|
|odd_q_27_ce0       |  out|    1|   ap_memory|                                                odd_q_27|         array|
|odd_q_27_q0        |   in|    8|   ap_memory|                                                odd_q_27|         array|
|odd_q_28_address0  |  out|    6|   ap_memory|                                                odd_q_28|         array|
|odd_q_28_ce0       |  out|    1|   ap_memory|                                                odd_q_28|         array|
|odd_q_28_q0        |   in|    8|   ap_memory|                                                odd_q_28|         array|
|odd_q_29_address0  |  out|    6|   ap_memory|                                                odd_q_29|         array|
|odd_q_29_ce0       |  out|    1|   ap_memory|                                                odd_q_29|         array|
|odd_q_29_q0        |   in|    8|   ap_memory|                                                odd_q_29|         array|
|odd_q_30_address0  |  out|    6|   ap_memory|                                                odd_q_30|         array|
|odd_q_30_ce0       |  out|    1|   ap_memory|                                                odd_q_30|         array|
|odd_q_30_q0        |   in|    8|   ap_memory|                                                odd_q_30|         array|
|odd_q_31_address0  |  out|    6|   ap_memory|                                                odd_q_31|         array|
|odd_q_31_ce0       |  out|    1|   ap_memory|                                                odd_q_31|         array|
|odd_q_31_q0        |   in|    8|   ap_memory|                                                odd_q_31|         array|
|odd_q_32_address0  |  out|    6|   ap_memory|                                                odd_q_32|         array|
|odd_q_32_ce0       |  out|    1|   ap_memory|                                                odd_q_32|         array|
|odd_q_32_q0        |   in|    8|   ap_memory|                                                odd_q_32|         array|
|odd_q_33_address0  |  out|    6|   ap_memory|                                                odd_q_33|         array|
|odd_q_33_ce0       |  out|    1|   ap_memory|                                                odd_q_33|         array|
|odd_q_33_q0        |   in|    8|   ap_memory|                                                odd_q_33|         array|
|odd_q_34_address0  |  out|    6|   ap_memory|                                                odd_q_34|         array|
|odd_q_34_ce0       |  out|    1|   ap_memory|                                                odd_q_34|         array|
|odd_q_34_q0        |   in|    8|   ap_memory|                                                odd_q_34|         array|
|odd_q_35_address0  |  out|    6|   ap_memory|                                                odd_q_35|         array|
|odd_q_35_ce0       |  out|    1|   ap_memory|                                                odd_q_35|         array|
|odd_q_35_q0        |   in|    8|   ap_memory|                                                odd_q_35|         array|
|odd_q_36_address0  |  out|    6|   ap_memory|                                                odd_q_36|         array|
|odd_q_36_ce0       |  out|    1|   ap_memory|                                                odd_q_36|         array|
|odd_q_36_q0        |   in|    8|   ap_memory|                                                odd_q_36|         array|
|odd_q_37_address0  |  out|    6|   ap_memory|                                                odd_q_37|         array|
|odd_q_37_ce0       |  out|    1|   ap_memory|                                                odd_q_37|         array|
|odd_q_37_q0        |   in|    8|   ap_memory|                                                odd_q_37|         array|
|odd_q_38_address0  |  out|    6|   ap_memory|                                                odd_q_38|         array|
|odd_q_38_ce0       |  out|    1|   ap_memory|                                                odd_q_38|         array|
|odd_q_38_q0        |   in|    8|   ap_memory|                                                odd_q_38|         array|
|odd_q_39_address0  |  out|    6|   ap_memory|                                                odd_q_39|         array|
|odd_q_39_ce0       |  out|    1|   ap_memory|                                                odd_q_39|         array|
|odd_q_39_q0        |   in|    8|   ap_memory|                                                odd_q_39|         array|
|odd_q_40_address0  |  out|    6|   ap_memory|                                                odd_q_40|         array|
|odd_q_40_ce0       |  out|    1|   ap_memory|                                                odd_q_40|         array|
|odd_q_40_q0        |   in|    8|   ap_memory|                                                odd_q_40|         array|
|odd_q_41_address0  |  out|    6|   ap_memory|                                                odd_q_41|         array|
|odd_q_41_ce0       |  out|    1|   ap_memory|                                                odd_q_41|         array|
|odd_q_41_q0        |   in|    8|   ap_memory|                                                odd_q_41|         array|
|odd_q_42_address0  |  out|    6|   ap_memory|                                                odd_q_42|         array|
|odd_q_42_ce0       |  out|    1|   ap_memory|                                                odd_q_42|         array|
|odd_q_42_q0        |   in|    8|   ap_memory|                                                odd_q_42|         array|
|odd_q_43_address0  |  out|    6|   ap_memory|                                                odd_q_43|         array|
|odd_q_43_ce0       |  out|    1|   ap_memory|                                                odd_q_43|         array|
|odd_q_43_q0        |   in|    8|   ap_memory|                                                odd_q_43|         array|
|odd_q_44_address0  |  out|    6|   ap_memory|                                                odd_q_44|         array|
|odd_q_44_ce0       |  out|    1|   ap_memory|                                                odd_q_44|         array|
|odd_q_44_q0        |   in|    8|   ap_memory|                                                odd_q_44|         array|
|odd_q_45_address0  |  out|    6|   ap_memory|                                                odd_q_45|         array|
|odd_q_45_ce0       |  out|    1|   ap_memory|                                                odd_q_45|         array|
|odd_q_45_q0        |   in|    8|   ap_memory|                                                odd_q_45|         array|
|odd_q_46_address0  |  out|    6|   ap_memory|                                                odd_q_46|         array|
|odd_q_46_ce0       |  out|    1|   ap_memory|                                                odd_q_46|         array|
|odd_q_46_q0        |   in|    8|   ap_memory|                                                odd_q_46|         array|
|odd_q_47_address0  |  out|    6|   ap_memory|                                                odd_q_47|         array|
|odd_q_47_ce0       |  out|    1|   ap_memory|                                                odd_q_47|         array|
|odd_q_47_q0        |   in|    8|   ap_memory|                                                odd_q_47|         array|
|odd_q_48_address0  |  out|    6|   ap_memory|                                                odd_q_48|         array|
|odd_q_48_ce0       |  out|    1|   ap_memory|                                                odd_q_48|         array|
|odd_q_48_q0        |   in|    8|   ap_memory|                                                odd_q_48|         array|
|odd_q_49_address0  |  out|    6|   ap_memory|                                                odd_q_49|         array|
|odd_q_49_ce0       |  out|    1|   ap_memory|                                                odd_q_49|         array|
|odd_q_49_q0        |   in|    8|   ap_memory|                                                odd_q_49|         array|
|odd_q_50_address0  |  out|    6|   ap_memory|                                                odd_q_50|         array|
|odd_q_50_ce0       |  out|    1|   ap_memory|                                                odd_q_50|         array|
|odd_q_50_q0        |   in|    8|   ap_memory|                                                odd_q_50|         array|
|odd_q_51_address0  |  out|    6|   ap_memory|                                                odd_q_51|         array|
|odd_q_51_ce0       |  out|    1|   ap_memory|                                                odd_q_51|         array|
|odd_q_51_q0        |   in|    8|   ap_memory|                                                odd_q_51|         array|
|odd_q_52_address0  |  out|    6|   ap_memory|                                                odd_q_52|         array|
|odd_q_52_ce0       |  out|    1|   ap_memory|                                                odd_q_52|         array|
|odd_q_52_q0        |   in|    8|   ap_memory|                                                odd_q_52|         array|
|odd_q_53_address0  |  out|    6|   ap_memory|                                                odd_q_53|         array|
|odd_q_53_ce0       |  out|    1|   ap_memory|                                                odd_q_53|         array|
|odd_q_53_q0        |   in|    8|   ap_memory|                                                odd_q_53|         array|
|odd_q_54_address0  |  out|    6|   ap_memory|                                                odd_q_54|         array|
|odd_q_54_ce0       |  out|    1|   ap_memory|                                                odd_q_54|         array|
|odd_q_54_q0        |   in|    8|   ap_memory|                                                odd_q_54|         array|
|odd_q_55_address0  |  out|    6|   ap_memory|                                                odd_q_55|         array|
|odd_q_55_ce0       |  out|    1|   ap_memory|                                                odd_q_55|         array|
|odd_q_55_q0        |   in|    8|   ap_memory|                                                odd_q_55|         array|
|odd_q_56_address0  |  out|    6|   ap_memory|                                                odd_q_56|         array|
|odd_q_56_ce0       |  out|    1|   ap_memory|                                                odd_q_56|         array|
|odd_q_56_q0        |   in|    8|   ap_memory|                                                odd_q_56|         array|
|odd_q_57_address0  |  out|    6|   ap_memory|                                                odd_q_57|         array|
|odd_q_57_ce0       |  out|    1|   ap_memory|                                                odd_q_57|         array|
|odd_q_57_q0        |   in|    8|   ap_memory|                                                odd_q_57|         array|
|odd_q_58_address0  |  out|    6|   ap_memory|                                                odd_q_58|         array|
|odd_q_58_ce0       |  out|    1|   ap_memory|                                                odd_q_58|         array|
|odd_q_58_q0        |   in|    8|   ap_memory|                                                odd_q_58|         array|
|odd_q_59_address0  |  out|    6|   ap_memory|                                                odd_q_59|         array|
|odd_q_59_ce0       |  out|    1|   ap_memory|                                                odd_q_59|         array|
|odd_q_59_q0        |   in|    8|   ap_memory|                                                odd_q_59|         array|
|odd_q_60_address0  |  out|    6|   ap_memory|                                                odd_q_60|         array|
|odd_q_60_ce0       |  out|    1|   ap_memory|                                                odd_q_60|         array|
|odd_q_60_q0        |   in|    8|   ap_memory|                                                odd_q_60|         array|
|odd_q_61_address0  |  out|    6|   ap_memory|                                                odd_q_61|         array|
|odd_q_61_ce0       |  out|    1|   ap_memory|                                                odd_q_61|         array|
|odd_q_61_q0        |   in|    8|   ap_memory|                                                odd_q_61|         array|
|odd_q_62_address0  |  out|    6|   ap_memory|                                                odd_q_62|         array|
|odd_q_62_ce0       |  out|    1|   ap_memory|                                                odd_q_62|         array|
|odd_q_62_q0        |   in|    8|   ap_memory|                                                odd_q_62|         array|
|odd_q_63_address0  |  out|    6|   ap_memory|                                                odd_q_63|         array|
|odd_q_63_ce0       |  out|    1|   ap_memory|                                                odd_q_63|         array|
|odd_q_63_q0        |   in|    8|   ap_memory|                                                odd_q_63|         array|
+-------------------+-----+-----+------------+--------------------------------------------------------+--------------+

