

================================================================
== Vitis HLS Report for 'awn_forward_Pipeline_VITIS_LOOP_269_10'
================================================================
* Date:           Sat May 30 20:43:19 2026

* Version:        2023.2 (Build 4023990 on Oct 11 2023)
* Project:        proj_awn_int8
* Solution:       solution1 (Vivado IP Flow Target)
* Product family: zynquplus
* Target device:  xczu7ev-ffvc1156-2-e


================================================================
== Performance Estimates
================================================================
+ Timing: 
    * Summary: 
    +--------+---------+----------+------------+
    |  Clock |  Target | Estimated| Uncertainty|
    +--------+---------+----------+------------+
    |ap_clk  |  5.00 ns|  3.482 ns|     1.35 ns|
    +--------+---------+----------+------------+

+ Latency: 
    * Summary: 
    +---------+---------+----------+----------+-----+-----+---------+
    |  Latency (cycles) |  Latency (absolute) |  Interval | Pipeline|
    |   min   |   max   |    min   |    max   | min | max |   Type  |
    +---------+---------+----------+----------+-----+-----+---------+
    |      132|      132|  0.660 us|  0.660 us|  132|  132|       no|
    +---------+---------+----------+----------+-----+-----+---------+

    + Detail: 
        * Instance: 
        N/A

        * Loop: 
        +---------------------+---------+---------+----------+-----------+-----------+------+----------+
        |                     |  Latency (cycles) | Iteration|  Initiation Interval  | Trip |          |
        |      Loop Name      |   min   |   max   |  Latency |  achieved |   target  | Count| Pipelined|
        +---------------------+---------+---------+----------+-----------+-----------+------+----------+
        |- VITIS_LOOP_269_10  |      130|      130|         4|          1|          1|   128|       yes|
        +---------------------+---------+---------+----------+-----------+-----------+------+----------+



================================================================
== Utilization Estimates
================================================================
* Summary: 
+-----------------+---------+------+--------+--------+-----+
|       Name      | BRAM_18K|  DSP |   FF   |   LUT  | URAM|
+-----------------+---------+------+--------+--------+-----+
|DSP              |        -|     -|       -|       -|    -|
|Expression       |        -|     -|       0|     130|    -|
|FIFO             |        -|     -|       -|       -|    -|
|Instance         |        -|     2|       0|      60|    -|
|Memory           |        -|     -|       -|       -|    -|
|Multiplexer      |        -|     -|       -|      36|    -|
|Register         |        -|     -|     148|      32|    -|
+-----------------+---------+------+--------+--------+-----+
|Total            |        0|     2|     148|     258|    0|
+-----------------+---------+------+--------+--------+-----+
|Available        |      624|  1728|  460800|  230400|   96|
+-----------------+---------+------+--------+--------+-----+
|Utilization (%)  |        0|    ~0|      ~0|      ~0|    0|
+-----------------+---------+------+--------+--------+-----+

+ Detail: 
    * Instance: 
    +----------------------------+---------------------+---------+----+---+----+-----+
    |          Instance          |        Module       | BRAM_18K| DSP| FF| LUT| URAM|
    +----------------------------+---------------------+---------+----+---+----+-----+
    |mul_15s_32ns_46_1_1_U11351  |mul_15s_32ns_46_1_1  |        0|   2|  0|  20|    0|
    |mul_8s_7ns_15_1_1_U11352    |mul_8s_7ns_15_1_1    |        0|   0|  0|  40|    0|
    +----------------------------+---------------------+---------+----+---+----+-----+
    |Total                       |                     |        0|   2|  0|  60|    0|
    +----------------------------+---------------------+---------+----+---+----+-----+

    * DSP: 
    N/A

    * Memory: 
    N/A

    * FIFO: 
    N/A

    * Expression: 
    +-----------------------+----------+----+---+----+------------+------------+
    |     Variable Name     | Operation| DSP| FF| LUT| Bitwidth P0| Bitwidth P1|
    +-----------------------+----------+----+---+----+------------+------------+
    |add_ln269_fu_116_p2    |         +|   0|  0|  15|           8|           1|
    |sum_fu_151_p2          |         +|   0|  0|  53|          46|          37|
    |icmp_ln24_fu_176_p2    |      icmp|   0|  0|   9|           2|           1|
    |icmp_ln25_fu_182_p2    |      icmp|   0|  0|  16|           9|           9|
    |icmp_ln269_fu_110_p2   |      icmp|   0|  0|  16|           8|           9|
    |or_ln24_fu_206_p2      |        or|   0|  0|   2|           1|           1|
    |se_mul_q_d0            |    select|   0|  0|   8|           1|           8|
    |select_ln24_fu_198_p3  |    select|   0|  0|   9|           1|           7|
    |ap_enable_pp0          |       xor|   0|  0|   2|           1|           2|
    +-----------------------+----------+----+---+----+------------+------------+
    |Total                  |          |   0|  0| 130|          77|          75|
    +-----------------------+----------+----+---+----+------------+------------+

    * Multiplexer: 
    +-------------------------+----+-----------+-----+-----------+
    |           Name          | LUT| Input Size| Bits| Total Bits|
    +-------------------------+----+-----------+-----+-----------+
    |ap_done_int              |   9|          2|    1|          2|
    |ap_enable_reg_pp0_iter1  |   9|          2|    1|          2|
    |ap_sig_allocacmp_i       |   9|          2|    8|         16|
    |i_2_fu_54                |   9|          2|    8|         16|
    +-------------------------+----+-----------+-----+-----------+
    |Total                    |  36|          8|   18|         36|
    +-------------------------+----+-----------+-----+-----------+

    * Register: 
    +----------------------------------+----+----+-----+-----------+
    |               Name               | FF | LUT| Bits| Const Bits|
    +----------------------------------+----+----+-----+-----------+
    |ap_CS_fsm                         |   1|   0|    1|          0|
    |ap_done_reg                       |   1|   0|    1|          0|
    |ap_enable_reg_pp0_iter1           |   1|   0|    1|          0|
    |ap_enable_reg_pp0_iter2           |   1|   0|    1|          0|
    |ap_enable_reg_pp0_iter3           |   1|   0|    1|          0|
    |ap_loop_exit_ready_pp0_iter1_reg  |   1|   0|    1|          0|
    |ap_loop_exit_ready_pp0_iter2_reg  |   1|   0|    1|          0|
    |i_2_fu_54                         |   8|   0|    8|          0|
    |mul_ln17_reg_252                  |  46|   0|   46|          0|
    |prod_reg_247                      |  15|   0|   15|          0|
    |zext_ln269_reg_232                |   8|   0|   64|         56|
    |zext_ln269_reg_232                |  64|  32|   64|         56|
    +----------------------------------+----+----+-----+-----------+
    |Total                             | 148|  32|  204|        112|
    +----------------------------------+----+----+-----+-----------+



================================================================
== Interface
================================================================
* Summary: 
+-------------------+-----+-----+------------+----------------------------------------+--------------+
|     RTL Ports     | Dir | Bits|  Protocol  |              Source Object             |    C Type    |
+-------------------+-----+-----+------------+----------------------------------------+--------------+
|ap_clk             |   in|    1|  ap_ctrl_hs|  awn_forward_Pipeline_VITIS_LOOP_269_10|  return value|
|ap_rst             |   in|    1|  ap_ctrl_hs|  awn_forward_Pipeline_VITIS_LOOP_269_10|  return value|
|ap_start           |   in|    1|  ap_ctrl_hs|  awn_forward_Pipeline_VITIS_LOOP_269_10|  return value|
|ap_done            |  out|    1|  ap_ctrl_hs|  awn_forward_Pipeline_VITIS_LOOP_269_10|  return value|
|ap_idle            |  out|    1|  ap_ctrl_hs|  awn_forward_Pipeline_VITIS_LOOP_269_10|  return value|
|ap_ready           |  out|    1|  ap_ctrl_hs|  awn_forward_Pipeline_VITIS_LOOP_269_10|  return value|
|sig_q_address0     |  out|    7|   ap_memory|                                   sig_q|         array|
|sig_q_ce0          |  out|    1|   ap_memory|                                   sig_q|         array|
|sig_q_q0           |   in|    7|   ap_memory|                                   sig_q|         array|
|cat_q_address0     |  out|    7|   ap_memory|                                   cat_q|         array|
|cat_q_ce0          |  out|    1|   ap_memory|                                   cat_q|         array|
|cat_q_q0           |   in|    8|   ap_memory|                                   cat_q|         array|
|se_mul_q_address0  |  out|    7|   ap_memory|                                se_mul_q|         array|
|se_mul_q_ce0       |  out|    1|   ap_memory|                                se_mul_q|         array|
|se_mul_q_we0       |  out|    1|   ap_memory|                                se_mul_q|         array|
|se_mul_q_d0        |  out|    8|   ap_memory|                                se_mul_q|         array|
+-------------------+-----+-----+------------+----------------------------------------+--------------+

