

================================================================
== Vitis HLS Report for 'awn_forward_Pipeline_VITIS_LOOP_277_11'
================================================================
* Date:           Sat May 30 20:43:24 2026

* Version:        2023.2 (Build 4023990 on Oct 11 2023)
* Project:        proj_awn_int8
* Solution:       solution1 (Vivado IP Flow Target)
* Product family: zynquplus
* Target device:  xczu7ev-ffvc1156-2-e


================================================================
== Performance Estimates
================================================================
+ Timing: 
    * Summary: 
    +--------+---------+----------+------------+
    |  Clock |  Target | Estimated| Uncertainty|
    +--------+---------+----------+------------+
    |ap_clk  |  5.00 ns|  3.420 ns|     1.35 ns|
    +--------+---------+----------+------------+

+ Latency: 
    * Summary: 
    +---------+---------+----------+----------+-----+-----+---------+
    |  Latency (cycles) |  Latency (absolute) |  Interval | Pipeline|
    |   min   |   max   |    min   |    max   | min | max |   Type  |
    +---------+---------+----------+----------+-----+-----+---------+
    |      327|      327|  1.635 us|  1.635 us|  327|  327|       no|
    +---------+---------+----------+----------+-----+-----+---------+

    + Detail: 
        * Instance: 
        N/A

        * Loop: 
        +---------------------+---------+---------+----------+-----------+-----------+------+----------+
        |                     |  Latency (cycles) | Iteration|  Initiation Interval  | Trip |          |
        |      Loop Name      |   min   |   max   |  Latency |  achieved |   target  | Count| Pipelined|
        +---------------------+---------+---------+----------+-----------+-----------+------+----------+
        |- VITIS_LOOP_277_11  |      325|      325|         7|          1|          1|   320|       yes|
        +---------------------+---------+---------+----------+-----------+-----------+------+----------+



================================================================
== Utilization Estimates
================================================================
* Summary: 
+-----------------+---------+------+--------+--------+-----+
|       Name      | BRAM_18K|  DSP |   FF   |   LUT  | URAM|
+-----------------+---------+------+--------+--------+-----+
|DSP              |        -|     1|       -|       -|    -|
|Expression       |        -|     -|       0|     158|    -|
|FIFO             |        -|     -|       -|       -|    -|
|Instance         |        -|     2|       0|      20|    -|
|Memory           |        -|     -|       -|       -|    -|
|Multiplexer      |        -|     -|       -|      36|    -|
|Register         |        -|     -|     307|      96|    -|
+-----------------+---------+------+--------+--------+-----+
|Total            |        0|     3|     307|     310|    0|
+-----------------+---------+------+--------+--------+-----+
|Available        |      624|  1728|  460800|  230400|   96|
+-----------------+---------+------+--------+--------+-----+
|Utilization (%)  |        0|    ~0|      ~0|      ~0|    0|
+-----------------+---------+------+--------+--------+-----+

+ Detail: 
    * Instance: 
    +----------------------------+---------------------+---------+----+---+----+-----+
    |          Instance          |        Module       | BRAM_18K| DSP| FF| LUT| URAM|
    +----------------------------+---------------------+---------+----+---+----+-----+
    |mul_22s_32ns_53_1_1_U11746  |mul_22s_32ns_53_1_1  |        0|   2|  0|  20|    0|
    +----------------------------+---------------------+---------+----+---+----+-----+
    |Total                       |                     |        0|   2|  0|  20|    0|
    +----------------------------+---------------------+---------+----+---+----+-----+

    * DSP: 
    +--------------------------------------+-------------------------------+--------------+
    |               Instance               |             Module            |  Expression  |
    +--------------------------------------+-------------------------------+--------------+
    |mac_muladd_8s_9ns_15ns_17_4_1_U11747  |mac_muladd_8s_9ns_15ns_17_4_1  |  i0 * i1 + i2|
    +--------------------------------------+-------------------------------+--------------+

    * Memory: 
    N/A

    * FIFO: 
    N/A

    * Expression: 
    +-----------------------+----------+----+---+----+------------+------------+
    |     Variable Name     | Operation| DSP| FF| LUT| Bitwidth P0| Bitwidth P1|
    +-----------------------+----------+----+---+----+------------+------------+
    |add_ln277_fu_115_p2    |         +|   0|  0|  16|           9|           1|
    |sum_fu_135_p2          |         +|   0|  0|  60|          53|          38|
    |icmp_ln24_fu_160_p2    |      icmp|   0|  0|  15|           8|           1|
    |icmp_ln25_fu_166_p2    |      icmp|   0|  0|  22|          15|           9|
    |icmp_ln277_fu_109_p2   |      icmp|   0|  0|  16|           9|           9|
    |or_ln24_fu_190_p2      |        or|   0|  0|   2|           1|           1|
    |fc0_q_d0               |    select|   0|  0|   8|           1|           8|
    |r_fu_196_p3            |    select|   0|  0|   8|           1|           8|
    |select_ln24_fu_182_p3  |    select|   0|  0|   9|           1|           7|
    |ap_enable_pp0          |       xor|   0|  0|   2|           1|           2|
    +-----------------------+----------+----+---+----+------------+------------+
    |Total                  |          |   0|  0| 158|          99|          84|
    +-----------------------+----------+----+---+----+------------+------------+

    * Multiplexer: 
    +-------------------------+----+-----------+-----+-----------+
    |           Name          | LUT| Input Size| Bits| Total Bits|
    +-------------------------+----+-----------+-----+-----------+
    |ap_done_int              |   9|          2|    1|          2|
    |ap_enable_reg_pp0_iter1  |   9|          2|    1|          2|
    |ap_sig_allocacmp_i_2     |   9|          2|    9|         18|
    |i_fu_66                  |   9|          2|    9|         18|
    +-------------------------+----+-----------+-----+-----------+
    |Total                    |  36|          8|   20|         40|
    +-------------------------+----+-----------+-----+-----------+

    * Register: 
    +----------------------------------+----+----+-----+-----------+
    |               Name               | FF | LUT| Bits| Const Bits|
    +----------------------------------+----+----+-----+-----------+
    |ap_CS_fsm                         |   1|   0|    1|          0|
    |ap_done_reg                       |   1|   0|    1|          0|
    |ap_enable_reg_pp0_iter1           |   1|   0|    1|          0|
    |ap_enable_reg_pp0_iter2           |   1|   0|    1|          0|
    |ap_enable_reg_pp0_iter3           |   1|   0|    1|          0|
    |ap_enable_reg_pp0_iter4           |   1|   0|    1|          0|
    |ap_enable_reg_pp0_iter5           |   1|   0|    1|          0|
    |ap_enable_reg_pp0_iter6           |   1|   0|    1|          0|
    |ap_loop_exit_ready_pp0_iter1_reg  |   1|   0|    1|          0|
    |ap_loop_exit_ready_pp0_iter2_reg  |   1|   0|    1|          0|
    |ap_loop_exit_ready_pp0_iter3_reg  |   1|   0|    1|          0|
    |ap_loop_exit_ready_pp0_iter4_reg  |   1|   0|    1|          0|
    |ap_loop_exit_ready_pp0_iter5_reg  |   1|   0|    1|          0|
    |fc0_acc_load_reg_266              |  22|   0|   22|          0|
    |i_fu_66                           |   9|   0|    9|          0|
    |prod_reg_271                      |  53|   0|   53|          0|
    |r_reg_276                         |   8|   0|    8|          0|
    |tmp_272_reg_281                   |   1|   0|    1|          0|
    |zext_ln277_reg_256                |   9|   0|   64|         55|
    |r_reg_276                         |  64|  32|    8|          0|
    |tmp_272_reg_281                   |  64|  32|    1|          0|
    |zext_ln277_reg_256                |  64|  32|   64|         55|
    +----------------------------------+----+----+-----+-----------+
    |Total                             | 307|  96|  243|        110|
    +----------------------------------+----+----+-----+-----------+



================================================================
== Interface
================================================================
* Summary: 
+------------------+-----+-----+------------+----------------------------------------+--------------+
|     RTL Ports    | Dir | Bits|  Protocol  |              Source Object             |    C Type    |
+------------------+-----+-----+------------+----------------------------------------+--------------+
|ap_clk            |   in|    1|  ap_ctrl_hs|  awn_forward_Pipeline_VITIS_LOOP_277_11|  return value|
|ap_rst            |   in|    1|  ap_ctrl_hs|  awn_forward_Pipeline_VITIS_LOOP_277_11|  return value|
|ap_start          |   in|    1|  ap_ctrl_hs|  awn_forward_Pipeline_VITIS_LOOP_277_11|  return value|
|ap_done           |  out|    1|  ap_ctrl_hs|  awn_forward_Pipeline_VITIS_LOOP_277_11|  return value|
|ap_idle           |  out|    1|  ap_ctrl_hs|  awn_forward_Pipeline_VITIS_LOOP_277_11|  return value|
|ap_ready          |  out|    1|  ap_ctrl_hs|  awn_forward_Pipeline_VITIS_LOOP_277_11|  return value|
|fc0_acc_address0  |  out|    9|   ap_memory|                                 fc0_acc|         array|
|fc0_acc_ce0       |  out|    1|   ap_memory|                                 fc0_acc|         array|
|fc0_acc_q0        |   in|   22|   ap_memory|                                 fc0_acc|         array|
|fc0_q_address0    |  out|    9|   ap_memory|                                   fc0_q|         array|
|fc0_q_ce0         |  out|    1|   ap_memory|                                   fc0_q|         array|
|fc0_q_we0         |  out|    1|   ap_memory|                                   fc0_q|         array|
|fc0_q_d0          |  out|    8|   ap_memory|                                   fc0_q|         array|
+------------------+-----+-----+------------+----------------------------------------+--------------+

