

================================================================
== Vitis HLS Report for 'linear_acc_128_32_s'
================================================================
* Date:           Sat May 30 20:43:18 2026

* Version:        2023.2 (Build 4023990 on Oct 11 2023)
* Project:        proj_awn_int8
* Solution:       solution1 (Vivado IP Flow Target)
* Product family: zynquplus
* Target device:  xczu7ev-ffvc1156-2-e


================================================================
== Performance Estimates
================================================================
+ Timing: 
    * Summary: 
    +--------+---------+----------+------------+
    |  Clock |  Target | Estimated| Uncertainty|
    +--------+---------+----------+------------+
    |ap_clk  |  5.00 ns|  3.532 ns|     1.35 ns|
    +--------+---------+----------+------------+

+ Latency: 
    * Summary: 
    +---------+---------+----------+----------+-----+-----+---------+
    |  Latency (cycles) |  Latency (absolute) |  Interval | Pipeline|
    |   min   |   max   |    min   |    max   | min | max |   Type  |
    +---------+---------+----------+----------+-----+-----+---------+
    |      151|      151|  0.755 us|  0.755 us|  151|  151|       no|
    +---------+---------+----------+----------+-----+-----+---------+

    + Detail: 
        * Instance: 
        +--------------------------------------------------------+---------------------------------------------+---------+---------+----------+----------+-----+-----+---------+
        |                                                        |                                             |  Latency (cycles) |  Latency (absolute) |  Interval | Pipeline|
        |                        Instance                        |                    Module                   |   min   |   max   |    min   |    max   | min | max |   Type  |
        +--------------------------------------------------------+---------------------------------------------+---------+---------+----------+----------+-----+-----+---------+
        |grp_linear_acc_128_32_Pipeline_VITIS_LOOP_186_1_fu_431  |linear_acc_128_32_Pipeline_VITIS_LOOP_186_1  |      134|      134|  0.670 us|  0.670 us|  134|  134|       no|
        +--------------------------------------------------------+---------------------------------------------+---------+---------+----------+----------+-----+-----+---------+

        * Loop: 
        N/A



================================================================
== Utilization Estimates
================================================================
* Summary: 
+-----------------+---------+------+--------+--------+-----+
|       Name      | BRAM_18K|  DSP |   FF   |   LUT  | URAM|
+-----------------+---------+------+--------+--------+-----+
|DSP              |        -|     -|       -|       -|    -|
|Expression       |        -|     -|       -|       -|    -|
|FIFO             |        -|     -|       -|       -|    -|
|Instance         |       30|    16|     367|    1140|    -|
|Memory           |        -|     -|       -|       -|    -|
|Multiplexer      |        -|     -|       -|     259|    -|
|Register         |        -|     -|     243|       -|    -|
+-----------------+---------+------+--------+--------+-----+
|Total            |       30|    16|     610|    1399|    0|
+-----------------+---------+------+--------+--------+-----+
|Available        |      624|  1728|  460800|  230400|   96|
+-----------------+---------+------+--------+--------+-----+
|Utilization (%)  |        4|    ~0|      ~0|      ~0|    0|
+-----------------+---------+------+--------+--------+-----+

+ Detail: 
    * Instance: 
    +--------------------------------------------------------+---------------------------------------------+---------+----+-----+------+-----+
    |                        Instance                        |                    Module                   | BRAM_18K| DSP|  FF |  LUT | URAM|
    +--------------------------------------------------------+---------------------------------------------+---------+----+-----+------+-----+
    |grp_linear_acc_128_32_Pipeline_VITIS_LOOP_186_1_fu_431  |linear_acc_128_32_Pipeline_VITIS_LOOP_186_1  |       30|  16|  367|  1140|    0|
    +--------------------------------------------------------+---------------------------------------------+---------+----+-----+------+-----+
    |Total                                                   |                                             |       30|  16|  367|  1140|    0|
    +--------------------------------------------------------+---------------------------------------------+---------+----+-----+------+-----+

    * DSP: 
    N/A

    * Memory: 
    N/A

    * FIFO: 
    N/A

    * Expression: 
    N/A

    * Multiplexer: 
    +------------+----+-----------+-----+-----------+
    |    Name    | LUT| Input Size| Bits| Total Bits|
    +------------+----+-----------+-----+-----------+
    |ap_NS_fsm   |  97|         19|    1|         19|
    |x_address0  |  81|         17|    5|         85|
    |x_address1  |  81|         17|    5|         85|
    +------------+----+-----------+-----+-----------+
    |Total       | 259|         53|   11|        189|
    +------------+----+-----------+-----+-----------+

    * Register: 
    +---------------------------------------------------------------------+----+----+-----+-----------+
    |                                 Name                                | FF | LUT| Bits| Const Bits|
    +---------------------------------------------------------------------+----+----+-----+-----------+
    |ap_CS_fsm                                                            |  18|   0|   18|          0|
    |grp_linear_acc_128_32_Pipeline_VITIS_LOOP_186_1_fu_431_ap_start_reg  |   1|   0|    1|          0|
    |x_load_255_reg_550                                                   |   7|   0|    7|          0|
    |x_load_256_reg_565                                                   |   7|   0|    7|          0|
    |x_load_257_reg_570                                                   |   7|   0|    7|          0|
    |x_load_258_reg_585                                                   |   7|   0|    7|          0|
    |x_load_259_reg_590                                                   |   7|   0|    7|          0|
    |x_load_260_reg_605                                                   |   7|   0|    7|          0|
    |x_load_261_reg_610                                                   |   7|   0|    7|          0|
    |x_load_262_reg_625                                                   |   7|   0|    7|          0|
    |x_load_263_reg_630                                                   |   7|   0|    7|          0|
    |x_load_264_reg_645                                                   |   7|   0|    7|          0|
    |x_load_265_reg_650                                                   |   7|   0|    7|          0|
    |x_load_266_reg_665                                                   |   7|   0|    7|          0|
    |x_load_267_reg_670                                                   |   7|   0|    7|          0|
    |x_load_268_reg_685                                                   |   7|   0|    7|          0|
    |x_load_269_reg_690                                                   |   7|   0|    7|          0|
    |x_load_270_reg_705                                                   |   7|   0|    7|          0|
    |x_load_271_reg_710                                                   |   7|   0|    7|          0|
    |x_load_272_reg_725                                                   |   7|   0|    7|          0|
    |x_load_273_reg_730                                                   |   7|   0|    7|          0|
    |x_load_274_reg_745                                                   |   7|   0|    7|          0|
    |x_load_275_reg_750                                                   |   7|   0|    7|          0|
    |x_load_276_reg_765                                                   |   7|   0|    7|          0|
    |x_load_277_reg_770                                                   |   7|   0|    7|          0|
    |x_load_278_reg_785                                                   |   7|   0|    7|          0|
    |x_load_279_reg_790                                                   |   7|   0|    7|          0|
    |x_load_280_reg_805                                                   |   7|   0|    7|          0|
    |x_load_281_reg_810                                                   |   7|   0|    7|          0|
    |x_load_282_reg_825                                                   |   7|   0|    7|          0|
    |x_load_283_reg_830                                                   |   7|   0|    7|          0|
    |x_load_284_reg_845                                                   |   7|   0|    7|          0|
    |x_load_285_reg_850                                                   |   7|   0|    7|          0|
    |x_load_reg_545                                                       |   7|   0|    7|          0|
    +---------------------------------------------------------------------+----+----+-----+-----------+
    |Total                                                                | 243|   0|  243|          0|
    +---------------------------------------------------------------------+----+----+-----+-----------+



================================================================
== Interface
================================================================
* Summary: 
+----------------+-----+-----+------------+---------------------+--------------+
|    RTL Ports   | Dir | Bits|  Protocol  |    Source Object    |    C Type    |
+----------------+-----+-----+------------+---------------------+--------------+
|ap_clk          |   in|    1|  ap_ctrl_hs|  linear_acc<128, 32>|  return value|
|ap_rst          |   in|    1|  ap_ctrl_hs|  linear_acc<128, 32>|  return value|
|ap_start        |   in|    1|  ap_ctrl_hs|  linear_acc<128, 32>|  return value|
|ap_done         |  out|    1|  ap_ctrl_hs|  linear_acc<128, 32>|  return value|
|ap_idle         |  out|    1|  ap_ctrl_hs|  linear_acc<128, 32>|  return value|
|ap_ready        |  out|    1|  ap_ctrl_hs|  linear_acc<128, 32>|  return value|
|x_address0      |  out|    5|   ap_memory|                    x|         array|
|x_ce0           |  out|    1|   ap_memory|                    x|         array|
|x_q0            |   in|    7|   ap_memory|                    x|         array|
|x_address1      |  out|    5|   ap_memory|                    x|         array|
|x_ce1           |  out|    1|   ap_memory|                    x|         array|
|x_q1            |   in|    7|   ap_memory|                    x|         array|
|out_r_address0  |  out|    7|   ap_memory|                out_r|         array|
|out_r_ce0       |  out|    1|   ap_memory|                out_r|         array|
|out_r_we0       |  out|    1|   ap_memory|                out_r|         array|
|out_r_d0        |  out|   20|   ap_memory|                out_r|         array|
+----------------+-----+-----+------------+---------------------+--------------+

