

================================================================
== Vitis HLS Report for 'linear_acc_320_128_s'
================================================================
* Date:           Sat May 30 20:43:24 2026

* Version:        2023.2 (Build 4023990 on Oct 11 2023)
* Project:        proj_awn_int8
* Solution:       solution1 (Vivado IP Flow Target)
* Product family: zynquplus
* Target device:  xczu7ev-ffvc1156-2-e


================================================================
== Performance Estimates
================================================================
+ Timing: 
    * Summary: 
    +--------+---------+----------+------------+
    |  Clock |  Target | Estimated| Uncertainty|
    +--------+---------+----------+------------+
    |ap_clk  |  5.00 ns|  3.532 ns|     1.35 ns|
    +--------+---------+----------+------------+

+ Latency: 
    * Summary: 
    +---------+---------+----------+----------+-----+-----+---------+
    |  Latency (cycles) |  Latency (absolute) |  Interval | Pipeline|
    |   min   |   max   |    min   |    max   | min | max |   Type  |
    +---------+---------+----------+----------+-----+-----+---------+
    |      393|      393|  1.965 us|  1.965 us|  393|  393|       no|
    +---------+---------+----------+----------+-----+-----+---------+

    + Detail: 
        * Instance: 
        +----------------------------------------------------------+----------------------------------------------+---------+---------+----------+----------+-----+-----+---------+
        |                                                          |                                              |  Latency (cycles) |  Latency (absolute) |  Interval | Pipeline|
        |                         Instance                         |                    Module                    |   min   |   max   |    min   |    max   | min | max |   Type  |
        +----------------------------------------------------------+----------------------------------------------+---------+---------+----------+----------+-----+-----+---------+
        |grp_linear_acc_320_128_Pipeline_VITIS_LOOP_186_1_fu_1681  |linear_acc_320_128_Pipeline_VITIS_LOOP_186_1  |      328|      328|  1.640 us|  1.640 us|  328|  328|       no|
        +----------------------------------------------------------+----------------------------------------------+---------+---------+----------+----------+-----+-----+---------+

        * Loop: 
        N/A



================================================================
== Utilization Estimates
================================================================
* Summary: 
+-----------------+---------+------+--------+--------+-----+
|       Name      | BRAM_18K|  DSP |   FF   |   LUT  | URAM|
+-----------------+---------+------+--------+--------+-----+
|DSP              |        -|     -|       -|       -|    -|
|Expression       |        -|     -|       -|       -|    -|
|FIFO             |        -|     -|       -|       -|    -|
|Instance         |      129|    65|    2314|    4063|    -|
|Memory           |        -|     -|       -|       -|    -|
|Multiplexer      |        -|     -|       -|     875|    -|
|Register         |        -|     -|    1091|       -|    -|
+-----------------+---------+------+--------+--------+-----+
|Total            |      129|    65|    3405|    4938|    0|
+-----------------+---------+------+--------+--------+-----+
|Available        |      624|  1728|  460800|  230400|   96|
+-----------------+---------+------+--------+--------+-----+
|Utilization (%)  |       20|     3|      ~0|       2|    0|
+-----------------+---------+------+--------+--------+-----+

+ Detail: 
    * Instance: 
    +----------------------------------------------------------+----------------------------------------------+---------+----+------+------+-----+
    |                         Instance                         |                    Module                    | BRAM_18K| DSP|  FF  |  LUT | URAM|
    +----------------------------------------------------------+----------------------------------------------+---------+----+------+------+-----+
    |grp_linear_acc_320_128_Pipeline_VITIS_LOOP_186_1_fu_1681  |linear_acc_320_128_Pipeline_VITIS_LOOP_186_1  |      129|  65|  2314|  4063|    0|
    +----------------------------------------------------------+----------------------------------------------+---------+----+------+------+-----+
    |Total                                                     |                                              |      129|  65|  2314|  4063|    0|
    +----------------------------------------------------------+----------------------------------------------+---------+----+------+------+-----+

    * DSP: 
    N/A

    * Memory: 
    N/A

    * FIFO: 
    N/A

    * Expression: 
    N/A

    * Multiplexer: 
    +------------+-----+-----------+-----+-----------+
    |    Name    | LUT | Input Size| Bits| Total Bits|
    +------------+-----+-----------+-----+-----------+
    |ap_NS_fsm   |  307|         67|    1|         67|
    |x_address0  |  284|         65|    7|        455|
    |x_address1  |  284|         65|    7|        455|
    +------------+-----+-----------+-----+-----------+
    |Total       |  875|        197|   15|        977|
    +------------+-----+-----------+-----+-----------+

    * Register: 
    +-----------------------------------------------------------------------+----+----+-----+-----------+
    |                                  Name                                 | FF | LUT| Bits| Const Bits|
    +-----------------------------------------------------------------------+----+----+-----+-----------+
    |ap_CS_fsm                                                              |  66|   0|   66|          0|
    |grp_linear_acc_320_128_Pipeline_VITIS_LOOP_186_1_fu_1681_ap_start_reg  |   1|   0|    1|          0|
    |x_load_100_reg_3085                                                    |   8|   0|    8|          0|
    |x_load_101_reg_3090                                                    |   8|   0|    8|          0|
    |x_load_102_reg_3105                                                    |   8|   0|    8|          0|
    |x_load_103_reg_3110                                                    |   8|   0|    8|          0|
    |x_load_104_reg_3125                                                    |   8|   0|    8|          0|
    |x_load_105_reg_3130                                                    |   8|   0|    8|          0|
    |x_load_106_reg_3145                                                    |   8|   0|    8|          0|
    |x_load_107_reg_3150                                                    |   8|   0|    8|          0|
    |x_load_108_reg_3165                                                    |   8|   0|    8|          0|
    |x_load_109_reg_3170                                                    |   8|   0|    8|          0|
    |x_load_10_reg_2185                                                     |   8|   0|    8|          0|
    |x_load_110_reg_3185                                                    |   8|   0|    8|          0|
    |x_load_111_reg_3190                                                    |   8|   0|    8|          0|
    |x_load_112_reg_3205                                                    |   8|   0|    8|          0|
    |x_load_113_reg_3210                                                    |   8|   0|    8|          0|
    |x_load_114_reg_3225                                                    |   8|   0|    8|          0|
    |x_load_115_reg_3230                                                    |   8|   0|    8|          0|
    |x_load_116_reg_3245                                                    |   8|   0|    8|          0|
    |x_load_117_reg_3250                                                    |   8|   0|    8|          0|
    |x_load_118_reg_3265                                                    |   8|   0|    8|          0|
    |x_load_119_reg_3270                                                    |   8|   0|    8|          0|
    |x_load_11_reg_2190                                                     |   8|   0|    8|          0|
    |x_load_120_reg_3285                                                    |   8|   0|    8|          0|
    |x_load_121_reg_3290                                                    |   8|   0|    8|          0|
    |x_load_122_reg_3305                                                    |   8|   0|    8|          0|
    |x_load_123_reg_3310                                                    |   8|   0|    8|          0|
    |x_load_124_reg_3325                                                    |   8|   0|    8|          0|
    |x_load_125_reg_3330                                                    |   8|   0|    8|          0|
    |x_load_126_reg_3345                                                    |   8|   0|    8|          0|
    |x_load_127_reg_3350                                                    |   8|   0|    8|          0|
    |x_load_12_reg_2205                                                     |   8|   0|    8|          0|
    |x_load_13_reg_2210                                                     |   8|   0|    8|          0|
    |x_load_14_reg_2225                                                     |   8|   0|    8|          0|
    |x_load_15_reg_2230                                                     |   8|   0|    8|          0|
    |x_load_16_reg_2245                                                     |   8|   0|    8|          0|
    |x_load_17_reg_2250                                                     |   8|   0|    8|          0|
    |x_load_18_reg_2265                                                     |   8|   0|    8|          0|
    |x_load_19_reg_2270                                                     |   8|   0|    8|          0|
    |x_load_1_reg_2090                                                      |   8|   0|    8|          0|
    |x_load_20_reg_2285                                                     |   8|   0|    8|          0|
    |x_load_21_reg_2290                                                     |   8|   0|    8|          0|
    |x_load_22_reg_2305                                                     |   8|   0|    8|          0|
    |x_load_23_reg_2310                                                     |   8|   0|    8|          0|
    |x_load_24_reg_2325                                                     |   8|   0|    8|          0|
    |x_load_25_reg_2330                                                     |   8|   0|    8|          0|
    |x_load_26_reg_2345                                                     |   8|   0|    8|          0|
    |x_load_27_reg_2350                                                     |   8|   0|    8|          0|
    |x_load_28_reg_2365                                                     |   8|   0|    8|          0|
    |x_load_29_reg_2370                                                     |   8|   0|    8|          0|
    |x_load_2_reg_2105                                                      |   8|   0|    8|          0|
    |x_load_30_reg_2385                                                     |   8|   0|    8|          0|
    |x_load_31_reg_2390                                                     |   8|   0|    8|          0|
    |x_load_32_reg_2405                                                     |   8|   0|    8|          0|
    |x_load_33_reg_2410                                                     |   8|   0|    8|          0|
    |x_load_34_reg_2425                                                     |   8|   0|    8|          0|
    |x_load_35_reg_2430                                                     |   8|   0|    8|          0|
    |x_load_36_reg_2445                                                     |   8|   0|    8|          0|
    |x_load_37_reg_2450                                                     |   8|   0|    8|          0|
    |x_load_38_reg_2465                                                     |   8|   0|    8|          0|
    |x_load_39_reg_2470                                                     |   8|   0|    8|          0|
    |x_load_3_reg_2110                                                      |   8|   0|    8|          0|
    |x_load_40_reg_2485                                                     |   8|   0|    8|          0|
    |x_load_41_reg_2490                                                     |   8|   0|    8|          0|
    |x_load_42_reg_2505                                                     |   8|   0|    8|          0|
    |x_load_43_reg_2510                                                     |   8|   0|    8|          0|
    |x_load_44_reg_2525                                                     |   8|   0|    8|          0|
    |x_load_45_reg_2530                                                     |   8|   0|    8|          0|
    |x_load_46_reg_2545                                                     |   8|   0|    8|          0|
    |x_load_47_reg_2550                                                     |   8|   0|    8|          0|
    |x_load_48_reg_2565                                                     |   8|   0|    8|          0|
    |x_load_49_reg_2570                                                     |   8|   0|    8|          0|
    |x_load_4_reg_2125                                                      |   8|   0|    8|          0|
    |x_load_50_reg_2585                                                     |   8|   0|    8|          0|
    |x_load_51_reg_2590                                                     |   8|   0|    8|          0|
    |x_load_52_reg_2605                                                     |   8|   0|    8|          0|
    |x_load_53_reg_2610                                                     |   8|   0|    8|          0|
    |x_load_54_reg_2625                                                     |   8|   0|    8|          0|
    |x_load_55_reg_2630                                                     |   8|   0|    8|          0|
    |x_load_56_reg_2645                                                     |   8|   0|    8|          0|
    |x_load_57_reg_2650                                                     |   8|   0|    8|          0|
    |x_load_58_reg_2665                                                     |   8|   0|    8|          0|
    |x_load_59_reg_2670                                                     |   8|   0|    8|          0|
    |x_load_5_reg_2130                                                      |   8|   0|    8|          0|
    |x_load_60_reg_2685                                                     |   8|   0|    8|          0|
    |x_load_61_reg_2690                                                     |   8|   0|    8|          0|
    |x_load_62_reg_2705                                                     |   8|   0|    8|          0|
    |x_load_63_reg_2710                                                     |   8|   0|    8|          0|
    |x_load_64_reg_2725                                                     |   8|   0|    8|          0|
    |x_load_65_reg_2730                                                     |   8|   0|    8|          0|
    |x_load_66_reg_2745                                                     |   8|   0|    8|          0|
    |x_load_67_reg_2750                                                     |   8|   0|    8|          0|
    |x_load_68_reg_2765                                                     |   8|   0|    8|          0|
    |x_load_69_reg_2770                                                     |   8|   0|    8|          0|
    |x_load_6_reg_2145                                                      |   8|   0|    8|          0|
    |x_load_70_reg_2785                                                     |   8|   0|    8|          0|
    |x_load_71_reg_2790                                                     |   8|   0|    8|          0|
    |x_load_72_reg_2805                                                     |   8|   0|    8|          0|
    |x_load_73_reg_2810                                                     |   8|   0|    8|          0|
    |x_load_74_reg_2825                                                     |   8|   0|    8|          0|
    |x_load_75_reg_2830                                                     |   8|   0|    8|          0|
    |x_load_76_reg_2845                                                     |   8|   0|    8|          0|
    |x_load_77_reg_2850                                                     |   8|   0|    8|          0|
    |x_load_78_reg_2865                                                     |   8|   0|    8|          0|
    |x_load_79_reg_2870                                                     |   8|   0|    8|          0|
    |x_load_7_reg_2150                                                      |   8|   0|    8|          0|
    |x_load_80_reg_2885                                                     |   8|   0|    8|          0|
    |x_load_81_reg_2890                                                     |   8|   0|    8|          0|
    |x_load_82_reg_2905                                                     |   8|   0|    8|          0|
    |x_load_83_reg_2910                                                     |   8|   0|    8|          0|
    |x_load_84_reg_2925                                                     |   8|   0|    8|          0|
    |x_load_85_reg_2930                                                     |   8|   0|    8|          0|
    |x_load_86_reg_2945                                                     |   8|   0|    8|          0|
    |x_load_87_reg_2950                                                     |   8|   0|    8|          0|
    |x_load_88_reg_2965                                                     |   8|   0|    8|          0|
    |x_load_89_reg_2970                                                     |   8|   0|    8|          0|
    |x_load_8_reg_2165                                                      |   8|   0|    8|          0|
    |x_load_90_reg_2985                                                     |   8|   0|    8|          0|
    |x_load_91_reg_2990                                                     |   8|   0|    8|          0|
    |x_load_92_reg_3005                                                     |   8|   0|    8|          0|
    |x_load_93_reg_3010                                                     |   8|   0|    8|          0|
    |x_load_94_reg_3025                                                     |   8|   0|    8|          0|
    |x_load_95_reg_3030                                                     |   8|   0|    8|          0|
    |x_load_96_reg_3045                                                     |   8|   0|    8|          0|
    |x_load_97_reg_3050                                                     |   8|   0|    8|          0|
    |x_load_98_reg_3065                                                     |   8|   0|    8|          0|
    |x_load_99_reg_3070                                                     |   8|   0|    8|          0|
    |x_load_9_reg_2170                                                      |   8|   0|    8|          0|
    |x_load_reg_2085                                                        |   8|   0|    8|          0|
    +-----------------------------------------------------------------------+----+----+-----+-----------+
    |Total                                                                  |1091|   0| 1091|          0|
    +-----------------------------------------------------------------------+----+----+-----+-----------+



================================================================
== Interface
================================================================
* Summary: 
+----------------+-----+-----+------------+----------------------+--------------+
|    RTL Ports   | Dir | Bits|  Protocol  |     Source Object    |    C Type    |
+----------------+-----+-----+------------+----------------------+--------------+
|ap_clk          |   in|    1|  ap_ctrl_hs|  linear_acc<320, 128>|  return value|
|ap_rst          |   in|    1|  ap_ctrl_hs|  linear_acc<320, 128>|  return value|
|ap_start        |   in|    1|  ap_ctrl_hs|  linear_acc<320, 128>|  return value|
|ap_done         |  out|    1|  ap_ctrl_hs|  linear_acc<320, 128>|  return value|
|ap_idle         |  out|    1|  ap_ctrl_hs|  linear_acc<320, 128>|  return value|
|ap_ready        |  out|    1|  ap_ctrl_hs|  linear_acc<320, 128>|  return value|
|x_address0      |  out|    7|   ap_memory|                     x|         array|
|x_ce0           |  out|    1|   ap_memory|                     x|         array|
|x_q0            |   in|    8|   ap_memory|                     x|         array|
|x_address1      |  out|    7|   ap_memory|                     x|         array|
|x_ce1           |  out|    1|   ap_memory|                     x|         array|
|x_q1            |   in|    8|   ap_memory|                     x|         array|
|out_r_address0  |  out|    9|   ap_memory|                 out_r|         array|
|out_r_ce0       |  out|    1|   ap_memory|                 out_r|         array|
|out_r_we0       |  out|    1|   ap_memory|                 out_r|         array|
|out_r_d0        |  out|   22|   ap_memory|                 out_r|         array|
+----------------+-----+-----+------------+----------------------+--------------+

