

================================================================
== Vitis HLS Report for 'linear_acc_32_128_s'
================================================================
* Date:           Sat May 30 20:43:17 2026

* Version:        2023.2 (Build 4023990 on Oct 11 2023)
* Project:        proj_awn_int8
* Solution:       solution1 (Vivado IP Flow Target)
* Product family: zynquplus
* Target device:  xczu7ev-ffvc1156-2-e


================================================================
== Performance Estimates
================================================================
+ Timing: 
    * Summary: 
    +--------+---------+----------+------------+
    |  Clock |  Target | Estimated| Uncertainty|
    +--------+---------+----------+------------+
    |ap_clk  |  5.00 ns|  3.328 ns|     1.35 ns|
    +--------+---------+----------+------------+

+ Latency: 
    * Summary: 
    +---------+---------+----------+----------+-----+-----+---------+
    |  Latency (cycles) |  Latency (absolute) |  Interval | Pipeline|
    |   min   |   max   |    min   |    max   | min | max |   Type  |
    +---------+---------+----------+----------+-----+-----+---------+
    |      103|      103|  0.515 us|  0.515 us|  103|  103|       no|
    +---------+---------+----------+----------+-----+-----+---------+

    + Detail: 
        * Instance: 
        +---------------------------------------------------------+---------------------------------------------+---------+---------+----------+----------+-----+-----+---------+
        |                                                         |                                             |  Latency (cycles) |  Latency (absolute) |  Interval | Pipeline|
        |                         Instance                        |                    Module                   |   min   |   max   |    min   |    max   | min | max |   Type  |
        +---------------------------------------------------------+---------------------------------------------+---------+---------+----------+----------+-----+-----+---------+
        |grp_linear_acc_32_128_Pipeline_VITIS_LOOP_186_1_fu_1679  |linear_acc_32_128_Pipeline_VITIS_LOOP_186_1  |       38|       38|  0.190 us|  0.190 us|   38|   38|       no|
        +---------------------------------------------------------+---------------------------------------------+---------+---------+----------+----------+-----+-----+---------+

        * Loop: 
        N/A



================================================================
== Utilization Estimates
================================================================
* Summary: 
+-----------------+---------+------+--------+--------+-----+
|       Name      | BRAM_18K|  DSP |   FF   |   LUT  | URAM|
+-----------------+---------+------+--------+--------+-----+
|DSP              |        -|     -|       -|       -|    -|
|Expression       |        -|     -|       -|       -|    -|
|FIFO             |        -|     -|       -|       -|    -|
|Instance         |        0|    62|    3100|    4782|    -|
|Memory           |        -|     -|       -|       -|    -|
|Multiplexer      |        -|     -|       -|     875|    -|
|Register         |        -|     -|    1091|       -|    -|
+-----------------+---------+------+--------+--------+-----+
|Total            |        0|    62|    4191|    5657|    0|
+-----------------+---------+------+--------+--------+-----+
|Available        |      624|  1728|  460800|  230400|   96|
+-----------------+---------+------+--------+--------+-----+
|Utilization (%)  |        0|     3|      ~0|       2|    0|
+-----------------+---------+------+--------+--------+-----+

+ Detail: 
    * Instance: 
    +---------------------------------------------------------+---------------------------------------------+---------+----+------+------+-----+
    |                         Instance                        |                    Module                   | BRAM_18K| DSP|  FF  |  LUT | URAM|
    +---------------------------------------------------------+---------------------------------------------+---------+----+------+------+-----+
    |grp_linear_acc_32_128_Pipeline_VITIS_LOOP_186_1_fu_1679  |linear_acc_32_128_Pipeline_VITIS_LOOP_186_1  |        0|  62|  3100|  4782|    0|
    +---------------------------------------------------------+---------------------------------------------+---------+----+------+------+-----+
    |Total                                                    |                                             |        0|  62|  3100|  4782|    0|
    +---------------------------------------------------------+---------------------------------------------+---------+----+------+------+-----+

    * DSP: 
    N/A

    * Memory: 
    N/A

    * FIFO: 
    N/A

    * Expression: 
    N/A

    * Multiplexer: 
    +------------+-----+-----------+-----+-----------+
    |    Name    | LUT | Input Size| Bits| Total Bits|
    +------------+-----+-----------+-----+-----------+
    |ap_NS_fsm   |  307|         67|    1|         67|
    |x_address0  |  284|         65|    7|        455|
    |x_address1  |  284|         65|    7|        455|
    +------------+-----+-----------+-----+-----------+
    |Total       |  875|        197|   15|        977|
    +------------+-----+-----------+-----+-----------+

    * Register: 
    +----------------------------------------------------------------------+----+----+-----+-----------+
    |                                 Name                                 | FF | LUT| Bits| Const Bits|
    +----------------------------------------------------------------------+----+----+-----+-----------+
    |ap_CS_fsm                                                             |  66|   0|   66|          0|
    |grp_linear_acc_32_128_Pipeline_VITIS_LOOP_186_1_fu_1679_ap_start_reg  |   1|   0|    1|          0|
    |x_load_128_reg_2086                                                   |   8|   0|    8|          0|
    |x_load_129_reg_2101                                                   |   8|   0|    8|          0|
    |x_load_130_reg_2106                                                   |   8|   0|    8|          0|
    |x_load_131_reg_2121                                                   |   8|   0|    8|          0|
    |x_load_132_reg_2126                                                   |   8|   0|    8|          0|
    |x_load_133_reg_2141                                                   |   8|   0|    8|          0|
    |x_load_134_reg_2146                                                   |   8|   0|    8|          0|
    |x_load_135_reg_2161                                                   |   8|   0|    8|          0|
    |x_load_136_reg_2166                                                   |   8|   0|    8|          0|
    |x_load_137_reg_2181                                                   |   8|   0|    8|          0|
    |x_load_138_reg_2186                                                   |   8|   0|    8|          0|
    |x_load_139_reg_2201                                                   |   8|   0|    8|          0|
    |x_load_140_reg_2206                                                   |   8|   0|    8|          0|
    |x_load_141_reg_2221                                                   |   8|   0|    8|          0|
    |x_load_142_reg_2226                                                   |   8|   0|    8|          0|
    |x_load_143_reg_2241                                                   |   8|   0|    8|          0|
    |x_load_144_reg_2246                                                   |   8|   0|    8|          0|
    |x_load_145_reg_2261                                                   |   8|   0|    8|          0|
    |x_load_146_reg_2266                                                   |   8|   0|    8|          0|
    |x_load_147_reg_2281                                                   |   8|   0|    8|          0|
    |x_load_148_reg_2286                                                   |   8|   0|    8|          0|
    |x_load_149_reg_2301                                                   |   8|   0|    8|          0|
    |x_load_150_reg_2306                                                   |   8|   0|    8|          0|
    |x_load_151_reg_2321                                                   |   8|   0|    8|          0|
    |x_load_152_reg_2326                                                   |   8|   0|    8|          0|
    |x_load_153_reg_2341                                                   |   8|   0|    8|          0|
    |x_load_154_reg_2346                                                   |   8|   0|    8|          0|
    |x_load_155_reg_2361                                                   |   8|   0|    8|          0|
    |x_load_156_reg_2366                                                   |   8|   0|    8|          0|
    |x_load_157_reg_2381                                                   |   8|   0|    8|          0|
    |x_load_158_reg_2386                                                   |   8|   0|    8|          0|
    |x_load_159_reg_2401                                                   |   8|   0|    8|          0|
    |x_load_160_reg_2406                                                   |   8|   0|    8|          0|
    |x_load_161_reg_2421                                                   |   8|   0|    8|          0|
    |x_load_162_reg_2426                                                   |   8|   0|    8|          0|
    |x_load_163_reg_2441                                                   |   8|   0|    8|          0|
    |x_load_164_reg_2446                                                   |   8|   0|    8|          0|
    |x_load_165_reg_2461                                                   |   8|   0|    8|          0|
    |x_load_166_reg_2466                                                   |   8|   0|    8|          0|
    |x_load_167_reg_2481                                                   |   8|   0|    8|          0|
    |x_load_168_reg_2486                                                   |   8|   0|    8|          0|
    |x_load_169_reg_2501                                                   |   8|   0|    8|          0|
    |x_load_170_reg_2506                                                   |   8|   0|    8|          0|
    |x_load_171_reg_2521                                                   |   8|   0|    8|          0|
    |x_load_172_reg_2526                                                   |   8|   0|    8|          0|
    |x_load_173_reg_2541                                                   |   8|   0|    8|          0|
    |x_load_174_reg_2546                                                   |   8|   0|    8|          0|
    |x_load_175_reg_2561                                                   |   8|   0|    8|          0|
    |x_load_176_reg_2566                                                   |   8|   0|    8|          0|
    |x_load_177_reg_2581                                                   |   8|   0|    8|          0|
    |x_load_178_reg_2586                                                   |   8|   0|    8|          0|
    |x_load_179_reg_2601                                                   |   8|   0|    8|          0|
    |x_load_180_reg_2606                                                   |   8|   0|    8|          0|
    |x_load_181_reg_2621                                                   |   8|   0|    8|          0|
    |x_load_182_reg_2626                                                   |   8|   0|    8|          0|
    |x_load_183_reg_2641                                                   |   8|   0|    8|          0|
    |x_load_184_reg_2646                                                   |   8|   0|    8|          0|
    |x_load_185_reg_2661                                                   |   8|   0|    8|          0|
    |x_load_186_reg_2666                                                   |   8|   0|    8|          0|
    |x_load_187_reg_2681                                                   |   8|   0|    8|          0|
    |x_load_188_reg_2686                                                   |   8|   0|    8|          0|
    |x_load_189_reg_2701                                                   |   8|   0|    8|          0|
    |x_load_190_reg_2706                                                   |   8|   0|    8|          0|
    |x_load_191_reg_2721                                                   |   8|   0|    8|          0|
    |x_load_192_reg_2726                                                   |   8|   0|    8|          0|
    |x_load_193_reg_2741                                                   |   8|   0|    8|          0|
    |x_load_194_reg_2746                                                   |   8|   0|    8|          0|
    |x_load_195_reg_2761                                                   |   8|   0|    8|          0|
    |x_load_196_reg_2766                                                   |   8|   0|    8|          0|
    |x_load_197_reg_2781                                                   |   8|   0|    8|          0|
    |x_load_198_reg_2786                                                   |   8|   0|    8|          0|
    |x_load_199_reg_2801                                                   |   8|   0|    8|          0|
    |x_load_200_reg_2806                                                   |   8|   0|    8|          0|
    |x_load_201_reg_2821                                                   |   8|   0|    8|          0|
    |x_load_202_reg_2826                                                   |   8|   0|    8|          0|
    |x_load_203_reg_2841                                                   |   8|   0|    8|          0|
    |x_load_204_reg_2846                                                   |   8|   0|    8|          0|
    |x_load_205_reg_2861                                                   |   8|   0|    8|          0|
    |x_load_206_reg_2866                                                   |   8|   0|    8|          0|
    |x_load_207_reg_2881                                                   |   8|   0|    8|          0|
    |x_load_208_reg_2886                                                   |   8|   0|    8|          0|
    |x_load_209_reg_2901                                                   |   8|   0|    8|          0|
    |x_load_210_reg_2906                                                   |   8|   0|    8|          0|
    |x_load_211_reg_2921                                                   |   8|   0|    8|          0|
    |x_load_212_reg_2926                                                   |   8|   0|    8|          0|
    |x_load_213_reg_2941                                                   |   8|   0|    8|          0|
    |x_load_214_reg_2946                                                   |   8|   0|    8|          0|
    |x_load_215_reg_2961                                                   |   8|   0|    8|          0|
    |x_load_216_reg_2966                                                   |   8|   0|    8|          0|
    |x_load_217_reg_2981                                                   |   8|   0|    8|          0|
    |x_load_218_reg_2986                                                   |   8|   0|    8|          0|
    |x_load_219_reg_3001                                                   |   8|   0|    8|          0|
    |x_load_220_reg_3006                                                   |   8|   0|    8|          0|
    |x_load_221_reg_3021                                                   |   8|   0|    8|          0|
    |x_load_222_reg_3026                                                   |   8|   0|    8|          0|
    |x_load_223_reg_3041                                                   |   8|   0|    8|          0|
    |x_load_224_reg_3046                                                   |   8|   0|    8|          0|
    |x_load_225_reg_3061                                                   |   8|   0|    8|          0|
    |x_load_226_reg_3066                                                   |   8|   0|    8|          0|
    |x_load_227_reg_3081                                                   |   8|   0|    8|          0|
    |x_load_228_reg_3086                                                   |   8|   0|    8|          0|
    |x_load_229_reg_3101                                                   |   8|   0|    8|          0|
    |x_load_230_reg_3106                                                   |   8|   0|    8|          0|
    |x_load_231_reg_3121                                                   |   8|   0|    8|          0|
    |x_load_232_reg_3126                                                   |   8|   0|    8|          0|
    |x_load_233_reg_3141                                                   |   8|   0|    8|          0|
    |x_load_234_reg_3146                                                   |   8|   0|    8|          0|
    |x_load_235_reg_3161                                                   |   8|   0|    8|          0|
    |x_load_236_reg_3166                                                   |   8|   0|    8|          0|
    |x_load_237_reg_3181                                                   |   8|   0|    8|          0|
    |x_load_238_reg_3186                                                   |   8|   0|    8|          0|
    |x_load_239_reg_3201                                                   |   8|   0|    8|          0|
    |x_load_240_reg_3206                                                   |   8|   0|    8|          0|
    |x_load_241_reg_3221                                                   |   8|   0|    8|          0|
    |x_load_242_reg_3226                                                   |   8|   0|    8|          0|
    |x_load_243_reg_3241                                                   |   8|   0|    8|          0|
    |x_load_244_reg_3246                                                   |   8|   0|    8|          0|
    |x_load_245_reg_3261                                                   |   8|   0|    8|          0|
    |x_load_246_reg_3266                                                   |   8|   0|    8|          0|
    |x_load_247_reg_3281                                                   |   8|   0|    8|          0|
    |x_load_248_reg_3286                                                   |   8|   0|    8|          0|
    |x_load_249_reg_3301                                                   |   8|   0|    8|          0|
    |x_load_250_reg_3306                                                   |   8|   0|    8|          0|
    |x_load_251_reg_3321                                                   |   8|   0|    8|          0|
    |x_load_252_reg_3326                                                   |   8|   0|    8|          0|
    |x_load_253_reg_3341                                                   |   8|   0|    8|          0|
    |x_load_254_reg_3346                                                   |   8|   0|    8|          0|
    |x_load_reg_2081                                                       |   8|   0|    8|          0|
    +----------------------------------------------------------------------+----+----+-----+-----------+
    |Total                                                                 |1091|   0| 1091|          0|
    +----------------------------------------------------------------------+----+----+-----+-----------+



================================================================
== Interface
================================================================
* Summary: 
+----------------+-----+-----+------------+---------------------+--------------+
|    RTL Ports   | Dir | Bits|  Protocol  |    Source Object    |    C Type    |
+----------------+-----+-----+------------+---------------------+--------------+
|ap_clk          |   in|    1|  ap_ctrl_hs|  linear_acc<32, 128>|  return value|
|ap_rst          |   in|    1|  ap_ctrl_hs|  linear_acc<32, 128>|  return value|
|ap_start        |   in|    1|  ap_ctrl_hs|  linear_acc<32, 128>|  return value|
|ap_done         |  out|    1|  ap_ctrl_hs|  linear_acc<32, 128>|  return value|
|ap_idle         |  out|    1|  ap_ctrl_hs|  linear_acc<32, 128>|  return value|
|ap_ready        |  out|    1|  ap_ctrl_hs|  linear_acc<32, 128>|  return value|
|x_address0      |  out|    7|   ap_memory|                    x|         array|
|x_ce0           |  out|    1|   ap_memory|                    x|         array|
|x_q0            |   in|    8|   ap_memory|                    x|         array|
|x_address1      |  out|    7|   ap_memory|                    x|         array|
|x_ce1           |  out|    1|   ap_memory|                    x|         array|
|x_q1            |   in|    8|   ap_memory|                    x|         array|
|out_r_address0  |  out|    5|   ap_memory|                out_r|         array|
|out_r_ce0       |  out|    1|   ap_memory|                out_r|         array|
|out_r_we0       |  out|    1|   ap_memory|                out_r|         array|
|out_r_d0        |  out|   21|   ap_memory|                out_r|         array|
+----------------+-----+-----+------------+---------------------+--------------+

