

================================================================
== Vitis HLS Report for 'p_branch_Pipeline_VITIS_LOOP_154_6'
================================================================
* Date:           Sat May 30 20:42:08 2026

* Version:        2023.2 (Build 4023990 on Oct 11 2023)
* Project:        proj_awn_int8
* Solution:       solution1 (Vivado IP Flow Target)
* Product family: zynquplus
* Target device:  xczu7ev-ffvc1156-2-e


================================================================
== Performance Estimates
================================================================
+ Timing: 
    * Summary: 
    +--------+---------+----------+------------+
    |  Clock |  Target | Estimated| Uncertainty|
    +--------+---------+----------+------------+
    |ap_clk  |  5.00 ns|  2.473 ns|     1.35 ns|
    +--------+---------+----------+------------+

+ Latency: 
    * Summary: 
    +---------+---------+----------+----------+-----+-----+---------+
    |  Latency (cycles) |  Latency (absolute) |  Interval | Pipeline|
    |   min   |   max   |    min   |    max   | min | max |   Type  |
    +---------+---------+----------+----------+-----+-----+---------+
    |       66|       66|  0.330 us|  0.330 us|   66|   66|       no|
    +---------+---------+----------+----------+-----+-----+---------+

    + Detail: 
        * Instance: 
        N/A

        * Loop: 
        +--------------------+---------+---------+----------+-----------+-----------+------+----------+
        |                    |  Latency (cycles) | Iteration|  Initiation Interval  | Trip |          |
        |      Loop Name     |   min   |   max   |  Latency |  achieved |   target  | Count| Pipelined|
        +--------------------+---------+---------+----------+-----------+-----------+------+----------+
        |- VITIS_LOOP_154_6  |       64|       64|         1|          1|          1|    64|       yes|
        +--------------------+---------+---------+----------+-----------+-----------+------+----------+



================================================================
== Utilization Estimates
================================================================
* Summary: 
+-----------------+---------+------+--------+--------+-----+
|       Name      | BRAM_18K|  DSP |   FF   |   LUT  | URAM|
+-----------------+---------+------+--------+--------+-----+
|DSP              |        -|     -|       -|       -|    -|
|Expression       |        -|     -|       0|      48|    -|
|FIFO             |        -|     -|       -|       -|    -|
|Instance         |        -|     -|       -|       -|    -|
|Memory           |        -|     -|       -|       -|    -|
|Multiplexer      |        -|     -|       -|      27|    -|
|Register         |        -|     -|       9|       -|    -|
+-----------------+---------+------+--------+--------+-----+
|Total            |        0|     0|       9|      75|    0|
+-----------------+---------+------+--------+--------+-----+
|Available        |      624|  1728|  460800|  230400|   96|
+-----------------+---------+------+--------+--------+-----+
|Utilization (%)  |        0|     0|      ~0|      ~0|    0|
+-----------------+---------+------+--------+--------+-----+

+ Detail: 
    * Instance: 
    N/A

    * DSP: 
    N/A

    * Memory: 
    N/A

    * FIFO: 
    N/A

    * Expression: 
    +---------------------+----------+----+---+----+------------+------------+
    |    Variable Name    | Operation| DSP| FF| LUT| Bitwidth P0| Bitwidth P1|
    +---------------------+----------+----+---+----+------------+------------+
    |add_ln156_fu_70_p2   |         +|   0|  0|  14|           7|           1|
    |add_ln163_fu_80_p2   |         +|   0|  0|  19|          12|          12|
    |icmp_ln154_fu_64_p2  |      icmp|   0|  0|  15|           7|           8|
    +---------------------+----------+----+---+----+------------+------------+
    |Total                |          |   0|  0|  48|          26|          21|
    +---------------------+----------+----+---+----+------------+------------+

    * Multiplexer: 
    +----------------------+----+-----------+-----+-----------+
    |         Name         | LUT| Input Size| Bits| Total Bits|
    +----------------------+----+-----------+-----+-----------+
    |ap_done_int           |   9|          2|    1|          2|
    |ap_sig_allocacmp_t_2  |   9|          2|    7|         14|
    |t_fu_32               |   9|          2|    7|         14|
    +----------------------+----+-----------+-----+-----------+
    |Total                 |  27|          6|   15|         30|
    +----------------------+----+-----------+-----+-----------+

    * Register: 
    +-------------+---+----+-----+-----------+
    |     Name    | FF| LUT| Bits| Const Bits|
    +-------------+---+----+-----+-----------+
    |ap_CS_fsm    |  1|   0|    1|          0|
    |ap_done_reg  |  1|   0|    1|          0|
    |t_fu_32      |  7|   0|    7|          0|
    +-------------+---+----+-----+-----------+
    |Total        |  9|   0|    9|          0|
    +-------------+---+----+-----+-----------+



================================================================
== Interface
================================================================
* Summary: 
+-----------------+-----+-----+------------+------------------------------------+--------------+
|    RTL Ports    | Dir | Bits|  Protocol  |            Source Object           |    C Type    |
+-----------------+-----+-----+------------+------------------------------------+--------------+
|ap_clk           |   in|    1|  ap_ctrl_hs|  p_branch_Pipeline_VITIS_LOOP_154_6|  return value|
|ap_rst           |   in|    1|  ap_ctrl_hs|  p_branch_Pipeline_VITIS_LOOP_154_6|  return value|
|ap_start         |   in|    1|  ap_ctrl_hs|  p_branch_Pipeline_VITIS_LOOP_154_6|  return value|
|ap_done          |  out|    1|  ap_ctrl_hs|  p_branch_Pipeline_VITIS_LOOP_154_6|  return value|
|ap_idle          |  out|    1|  ap_ctrl_hs|  p_branch_Pipeline_VITIS_LOOP_154_6|  return value|
|ap_ready         |  out|    1|  ap_ctrl_hs|  p_branch_Pipeline_VITIS_LOOP_154_6|  return value|
|zext_ln163       |   in|   12|     ap_none|                          zext_ln163|        scalar|
|y_tanh_address0  |  out|   12|   ap_memory|                              y_tanh|         array|
|y_tanh_ce0       |  out|    1|   ap_memory|                              y_tanh|         array|
|y_tanh_we0       |  out|    1|   ap_memory|                              y_tanh|         array|
|y_tanh_d0        |  out|    1|   ap_memory|                              y_tanh|         array|
+-----------------+-----+-----+------------+------------------------------------+--------------+

