

================================================================
== Vitis HLS Report for 'u_branch'
================================================================
* Date:           Sat May 30 20:41:50 2026

* Version:        2023.2 (Build 4023990 on Oct 11 2023)
* Project:        proj_awn_int8
* Solution:       solution1 (Vivado IP Flow Target)
* Product family: zynquplus
* Target device:  xczu7ev-ffvc1156-2-e


================================================================
== Performance Estimates
================================================================
+ Timing: 
    * Summary: 
    +--------+---------+----------+------------+
    |  Clock |  Target | Estimated| Uncertainty|
    +--------+---------+----------+------------+
    |ap_clk  |  5.00 ns|  2.819 ns|     1.35 ns|
    +--------+---------+----------+------------+

+ Latency: 
    * Summary: 
    +---------+---------+-----------+-----------+------+------+---------+
    |  Latency (cycles) |   Latency (absolute)  |   Interval  | Pipeline|
    |   min   |   max   |    min    |    max    |  min |  max |   Type  |
    +---------+---------+-----------+-----------+------+------+---------+
    |     4418|     4418|  22.090 us|  22.090 us|  4418|  4418|       no|
    +---------+---------+-----------+-----------+------+------+---------+

    + Detail: 
        * Instance: 
        +----------------------------------------------+------------------------------------+---------+---------+----------+----------+-----+-----+---------+
        |                                              |                                    |  Latency (cycles) |  Latency (absolute) |  Interval | Pipeline|
        |                   Instance                   |               Module               |   min   |   max   |    min   |    max   | min | max |   Type  |
        +----------------------------------------------+------------------------------------+---------+---------+----------+----------+-----+-----+---------+
        |grp_u_branch_Pipeline_VITIS_LOOP_117_6_fu_34  |u_branch_Pipeline_VITIS_LOOP_117_6  |       66|       66|  0.330 us|  0.330 us|   66|   66|       no|
        +----------------------------------------------+------------------------------------+---------+---------+----------+----------+-----+-----+---------+

        * Loop: 
        +--------------------+---------+---------+----------+-----------+-----------+------+----------+
        |                    |  Latency (cycles) | Iteration|  Initiation Interval  | Trip |          |
        |      Loop Name     |   min   |   max   |  Latency |  achieved |   target  | Count| Pipelined|
        +--------------------+---------+---------+----------+-----------+-----------+------+----------+
        |- VITIS_LOOP_100_1  |       64|       64|         1|          -|          -|    64|        no|
        |- VITIS_LOOP_116_5  |     4352|     4352|        68|          -|          -|    64|        no|
        +--------------------+---------+---------+----------+-----------+-----------+------+----------+



================================================================
== Utilization Estimates
================================================================
* Summary: 
+-----------------+---------+------+--------+--------+-----+
|       Name      | BRAM_18K|  DSP |   FF   |   LUT  | URAM|
+-----------------+---------+------+--------+--------+-----+
|DSP              |        -|     -|       -|       -|    -|
|Expression       |        -|     -|       0|      58|    -|
|FIFO             |        -|     -|       -|       -|    -|
|Instance         |        -|     -|       9|      75|    -|
|Memory           |        -|     -|       -|       -|    -|
|Multiplexer      |        -|     -|       -|      44|    -|
|Register         |        -|     -|      25|       -|    -|
+-----------------+---------+------+--------+--------+-----+
|Total            |        0|     0|      34|     177|    0|
+-----------------+---------+------+--------+--------+-----+
|Available        |      624|  1728|  460800|  230400|   96|
+-----------------+---------+------+--------+--------+-----+
|Utilization (%)  |        0|     0|      ~0|      ~0|    0|
+-----------------+---------+------+--------+--------+-----+

+ Detail: 
    * Instance: 
    +----------------------------------------------+------------------------------------+---------+----+---+----+-----+
    |                   Instance                   |               Module               | BRAM_18K| DSP| FF| LUT| URAM|
    +----------------------------------------------+------------------------------------+---------+----+---+----+-----+
    |grp_u_branch_Pipeline_VITIS_LOOP_117_6_fu_34  |u_branch_Pipeline_VITIS_LOOP_117_6  |        0|   0|  9|  75|    0|
    +----------------------------------------------+------------------------------------+---------+----+---+----+-----+
    |Total                                         |                                    |        0|   0|  9|  75|    0|
    +----------------------------------------------+------------------------------------+---------+----+---+----+-----+

    * DSP: 
    N/A

    * Memory: 
    N/A

    * FIFO: 
    N/A

    * Expression: 
    +---------------------+----------+----+---+----+------------+------------+
    |    Variable Name    | Operation| DSP| FF| LUT| Bitwidth P0| Bitwidth P1|
    +---------------------+----------+----+---+----+------------+------------+
    |add_ln100_fu_55_p2   |         +|   0|  0|  14|           7|           1|
    |add_ln116_fu_84_p2   |         +|   0|  0|  14|           7|           1|
    |icmp_ln100_fu_49_p2  |      icmp|   0|  0|  15|           7|           8|
    |icmp_ln116_fu_78_p2  |      icmp|   0|  0|  15|           7|           8|
    +---------------------+----------+----+---+----+------------+------------+
    |Total                |          |   0|  0|  58|          28|          18|
    +---------------------+----------+----+---+----+------------+------------+

    * Multiplexer: 
    +------------+----+-----------+-----+-----------+
    |    Name    | LUT| Input Size| Bits| Total Bits|
    +------------+----+-----------+-----+-----------+
    |ap_NS_fsm   |  26|          5|    1|          5|
    |oc_1_fu_30  |   9|          2|    7|         14|
    |oc_fu_26    |   9|          2|    7|         14|
    +------------+----+-----------+-----+-----------+
    |Total       |  44|          9|   15|         33|
    +------------+----+-----------+-----+-----------+

    * Register: 
    +-----------------------------------------------------------+---+----+-----+-----------+
    |                            Name                           | FF| LUT| Bits| Const Bits|
    +-----------------------------------------------------------+---+----+-----+-----------+
    |ap_CS_fsm                                                  |  4|   0|    4|          0|
    |grp_u_branch_Pipeline_VITIS_LOOP_117_6_fu_34_ap_start_reg  |  1|   0|    1|          0|
    |oc_1_fu_30                                                 |  7|   0|    7|          0|
    |oc_fu_26                                                   |  7|   0|    7|          0|
    |tmp_reg_124                                                |  6|   0|   12|          6|
    +-----------------------------------------------------------+---+----+-----+-----------+
    |Total                                                      | 25|   0|   31|          6|
    +-----------------------------------------------------------+---+----+-----+-----------+



================================================================
== Interface
================================================================
* Summary: 
+-----------------+-----+-----+------------+--------------+--------------+
|    RTL Ports    | Dir | Bits|  Protocol  | Source Object|    C Type    |
+-----------------+-----+-----+------------+--------------+--------------+
|ap_clk           |   in|    1|  ap_ctrl_hs|      u_branch|  return value|
|ap_rst           |   in|    1|  ap_ctrl_hs|      u_branch|  return value|
|ap_start         |   in|    1|  ap_ctrl_hs|      u_branch|  return value|
|ap_done          |  out|    1|  ap_ctrl_hs|      u_branch|  return value|
|ap_idle          |  out|    1|  ap_ctrl_hs|      u_branch|  return value|
|ap_ready         |  out|    1|  ap_ctrl_hs|      u_branch|  return value|
|y_tanh_address0  |  out|   12|   ap_memory|        y_tanh|         array|
|y_tanh_ce0       |  out|    1|   ap_memory|        y_tanh|         array|
|y_tanh_we0       |  out|    1|   ap_memory|        y_tanh|         array|
|y_tanh_d0        |  out|    1|   ap_memory|        y_tanh|         array|
+-----------------+-----+-----+------------+--------------+--------------+

