

================================================================
== Vitis HLS Report for 'awn_forward_Pipeline_VITIS_LOOP_277_11'
================================================================
* Date:           Sat May 30 20:41:00 2026

* Version:        2023.2 (Build 4023990 on Oct 11 2023)
* Project:        proj_awn_int8
* Solution:       solution1 (Vivado IP Flow Target)
* Product family: zynquplus
* Target device:  xczu7ev-ffvc1156-2-e


================================================================
== Performance Estimates
================================================================
+ Timing: 
    * Summary: 
    +--------+---------+----------+------------+
    |  Clock |  Target | Estimated| Uncertainty|
    +--------+---------+----------+------------+
    |ap_clk  |  5.00 ns|  3.420 ns|     1.35 ns|
    +--------+---------+----------+------------+

+ Latency: 
    * Summary: 
    +---------+---------+----------+----------+-----+-----+---------+
    |  Latency (cycles) |  Latency (absolute) |  Interval | Pipeline|
    |   min   |   max   |    min   |    max   | min | max |   Type  |
    +---------+---------+----------+----------+-----+-----+---------+
    |      327|      327|  1.635 us|  1.635 us|  327|  327|       no|
    +---------+---------+----------+----------+-----+-----+---------+

    + Detail: 
        * Instance: 
        N/A

        * Loop: 
        +---------------------+---------+---------+----------+-----------+-----------+------+----------+
        |                     |  Latency (cycles) | Iteration|  Initiation Interval  | Trip |          |
        |      Loop Name      |   min   |   max   |  Latency |  achieved |   target  | Count| Pipelined|
        +---------------------+---------+---------+----------+-----------+-----------+------+----------+
        |- VITIS_LOOP_277_11  |      325|      325|         7|          1|          1|   320|       yes|
        +---------------------+---------+---------+----------+-----------+-----------+------+----------+

============================================================
+ Verbose Summary: Synthesis Manager
============================================================
InlineROM: 1
ExposeGlobal: 0
============================================================
+ Verbose Summary: CDFG Model
============================================================
IsTopModel: 0
ResetActiveHigh: 1
IsCombinational: 0
IsDatapathOnly: 0
HasWiredReturn: 1
HasMFsm: 2
HasVarLatency: 1
IsPipeline: 0
IsRtlPipelined: 0
IsInstanceOverlapped: 0
IsDontTouch: 0
HasImplIP: 0
IsGatedGlobalClock: 0

+ Individual pipeline summary: 
  * Pipeline-0: initiation interval (II) = 1, depth = 7


============================================================
+ Verbose Summary: Schedule
============================================================
* Number of FSM states : 7
* Pipeline : 1
  Pipeline-0 : II = 1, D = 7, States = { 1 2 3 4 5 6 7 }
* Dataflow Pipeline: 0

* FSM state transitions: 
1 --> 2 
2 --> 3 
3 --> 4 
4 --> 5 
5 --> 6 
6 --> 7 
7 --> 

* FSM state operations: 

State 1 <SV = 0> <Delay = 1.66>
ST_1 : Operation 10 [1/1] (0.00ns)   --->   "%i = alloca i32 1" [awn_int8.cpp:277]   --->   Operation 10 'alloca' 'i' <Predicate = true> <Delay = 0.00>
ST_1 : Operation 11 [1/1] (0.42ns)   --->   "%store_ln277 = store i9 0, i9 %i" [awn_int8.cpp:277]   --->   Operation 11 'store' 'store_ln277' <Predicate = true> <Delay = 0.42>
ST_1 : Operation 12 [1/1] (0.00ns)   --->   "%br_ln0 = br void %for.inc182"   --->   Operation 12 'br' 'br_ln0' <Predicate = true> <Delay = 0.00>
ST_1 : Operation 13 [1/1] (0.00ns)   --->   "%i_2 = load i9 %i" [awn_int8.cpp:277]   --->   Operation 13 'load' 'i_2' <Predicate = true> <Delay = 0.00>
ST_1 : Operation 14 [1/1] (0.77ns)   --->   "%icmp_ln277 = icmp_eq  i9 %i_2, i9 320" [awn_int8.cpp:277]   --->   Operation 14 'icmp' 'icmp_ln277' <Predicate = true> <Delay = 0.77> <CoreInst = "Cmp">   --->   Core 9 'Cmp' <Latency = 0> <II = 1> <Delay = 0.77> <FuncUnit> <Opcode : 'icmp'> <InPorts = 2> <OutPorts = 1>
ST_1 : Operation 15 [1/1] (0.77ns)   --->   "%add_ln277 = add i9 %i_2, i9 1" [awn_int8.cpp:277]   --->   Operation 15 'add' 'add_ln277' <Predicate = true> <Delay = 0.77> <CoreInst = "Adder">   --->   Core 1 'Adder' <Latency = 0> <II = 1> <Delay = 0.77> <FuncUnit> <Opcode : 'add' 'sub'> <InPorts = 2> <OutPorts = 1>
ST_1 : Operation 16 [1/1] (0.00ns)   --->   "%br_ln277 = br i1 %icmp_ln277, void %for.inc182.split_ifconv, void %for.end184.exitStub" [awn_int8.cpp:277]   --->   Operation 16 'br' 'br_ln277' <Predicate = true> <Delay = 0.00>
ST_1 : Operation 17 [1/1] (0.00ns)   --->   "%zext_ln277 = zext i9 %i_2" [awn_int8.cpp:277]   --->   Operation 17 'zext' 'zext_ln277' <Predicate = (!icmp_ln277)> <Delay = 0.00>
ST_1 : Operation 18 [1/1] (0.00ns)   --->   "%fc0_acc_addr = getelementptr i22 %fc0_acc, i64 0, i64 %zext_ln277" [awn_int8.cpp:278]   --->   Operation 18 'getelementptr' 'fc0_acc_addr' <Predicate = (!icmp_ln277)> <Delay = 0.00>
ST_1 : Operation 19 [2/2] (1.23ns)   --->   "%fc0_acc_load = load i9 %fc0_acc_addr" [awn_int8.cpp:278]   --->   Operation 19 'load' 'fc0_acc_load' <Predicate = (!icmp_ln277)> <Delay = 1.23> <CoreInst = "RAM">   --->   Core 83 'RAM' <Latency = 1> <II = 1> <Delay = 1.23> <Storage> <Opcode : 'load' 'store'> <Ports = 2> <Width = 22> <Depth = 320> <RAM>
ST_1 : Operation 20 [1/1] (0.42ns)   --->   "%store_ln277 = store i9 %add_ln277, i9 %i" [awn_int8.cpp:277]   --->   Operation 20 'store' 'store_ln277' <Predicate = (!icmp_ln277)> <Delay = 0.42>

State 2 <SV = 1> <Delay = 1.23>
ST_2 : Operation 21 [1/2] (1.23ns)   --->   "%fc0_acc_load = load i9 %fc0_acc_addr" [awn_int8.cpp:278]   --->   Operation 21 'load' 'fc0_acc_load' <Predicate = true> <Delay = 1.23> <CoreInst = "RAM">   --->   Core 83 'RAM' <Latency = 1> <II = 1> <Delay = 1.23> <Storage> <Opcode : 'load' 'store'> <Ports = 2> <Width = 22> <Depth = 320> <RAM>

State 3 <SV = 2> <Delay = 3.42>
ST_3 : Operation 22 [1/1] (0.00ns)   --->   "%sext_ln17 = sext i22 %fc0_acc_load" [awn_int8.cpp:17->awn_int8.cpp:30->awn_int8.cpp:278]   --->   Operation 22 'sext' 'sext_ln17' <Predicate = true> <Delay = 0.00>
ST_3 : Operation 23 [1/1] (3.42ns)   --->   "%prod = mul i53 %sext_ln17, i53 1884600986" [awn_int8.cpp:17->awn_int8.cpp:30->awn_int8.cpp:278]   --->   Operation 23 'mul' 'prod' <Predicate = true> <Delay = 3.42> <CoreInst = "Multiplier">   --->   Core 3 'Multiplier' <Latency = 0> <II = 1> <Delay = 3.42> <FuncUnit> <Opcode : 'mul'> <InPorts = 2> <OutPorts = 1>

State 4 <SV = 3> <Delay = 3.33>
ST_4 : Operation 24 [1/1] (1.10ns)   --->   "%sum = add i53 %prod, i53 137438953472" [awn_int8.cpp:19->awn_int8.cpp:30->awn_int8.cpp:278]   --->   Operation 24 'add' 'sum' <Predicate = true> <Delay = 1.10> <CoreInst = "Adder">   --->   Core 1 'Adder' <Latency = 0> <II = 1> <Delay = 1.10> <FuncUnit> <Opcode : 'add' 'sub'> <InPorts = 2> <OutPorts = 1>
ST_4 : Operation 25 [1/1] (0.00ns)   --->   "%trunc_ln20_6 = partselect i15 @_ssdm_op_PartSelect.i15.i53.i32.i32, i53 %sum, i32 38, i32 52" [awn_int8.cpp:20->awn_int8.cpp:30->awn_int8.cpp:278]   --->   Operation 25 'partselect' 'trunc_ln20_6' <Predicate = true> <Delay = 0.00>
ST_4 : Operation 26 [1/1] (0.00ns)   --->   "%tmp = partselect i8 @_ssdm_op_PartSelect.i8.i53.i32.i32, i53 %sum, i32 45, i32 52" [awn_int8.cpp:24->awn_int8.cpp:30->awn_int8.cpp:278]   --->   Operation 26 'partselect' 'tmp' <Predicate = true> <Delay = 0.00>
ST_4 : Operation 27 [1/1] (0.76ns)   --->   "%icmp_ln24 = icmp_sgt  i8 %tmp, i8 0" [awn_int8.cpp:24->awn_int8.cpp:30->awn_int8.cpp:278]   --->   Operation 27 'icmp' 'icmp_ln24' <Predicate = true> <Delay = 0.76> <CoreInst = "Cmp">   --->   Core 9 'Cmp' <Latency = 0> <II = 1> <Delay = 0.76> <FuncUnit> <Opcode : 'icmp'> <InPorts = 2> <OutPorts = 1>
ST_4 : Operation 28 [1/1] (0.84ns)   --->   "%icmp_ln25 = icmp_slt  i15 %trunc_ln20_6, i15 32640" [awn_int8.cpp:25->awn_int8.cpp:30->awn_int8.cpp:278]   --->   Operation 28 'icmp' 'icmp_ln25' <Predicate = true> <Delay = 0.84> <CoreInst = "Cmp">   --->   Core 9 'Cmp' <Latency = 0> <II = 1> <Delay = 0.84> <FuncUnit> <Opcode : 'icmp'> <InPorts = 2> <OutPorts = 1>
ST_4 : Operation 29 [1/1] (0.00ns) (grouped into LUT with out node r)   --->   "%trunc_ln26_7 = partselect i8 @_ssdm_op_PartSelect.i8.i53.i32.i32, i53 %sum, i32 38, i32 45" [awn_int8.cpp:26->awn_int8.cpp:30->awn_int8.cpp:278]   --->   Operation 29 'partselect' 'trunc_ln26_7' <Predicate = true> <Delay = 0.00>
ST_4 : Operation 30 [1/1] (0.00ns) (grouped into LUT with out node r)   --->   "%select_ln24 = select i1 %icmp_ln24, i8 127, i8 128" [awn_int8.cpp:24->awn_int8.cpp:30->awn_int8.cpp:278]   --->   Operation 30 'select' 'select_ln24' <Predicate = true> <Delay = 0.00> <CoreInst = "Sel">   --->   Core 73 'Sel' <Latency = 0> <II = 1> <Delay = 0.39> <FuncUnit> <Opcode : 'select'> <InPorts = 3> <OutPorts = 1>
ST_4 : Operation 31 [1/1] (0.00ns) (grouped into LUT with out node r)   --->   "%or_ln24 = or i1 %icmp_ln24, i1 %icmp_ln25" [awn_int8.cpp:24->awn_int8.cpp:30->awn_int8.cpp:278]   --->   Operation 31 'or' 'or_ln24' <Predicate = true> <Delay = 0.00> <CoreInst = "LogicGate">   --->   Core 74 'LogicGate' <Latency = 0> <II = 1> <Delay = 0.28> <FuncUnit> <Opcode : 'and' 'or' 'xor'> <InPorts = 2> <OutPorts = 1>
ST_4 : Operation 32 [1/1] (0.39ns) (out node of the LUT)   --->   "%r = select i1 %or_ln24, i8 %select_ln24, i8 %trunc_ln26_7" [awn_int8.cpp:24->awn_int8.cpp:30->awn_int8.cpp:278]   --->   Operation 32 'select' 'r' <Predicate = true> <Delay = 0.39> <CoreInst = "Sel">   --->   Core 73 'Sel' <Latency = 0> <II = 1> <Delay = 0.39> <FuncUnit> <Opcode : 'select'> <InPorts = 3> <OutPorts = 1>
ST_4 : Operation 33 [1/1] (0.00ns)   --->   "%tmp_272 = bitselect i1 @_ssdm_op_BitSelect.i1.i8.i32, i8 %r, i32 7" [awn_int8.cpp:35->awn_int8.cpp:279]   --->   Operation 33 'bitselect' 'tmp_272' <Predicate = true> <Delay = 0.00>
ST_4 : Operation 34 [1/1] (0.00ns)   --->   "%sext_ln36 = sext i8 %r" [awn_int8.cpp:36->awn_int8.cpp:279]   --->   Operation 34 'sext' 'sext_ln36' <Predicate = true> <Delay = 0.00>
ST_4 : Operation 35 [3/3] (0.99ns) (grouped into DSP with root node add_ln36)   --->   "%mul_ln36 = mul i17 %sext_ln36, i17 328" [awn_int8.cpp:36->awn_int8.cpp:279]   --->   Operation 35 'mul' 'mul_ln36' <Predicate = true> <Delay = 0.99> <CoreInst = "DSP48">   --->   Core 127 'DSP48' <Latency = 3> <II = 1> <Delay = 0.53> <IPBlock> <Opcode : '' 'add' 'sub' 'mul' 'select'> <InPorts = 0> <OutPorts = 1> <Sync> <CReg>

State 5 <SV = 4> <Delay = 0.99>
ST_5 : Operation 36 [2/3] (0.99ns) (grouped into DSP with root node add_ln36)   --->   "%mul_ln36 = mul i17 %sext_ln36, i17 328" [awn_int8.cpp:36->awn_int8.cpp:279]   --->   Operation 36 'mul' 'mul_ln36' <Predicate = true> <Delay = 0.99> <CoreInst = "DSP48">   --->   Core 127 'DSP48' <Latency = 3> <II = 1> <Delay = 0.53> <IPBlock> <Opcode : '' 'add' 'sub' 'mul' 'select'> <InPorts = 0> <OutPorts = 1> <Sync> <CReg>

State 6 <SV = 5> <Delay = 0.64>
ST_6 : Operation 37 [1/3] (0.00ns) (grouped into DSP with root node add_ln36)   --->   "%mul_ln36 = mul i17 %sext_ln36, i17 328" [awn_int8.cpp:36->awn_int8.cpp:279]   --->   Operation 37 'mul' 'mul_ln36' <Predicate = true> <Delay = 0.00> <CoreInst = "DSP48">   --->   Core 127 'DSP48' <Latency = 3> <II = 1> <Delay = 0.53> <IPBlock> <Opcode : '' 'add' 'sub' 'mul' 'select'> <InPorts = 0> <OutPorts = 1> <Sync> <CReg>
ST_6 : Operation 38 [2/2] (0.64ns) (root node of the DSP)   --->   "%add_ln36 = add i17 %mul_ln36, i17 16384" [awn_int8.cpp:36->awn_int8.cpp:279]   --->   Operation 38 'add' 'add_ln36' <Predicate = (tmp_272)> <Delay = 0.64> <CoreInst = "DSP48">   --->   Core 127 'DSP48' <Latency = 3> <II = 1> <Delay = 0.53> <IPBlock> <Opcode : '' 'add' 'sub' 'mul' 'select'> <InPorts = 0> <OutPorts = 1> <Sync> <CReg>
ST_6 : Operation 49 [1/1] (0.00ns)   --->   "%ret_ln0 = ret"   --->   Operation 49 'ret' 'ret_ln0' <Predicate = (icmp_ln277)> <Delay = 0.00>

State 7 <SV = 6> <Delay = 2.27>
ST_7 : Operation 39 [1/1] (0.00ns)   --->   "%specpipeline_ln277 = specpipeline void @_ssdm_op_SpecPipeline, i32 4294967295, i32 0, i32 0, i32 0, void @empty_3" [awn_int8.cpp:277]   --->   Operation 39 'specpipeline' 'specpipeline_ln277' <Predicate = true> <Delay = 0.00>
ST_7 : Operation 40 [1/1] (0.00ns)   --->   "%speclooptripcount_ln277 = speclooptripcount void @_ssdm_op_SpecLoopTripCount, i64 320, i64 320, i64 320" [awn_int8.cpp:277]   --->   Operation 40 'speclooptripcount' 'speclooptripcount_ln277' <Predicate = true> <Delay = 0.00>
ST_7 : Operation 41 [1/1] (0.00ns)   --->   "%specloopname_ln277 = specloopname void @_ssdm_op_SpecLoopName, void @empty" [awn_int8.cpp:277]   --->   Operation 41 'specloopname' 'specloopname_ln277' <Predicate = true> <Delay = 0.00>
ST_7 : Operation 42 [1/2] (0.64ns) (root node of the DSP)   --->   "%add_ln36 = add i17 %mul_ln36, i17 16384" [awn_int8.cpp:36->awn_int8.cpp:279]   --->   Operation 42 'add' 'add_ln36' <Predicate = (tmp_272)> <Delay = 0.64> <CoreInst = "DSP48">   --->   Core 127 'DSP48' <Latency = 3> <II = 1> <Delay = 0.53> <IPBlock> <Opcode : '' 'add' 'sub' 'mul' 'select'> <InPorts = 0> <OutPorts = 1> <Sync> <CReg>
ST_7 : Operation 43 [1/1] (0.00ns)   --->   "%trunc_ln = partselect i2 @_ssdm_op_PartSelect.i2.i17.i32.i32, i17 %add_ln36, i32 15, i32 16" [awn_int8.cpp:36->awn_int8.cpp:279]   --->   Operation 43 'partselect' 'trunc_ln' <Predicate = (tmp_272)> <Delay = 0.00>
ST_7 : Operation 44 [1/1] (0.00ns)   --->   "%sext_ln26 = sext i2 %trunc_ln" [awn_int8.cpp:26->awn_int8.cpp:37->awn_int8.cpp:279]   --->   Operation 44 'sext' 'sext_ln26' <Predicate = (tmp_272)> <Delay = 0.00>
ST_7 : Operation 45 [1/1] (0.39ns)   --->   "%select_ln35 = select i1 %tmp_272, i8 %sext_ln26, i8 %r" [awn_int8.cpp:35->awn_int8.cpp:279]   --->   Operation 45 'select' 'select_ln35' <Predicate = true> <Delay = 0.39> <CoreInst = "Sel">   --->   Core 73 'Sel' <Latency = 0> <II = 1> <Delay = 0.39> <FuncUnit> <Opcode : 'select'> <InPorts = 3> <OutPorts = 1>
ST_7 : Operation 46 [1/1] (0.00ns)   --->   "%fc0_q_addr = getelementptr i8 %fc0_q, i64 0, i64 %zext_ln277" [awn_int8.cpp:279]   --->   Operation 46 'getelementptr' 'fc0_q_addr' <Predicate = true> <Delay = 0.00>
ST_7 : Operation 47 [1/1] (1.23ns)   --->   "%store_ln279 = store i8 %select_ln35, i9 %fc0_q_addr" [awn_int8.cpp:279]   --->   Operation 47 'store' 'store_ln279' <Predicate = true> <Delay = 1.23> <CoreInst = "RAM">   --->   Core 83 'RAM' <Latency = 1> <II = 1> <Delay = 1.23> <Storage> <Opcode : 'load' 'store'> <Ports = 2> <Width = 8> <Depth = 320> <RAM>
ST_7 : Operation 48 [1/1] (0.00ns)   --->   "%br_ln277 = br void %for.inc182" [awn_int8.cpp:277]   --->   Operation 48 'br' 'br_ln277' <Predicate = true> <Delay = 0.00>


============================================================
+ Verbose Summary: Binding
============================================================
STG Binding: 
---------------- STG Properties BEGIN ----------------
- Is combinational: 0
- Is one-state seq: 0
- Is datapath-only: 0
- Is pipelined: 0
- Is top level: 0
Port [ Return ] is wired: 1; IO mode=ap_ctrl_hs:ce=0
Port [ fc0_acc]:  wired=1; compound=1; hidden=0; nouse=0; global=0; static=0; extern=0; dir=0; type=1; pingpong=0; private_global=0; MemPort=[13]; IO mode=ap_memory:ce=0
Port [ fc0_q]:  wired=1; compound=1; hidden=0; nouse=0; global=0; static=0; extern=0; dir=1; type=1; pingpong=0; private_global=0; MemPort=[03]; IO mode=ap_memory:ce=0
---------------- STG Properties END ------------------

---------------- Datapath Model BEGIN ----------------

<LifeTime>
<method=bitvector/>
i                       (alloca           ) [ 01000000]
store_ln277             (store            ) [ 00000000]
br_ln0                  (br               ) [ 00000000]
i_2                     (load             ) [ 00000000]
icmp_ln277              (icmp             ) [ 01111110]
add_ln277               (add              ) [ 00000000]
br_ln277                (br               ) [ 00000000]
zext_ln277              (zext             ) [ 01111111]
fc0_acc_addr            (getelementptr    ) [ 01100000]
store_ln277             (store            ) [ 00000000]
fc0_acc_load            (load             ) [ 01010000]
sext_ln17               (sext             ) [ 00000000]
prod                    (mul              ) [ 01001000]
sum                     (add              ) [ 00000000]
trunc_ln20_6            (partselect       ) [ 00000000]
tmp                     (partselect       ) [ 00000000]
icmp_ln24               (icmp             ) [ 00000000]
icmp_ln25               (icmp             ) [ 00000000]
trunc_ln26_7            (partselect       ) [ 00000000]
select_ln24             (select           ) [ 00000000]
or_ln24                 (or               ) [ 00000000]
r                       (select           ) [ 01000111]
tmp_272                 (bitselect        ) [ 01000111]
sext_ln36               (sext             ) [ 01000110]
mul_ln36                (mul              ) [ 01000001]
specpipeline_ln277      (specpipeline     ) [ 00000000]
speclooptripcount_ln277 (speclooptripcount) [ 00000000]
specloopname_ln277      (specloopname     ) [ 00000000]
add_ln36                (add              ) [ 00000000]
trunc_ln                (partselect       ) [ 00000000]
sext_ln26               (sext             ) [ 00000000]
select_ln35             (select           ) [ 00000000]
fc0_q_addr              (getelementptr    ) [ 00000000]
store_ln279             (store            ) [ 00000000]
br_ln277                (br               ) [ 00000000]
ret_ln0                 (ret              ) [ 00000000]
</LifeTime>

<model>

<comp_list>
<comp id="0" class="1000" name="fc0_acc">
<pin_list>
<pin id="1" dir="1" index="0" bw="1" slack="0"/>
</pin_list>
<bind>
<StgValue><ssdm name="fc0_acc"/><MemPortTyVec>1 3 </MemPortTyVec>
</StgValue>
</bind>
</comp>

<comp id="2" class="1000" name="fc0_q">
<pin_list>
<pin id="3" dir="1" index="0" bw="1" slack="0"/>
</pin_list>
<bind>
<StgValue><ssdm name="fc0_q"/><MemPortTyVec>0 3 </MemPortTyVec>
</StgValue>
</bind>
</comp>

<comp id="4" class="1001" name="const_4">
<pin_list>
<pin id="5" dir="1" index="0" bw="1" slack="0"/>
</pin_list>
<bind>
<StgValue><ssdm name=""/></StgValue>
</bind>
</comp>

<comp id="6" class="1001" name="const_6">
<pin_list>
<pin id="7" dir="1" index="0" bw="1" slack="0"/>
</pin_list>
<bind>
<StgValue><ssdm name=""/></StgValue>
</bind>
</comp>

<comp id="8" class="1001" name="const_8">
<pin_list>
<pin id="9" dir="1" index="0" bw="1" slack="0"/>
</pin_list>
<bind>
<StgValue><ssdm name=""/></StgValue>
</bind>
</comp>

<comp id="10" class="1001" name="const_10">
<pin_list>
<pin id="11" dir="1" index="0" bw="1" slack="0"/>
</pin_list>
<bind>
<StgValue><ssdm name=""/></StgValue>
</bind>
</comp>

<comp id="12" class="1001" name="const_12">
<pin_list>
<pin id="13" dir="1" index="0" bw="1" slack="0"/>
</pin_list>
<bind>
<StgValue><ssdm name=""/></StgValue>
</bind>
</comp>

<comp id="14" class="1001" name="const_14">
<pin_list>
<pin id="15" dir="1" index="0" bw="1" slack="0"/>
</pin_list>
<bind>
<StgValue><ssdm name=""/></StgValue>
</bind>
</comp>

<comp id="16" class="1001" name="const_16">
<pin_list>
<pin id="17" dir="1" index="0" bw="1" slack="0"/>
</pin_list>
<bind>
<StgValue><ssdm name=""/></StgValue>
</bind>
</comp>

<comp id="18" class="1001" name="const_18">
<pin_list>
<pin id="19" dir="1" index="0" bw="1" slack="0"/>
</pin_list>
<bind>
<StgValue><ssdm name="_ssdm_op_PartSelect.i15.i53.i32.i32"/></StgValue>
</bind>
</comp>

<comp id="20" class="1001" name="const_20">
<pin_list>
<pin id="21" dir="1" index="0" bw="1" slack="0"/>
</pin_list>
<bind>
<StgValue><ssdm name=""/></StgValue>
</bind>
</comp>

<comp id="22" class="1001" name="const_22">
<pin_list>
<pin id="23" dir="1" index="0" bw="1" slack="0"/>
</pin_list>
<bind>
<StgValue><ssdm name=""/></StgValue>
</bind>
</comp>

<comp id="24" class="1001" name="const_24">
<pin_list>
<pin id="25" dir="1" index="0" bw="1" slack="0"/>
</pin_list>
<bind>
<StgValue><ssdm name="_ssdm_op_PartSelect.i8.i53.i32.i32"/></StgValue>
</bind>
</comp>

<comp id="26" class="1001" name="const_26">
<pin_list>
<pin id="27" dir="1" index="0" bw="1" slack="0"/>
</pin_list>
<bind>
<StgValue><ssdm name=""/></StgValue>
</bind>
</comp>

<comp id="28" class="1001" name="const_28">
<pin_list>
<pin id="29" dir="1" index="0" bw="1" slack="0"/>
</pin_list>
<bind>
<StgValue><ssdm name=""/></StgValue>
</bind>
</comp>

<comp id="30" class="1001" name="const_30">
<pin_list>
<pin id="31" dir="1" index="0" bw="1" slack="0"/>
</pin_list>
<bind>
<StgValue><ssdm name=""/></StgValue>
</bind>
</comp>

<comp id="32" class="1001" name="const_32">
<pin_list>
<pin id="33" dir="1" index="0" bw="1" slack="0"/>
</pin_list>
<bind>
<StgValue><ssdm name=""/></StgValue>
</bind>
</comp>

<comp id="34" class="1001" name="const_34">
<pin_list>
<pin id="35" dir="1" index="0" bw="1" slack="0"/>
</pin_list>
<bind>
<StgValue><ssdm name=""/></StgValue>
</bind>
</comp>

<comp id="36" class="1001" name="const_36">
<pin_list>
<pin id="37" dir="1" index="0" bw="1" slack="0"/>
</pin_list>
<bind>
<StgValue><ssdm name="_ssdm_op_BitSelect.i1.i8.i32"/></StgValue>
</bind>
</comp>

<comp id="38" class="1001" name="const_38">
<pin_list>
<pin id="39" dir="1" index="0" bw="1" slack="0"/>
</pin_list>
<bind>
<StgValue><ssdm name=""/></StgValue>
</bind>
</comp>

<comp id="40" class="1001" name="const_40">
<pin_list>
<pin id="41" dir="1" index="0" bw="1" slack="0"/>
</pin_list>
<bind>
<StgValue><ssdm name=""/></StgValue>
</bind>
</comp>

<comp id="42" class="1001" name="const_42">
<pin_list>
<pin id="43" dir="1" index="0" bw="1" slack="0"/>
</pin_list>
<bind>
<StgValue><ssdm name=""/></StgValue>
</bind>
</comp>

<comp id="44" class="1001" name="const_44">
<pin_list>
<pin id="45" dir="1" index="0" bw="1" slack="2147483647"/>
</pin_list>
<bind>
<StgValue><ssdm name="_ssdm_op_SpecPipeline"/></StgValue>
</bind>
</comp>

<comp id="46" class="1001" name="const_46">
<pin_list>
<pin id="47" dir="1" index="0" bw="1" slack="2147483647"/>
</pin_list>
<bind>
<StgValue><ssdm name=""/></StgValue>
</bind>
</comp>

<comp id="48" class="1001" name="const_48">
<pin_list>
<pin id="49" dir="1" index="0" bw="1" slack="2147483647"/>
</pin_list>
<bind>
<StgValue><ssdm name=""/></StgValue>
</bind>
</comp>

<comp id="50" class="1001" name="const_50">
<pin_list>
<pin id="51" dir="1" index="0" bw="1" slack="2147483647"/>
</pin_list>
<bind>
<StgValue><ssdm name="empty_3"/></StgValue>
</bind>
</comp>

<comp id="52" class="1001" name="const_52">
<pin_list>
<pin id="53" dir="1" index="0" bw="1" slack="2147483647"/>
</pin_list>
<bind>
<StgValue><ssdm name="_ssdm_op_SpecLoopTripCount"/></StgValue>
</bind>
</comp>

<comp id="54" class="1001" name="const_54">
<pin_list>
<pin id="55" dir="1" index="0" bw="1" slack="2147483647"/>
</pin_list>
<bind>
<StgValue><ssdm name=""/></StgValue>
</bind>
</comp>

<comp id="56" class="1001" name="const_56">
<pin_list>
<pin id="57" dir="1" index="0" bw="1" slack="2147483647"/>
</pin_list>
<bind>
<StgValue><ssdm name="_ssdm_op_SpecLoopName"/></StgValue>
</bind>
</comp>

<comp id="58" class="1001" name="const_58">
<pin_list>
<pin id="59" dir="1" index="0" bw="1" slack="2147483647"/>
</pin_list>
<bind>
<StgValue><ssdm name="empty"/></StgValue>
</bind>
</comp>

<comp id="60" class="1001" name="const_60">
<pin_list>
<pin id="61" dir="1" index="0" bw="1" slack="0"/>
</pin_list>
<bind>
<StgValue><ssdm name="_ssdm_op_PartSelect.i2.i17.i32.i32"/></StgValue>
</bind>
</comp>

<comp id="62" class="1001" name="const_62">
<pin_list>
<pin id="63" dir="1" index="0" bw="1" slack="0"/>
</pin_list>
<bind>
<StgValue><ssdm name=""/></StgValue>
</bind>
</comp>

<comp id="64" class="1001" name="const_64">
<pin_list>
<pin id="65" dir="1" index="0" bw="1" slack="0"/>
</pin_list>
<bind>
<StgValue><ssdm name=""/></StgValue>
</bind>
</comp>

<comp id="66" class="1004" name="i_fu_66">
<pin_list>
<pin id="67" dir="0" index="0" bw="1" slack="0"/>
<pin id="68" dir="1" index="1" bw="9" slack="0"/>
</pin_list>
<bind>
<opcode="alloca(26) " fcode="alloca"/>
<opset="i/1 "/>
</bind>
</comp>

<comp id="70" class="1004" name="fc0_acc_addr_gep_fu_70">
<pin_list>
<pin id="71" dir="0" index="0" bw="22" slack="0"/>
<pin id="72" dir="0" index="1" bw="1" slack="0"/>
<pin id="73" dir="0" index="2" bw="9" slack="0"/>
<pin id="74" dir="1" index="3" bw="9" slack="0"/>
</pin_list>
<bind>
<opcode="getelementptr(29) " fcode="getelementptr"/>
<opset="fc0_acc_addr/1 "/>
</bind>
</comp>

<comp id="77" class="1004" name="grp_access_fu_77">
<pin_list>
<pin id="78" dir="0" index="0" bw="9" slack="0"/>
<pin id="79" dir="0" index="1" bw="22" slack="2147483647"/>
<pin id="80" dir="0" index="2" bw="0" slack="2147483647"/>
<pin id="81" dir="1" index="3" bw="22" slack="1"/>
</pin_list>
<bind>
<opcode="load(27) " fcode="load"/>
<opset="fc0_acc_load/1 "/>
</bind>
</comp>

<comp id="83" class="1004" name="fc0_q_addr_gep_fu_83">
<pin_list>
<pin id="84" dir="0" index="0" bw="8" slack="0"/>
<pin id="85" dir="0" index="1" bw="1" slack="0"/>
<pin id="86" dir="0" index="2" bw="9" slack="6"/>
<pin id="87" dir="1" index="3" bw="9" slack="0"/>
</pin_list>
<bind>
<opcode="getelementptr(29) " fcode="getelementptr"/>
<opset="fc0_q_addr/7 "/>
</bind>
</comp>

<comp id="90" class="1004" name="store_ln279_access_fu_90">
<pin_list>
<pin id="91" dir="0" index="0" bw="9" slack="0"/>
<pin id="92" dir="0" index="1" bw="8" slack="0"/>
<pin id="93" dir="0" index="2" bw="0" slack="2147483647"/>
<pin id="94" dir="1" index="3" bw="8" slack="2147483647"/>
</pin_list>
<bind>
<opcode="store(28) " fcode="store"/>
<opset="store_ln279/7 "/>
</bind>
</comp>

<comp id="96" class="1004" name="prod_fu_96">
<pin_list>
<pin id="97" dir="0" index="0" bw="22" slack="0"/>
<pin id="98" dir="0" index="1" bw="32" slack="0"/>
<pin id="99" dir="1" index="2" bw="53" slack="1"/>
</pin_list>
<bind>
<opcode="mul(12) " fcode="mul"/>
<opset="prod/3 "/>
</bind>
</comp>

<comp id="101" class="1004" name="store_ln277_store_fu_101">
<pin_list>
<pin id="102" dir="0" index="0" bw="1" slack="0"/>
<pin id="103" dir="0" index="1" bw="9" slack="0"/>
<pin id="104" dir="1" index="2" bw="0" slack="2147483647"/>
</pin_list>
<bind>
<opcode="store(28) " fcode="store"/>
<opset="store_ln277/1 "/>
</bind>
</comp>

<comp id="106" class="1004" name="i_2_load_fu_106">
<pin_list>
<pin id="107" dir="0" index="0" bw="9" slack="0"/>
<pin id="108" dir="1" index="1" bw="9" slack="0"/>
</pin_list>
<bind>
<opcode="load(27) " fcode="load"/>
<opset="i_2/1 "/>
</bind>
</comp>

<comp id="109" class="1004" name="icmp_ln277_fu_109">
<pin_list>
<pin id="110" dir="0" index="0" bw="9" slack="0"/>
<pin id="111" dir="0" index="1" bw="9" slack="0"/>
<pin id="112" dir="1" index="2" bw="1" slack="5"/>
</pin_list>
<bind>
<opcode="icmp(45) " fcode="icmp"/>
<opset="icmp_ln277/1 "/>
</bind>
</comp>

<comp id="115" class="1004" name="add_ln277_fu_115">
<pin_list>
<pin id="116" dir="0" index="0" bw="9" slack="0"/>
<pin id="117" dir="0" index="1" bw="1" slack="0"/>
<pin id="118" dir="1" index="2" bw="9" slack="0"/>
</pin_list>
<bind>
<opcode="add(8) " fcode="add"/>
<opset="add_ln277/1 "/>
</bind>
</comp>

<comp id="121" class="1004" name="zext_ln277_fu_121">
<pin_list>
<pin id="122" dir="0" index="0" bw="9" slack="0"/>
<pin id="123" dir="1" index="1" bw="64" slack="0"/>
</pin_list>
<bind>
<opcode="zext(34) " fcode="zext"/>
<opset="zext_ln277/1 "/>
</bind>
</comp>

<comp id="126" class="1004" name="store_ln277_store_fu_126">
<pin_list>
<pin id="127" dir="0" index="0" bw="9" slack="0"/>
<pin id="128" dir="0" index="1" bw="9" slack="0"/>
<pin id="129" dir="1" index="2" bw="0" slack="2147483647"/>
</pin_list>
<bind>
<opcode="store(28) " fcode="store"/>
<opset="store_ln277/1 "/>
</bind>
</comp>

<comp id="131" class="1004" name="sext_ln17_fu_131">
<pin_list>
<pin id="132" dir="0" index="0" bw="22" slack="1"/>
<pin id="133" dir="1" index="1" bw="53" slack="0"/>
</pin_list>
<bind>
<opcode="sext(35) " fcode="sext"/>
<opset="sext_ln17/3 "/>
</bind>
</comp>

<comp id="135" class="1004" name="sum_fu_135">
<pin_list>
<pin id="136" dir="0" index="0" bw="53" slack="1"/>
<pin id="137" dir="0" index="1" bw="39" slack="0"/>
<pin id="138" dir="1" index="2" bw="53" slack="0"/>
</pin_list>
<bind>
<opcode="add(8) " fcode="add"/>
<opset="sum/4 "/>
</bind>
</comp>

<comp id="140" class="1004" name="trunc_ln20_6_fu_140">
<pin_list>
<pin id="141" dir="0" index="0" bw="15" slack="0"/>
<pin id="142" dir="0" index="1" bw="53" slack="0"/>
<pin id="143" dir="0" index="2" bw="7" slack="0"/>
<pin id="144" dir="0" index="3" bw="7" slack="0"/>
<pin id="145" dir="1" index="4" bw="15" slack="0"/>
</pin_list>
<bind>
<opcode="partselect(1002) " fcode="partselect"/>
<opset="trunc_ln20_6/4 "/>
</bind>
</comp>

<comp id="150" class="1004" name="tmp_fu_150">
<pin_list>
<pin id="151" dir="0" index="0" bw="8" slack="0"/>
<pin id="152" dir="0" index="1" bw="53" slack="0"/>
<pin id="153" dir="0" index="2" bw="7" slack="0"/>
<pin id="154" dir="0" index="3" bw="7" slack="0"/>
<pin id="155" dir="1" index="4" bw="8" slack="0"/>
</pin_list>
<bind>
<opcode="partselect(1002) " fcode="partselect"/>
<opset="tmp/4 "/>
</bind>
</comp>

<comp id="160" class="1004" name="icmp_ln24_fu_160">
<pin_list>
<pin id="161" dir="0" index="0" bw="8" slack="0"/>
<pin id="162" dir="0" index="1" bw="1" slack="0"/>
<pin id="163" dir="1" index="2" bw="1" slack="0"/>
</pin_list>
<bind>
<opcode="icmp(45) " fcode="icmp"/>
<opset="icmp_ln24/4 "/>
</bind>
</comp>

<comp id="166" class="1004" name="icmp_ln25_fu_166">
<pin_list>
<pin id="167" dir="0" index="0" bw="15" slack="0"/>
<pin id="168" dir="0" index="1" bw="8" slack="0"/>
<pin id="169" dir="1" index="2" bw="1" slack="0"/>
</pin_list>
<bind>
<opcode="icmp(45) " fcode="icmp"/>
<opset="icmp_ln25/4 "/>
</bind>
</comp>

<comp id="172" class="1004" name="trunc_ln26_7_fu_172">
<pin_list>
<pin id="173" dir="0" index="0" bw="8" slack="0"/>
<pin id="174" dir="0" index="1" bw="53" slack="0"/>
<pin id="175" dir="0" index="2" bw="7" slack="0"/>
<pin id="176" dir="0" index="3" bw="7" slack="0"/>
<pin id="177" dir="1" index="4" bw="8" slack="0"/>
</pin_list>
<bind>
<opcode="partselect(1002) " fcode="partselect"/>
<opset="trunc_ln26_7/4 "/>
</bind>
</comp>

<comp id="182" class="1004" name="select_ln24_fu_182">
<pin_list>
<pin id="183" dir="0" index="0" bw="1" slack="0"/>
<pin id="184" dir="0" index="1" bw="8" slack="0"/>
<pin id="185" dir="0" index="2" bw="8" slack="0"/>
<pin id="186" dir="1" index="3" bw="8" slack="0"/>
</pin_list>
<bind>
<opcode="select(49) " fcode="select"/>
<opset="select_ln24/4 "/>
</bind>
</comp>

<comp id="190" class="1004" name="or_ln24_fu_190">
<pin_list>
<pin id="191" dir="0" index="0" bw="1" slack="0"/>
<pin id="192" dir="0" index="1" bw="1" slack="0"/>
<pin id="193" dir="1" index="2" bw="1" slack="0"/>
</pin_list>
<bind>
<opcode="or(24) " fcode="or"/>
<opset="or_ln24/4 "/>
</bind>
</comp>

<comp id="196" class="1004" name="r_fu_196">
<pin_list>
<pin id="197" dir="0" index="0" bw="1" slack="0"/>
<pin id="198" dir="0" index="1" bw="8" slack="0"/>
<pin id="199" dir="0" index="2" bw="8" slack="0"/>
<pin id="200" dir="1" index="3" bw="8" slack="0"/>
</pin_list>
<bind>
<opcode="select(49) " fcode="select"/>
<opset="r/4 "/>
</bind>
</comp>

<comp id="204" class="1004" name="tmp_272_fu_204">
<pin_list>
<pin id="205" dir="0" index="0" bw="1" slack="0"/>
<pin id="206" dir="0" index="1" bw="8" slack="0"/>
<pin id="207" dir="0" index="2" bw="4" slack="0"/>
<pin id="208" dir="1" index="3" bw="1" slack="2"/>
</pin_list>
<bind>
<opcode="bitselect(1000) " fcode="bitselect"/>
<opset="tmp_272/4 "/>
</bind>
</comp>

<comp id="212" class="1004" name="sext_ln36_fu_212">
<pin_list>
<pin id="213" dir="0" index="0" bw="8" slack="0"/>
<pin id="214" dir="1" index="1" bw="17" slack="0"/>
</pin_list>
<bind>
<opcode="sext(35) " fcode="sext"/>
<opset="sext_ln36/4 "/>
</bind>
</comp>

<comp id="216" class="1004" name="trunc_ln_fu_216">
<pin_list>
<pin id="217" dir="0" index="0" bw="2" slack="0"/>
<pin id="218" dir="0" index="1" bw="17" slack="0"/>
<pin id="219" dir="0" index="2" bw="5" slack="0"/>
<pin id="220" dir="0" index="3" bw="6" slack="0"/>
<pin id="221" dir="1" index="4" bw="2" slack="0"/>
</pin_list>
<bind>
<opcode="partselect(1002) " fcode="partselect"/>
<opset="trunc_ln/7 "/>
</bind>
</comp>

<comp id="225" class="1004" name="sext_ln26_fu_225">
<pin_list>
<pin id="226" dir="0" index="0" bw="2" slack="0"/>
<pin id="227" dir="1" index="1" bw="8" slack="0"/>
</pin_list>
<bind>
<opcode="sext(35) " fcode="sext"/>
<opset="sext_ln26/7 "/>
</bind>
</comp>

<comp id="229" class="1004" name="select_ln35_fu_229">
<pin_list>
<pin id="230" dir="0" index="0" bw="1" slack="3"/>
<pin id="231" dir="0" index="1" bw="2" slack="0"/>
<pin id="232" dir="0" index="2" bw="8" slack="3"/>
<pin id="233" dir="1" index="3" bw="8" slack="0"/>
</pin_list>
<bind>
<opcode="select(49) " fcode="select"/>
<opset="select_ln35/7 "/>
</bind>
</comp>

<comp id="236" class="1007" name="grp_fu_236">
<pin_list>
<pin id="237" dir="0" index="0" bw="8" slack="0"/>
<pin id="238" dir="0" index="1" bw="9" slack="0"/>
<pin id="239" dir="0" index="2" bw="15" slack="0"/>
<pin id="240" dir="1" index="3" bw="17" slack="0"/>
</pin_list>
<bind>
<opcode="muladd(1172) " fcode="muladd"/>
<opset="mul_ln36/4 add_ln36/6 "/>
</bind>
</comp>

<comp id="245" class="1005" name="i_reg_245">
<pin_list>
<pin id="246" dir="0" index="0" bw="9" slack="0"/>
<pin id="247" dir="1" index="1" bw="9" slack="0"/>
</pin_list>
<bind>
<opset="i "/>
</bind>
</comp>

<comp id="252" class="1005" name="icmp_ln277_reg_252">
<pin_list>
<pin id="253" dir="0" index="0" bw="1" slack="5"/>
<pin id="254" dir="1" index="1" bw="1" slack="2147483647"/>
</pin_list>
<bind>
<opset="icmp_ln277 "/>
</bind>
</comp>

<comp id="256" class="1005" name="zext_ln277_reg_256">
<pin_list>
<pin id="257" dir="0" index="0" bw="64" slack="6"/>
<pin id="258" dir="1" index="1" bw="64" slack="6"/>
</pin_list>
<bind>
<opset="zext_ln277 "/>
</bind>
</comp>

<comp id="261" class="1005" name="fc0_acc_addr_reg_261">
<pin_list>
<pin id="262" dir="0" index="0" bw="9" slack="1"/>
<pin id="263" dir="1" index="1" bw="9" slack="1"/>
</pin_list>
<bind>
<opset="fc0_acc_addr "/>
</bind>
</comp>

<comp id="266" class="1005" name="fc0_acc_load_reg_266">
<pin_list>
<pin id="267" dir="0" index="0" bw="22" slack="1"/>
<pin id="268" dir="1" index="1" bw="22" slack="1"/>
</pin_list>
<bind>
<opset="fc0_acc_load "/>
</bind>
</comp>

<comp id="271" class="1005" name="prod_reg_271">
<pin_list>
<pin id="272" dir="0" index="0" bw="53" slack="1"/>
<pin id="273" dir="1" index="1" bw="53" slack="1"/>
</pin_list>
<bind>
<opset="prod "/>
</bind>
</comp>

<comp id="276" class="1005" name="r_reg_276">
<pin_list>
<pin id="277" dir="0" index="0" bw="8" slack="3"/>
<pin id="278" dir="1" index="1" bw="8" slack="3"/>
</pin_list>
<bind>
<opset="r "/>
</bind>
</comp>

<comp id="281" class="1005" name="tmp_272_reg_281">
<pin_list>
<pin id="282" dir="0" index="0" bw="1" slack="2"/>
<pin id="283" dir="1" index="1" bw="1" slack="3"/>
</pin_list>
<bind>
<opset="tmp_272 "/>
</bind>
</comp>

<comp id="286" class="1005" name="sext_ln36_reg_286">
<pin_list>
<pin id="287" dir="0" index="0" bw="17" slack="1"/>
<pin id="288" dir="1" index="1" bw="17" slack="1"/>
</pin_list>
<bind>
<opset="sext_ln36 "/>
</bind>
</comp>

</comp_list>

<net_list>
<net id="69"><net_src comp="4" pin="0"/><net_sink comp="66" pin=0"/></net>

<net id="75"><net_src comp="0" pin="0"/><net_sink comp="70" pin=0"/></net>

<net id="76"><net_src comp="12" pin="0"/><net_sink comp="70" pin=1"/></net>

<net id="82"><net_src comp="70" pin="3"/><net_sink comp="77" pin=0"/></net>

<net id="88"><net_src comp="2" pin="0"/><net_sink comp="83" pin=0"/></net>

<net id="89"><net_src comp="12" pin="0"/><net_sink comp="83" pin=1"/></net>

<net id="95"><net_src comp="83" pin="3"/><net_sink comp="90" pin=0"/></net>

<net id="100"><net_src comp="14" pin="0"/><net_sink comp="96" pin=1"/></net>

<net id="105"><net_src comp="6" pin="0"/><net_sink comp="101" pin=0"/></net>

<net id="113"><net_src comp="106" pin="1"/><net_sink comp="109" pin=0"/></net>

<net id="114"><net_src comp="8" pin="0"/><net_sink comp="109" pin=1"/></net>

<net id="119"><net_src comp="106" pin="1"/><net_sink comp="115" pin=0"/></net>

<net id="120"><net_src comp="10" pin="0"/><net_sink comp="115" pin=1"/></net>

<net id="124"><net_src comp="106" pin="1"/><net_sink comp="121" pin=0"/></net>

<net id="125"><net_src comp="121" pin="1"/><net_sink comp="70" pin=2"/></net>

<net id="130"><net_src comp="115" pin="2"/><net_sink comp="126" pin=0"/></net>

<net id="134"><net_src comp="131" pin="1"/><net_sink comp="96" pin=0"/></net>

<net id="139"><net_src comp="16" pin="0"/><net_sink comp="135" pin=1"/></net>

<net id="146"><net_src comp="18" pin="0"/><net_sink comp="140" pin=0"/></net>

<net id="147"><net_src comp="135" pin="2"/><net_sink comp="140" pin=1"/></net>

<net id="148"><net_src comp="20" pin="0"/><net_sink comp="140" pin=2"/></net>

<net id="149"><net_src comp="22" pin="0"/><net_sink comp="140" pin=3"/></net>

<net id="156"><net_src comp="24" pin="0"/><net_sink comp="150" pin=0"/></net>

<net id="157"><net_src comp="135" pin="2"/><net_sink comp="150" pin=1"/></net>

<net id="158"><net_src comp="26" pin="0"/><net_sink comp="150" pin=2"/></net>

<net id="159"><net_src comp="22" pin="0"/><net_sink comp="150" pin=3"/></net>

<net id="164"><net_src comp="150" pin="4"/><net_sink comp="160" pin=0"/></net>

<net id="165"><net_src comp="28" pin="0"/><net_sink comp="160" pin=1"/></net>

<net id="170"><net_src comp="140" pin="4"/><net_sink comp="166" pin=0"/></net>

<net id="171"><net_src comp="30" pin="0"/><net_sink comp="166" pin=1"/></net>

<net id="178"><net_src comp="24" pin="0"/><net_sink comp="172" pin=0"/></net>

<net id="179"><net_src comp="135" pin="2"/><net_sink comp="172" pin=1"/></net>

<net id="180"><net_src comp="20" pin="0"/><net_sink comp="172" pin=2"/></net>

<net id="181"><net_src comp="26" pin="0"/><net_sink comp="172" pin=3"/></net>

<net id="187"><net_src comp="160" pin="2"/><net_sink comp="182" pin=0"/></net>

<net id="188"><net_src comp="32" pin="0"/><net_sink comp="182" pin=1"/></net>

<net id="189"><net_src comp="34" pin="0"/><net_sink comp="182" pin=2"/></net>

<net id="194"><net_src comp="160" pin="2"/><net_sink comp="190" pin=0"/></net>

<net id="195"><net_src comp="166" pin="2"/><net_sink comp="190" pin=1"/></net>

<net id="201"><net_src comp="190" pin="2"/><net_sink comp="196" pin=0"/></net>

<net id="202"><net_src comp="182" pin="3"/><net_sink comp="196" pin=1"/></net>

<net id="203"><net_src comp="172" pin="4"/><net_sink comp="196" pin=2"/></net>

<net id="209"><net_src comp="36" pin="0"/><net_sink comp="204" pin=0"/></net>

<net id="210"><net_src comp="196" pin="3"/><net_sink comp="204" pin=1"/></net>

<net id="211"><net_src comp="38" pin="0"/><net_sink comp="204" pin=2"/></net>

<net id="215"><net_src comp="196" pin="3"/><net_sink comp="212" pin=0"/></net>

<net id="222"><net_src comp="60" pin="0"/><net_sink comp="216" pin=0"/></net>

<net id="223"><net_src comp="62" pin="0"/><net_sink comp="216" pin=2"/></net>

<net id="224"><net_src comp="64" pin="0"/><net_sink comp="216" pin=3"/></net>

<net id="228"><net_src comp="216" pin="4"/><net_sink comp="225" pin=0"/></net>

<net id="234"><net_src comp="225" pin="1"/><net_sink comp="229" pin=1"/></net>

<net id="235"><net_src comp="229" pin="3"/><net_sink comp="90" pin=1"/></net>

<net id="241"><net_src comp="212" pin="1"/><net_sink comp="236" pin=0"/></net>

<net id="242"><net_src comp="40" pin="0"/><net_sink comp="236" pin=1"/></net>

<net id="243"><net_src comp="42" pin="0"/><net_sink comp="236" pin=2"/></net>

<net id="244"><net_src comp="236" pin="3"/><net_sink comp="216" pin=1"/></net>

<net id="248"><net_src comp="66" pin="1"/><net_sink comp="245" pin=0"/></net>

<net id="249"><net_src comp="245" pin="1"/><net_sink comp="101" pin=1"/></net>

<net id="250"><net_src comp="245" pin="1"/><net_sink comp="106" pin=0"/></net>

<net id="251"><net_src comp="245" pin="1"/><net_sink comp="126" pin=1"/></net>

<net id="255"><net_src comp="109" pin="2"/><net_sink comp="252" pin=0"/></net>

<net id="259"><net_src comp="121" pin="1"/><net_sink comp="256" pin=0"/></net>

<net id="260"><net_src comp="256" pin="1"/><net_sink comp="83" pin=2"/></net>

<net id="264"><net_src comp="70" pin="3"/><net_sink comp="261" pin=0"/></net>

<net id="265"><net_src comp="261" pin="1"/><net_sink comp="77" pin=0"/></net>

<net id="269"><net_src comp="77" pin="3"/><net_sink comp="266" pin=0"/></net>

<net id="270"><net_src comp="266" pin="1"/><net_sink comp="131" pin=0"/></net>

<net id="274"><net_src comp="96" pin="2"/><net_sink comp="271" pin=0"/></net>

<net id="275"><net_src comp="271" pin="1"/><net_sink comp="135" pin=0"/></net>

<net id="279"><net_src comp="196" pin="3"/><net_sink comp="276" pin=0"/></net>

<net id="280"><net_src comp="276" pin="1"/><net_sink comp="229" pin=2"/></net>

<net id="284"><net_src comp="204" pin="3"/><net_sink comp="281" pin=0"/></net>

<net id="285"><net_src comp="281" pin="1"/><net_sink comp="229" pin=0"/></net>

<net id="289"><net_src comp="212" pin="1"/><net_sink comp="286" pin=0"/></net>

<net id="290"><net_src comp="286" pin="1"/><net_sink comp="236" pin=0"/></net>

</net_list>

</model> 
---------------- Datapath Model END ------------------

* FSMD analyzer results:
  - Output states:
	Port: fc0_q | {7 }
 - Input state : 
	Port: awn_forward_Pipeline_VITIS_LOOP_277_11 : fc0_acc | {1 2 }
  - Chain level:
	State 1
		store_ln277 : 1
		i_2 : 1
		icmp_ln277 : 2
		add_ln277 : 2
		br_ln277 : 3
		zext_ln277 : 2
		fc0_acc_addr : 3
		fc0_acc_load : 4
		store_ln277 : 3
	State 2
	State 3
		prod : 1
	State 4
		trunc_ln20_6 : 1
		tmp : 1
		icmp_ln24 : 2
		icmp_ln25 : 2
		trunc_ln26_7 : 1
		select_ln24 : 3
		or_ln24 : 3
		r : 3
		tmp_272 : 4
		sext_ln36 : 4
		mul_ln36 : 5
	State 5
	State 6
		add_ln36 : 1
	State 7
		trunc_ln : 1
		sext_ln26 : 2
		select_ln35 : 3
		store_ln279 : 4


============================================================
+ Verbose Summary: Datapath Resource usage 
============================================================

* Functional unit list:
|----------|---------------------|---------|---------|---------|
| Operation|   Functional Unit   |   DSP   |    FF   |   LUT   |
|----------|---------------------|---------|---------|---------|
|    add   |   add_ln277_fu_115  |    0    |    0    |    16   |
|          |      sum_fu_135     |    0    |    0    |    60   |
|----------|---------------------|---------|---------|---------|
|          |  icmp_ln277_fu_109  |    0    |    0    |    16   |
|   icmp   |   icmp_ln24_fu_160  |    0    |    0    |    15   |
|          |   icmp_ln25_fu_166  |    0    |    0    |    22   |
|----------|---------------------|---------|---------|---------|
|          |  select_ln24_fu_182 |    0    |    0    |    8    |
|  select  |       r_fu_196      |    0    |    0    |    8    |
|          |  select_ln35_fu_229 |    0    |    0    |    8    |
|----------|---------------------|---------|---------|---------|
|    mul   |      prod_fu_96     |    2    |    0    |    20   |
|----------|---------------------|---------|---------|---------|
|    or    |    or_ln24_fu_190   |    0    |    0    |    2    |
|----------|---------------------|---------|---------|---------|
|  muladd  |      grp_fu_236     |    1    |    0    |    0    |
|----------|---------------------|---------|---------|---------|
|   zext   |  zext_ln277_fu_121  |    0    |    0    |    0    |
|----------|---------------------|---------|---------|---------|
|          |   sext_ln17_fu_131  |    0    |    0    |    0    |
|   sext   |   sext_ln36_fu_212  |    0    |    0    |    0    |
|          |   sext_ln26_fu_225  |    0    |    0    |    0    |
|----------|---------------------|---------|---------|---------|
|          | trunc_ln20_6_fu_140 |    0    |    0    |    0    |
|partselect|      tmp_fu_150     |    0    |    0    |    0    |
|          | trunc_ln26_7_fu_172 |    0    |    0    |    0    |
|          |   trunc_ln_fu_216   |    0    |    0    |    0    |
|----------|---------------------|---------|---------|---------|
| bitselect|    tmp_272_fu_204   |    0    |    0    |    0    |
|----------|---------------------|---------|---------|---------|
|   Total  |                     |    3    |    0    |   175   |
|----------|---------------------|---------|---------|---------|

Memories:
N/A

* Register list:
+--------------------+--------+
|                    |   FF   |
+--------------------+--------+
|fc0_acc_addr_reg_261|    9   |
|fc0_acc_load_reg_266|   22   |
|      i_reg_245     |    9   |
| icmp_ln277_reg_252 |    1   |
|    prod_reg_271    |   53   |
|      r_reg_276     |    8   |
|  sext_ln36_reg_286 |   17   |
|   tmp_272_reg_281  |    1   |
| zext_ln277_reg_256 |   64   |
+--------------------+--------+
|        Total       |   184  |
+--------------------+--------+

* Multiplexer (MUX) list: 
|------------------|------|------|------|--------||---------||---------|
|       Comp       |  Pin | Size |  BW  | S x BW ||  Delay  ||   LUT   |
|------------------|------|------|------|--------||---------||---------|
| grp_access_fu_77 |  p0  |   2  |   9  |   18   ||    9    |
|    grp_fu_236    |  p0  |   2  |   8  |   16   ||    9    |
|------------------|------|------|------|--------||---------||---------|
|       Total      |      |      |      |   34   ||  0.854  ||    18   |
|------------------|------|------|------|--------||---------||---------|



* Summary:
+-----------+--------+--------+--------+--------+
|           |   DSP  |  Delay |   FF   |   LUT  |
+-----------+--------+--------+--------+--------+
|  Function |    3   |    -   |    0   |   175  |
|   Memory  |    -   |    -   |    -   |    -   |
|Multiplexer|    -   |    0   |    -   |   18   |
|  Register |    -   |    -   |   184  |    -   |
+-----------+--------+--------+--------+--------+
|   Total   |    3   |    0   |   184  |   193  |
+-----------+--------+--------+--------+--------+
