

================================================================
== Vitis HLS Report for 'awn_forward_Pipeline_VITIS_LOOP_263_9'
================================================================
* Date:           Sat May 30 20:43:19 2026

* Version:        2023.2 (Build 4023990 on Oct 11 2023)
* Project:        proj_awn_int8
* Solution:       solution1 (Vivado IP Flow Target)
* Product family: zynquplus
* Target device:  xczu7ev-ffvc1156-2-e


================================================================
== Performance Estimates
================================================================
+ Timing: 
    * Summary: 
    +--------+---------+----------+------------+
    |  Clock |  Target | Estimated| Uncertainty|
    +--------+---------+----------+------------+
    |ap_clk  |  5.00 ns|  3.542 ns|     1.35 ns|
    +--------+---------+----------+------------+

+ Latency: 
    * Summary: 
    +---------+---------+----------+----------+-----+-----+---------+
    |  Latency (cycles) |  Latency (absolute) |  Interval | Pipeline|
    |   min   |   max   |    min   |    max   | min | max |   Type  |
    +---------+---------+----------+----------+-----+-----+---------+
    |      133|      133|  0.665 us|  0.665 us|  133|  133|       no|
    +---------+---------+----------+----------+-----+-----+---------+

    + Detail: 
        * Instance: 
        N/A

        * Loop: 
        +--------------------+---------+---------+----------+-----------+-----------+------+----------+
        |                    |  Latency (cycles) | Iteration|  Initiation Interval  | Trip |          |
        |      Loop Name     |   min   |   max   |  Latency |  achieved |   target  | Count| Pipelined|
        +--------------------+---------+---------+----------+-----------+-----------+------+----------+
        |- VITIS_LOOP_263_9  |      131|      131|         5|          1|          1|   128|       yes|
        +--------------------+---------+---------+----------+-----------+-----------+------+----------+



================================================================
== Utilization Estimates
================================================================
* Summary: 
+-----------------+---------+------+--------+--------+-----+
|       Name      | BRAM_18K|  DSP |   FF   |   LUT  | URAM|
+-----------------+---------+------+--------+--------+-----+
|DSP              |        -|     -|       -|       -|    -|
|Expression       |        -|     -|       0|     150|    -|
|FIFO             |        -|     -|       -|       -|    -|
|Instance         |        -|     2|       0|      20|    -|
|Memory           |        1|     -|       0|       0|    -|
|Multiplexer      |        -|     -|       -|      36|    -|
|Register         |        -|     -|     160|      32|    -|
+-----------------+---------+------+--------+--------+-----+
|Total            |        1|     2|     160|     238|    0|
+-----------------+---------+------+--------+--------+-----+
|Available        |      624|  1728|  460800|  230400|   96|
+-----------------+---------+------+--------+--------+-----+
|Utilization (%)  |       ~0|    ~0|      ~0|      ~0|    0|
+-----------------+---------+------+--------+--------+-----+

+ Detail: 
    * Instance: 
    +----------------------------+---------------------+---------+----+---+----+-----+
    |          Instance          |        Module       | BRAM_18K| DSP| FF| LUT| URAM|
    +----------------------------+---------------------+---------+----+---+----+-----+
    |mul_20s_32ns_51_1_1_U11346  |mul_20s_32ns_51_1_1  |        0|   2|  0|  20|    0|
    +----------------------------+---------------------+---------+----+---+----+-----+
    |Total                       |                     |        0|   2|  0|  20|    0|
    +----------------------------+---------------------+---------+----+---+----+-----+

    * DSP: 
    N/A

    * Memory: 
    +---------------+---------------------------------------------------------------+---------+---+----+-----+------+-----+------+-------------+
    |     Memory    |                             Module                            | BRAM_18K| FF| LUT| URAM| Words| Bits| Banks| W*Bits*Banks|
    +---------------+---------------------------------------------------------------+---------+---+----+-----+------+-----+------+-------------+
    |SIGMOID_LUT_U  |awn_forward_Pipeline_VITIS_LOOP_263_9_SIGMOID_LUT_ROM_AUTO_1R  |        1|  0|   0|    0|   256|    7|     1|         1792|
    +---------------+---------------------------------------------------------------+---------+---+----+-----+------+-----+------+-------------+
    |Total          |                                                               |        1|  0|   0|    0|   256|    7|     1|         1792|
    +---------------+---------------------------------------------------------------+---------+---+----+-----+------+-----+------+-------------+

    * FIFO: 
    N/A

    * Expression: 
    +-----------------------+----------+----+---+----+------------+------------+
    |     Variable Name     | Operation| DSP| FF| LUT| Bitwidth P0| Bitwidth P1|
    +-----------------------+----------+----+---+----+------------+------------+
    |add_ln263_fu_117_p2    |         +|   0|  0|  15|           8|           1|
    |sum_fu_137_p2          |         +|   0|  0|  58|          51|          39|
    |icmp_ln24_fu_162_p2    |      icmp|   0|  0|  12|           5|           1|
    |icmp_ln25_fu_168_p2    |      icmp|   0|  0|  19|          12|           9|
    |icmp_ln263_fu_111_p2   |      icmp|   0|  0|  16|           8|           9|
    |or_ln24_fu_192_p2      |        or|   0|  0|   2|           1|           1|
    |r_fu_198_p3            |    select|   0|  0|   8|           1|           8|
    |select_ln24_fu_184_p3  |    select|   0|  0|   9|           1|           7|
    |ap_enable_pp0          |       xor|   0|  0|   2|           1|           2|
    |xor_ln43_fu_206_p2     |       xor|   0|  0|   9|           8|           9|
    +-----------------------+----------+----+---+----+------------+------------+
    |Total                  |          |   0|  0| 150|          96|          86|
    +-----------------------+----------+----+---+----+------------+------------+

    * Multiplexer: 
    +-------------------------+----+-----------+-----+-----------+
    |           Name          | LUT| Input Size| Bits| Total Bits|
    +-------------------------+----+-----------+-----+-----------+
    |ap_done_int              |   9|          2|    1|          2|
    |ap_enable_reg_pp0_iter1  |   9|          2|    1|          2|
    |ap_sig_allocacmp_i       |   9|          2|    8|         16|
    |i_1_fu_54                |   9|          2|    8|         16|
    +-------------------------+----+-----------+-----+-----------+
    |Total                    |  36|          8|   18|         36|
    +-------------------------+----+-----------+-----+-----------+

    * Register: 
    +----------------------------------+----+----+-----+-----------+
    |               Name               | FF | LUT| Bits| Const Bits|
    +----------------------------------+----+----+-----+-----------+
    |ap_CS_fsm                         |   1|   0|    1|          0|
    |ap_done_reg                       |   1|   0|    1|          0|
    |ap_enable_reg_pp0_iter1           |   1|   0|    1|          0|
    |ap_enable_reg_pp0_iter2           |   1|   0|    1|          0|
    |ap_enable_reg_pp0_iter3           |   1|   0|    1|          0|
    |ap_enable_reg_pp0_iter4           |   1|   0|    1|          0|
    |ap_loop_exit_ready_pp0_iter1_reg  |   1|   0|    1|          0|
    |ap_loop_exit_ready_pp0_iter2_reg  |   1|   0|    1|          0|
    |ap_loop_exit_ready_pp0_iter3_reg  |   1|   0|    1|          0|
    |i_1_fu_54                         |   8|   0|    8|          0|
    |prod_reg_243                      |  51|   0|   51|          0|
    |se3_acc_load_reg_238              |  20|   0|   20|          0|
    |zext_ln263_reg_228                |   8|   0|   64|         56|
    |zext_ln263_reg_228                |  64|  32|   64|         56|
    +----------------------------------+----+----+-----+-----------+
    |Total                             | 160|  32|  216|        112|
    +----------------------------------+----+----+-----+-----------+



================================================================
== Interface
================================================================
* Summary: 
+------------------+-----+-----+------------+---------------------------------------+--------------+
|     RTL Ports    | Dir | Bits|  Protocol  |             Source Object             |    C Type    |
+------------------+-----+-----+------------+---------------------------------------+--------------+
|ap_clk            |   in|    1|  ap_ctrl_hs|  awn_forward_Pipeline_VITIS_LOOP_263_9|  return value|
|ap_rst            |   in|    1|  ap_ctrl_hs|  awn_forward_Pipeline_VITIS_LOOP_263_9|  return value|
|ap_start          |   in|    1|  ap_ctrl_hs|  awn_forward_Pipeline_VITIS_LOOP_263_9|  return value|
|ap_done           |  out|    1|  ap_ctrl_hs|  awn_forward_Pipeline_VITIS_LOOP_263_9|  return value|
|ap_idle           |  out|    1|  ap_ctrl_hs|  awn_forward_Pipeline_VITIS_LOOP_263_9|  return value|
|ap_ready          |  out|    1|  ap_ctrl_hs|  awn_forward_Pipeline_VITIS_LOOP_263_9|  return value|
|se3_acc_address0  |  out|    7|   ap_memory|                                se3_acc|         array|
|se3_acc_ce0       |  out|    1|   ap_memory|                                se3_acc|         array|
|se3_acc_q0        |   in|   20|   ap_memory|                                se3_acc|         array|
|sig_q_address0    |  out|    7|   ap_memory|                                  sig_q|         array|
|sig_q_ce0         |  out|    1|   ap_memory|                                  sig_q|         array|
|sig_q_we0         |  out|    1|   ap_memory|                                  sig_q|         array|
|sig_q_d0          |  out|    7|   ap_memory|                                  sig_q|         array|
+------------------+-----+-----+------------+---------------------------------------+--------------+

============================================================
+ Verbose Summary: Synthesis Manager
============================================================
InlineROM: 1
ExposeGlobal: 0
============================================================
+ Verbose Summary: CDFG Model
============================================================
IsTopModel: 0
ResetActiveHigh: 1
IsCombinational: 2
IsDatapathOnly: 2
HasWiredReturn: 1
HasMFsm: 2
HasVarLatency: 1
IsPipeline: 0
IsRtlPipelined: 0
IsInstanceOverlapped: 0
IsDontTouch: 0
HasImplIP: 0
IsGatedGlobalClock: 0

+ Individual pipeline summary: 
  * Pipeline-0: initiation interval (II) = 1, depth = 5


============================================================
+ Verbose Summary: Schedule
============================================================
* Number of FSM states : 5
* Pipeline : 1
  Pipeline-0 : II = 1, D = 5, States = { 1 2 3 4 5 }
* Dataflow Pipeline: 0

* FSM state transitions: 
1 --> 2 
2 --> 3 
3 --> 4 
4 --> 5 
5 --> 

* FSM state operations: 

State 1 <SV = 0> <Delay = 1.66>
ST_1 : Operation 8 [1/1] (0.00ns)   --->   "%i_1 = alloca i32 1" [awn_int8.cpp:263]   --->   Operation 8 'alloca' 'i_1' <Predicate = true> <Delay = 0.00>
ST_1 : Operation 9 [1/1] (0.42ns)   --->   "%store_ln263 = store i8 0, i8 %i_1" [awn_int8.cpp:263]   --->   Operation 9 'store' 'store_ln263' <Predicate = true> <Delay = 0.42>
ST_1 : Operation 10 [1/1] (0.00ns)   --->   "%br_ln0 = br void %for.inc147"   --->   Operation 10 'br' 'br_ln0' <Predicate = true> <Delay = 0.00>
ST_1 : Operation 11 [1/1] (0.00ns)   --->   "%i = load i8 %i_1" [awn_int8.cpp:263]   --->   Operation 11 'load' 'i' <Predicate = true> <Delay = 0.00>
ST_1 : Operation 12 [1/1] (0.76ns)   --->   "%icmp_ln263 = icmp_eq  i8 %i, i8 128" [awn_int8.cpp:263]   --->   Operation 12 'icmp' 'icmp_ln263' <Predicate = true> <Delay = 0.76> <CoreInst = "Cmp">   --->   Core 9 'Cmp' <Latency = 0> <II = 1> <Delay = 0.77> <FuncUnit> <Opcode : 'icmp'> <InPorts = 2> <OutPorts = 1>
ST_1 : Operation 13 [1/1] (0.76ns)   --->   "%add_ln263 = add i8 %i, i8 1" [awn_int8.cpp:263]   --->   Operation 13 'add' 'add_ln263' <Predicate = true> <Delay = 0.76> <CoreInst = "Adder">   --->   Core 1 'Adder' <Latency = 0> <II = 1> <Delay = 0.76> <FuncUnit> <Opcode : 'add' 'sub'> <InPorts = 2> <OutPorts = 1>
ST_1 : Operation 14 [1/1] (0.00ns)   --->   "%br_ln263 = br i1 %icmp_ln263, void %for.inc147.split, void %for.inc165.preheader.exitStub" [awn_int8.cpp:263]   --->   Operation 14 'br' 'br_ln263' <Predicate = true> <Delay = 0.00>
ST_1 : Operation 15 [1/1] (0.00ns)   --->   "%zext_ln263 = zext i8 %i" [awn_int8.cpp:263]   --->   Operation 15 'zext' 'zext_ln263' <Predicate = (!icmp_ln263)> <Delay = 0.00>
ST_1 : Operation 16 [1/1] (0.00ns)   --->   "%se3_acc_addr = getelementptr i20 %se3_acc, i64 0, i64 %zext_ln263" [awn_int8.cpp:264]   --->   Operation 16 'getelementptr' 'se3_acc_addr' <Predicate = (!icmp_ln263)> <Delay = 0.00>
ST_1 : Operation 17 [2/2] (1.23ns)   --->   "%se3_acc_load = load i7 %se3_acc_addr" [awn_int8.cpp:264]   --->   Operation 17 'load' 'se3_acc_load' <Predicate = (!icmp_ln263)> <Delay = 1.23> <CoreInst = "RAM">   --->   Core 83 'RAM' <Latency = 1> <II = 1> <Delay = 1.23> <Storage> <Opcode : 'load' 'store'> <Ports = 2> <Width = 20> <Depth = 128> <RAM>
ST_1 : Operation 18 [1/1] (0.42ns)   --->   "%store_ln263 = store i8 %add_ln263, i8 %i_1" [awn_int8.cpp:263]   --->   Operation 18 'store' 'store_ln263' <Predicate = (!icmp_ln263)> <Delay = 0.42>

State 2 <SV = 1> <Delay = 1.23>
ST_2 : Operation 19 [1/2] (1.23ns)   --->   "%se3_acc_load = load i7 %se3_acc_addr" [awn_int8.cpp:264]   --->   Operation 19 'load' 'se3_acc_load' <Predicate = true> <Delay = 1.23> <CoreInst = "RAM">   --->   Core 83 'RAM' <Latency = 1> <II = 1> <Delay = 1.23> <Storage> <Opcode : 'load' 'store'> <Ports = 2> <Width = 20> <Depth = 128> <RAM>

State 3 <SV = 2> <Delay = 3.42>
ST_3 : Operation 20 [1/1] (0.00ns)   --->   "%sext_ln17 = sext i20 %se3_acc_load" [awn_int8.cpp:17->awn_int8.cpp:30->awn_int8.cpp:264]   --->   Operation 20 'sext' 'sext_ln17' <Predicate = true> <Delay = 0.00>
ST_3 : Operation 21 [1/1] (3.42ns)   --->   "%prod = mul i51 %sext_ln17, i51 1925523590" [awn_int8.cpp:17->awn_int8.cpp:30->awn_int8.cpp:264]   --->   Operation 21 'mul' 'prod' <Predicate = true> <Delay = 3.42> <CoreInst = "Multiplier">   --->   Core 3 'Multiplier' <Latency = 0> <II = 1> <Delay = 3.42> <FuncUnit> <Opcode : 'mul'> <InPorts = 2> <OutPorts = 1>

State 4 <SV = 3> <Delay = 3.54>
ST_4 : Operation 22 [1/1] (1.10ns)   --->   "%sum = add i51 %prod, i51 274877906944" [awn_int8.cpp:19->awn_int8.cpp:30->awn_int8.cpp:264]   --->   Operation 22 'add' 'sum' <Predicate = true> <Delay = 1.10> <CoreInst = "Adder">   --->   Core 1 'Adder' <Latency = 0> <II = 1> <Delay = 1.10> <FuncUnit> <Opcode : 'add' 'sub'> <InPorts = 2> <OutPorts = 1>
ST_4 : Operation 23 [1/1] (0.00ns)   --->   "%trunc_ln20_4 = partselect i12 @_ssdm_op_PartSelect.i12.i51.i32.i32, i51 %sum, i32 39, i32 50" [awn_int8.cpp:20->awn_int8.cpp:30->awn_int8.cpp:264]   --->   Operation 23 'partselect' 'trunc_ln20_4' <Predicate = true> <Delay = 0.00>
ST_4 : Operation 24 [1/1] (0.00ns)   --->   "%tmp = partselect i5 @_ssdm_op_PartSelect.i5.i51.i32.i32, i51 %sum, i32 46, i32 50" [awn_int8.cpp:24->awn_int8.cpp:30->awn_int8.cpp:264]   --->   Operation 24 'partselect' 'tmp' <Predicate = true> <Delay = 0.00>
ST_4 : Operation 25 [1/1] (0.78ns)   --->   "%icmp_ln24 = icmp_sgt  i5 %tmp, i5 0" [awn_int8.cpp:24->awn_int8.cpp:30->awn_int8.cpp:264]   --->   Operation 25 'icmp' 'icmp_ln24' <Predicate = true> <Delay = 0.78> <CoreInst = "Cmp">   --->   Core 9 'Cmp' <Latency = 0> <II = 1> <Delay = 0.78> <FuncUnit> <Opcode : 'icmp'> <InPorts = 2> <OutPorts = 1>
ST_4 : Operation 26 [1/1] (0.80ns)   --->   "%icmp_ln25 = icmp_slt  i12 %trunc_ln20_4, i12 3968" [awn_int8.cpp:25->awn_int8.cpp:30->awn_int8.cpp:264]   --->   Operation 26 'icmp' 'icmp_ln25' <Predicate = true> <Delay = 0.80> <CoreInst = "Cmp">   --->   Core 9 'Cmp' <Latency = 0> <II = 1> <Delay = 0.80> <FuncUnit> <Opcode : 'icmp'> <InPorts = 2> <OutPorts = 1>
ST_4 : Operation 27 [1/1] (0.00ns) (grouped into LUT with out node xor_ln43)   --->   "%trunc_ln26_4 = partselect i8 @_ssdm_op_PartSelect.i8.i51.i32.i32, i51 %sum, i32 39, i32 46" [awn_int8.cpp:26->awn_int8.cpp:30->awn_int8.cpp:264]   --->   Operation 27 'partselect' 'trunc_ln26_4' <Predicate = true> <Delay = 0.00>
ST_4 : Operation 28 [1/1] (0.00ns) (grouped into LUT with out node xor_ln43)   --->   "%select_ln24 = select i1 %icmp_ln24, i8 127, i8 128" [awn_int8.cpp:24->awn_int8.cpp:30->awn_int8.cpp:264]   --->   Operation 28 'select' 'select_ln24' <Predicate = true> <Delay = 0.00> <CoreInst = "Sel">   --->   Core 73 'Sel' <Latency = 0> <II = 1> <Delay = 0.39> <FuncUnit> <Opcode : 'select'> <InPorts = 3> <OutPorts = 1>
ST_4 : Operation 29 [1/1] (0.00ns) (grouped into LUT with out node xor_ln43)   --->   "%or_ln24 = or i1 %icmp_ln24, i1 %icmp_ln25" [awn_int8.cpp:24->awn_int8.cpp:30->awn_int8.cpp:264]   --->   Operation 29 'or' 'or_ln24' <Predicate = true> <Delay = 0.00> <CoreInst = "LogicGate">   --->   Core 74 'LogicGate' <Latency = 0> <II = 1> <Delay = 0.28> <FuncUnit> <Opcode : 'and' 'or' 'xor'> <InPorts = 2> <OutPorts = 1>
ST_4 : Operation 30 [1/1] (0.00ns) (grouped into LUT with out node xor_ln43)   --->   "%r = select i1 %or_ln24, i8 %select_ln24, i8 %trunc_ln26_4" [awn_int8.cpp:24->awn_int8.cpp:30->awn_int8.cpp:264]   --->   Operation 30 'select' 'r' <Predicate = true> <Delay = 0.00> <CoreInst = "Sel">   --->   Core 73 'Sel' <Latency = 0> <II = 1> <Delay = 0.39> <FuncUnit> <Opcode : 'select'> <InPorts = 3> <OutPorts = 1>
ST_4 : Operation 31 [1/1] (0.39ns) (out node of the LUT)   --->   "%xor_ln43 = xor i8 %r, i8 128" [awn_int8.cpp:43->awn_int8.cpp:265]   --->   Operation 31 'xor' 'xor_ln43' <Predicate = true> <Delay = 0.39> <CoreInst = "LogicGate">   --->   Core 74 'LogicGate' <Latency = 0> <II = 1> <Delay = 0.34> <FuncUnit> <Opcode : 'and' 'or' 'xor'> <InPorts = 2> <OutPorts = 1>
ST_4 : Operation 32 [1/1] (0.00ns)   --->   "%zext_ln43 = zext i8 %xor_ln43" [awn_int8.cpp:43->awn_int8.cpp:265]   --->   Operation 32 'zext' 'zext_ln43' <Predicate = true> <Delay = 0.00>
ST_4 : Operation 33 [1/1] (0.00ns)   --->   "%SIGMOID_LUT_addr = getelementptr i7 %SIGMOID_LUT, i64 0, i64 %zext_ln43" [awn_int8.cpp:43->awn_int8.cpp:265]   --->   Operation 33 'getelementptr' 'SIGMOID_LUT_addr' <Predicate = true> <Delay = 0.00>
ST_4 : Operation 34 [2/2] (1.23ns)   --->   "%SIGMOID_LUT_load = load i8 %SIGMOID_LUT_addr" [awn_int8.cpp:43->awn_int8.cpp:265]   --->   Operation 34 'load' 'SIGMOID_LUT_load' <Predicate = true> <Delay = 1.23> <CoreInst = "ROM">   --->   Core 101 'ROM' <Latency = 1> <II = 1> <Delay = 1.23> <Storage> <Opcode : 'load'> <Ports = 0> <Width = 7> <Depth = 256> <ROM>
ST_4 : Operation 42 [1/1] (0.00ns)   --->   "%ret_ln0 = ret"   --->   Operation 42 'ret' 'ret_ln0' <Predicate = (icmp_ln263)> <Delay = 0.00>

State 5 <SV = 4> <Delay = 1.91>
ST_5 : Operation 35 [1/1] (0.00ns)   --->   "%specpipeline_ln263 = specpipeline void @_ssdm_op_SpecPipeline, i32 4294967295, i32 0, i32 0, i32 0, void @empty_3" [awn_int8.cpp:263]   --->   Operation 35 'specpipeline' 'specpipeline_ln263' <Predicate = true> <Delay = 0.00>
ST_5 : Operation 36 [1/1] (0.00ns)   --->   "%speclooptripcount_ln263 = speclooptripcount void @_ssdm_op_SpecLoopTripCount, i64 128, i64 128, i64 128" [awn_int8.cpp:263]   --->   Operation 36 'speclooptripcount' 'speclooptripcount_ln263' <Predicate = true> <Delay = 0.00>
ST_5 : Operation 37 [1/1] (0.00ns)   --->   "%specloopname_ln263 = specloopname void @_ssdm_op_SpecLoopName, void @empty_5" [awn_int8.cpp:263]   --->   Operation 37 'specloopname' 'specloopname_ln263' <Predicate = true> <Delay = 0.00>
ST_5 : Operation 38 [1/2] (1.23ns)   --->   "%SIGMOID_LUT_load = load i8 %SIGMOID_LUT_addr" [awn_int8.cpp:43->awn_int8.cpp:265]   --->   Operation 38 'load' 'SIGMOID_LUT_load' <Predicate = true> <Delay = 1.23> <CoreInst = "ROM">   --->   Core 101 'ROM' <Latency = 1> <II = 1> <Delay = 1.23> <Storage> <Opcode : 'load'> <Ports = 0> <Width = 7> <Depth = 256> <ROM>
ST_5 : Operation 39 [1/1] (0.00ns)   --->   "%sig_q_addr = getelementptr i7 %sig_q, i64 0, i64 %zext_ln263" [awn_int8.cpp:265]   --->   Operation 39 'getelementptr' 'sig_q_addr' <Predicate = true> <Delay = 0.00>
ST_5 : Operation 40 [1/1] (0.67ns)   --->   "%store_ln265 = store i7 %SIGMOID_LUT_load, i7 %sig_q_addr" [awn_int8.cpp:265]   --->   Operation 40 'store' 'store_ln265' <Predicate = true> <Delay = 0.67> <CoreInst = "RAM">   --->   Core 83 'RAM' <Latency = 1> <II = 1> <Delay = 0.67> <Storage> <Opcode : 'load' 'store'> <Ports = 2> <Width = 7> <Depth = 128> <RAM>
ST_5 : Operation 41 [1/1] (0.00ns)   --->   "%br_ln263 = br void %for.inc147" [awn_int8.cpp:263]   --->   Operation 41 'br' 'br_ln263' <Predicate = true> <Delay = 0.00>


============================================================
+ Verbose Summary: Binding
============================================================
STG Binding: 
---------------- STG Properties BEGIN ----------------
- Is combinational: 0
- Is one-state seq: 0
- Is datapath-only: 0
- Is pipelined: 0
- Is top level: 0
Port [ Return ] is wired: 1; IO mode=ap_ctrl_hs:ce=0
Port [ se3_acc]:  wired=1; compound=1; hidden=0; nouse=0; global=0; static=0; extern=0; dir=0; type=1; pingpong=0; private_global=0; MemPort=[13]; IO mode=ap_memory:ce=0
Port [ sig_q]:  wired=1; compound=1; hidden=0; nouse=0; global=0; static=0; extern=0; dir=1; type=1; pingpong=0; private_global=0; MemPort=[03]; IO mode=ap_memory:ce=0
Port [ SIGMOID_LUT]:  wired=0; compound=1; hidden=1; nouse=0; global=1; static=1; extern=0; dir=0; type=1; pingpong=0; private_global=1; MemPort=[1]; IO mode=ap_memory:ce=0
---------------- STG Properties END ------------------

---------------- Datapath Model BEGIN ----------------

<LifeTime>
<method=bitvector/>
i_1                     (alloca           ) [ 010000]
store_ln263             (store            ) [ 000000]
br_ln0                  (br               ) [ 000000]
i                       (load             ) [ 000000]
icmp_ln263              (icmp             ) [ 011110]
add_ln263               (add              ) [ 000000]
br_ln263                (br               ) [ 000000]
zext_ln263              (zext             ) [ 011111]
se3_acc_addr            (getelementptr    ) [ 011000]
store_ln263             (store            ) [ 000000]
se3_acc_load            (load             ) [ 010100]
sext_ln17               (sext             ) [ 000000]
prod                    (mul              ) [ 010010]
sum                     (add              ) [ 000000]
trunc_ln20_4            (partselect       ) [ 000000]
tmp                     (partselect       ) [ 000000]
icmp_ln24               (icmp             ) [ 000000]
icmp_ln25               (icmp             ) [ 000000]
trunc_ln26_4            (partselect       ) [ 000000]
select_ln24             (select           ) [ 000000]
or_ln24                 (or               ) [ 000000]
r                       (select           ) [ 000000]
xor_ln43                (xor              ) [ 000000]
zext_ln43               (zext             ) [ 000000]
SIGMOID_LUT_addr        (getelementptr    ) [ 010001]
specpipeline_ln263      (specpipeline     ) [ 000000]
speclooptripcount_ln263 (speclooptripcount) [ 000000]
specloopname_ln263      (specloopname     ) [ 000000]
SIGMOID_LUT_load        (load             ) [ 000000]
sig_q_addr              (getelementptr    ) [ 000000]
store_ln265             (store            ) [ 000000]
br_ln263                (br               ) [ 000000]
ret_ln0                 (ret              ) [ 000000]
</LifeTime>

<model>

<comp_list>
<comp id="0" class="1000" name="se3_acc">
<pin_list>
<pin id="1" dir="1" index="0" bw="1" slack="0"/>
</pin_list>
<bind>
<StgValue><ssdm name="se3_acc"/><MemPortTyVec>1 3 </MemPortTyVec>
</StgValue>
</bind>
</comp>

<comp id="2" class="1000" name="sig_q">
<pin_list>
<pin id="3" dir="1" index="0" bw="1" slack="0"/>
</pin_list>
<bind>
<StgValue><ssdm name="sig_q"/><MemPortTyVec>0 3 </MemPortTyVec>
</StgValue>
</bind>
</comp>

<comp id="4" class="1000" name="SIGMOID_LUT">
<pin_list>
<pin id="5" dir="1" index="0" bw="1" slack="0"/>
</pin_list>
<bind>
<StgValue><ssdm name="SIGMOID_LUT"/><MemPortTyVec>1 </MemPortTyVec>
</StgValue>
</bind>
</comp>

<comp id="6" class="1001" name="const_6">
<pin_list>
<pin id="7" dir="1" index="0" bw="1" slack="0"/>
</pin_list>
<bind>
<StgValue><ssdm name=""/></StgValue>
</bind>
</comp>

<comp id="8" class="1001" name="const_8">
<pin_list>
<pin id="9" dir="1" index="0" bw="1" slack="0"/>
</pin_list>
<bind>
<StgValue><ssdm name=""/></StgValue>
</bind>
</comp>

<comp id="10" class="1001" name="const_10">
<pin_list>
<pin id="11" dir="1" index="0" bw="1" slack="0"/>
</pin_list>
<bind>
<StgValue><ssdm name=""/></StgValue>
</bind>
</comp>

<comp id="12" class="1001" name="const_12">
<pin_list>
<pin id="13" dir="1" index="0" bw="1" slack="0"/>
</pin_list>
<bind>
<StgValue><ssdm name=""/></StgValue>
</bind>
</comp>

<comp id="14" class="1001" name="const_14">
<pin_list>
<pin id="15" dir="1" index="0" bw="1" slack="0"/>
</pin_list>
<bind>
<StgValue><ssdm name=""/></StgValue>
</bind>
</comp>

<comp id="16" class="1001" name="const_16">
<pin_list>
<pin id="17" dir="1" index="0" bw="1" slack="0"/>
</pin_list>
<bind>
<StgValue><ssdm name=""/></StgValue>
</bind>
</comp>

<comp id="18" class="1001" name="const_18">
<pin_list>
<pin id="19" dir="1" index="0" bw="1" slack="0"/>
</pin_list>
<bind>
<StgValue><ssdm name=""/></StgValue>
</bind>
</comp>

<comp id="20" class="1001" name="const_20">
<pin_list>
<pin id="21" dir="1" index="0" bw="1" slack="0"/>
</pin_list>
<bind>
<StgValue><ssdm name="_ssdm_op_PartSelect.i12.i51.i32.i32"/></StgValue>
</bind>
</comp>

<comp id="22" class="1001" name="const_22">
<pin_list>
<pin id="23" dir="1" index="0" bw="1" slack="0"/>
</pin_list>
<bind>
<StgValue><ssdm name=""/></StgValue>
</bind>
</comp>

<comp id="24" class="1001" name="const_24">
<pin_list>
<pin id="25" dir="1" index="0" bw="1" slack="0"/>
</pin_list>
<bind>
<StgValue><ssdm name=""/></StgValue>
</bind>
</comp>

<comp id="26" class="1001" name="const_26">
<pin_list>
<pin id="27" dir="1" index="0" bw="1" slack="0"/>
</pin_list>
<bind>
<StgValue><ssdm name="_ssdm_op_PartSelect.i5.i51.i32.i32"/></StgValue>
</bind>
</comp>

<comp id="28" class="1001" name="const_28">
<pin_list>
<pin id="29" dir="1" index="0" bw="1" slack="0"/>
</pin_list>
<bind>
<StgValue><ssdm name=""/></StgValue>
</bind>
</comp>

<comp id="30" class="1001" name="const_30">
<pin_list>
<pin id="31" dir="1" index="0" bw="1" slack="0"/>
</pin_list>
<bind>
<StgValue><ssdm name=""/></StgValue>
</bind>
</comp>

<comp id="32" class="1001" name="const_32">
<pin_list>
<pin id="33" dir="1" index="0" bw="1" slack="0"/>
</pin_list>
<bind>
<StgValue><ssdm name=""/></StgValue>
</bind>
</comp>

<comp id="34" class="1001" name="const_34">
<pin_list>
<pin id="35" dir="1" index="0" bw="1" slack="0"/>
</pin_list>
<bind>
<StgValue><ssdm name="_ssdm_op_PartSelect.i8.i51.i32.i32"/></StgValue>
</bind>
</comp>

<comp id="36" class="1001" name="const_36">
<pin_list>
<pin id="37" dir="1" index="0" bw="1" slack="0"/>
</pin_list>
<bind>
<StgValue><ssdm name=""/></StgValue>
</bind>
</comp>

<comp id="38" class="1001" name="const_38">
<pin_list>
<pin id="39" dir="1" index="0" bw="1" slack="2147483647"/>
</pin_list>
<bind>
<StgValue><ssdm name="_ssdm_op_SpecPipeline"/></StgValue>
</bind>
</comp>

<comp id="40" class="1001" name="const_40">
<pin_list>
<pin id="41" dir="1" index="0" bw="1" slack="2147483647"/>
</pin_list>
<bind>
<StgValue><ssdm name=""/></StgValue>
</bind>
</comp>

<comp id="42" class="1001" name="const_42">
<pin_list>
<pin id="43" dir="1" index="0" bw="1" slack="2147483647"/>
</pin_list>
<bind>
<StgValue><ssdm name=""/></StgValue>
</bind>
</comp>

<comp id="44" class="1001" name="const_44">
<pin_list>
<pin id="45" dir="1" index="0" bw="1" slack="2147483647"/>
</pin_list>
<bind>
<StgValue><ssdm name="empty_3"/></StgValue>
</bind>
</comp>

<comp id="46" class="1001" name="const_46">
<pin_list>
<pin id="47" dir="1" index="0" bw="1" slack="2147483647"/>
</pin_list>
<bind>
<StgValue><ssdm name="_ssdm_op_SpecLoopTripCount"/></StgValue>
</bind>
</comp>

<comp id="48" class="1001" name="const_48">
<pin_list>
<pin id="49" dir="1" index="0" bw="1" slack="2147483647"/>
</pin_list>
<bind>
<StgValue><ssdm name=""/></StgValue>
</bind>
</comp>

<comp id="50" class="1001" name="const_50">
<pin_list>
<pin id="51" dir="1" index="0" bw="1" slack="2147483647"/>
</pin_list>
<bind>
<StgValue><ssdm name="_ssdm_op_SpecLoopName"/></StgValue>
</bind>
</comp>

<comp id="52" class="1001" name="const_52">
<pin_list>
<pin id="53" dir="1" index="0" bw="1" slack="2147483647"/>
</pin_list>
<bind>
<StgValue><ssdm name="empty_5"/></StgValue>
</bind>
</comp>

<comp id="54" class="1004" name="i_1_fu_54">
<pin_list>
<pin id="55" dir="0" index="0" bw="1" slack="0"/>
<pin id="56" dir="1" index="1" bw="8" slack="0"/>
</pin_list>
<bind>
<opcode="alloca(26) " fcode="alloca"/>
<opset="i_1/1 "/>
</bind>
</comp>

<comp id="58" class="1004" name="se3_acc_addr_gep_fu_58">
<pin_list>
<pin id="59" dir="0" index="0" bw="20" slack="0"/>
<pin id="60" dir="0" index="1" bw="1" slack="0"/>
<pin id="61" dir="0" index="2" bw="8" slack="0"/>
<pin id="62" dir="1" index="3" bw="7" slack="0"/>
</pin_list>
<bind>
<opcode="getelementptr(29) " fcode="getelementptr"/>
<opset="se3_acc_addr/1 "/>
</bind>
</comp>

<comp id="65" class="1004" name="grp_access_fu_65">
<pin_list>
<pin id="66" dir="0" index="0" bw="7" slack="0"/>
<pin id="67" dir="0" index="1" bw="20" slack="2147483647"/>
<pin id="68" dir="0" index="2" bw="0" slack="2147483647"/>
<pin id="69" dir="1" index="3" bw="20" slack="1"/>
</pin_list>
<bind>
<opcode="load(27) " fcode="load"/>
<opset="se3_acc_load/1 "/>
</bind>
</comp>

<comp id="71" class="1004" name="SIGMOID_LUT_addr_gep_fu_71">
<pin_list>
<pin id="72" dir="0" index="0" bw="7" slack="0"/>
<pin id="73" dir="0" index="1" bw="1" slack="0"/>
<pin id="74" dir="0" index="2" bw="8" slack="0"/>
<pin id="75" dir="1" index="3" bw="8" slack="0"/>
</pin_list>
<bind>
<opcode="getelementptr(29) " fcode="getelementptr"/>
<opset="SIGMOID_LUT_addr/4 "/>
</bind>
</comp>

<comp id="78" class="1004" name="grp_access_fu_78">
<pin_list>
<pin id="79" dir="0" index="0" bw="8" slack="0"/>
<pin id="80" dir="0" index="1" bw="7" slack="2147483647"/>
<pin id="81" dir="0" index="2" bw="0" slack="2147483647"/>
<pin id="82" dir="1" index="3" bw="7" slack="0"/>
</pin_list>
<bind>
<opcode="load(27) " fcode="load"/>
<opset="SIGMOID_LUT_load/4 "/>
</bind>
</comp>

<comp id="84" class="1004" name="sig_q_addr_gep_fu_84">
<pin_list>
<pin id="85" dir="0" index="0" bw="7" slack="0"/>
<pin id="86" dir="0" index="1" bw="1" slack="0"/>
<pin id="87" dir="0" index="2" bw="8" slack="4"/>
<pin id="88" dir="1" index="3" bw="7" slack="0"/>
</pin_list>
<bind>
<opcode="getelementptr(29) " fcode="getelementptr"/>
<opset="sig_q_addr/5 "/>
</bind>
</comp>

<comp id="91" class="1004" name="store_ln265_access_fu_91">
<pin_list>
<pin id="92" dir="0" index="0" bw="7" slack="0"/>
<pin id="93" dir="0" index="1" bw="7" slack="0"/>
<pin id="94" dir="0" index="2" bw="0" slack="2147483647"/>
<pin id="95" dir="1" index="3" bw="7" slack="2147483647"/>
</pin_list>
<bind>
<opcode="store(28) " fcode="store"/>
<opset="store_ln265/5 "/>
</bind>
</comp>

<comp id="98" class="1004" name="prod_fu_98">
<pin_list>
<pin id="99" dir="0" index="0" bw="20" slack="0"/>
<pin id="100" dir="0" index="1" bw="32" slack="0"/>
<pin id="101" dir="1" index="2" bw="51" slack="1"/>
</pin_list>
<bind>
<opcode="mul(12) " fcode="mul"/>
<opset="prod/3 "/>
</bind>
</comp>

<comp id="103" class="1004" name="store_ln263_store_fu_103">
<pin_list>
<pin id="104" dir="0" index="0" bw="1" slack="0"/>
<pin id="105" dir="0" index="1" bw="8" slack="0"/>
<pin id="106" dir="1" index="2" bw="0" slack="2147483647"/>
</pin_list>
<bind>
<opcode="store(28) " fcode="store"/>
<opset="store_ln263/1 "/>
</bind>
</comp>

<comp id="108" class="1004" name="i_load_fu_108">
<pin_list>
<pin id="109" dir="0" index="0" bw="8" slack="0"/>
<pin id="110" dir="1" index="1" bw="8" slack="0"/>
</pin_list>
<bind>
<opcode="load(27) " fcode="load"/>
<opset="i/1 "/>
</bind>
</comp>

<comp id="111" class="1004" name="icmp_ln263_fu_111">
<pin_list>
<pin id="112" dir="0" index="0" bw="8" slack="0"/>
<pin id="113" dir="0" index="1" bw="8" slack="0"/>
<pin id="114" dir="1" index="2" bw="1" slack="3"/>
</pin_list>
<bind>
<opcode="icmp(45) " fcode="icmp"/>
<opset="icmp_ln263/1 "/>
</bind>
</comp>

<comp id="117" class="1004" name="add_ln263_fu_117">
<pin_list>
<pin id="118" dir="0" index="0" bw="8" slack="0"/>
<pin id="119" dir="0" index="1" bw="1" slack="0"/>
<pin id="120" dir="1" index="2" bw="8" slack="0"/>
</pin_list>
<bind>
<opcode="add(8) " fcode="add"/>
<opset="add_ln263/1 "/>
</bind>
</comp>

<comp id="123" class="1004" name="zext_ln263_fu_123">
<pin_list>
<pin id="124" dir="0" index="0" bw="8" slack="0"/>
<pin id="125" dir="1" index="1" bw="64" slack="0"/>
</pin_list>
<bind>
<opcode="zext(34) " fcode="zext"/>
<opset="zext_ln263/1 "/>
</bind>
</comp>

<comp id="128" class="1004" name="store_ln263_store_fu_128">
<pin_list>
<pin id="129" dir="0" index="0" bw="8" slack="0"/>
<pin id="130" dir="0" index="1" bw="8" slack="0"/>
<pin id="131" dir="1" index="2" bw="0" slack="2147483647"/>
</pin_list>
<bind>
<opcode="store(28) " fcode="store"/>
<opset="store_ln263/1 "/>
</bind>
</comp>

<comp id="133" class="1004" name="sext_ln17_fu_133">
<pin_list>
<pin id="134" dir="0" index="0" bw="20" slack="1"/>
<pin id="135" dir="1" index="1" bw="51" slack="0"/>
</pin_list>
<bind>
<opcode="sext(35) " fcode="sext"/>
<opset="sext_ln17/3 "/>
</bind>
</comp>

<comp id="137" class="1004" name="sum_fu_137">
<pin_list>
<pin id="138" dir="0" index="0" bw="51" slack="1"/>
<pin id="139" dir="0" index="1" bw="40" slack="0"/>
<pin id="140" dir="1" index="2" bw="51" slack="0"/>
</pin_list>
<bind>
<opcode="add(8) " fcode="add"/>
<opset="sum/4 "/>
</bind>
</comp>

<comp id="142" class="1004" name="trunc_ln20_4_fu_142">
<pin_list>
<pin id="143" dir="0" index="0" bw="12" slack="0"/>
<pin id="144" dir="0" index="1" bw="51" slack="0"/>
<pin id="145" dir="0" index="2" bw="7" slack="0"/>
<pin id="146" dir="0" index="3" bw="7" slack="0"/>
<pin id="147" dir="1" index="4" bw="12" slack="0"/>
</pin_list>
<bind>
<opcode="partselect(1002) " fcode="partselect"/>
<opset="trunc_ln20_4/4 "/>
</bind>
</comp>

<comp id="152" class="1004" name="tmp_fu_152">
<pin_list>
<pin id="153" dir="0" index="0" bw="5" slack="0"/>
<pin id="154" dir="0" index="1" bw="51" slack="0"/>
<pin id="155" dir="0" index="2" bw="7" slack="0"/>
<pin id="156" dir="0" index="3" bw="7" slack="0"/>
<pin id="157" dir="1" index="4" bw="5" slack="0"/>
</pin_list>
<bind>
<opcode="partselect(1002) " fcode="partselect"/>
<opset="tmp/4 "/>
</bind>
</comp>

<comp id="162" class="1004" name="icmp_ln24_fu_162">
<pin_list>
<pin id="163" dir="0" index="0" bw="5" slack="0"/>
<pin id="164" dir="0" index="1" bw="5" slack="0"/>
<pin id="165" dir="1" index="2" bw="1" slack="0"/>
</pin_list>
<bind>
<opcode="icmp(45) " fcode="icmp"/>
<opset="icmp_ln24/4 "/>
</bind>
</comp>

<comp id="168" class="1004" name="icmp_ln25_fu_168">
<pin_list>
<pin id="169" dir="0" index="0" bw="12" slack="0"/>
<pin id="170" dir="0" index="1" bw="12" slack="0"/>
<pin id="171" dir="1" index="2" bw="1" slack="0"/>
</pin_list>
<bind>
<opcode="icmp(45) " fcode="icmp"/>
<opset="icmp_ln25/4 "/>
</bind>
</comp>

<comp id="174" class="1004" name="trunc_ln26_4_fu_174">
<pin_list>
<pin id="175" dir="0" index="0" bw="8" slack="0"/>
<pin id="176" dir="0" index="1" bw="51" slack="0"/>
<pin id="177" dir="0" index="2" bw="7" slack="0"/>
<pin id="178" dir="0" index="3" bw="7" slack="0"/>
<pin id="179" dir="1" index="4" bw="8" slack="0"/>
</pin_list>
<bind>
<opcode="partselect(1002) " fcode="partselect"/>
<opset="trunc_ln26_4/4 "/>
</bind>
</comp>

<comp id="184" class="1004" name="select_ln24_fu_184">
<pin_list>
<pin id="185" dir="0" index="0" bw="1" slack="0"/>
<pin id="186" dir="0" index="1" bw="8" slack="0"/>
<pin id="187" dir="0" index="2" bw="8" slack="0"/>
<pin id="188" dir="1" index="3" bw="8" slack="0"/>
</pin_list>
<bind>
<opcode="select(49) " fcode="select"/>
<opset="select_ln24/4 "/>
</bind>
</comp>

<comp id="192" class="1004" name="or_ln24_fu_192">
<pin_list>
<pin id="193" dir="0" index="0" bw="1" slack="0"/>
<pin id="194" dir="0" index="1" bw="1" slack="0"/>
<pin id="195" dir="1" index="2" bw="1" slack="0"/>
</pin_list>
<bind>
<opcode="or(24) " fcode="or"/>
<opset="or_ln24/4 "/>
</bind>
</comp>

<comp id="198" class="1004" name="r_fu_198">
<pin_list>
<pin id="199" dir="0" index="0" bw="1" slack="0"/>
<pin id="200" dir="0" index="1" bw="8" slack="0"/>
<pin id="201" dir="0" index="2" bw="8" slack="0"/>
<pin id="202" dir="1" index="3" bw="8" slack="0"/>
</pin_list>
<bind>
<opcode="select(49) " fcode="select"/>
<opset="r/4 "/>
</bind>
</comp>

<comp id="206" class="1004" name="xor_ln43_fu_206">
<pin_list>
<pin id="207" dir="0" index="0" bw="8" slack="0"/>
<pin id="208" dir="0" index="1" bw="8" slack="0"/>
<pin id="209" dir="1" index="2" bw="8" slack="0"/>
</pin_list>
<bind>
<opcode="xor(25) " fcode="xor"/>
<opset="xor_ln43/4 "/>
</bind>
</comp>

<comp id="212" class="1004" name="zext_ln43_fu_212">
<pin_list>
<pin id="213" dir="0" index="0" bw="8" slack="0"/>
<pin id="214" dir="1" index="1" bw="64" slack="0"/>
</pin_list>
<bind>
<opcode="zext(34) " fcode="zext"/>
<opset="zext_ln43/4 "/>
</bind>
</comp>

<comp id="217" class="1005" name="i_1_reg_217">
<pin_list>
<pin id="218" dir="0" index="0" bw="8" slack="0"/>
<pin id="219" dir="1" index="1" bw="8" slack="0"/>
</pin_list>
<bind>
<opset="i_1 "/>
</bind>
</comp>

<comp id="224" class="1005" name="icmp_ln263_reg_224">
<pin_list>
<pin id="225" dir="0" index="0" bw="1" slack="3"/>
<pin id="226" dir="1" index="1" bw="1" slack="2147483647"/>
</pin_list>
<bind>
<opset="icmp_ln263 "/>
</bind>
</comp>

<comp id="228" class="1005" name="zext_ln263_reg_228">
<pin_list>
<pin id="229" dir="0" index="0" bw="64" slack="4"/>
<pin id="230" dir="1" index="1" bw="64" slack="4"/>
</pin_list>
<bind>
<opset="zext_ln263 "/>
</bind>
</comp>

<comp id="233" class="1005" name="se3_acc_addr_reg_233">
<pin_list>
<pin id="234" dir="0" index="0" bw="7" slack="1"/>
<pin id="235" dir="1" index="1" bw="7" slack="1"/>
</pin_list>
<bind>
<opset="se3_acc_addr "/>
</bind>
</comp>

<comp id="238" class="1005" name="se3_acc_load_reg_238">
<pin_list>
<pin id="239" dir="0" index="0" bw="20" slack="1"/>
<pin id="240" dir="1" index="1" bw="20" slack="1"/>
</pin_list>
<bind>
<opset="se3_acc_load "/>
</bind>
</comp>

<comp id="243" class="1005" name="prod_reg_243">
<pin_list>
<pin id="244" dir="0" index="0" bw="51" slack="1"/>
<pin id="245" dir="1" index="1" bw="51" slack="1"/>
</pin_list>
<bind>
<opset="prod "/>
</bind>
</comp>

<comp id="248" class="1005" name="SIGMOID_LUT_addr_reg_248">
<pin_list>
<pin id="249" dir="0" index="0" bw="8" slack="1"/>
<pin id="250" dir="1" index="1" bw="8" slack="1"/>
</pin_list>
<bind>
<opset="SIGMOID_LUT_addr "/>
</bind>
</comp>

</comp_list>

<net_list>
<net id="57"><net_src comp="6" pin="0"/><net_sink comp="54" pin=0"/></net>

<net id="63"><net_src comp="0" pin="0"/><net_sink comp="58" pin=0"/></net>

<net id="64"><net_src comp="14" pin="0"/><net_sink comp="58" pin=1"/></net>

<net id="70"><net_src comp="58" pin="3"/><net_sink comp="65" pin=0"/></net>

<net id="76"><net_src comp="4" pin="0"/><net_sink comp="71" pin=0"/></net>

<net id="77"><net_src comp="14" pin="0"/><net_sink comp="71" pin=1"/></net>

<net id="83"><net_src comp="71" pin="3"/><net_sink comp="78" pin=0"/></net>

<net id="89"><net_src comp="2" pin="0"/><net_sink comp="84" pin=0"/></net>

<net id="90"><net_src comp="14" pin="0"/><net_sink comp="84" pin=1"/></net>

<net id="96"><net_src comp="78" pin="3"/><net_sink comp="91" pin=1"/></net>

<net id="97"><net_src comp="84" pin="3"/><net_sink comp="91" pin=0"/></net>

<net id="102"><net_src comp="16" pin="0"/><net_sink comp="98" pin=1"/></net>

<net id="107"><net_src comp="8" pin="0"/><net_sink comp="103" pin=0"/></net>

<net id="115"><net_src comp="108" pin="1"/><net_sink comp="111" pin=0"/></net>

<net id="116"><net_src comp="10" pin="0"/><net_sink comp="111" pin=1"/></net>

<net id="121"><net_src comp="108" pin="1"/><net_sink comp="117" pin=0"/></net>

<net id="122"><net_src comp="12" pin="0"/><net_sink comp="117" pin=1"/></net>

<net id="126"><net_src comp="108" pin="1"/><net_sink comp="123" pin=0"/></net>

<net id="127"><net_src comp="123" pin="1"/><net_sink comp="58" pin=2"/></net>

<net id="132"><net_src comp="117" pin="2"/><net_sink comp="128" pin=0"/></net>

<net id="136"><net_src comp="133" pin="1"/><net_sink comp="98" pin=0"/></net>

<net id="141"><net_src comp="18" pin="0"/><net_sink comp="137" pin=1"/></net>

<net id="148"><net_src comp="20" pin="0"/><net_sink comp="142" pin=0"/></net>

<net id="149"><net_src comp="137" pin="2"/><net_sink comp="142" pin=1"/></net>

<net id="150"><net_src comp="22" pin="0"/><net_sink comp="142" pin=2"/></net>

<net id="151"><net_src comp="24" pin="0"/><net_sink comp="142" pin=3"/></net>

<net id="158"><net_src comp="26" pin="0"/><net_sink comp="152" pin=0"/></net>

<net id="159"><net_src comp="137" pin="2"/><net_sink comp="152" pin=1"/></net>

<net id="160"><net_src comp="28" pin="0"/><net_sink comp="152" pin=2"/></net>

<net id="161"><net_src comp="24" pin="0"/><net_sink comp="152" pin=3"/></net>

<net id="166"><net_src comp="152" pin="4"/><net_sink comp="162" pin=0"/></net>

<net id="167"><net_src comp="30" pin="0"/><net_sink comp="162" pin=1"/></net>

<net id="172"><net_src comp="142" pin="4"/><net_sink comp="168" pin=0"/></net>

<net id="173"><net_src comp="32" pin="0"/><net_sink comp="168" pin=1"/></net>

<net id="180"><net_src comp="34" pin="0"/><net_sink comp="174" pin=0"/></net>

<net id="181"><net_src comp="137" pin="2"/><net_sink comp="174" pin=1"/></net>

<net id="182"><net_src comp="22" pin="0"/><net_sink comp="174" pin=2"/></net>

<net id="183"><net_src comp="28" pin="0"/><net_sink comp="174" pin=3"/></net>

<net id="189"><net_src comp="162" pin="2"/><net_sink comp="184" pin=0"/></net>

<net id="190"><net_src comp="36" pin="0"/><net_sink comp="184" pin=1"/></net>

<net id="191"><net_src comp="10" pin="0"/><net_sink comp="184" pin=2"/></net>

<net id="196"><net_src comp="162" pin="2"/><net_sink comp="192" pin=0"/></net>

<net id="197"><net_src comp="168" pin="2"/><net_sink comp="192" pin=1"/></net>

<net id="203"><net_src comp="192" pin="2"/><net_sink comp="198" pin=0"/></net>

<net id="204"><net_src comp="184" pin="3"/><net_sink comp="198" pin=1"/></net>

<net id="205"><net_src comp="174" pin="4"/><net_sink comp="198" pin=2"/></net>

<net id="210"><net_src comp="198" pin="3"/><net_sink comp="206" pin=0"/></net>

<net id="211"><net_src comp="10" pin="0"/><net_sink comp="206" pin=1"/></net>

<net id="215"><net_src comp="206" pin="2"/><net_sink comp="212" pin=0"/></net>

<net id="216"><net_src comp="212" pin="1"/><net_sink comp="71" pin=2"/></net>

<net id="220"><net_src comp="54" pin="1"/><net_sink comp="217" pin=0"/></net>

<net id="221"><net_src comp="217" pin="1"/><net_sink comp="103" pin=1"/></net>

<net id="222"><net_src comp="217" pin="1"/><net_sink comp="108" pin=0"/></net>

<net id="223"><net_src comp="217" pin="1"/><net_sink comp="128" pin=1"/></net>

<net id="227"><net_src comp="111" pin="2"/><net_sink comp="224" pin=0"/></net>

<net id="231"><net_src comp="123" pin="1"/><net_sink comp="228" pin=0"/></net>

<net id="232"><net_src comp="228" pin="1"/><net_sink comp="84" pin=2"/></net>

<net id="236"><net_src comp="58" pin="3"/><net_sink comp="233" pin=0"/></net>

<net id="237"><net_src comp="233" pin="1"/><net_sink comp="65" pin=0"/></net>

<net id="241"><net_src comp="65" pin="3"/><net_sink comp="238" pin=0"/></net>

<net id="242"><net_src comp="238" pin="1"/><net_sink comp="133" pin=0"/></net>

<net id="246"><net_src comp="98" pin="2"/><net_sink comp="243" pin=0"/></net>

<net id="247"><net_src comp="243" pin="1"/><net_sink comp="137" pin=0"/></net>

<net id="251"><net_src comp="71" pin="3"/><net_sink comp="248" pin=0"/></net>

<net id="252"><net_src comp="248" pin="1"/><net_sink comp="78" pin=0"/></net>

</net_list>

</model> 
---------------- Datapath Model END ------------------

* FSMD analyzer results:
  - Output states:
	Port: sig_q | {5 }
	Port: SIGMOID_LUT | {}
 - Input state : 
	Port: awn_forward_Pipeline_VITIS_LOOP_263_9 : se3_acc | {1 2 }
	Port: awn_forward_Pipeline_VITIS_LOOP_263_9 : SIGMOID_LUT | {4 5 }
  - Chain level:
	State 1
		store_ln263 : 1
		i : 1
		icmp_ln263 : 2
		add_ln263 : 2
		br_ln263 : 3
		zext_ln263 : 2
		se3_acc_addr : 3
		se3_acc_load : 4
		store_ln263 : 3
	State 2
	State 3
		prod : 1
	State 4
		trunc_ln20_4 : 1
		tmp : 1
		icmp_ln24 : 2
		icmp_ln25 : 2
		trunc_ln26_4 : 1
		select_ln24 : 3
		or_ln24 : 3
		r : 3
		xor_ln43 : 4
		zext_ln43 : 4
		SIGMOID_LUT_addr : 5
		SIGMOID_LUT_load : 6
	State 5
		store_ln265 : 1


============================================================
+ Verbose Summary: Datapath Resource usage 
============================================================

* Functional unit list:
|----------|---------------------|---------|---------|---------|
| Operation|   Functional Unit   |   DSP   |    FF   |   LUT   |
|----------|---------------------|---------|---------|---------|
|    add   |   add_ln263_fu_117  |    0    |    0    |    15   |
|          |      sum_fu_137     |    0    |    0    |    58   |
|----------|---------------------|---------|---------|---------|
|          |  icmp_ln263_fu_111  |    0    |    0    |    15   |
|   icmp   |   icmp_ln24_fu_162  |    0    |    0    |    12   |
|          |   icmp_ln25_fu_168  |    0    |    0    |    19   |
|----------|---------------------|---------|---------|---------|
|    mul   |      prod_fu_98     |    2    |    0    |    20   |
|----------|---------------------|---------|---------|---------|
|  select  |  select_ln24_fu_184 |    0    |    0    |    8    |
|          |       r_fu_198      |    0    |    0    |    8    |
|----------|---------------------|---------|---------|---------|
|    xor   |   xor_ln43_fu_206   |    0    |    0    |    8    |
|----------|---------------------|---------|---------|---------|
|    or    |    or_ln24_fu_192   |    0    |    0    |    2    |
|----------|---------------------|---------|---------|---------|
|   zext   |  zext_ln263_fu_123  |    0    |    0    |    0    |
|          |   zext_ln43_fu_212  |    0    |    0    |    0    |
|----------|---------------------|---------|---------|---------|
|   sext   |   sext_ln17_fu_133  |    0    |    0    |    0    |
|----------|---------------------|---------|---------|---------|
|          | trunc_ln20_4_fu_142 |    0    |    0    |    0    |
|partselect|      tmp_fu_152     |    0    |    0    |    0    |
|          | trunc_ln26_4_fu_174 |    0    |    0    |    0    |
|----------|---------------------|---------|---------|---------|
|   Total  |                     |    2    |    0    |   165   |
|----------|---------------------|---------|---------|---------|

Memories:
N/A

* Register list:
+------------------------+--------+
|                        |   FF   |
+------------------------+--------+
|SIGMOID_LUT_addr_reg_248|    8   |
|       i_1_reg_217      |    8   |
|   icmp_ln263_reg_224   |    1   |
|      prod_reg_243      |   51   |
|  se3_acc_addr_reg_233  |    7   |
|  se3_acc_load_reg_238  |   20   |
|   zext_ln263_reg_228   |   64   |
+------------------------+--------+
|          Total         |   159  |
+------------------------+--------+

* Multiplexer (MUX) list: 
|------------------|------|------|------|--------||---------||---------|
|       Comp       |  Pin | Size |  BW  | S x BW ||  Delay  ||   LUT   |
|------------------|------|------|------|--------||---------||---------|
| grp_access_fu_65 |  p0  |   2  |   7  |   14   ||    9    |
| grp_access_fu_78 |  p0  |   2  |   8  |   16   ||    9    |
|------------------|------|------|------|--------||---------||---------|
|       Total      |      |      |      |   30   ||  0.854  ||    18   |
|------------------|------|------|------|--------||---------||---------|



* Summary:
+-----------+--------+--------+--------+--------+
|           |   DSP  |  Delay |   FF   |   LUT  |
+-----------+--------+--------+--------+--------+
|  Function |    2   |    -   |    0   |   165  |
|   Memory  |    -   |    -   |    -   |    -   |
|Multiplexer|    -   |    0   |    -   |   18   |
|  Register |    -   |    -   |   159  |    -   |
+-----------+--------+--------+--------+--------+
|   Total   |    2   |    0   |   159  |   183  |
+-----------+--------+--------+--------+--------+
