

================================================================
== Vitis HLS Report for 'awn_forward_Pipeline_VITIS_LOOP_245_7'
================================================================
* Date:           Sat May 30 20:40:53 2026

* Version:        2023.2 (Build 4023990 on Oct 11 2023)
* Project:        proj_awn_int8
* Solution:       solution1 (Vivado IP Flow Target)
* Product family: zynquplus
* Target device:  xczu7ev-ffvc1156-2-e


================================================================
== Performance Estimates
================================================================
+ Timing: 
    * Summary: 
    +--------+---------+----------+------------+
    |  Clock |  Target | Estimated| Uncertainty|
    +--------+---------+----------+------------+
    |ap_clk  |  5.00 ns|  3.420 ns|     1.35 ns|
    +--------+---------+----------+------------+

+ Latency: 
    * Summary: 
    +---------+---------+----------+----------+-----+-----+---------+
    |  Latency (cycles) |  Latency (absolute) |  Interval | Pipeline|
    |   min   |   max   |    min   |    max   | min | max |   Type  |
    +---------+---------+----------+----------+-----+-----+---------+
    |       68|       68|  0.340 us|  0.340 us|   68|   68|       no|
    +---------+---------+----------+----------+-----+-----+---------+

    + Detail: 
        * Instance: 
        N/A

        * Loop: 
        +--------------------+---------+---------+----------+-----------+-----------+------+----------+
        |                    |  Latency (cycles) | Iteration|  Initiation Interval  | Trip |          |
        |      Loop Name     |   min   |   max   |  Latency |  achieved |   target  | Count| Pipelined|
        +--------------------+---------+---------+----------+-----------+-----------+------+----------+
        |- VITIS_LOOP_245_7  |       66|       66|         4|          1|          1|    64|       yes|
        +--------------------+---------+---------+----------+-----------+-----------+------+----------+

============================================================
+ Verbose Summary: Synthesis Manager
============================================================
InlineROM: 1
ExposeGlobal: 0
============================================================
+ Verbose Summary: CDFG Model
============================================================
IsTopModel: 0
ResetActiveHigh: 1
IsCombinational: 0
IsDatapathOnly: 0
HasWiredReturn: 1
HasMFsm: 2
HasVarLatency: 1
IsPipeline: 0
IsRtlPipelined: 0
IsInstanceOverlapped: 0
IsDontTouch: 0
HasImplIP: 0
IsGatedGlobalClock: 0

+ Individual pipeline summary: 
  * Pipeline-0: initiation interval (II) = 1, depth = 4


============================================================
+ Verbose Summary: Schedule
============================================================
* Number of FSM states : 4
* Pipeline : 1
  Pipeline-0 : II = 1, D = 4, States = { 1 2 3 4 }
* Dataflow Pipeline: 0

* FSM state transitions: 
1 --> 2 
2 --> 3 
3 --> 4 
4 --> 

* FSM state operations: 

State 1 <SV = 0> <Delay = 1.62>
ST_1 : Operation 7 [1/1] (0.00ns)   --->   "%c = alloca i32 1" [awn_int8.cpp:245]   --->   Operation 7 'alloca' 'c' <Predicate = true> <Delay = 0.00>
ST_1 : Operation 8 [1/1] (0.42ns)   --->   "%store_ln245 = store i7 0, i7 %c" [awn_int8.cpp:245]   --->   Operation 8 'store' 'store_ln245' <Predicate = true> <Delay = 0.42>
ST_1 : Operation 9 [1/1] (0.00ns)   --->   "%br_ln0 = br void %for.inc115"   --->   Operation 9 'br' 'br_ln0' <Predicate = true> <Delay = 0.00>
ST_1 : Operation 10 [1/1] (0.00ns)   --->   "%c_1 = load i7 %c" [awn_int8.cpp:245]   --->   Operation 10 'load' 'c_1' <Predicate = true> <Delay = 0.00>
ST_1 : Operation 11 [1/1] (0.77ns)   --->   "%icmp_ln245 = icmp_eq  i7 %c_1, i7 64" [awn_int8.cpp:245]   --->   Operation 11 'icmp' 'icmp_ln245' <Predicate = true> <Delay = 0.77> <CoreInst = "Cmp">   --->   Core 9 'Cmp' <Latency = 0> <II = 1> <Delay = 0.77> <FuncUnit> <Opcode : 'icmp'> <InPorts = 2> <OutPorts = 1>
ST_1 : Operation 12 [1/1] (0.77ns)   --->   "%add_ln245 = add i7 %c_1, i7 1" [awn_int8.cpp:245]   --->   Operation 12 'add' 'add_ln245' <Predicate = true> <Delay = 0.77> <CoreInst = "Adder">   --->   Core 1 'Adder' <Latency = 0> <II = 1> <Delay = 0.77> <FuncUnit> <Opcode : 'add' 'sub'> <InPorts = 2> <OutPorts = 1>
ST_1 : Operation 13 [1/1] (0.00ns)   --->   "%br_ln245 = br i1 %icmp_ln245, void %for.inc115.split, void %for.end117.exitStub" [awn_int8.cpp:245]   --->   Operation 13 'br' 'br_ln245' <Predicate = true> <Delay = 0.00>
ST_1 : Operation 14 [1/1] (0.00ns)   --->   "%zext_ln245 = zext i7 %c_1" [awn_int8.cpp:245]   --->   Operation 14 'zext' 'zext_ln245' <Predicate = (!icmp_ln245)> <Delay = 0.00>
ST_1 : Operation 15 [1/1] (0.00ns)   --->   "%avg_d_q_addr = getelementptr i8 %avg_d_q, i64 0, i64 %zext_ln245" [awn_int8.cpp:246]   --->   Operation 15 'getelementptr' 'avg_d_q_addr' <Predicate = (!icmp_ln245)> <Delay = 0.00>
ST_1 : Operation 16 [2/2] (0.67ns)   --->   "%avg_d_q_load = load i6 %avg_d_q_addr" [awn_int8.cpp:246]   --->   Operation 16 'load' 'avg_d_q_load' <Predicate = (!icmp_ln245)> <Delay = 0.67> <CoreInst = "RAM">   --->   Core 83 'RAM' <Latency = 1> <II = 1> <Delay = 0.67> <Storage> <Opcode : 'load' 'store'> <Ports = 2> <Width = 8> <Depth = 64> <RAM>
ST_1 : Operation 17 [1/1] (0.00ns)   --->   "%avg_c_q_addr = getelementptr i8 %avg_c_q, i64 0, i64 %zext_ln245" [awn_int8.cpp:248]   --->   Operation 17 'getelementptr' 'avg_c_q_addr' <Predicate = (!icmp_ln245)> <Delay = 0.00>
ST_1 : Operation 18 [2/2] (0.67ns)   --->   "%avg_c_q_load = load i6 %avg_c_q_addr" [awn_int8.cpp:248]   --->   Operation 18 'load' 'avg_c_q_load' <Predicate = (!icmp_ln245)> <Delay = 0.67> <CoreInst = "RAM">   --->   Core 83 'RAM' <Latency = 1> <II = 1> <Delay = 0.67> <Storage> <Opcode : 'load' 'store'> <Ports = 2> <Width = 8> <Depth = 64> <RAM>
ST_1 : Operation 19 [1/1] (0.42ns)   --->   "%store_ln245 = store i7 %add_ln245, i7 %c" [awn_int8.cpp:245]   --->   Operation 19 'store' 'store_ln245' <Predicate = (!icmp_ln245)> <Delay = 0.42>

State 2 <SV = 1> <Delay = 1.91>
ST_2 : Operation 20 [1/2] (0.67ns)   --->   "%avg_d_q_load = load i6 %avg_d_q_addr" [awn_int8.cpp:246]   --->   Operation 20 'load' 'avg_d_q_load' <Predicate = true> <Delay = 0.67> <CoreInst = "RAM">   --->   Core 83 'RAM' <Latency = 1> <II = 1> <Delay = 0.67> <Storage> <Opcode : 'load' 'store'> <Ports = 2> <Width = 8> <Depth = 64> <RAM>
ST_2 : Operation 21 [1/1] (0.00ns)   --->   "%cat_q_addr = getelementptr i8 %cat_q, i64 0, i64 %zext_ln245" [awn_int8.cpp:246]   --->   Operation 21 'getelementptr' 'cat_q_addr' <Predicate = true> <Delay = 0.00>
ST_2 : Operation 22 [1/1] (1.23ns)   --->   "%store_ln246 = store i8 %avg_d_q_load, i7 %cat_q_addr" [awn_int8.cpp:246]   --->   Operation 22 'store' 'store_ln246' <Predicate = true> <Delay = 1.23> <CoreInst = "RAM">   --->   Core 83 'RAM' <Latency = 1> <II = 1> <Delay = 1.23> <Storage> <Opcode : 'load' 'store'> <Ports = 2> <Width = 8> <Depth = 128> <RAM>
ST_2 : Operation 23 [1/2] (0.67ns)   --->   "%avg_c_q_load = load i6 %avg_c_q_addr" [awn_int8.cpp:248]   --->   Operation 23 'load' 'avg_c_q_load' <Predicate = true> <Delay = 0.67> <CoreInst = "RAM">   --->   Core 83 'RAM' <Latency = 1> <II = 1> <Delay = 0.67> <Storage> <Opcode : 'load' 'store'> <Ports = 2> <Width = 8> <Depth = 64> <RAM>

State 3 <SV = 2> <Delay = 3.42>
ST_3 : Operation 24 [1/1] (0.00ns)   --->   "%sext_ln17 = sext i8 %avg_c_q_load" [awn_int8.cpp:17->awn_int8.cpp:30->awn_int8.cpp:248]   --->   Operation 24 'sext' 'sext_ln17' <Predicate = true> <Delay = 0.00>
ST_3 : Operation 25 [1/1] (3.42ns)   --->   "%mul_ln17 = mul i39 %sext_ln17, i39 2120605373" [awn_int8.cpp:17->awn_int8.cpp:30->awn_int8.cpp:248]   --->   Operation 25 'mul' 'mul_ln17' <Predicate = true> <Delay = 3.42> <CoreInst = "Multiplier">   --->   Core 3 'Multiplier' <Latency = 0> <II = 1> <Delay = 3.42> <FuncUnit> <Opcode : 'mul'> <InPorts = 2> <OutPorts = 1>
ST_3 : Operation 36 [1/1] (0.00ns)   --->   "%ret_ln0 = ret"   --->   Operation 36 'ret' 'ret_ln0' <Predicate = (icmp_ln245)> <Delay = 0.00>

State 4 <SV = 3> <Delay = 2.26>
ST_4 : Operation 26 [1/1] (0.00ns)   --->   "%specpipeline_ln245 = specpipeline void @_ssdm_op_SpecPipeline, i32 4294967295, i32 0, i32 0, i32 0, void @empty_3" [awn_int8.cpp:245]   --->   Operation 26 'specpipeline' 'specpipeline_ln245' <Predicate = true> <Delay = 0.00>
ST_4 : Operation 27 [1/1] (0.00ns)   --->   "%speclooptripcount_ln245 = speclooptripcount void @_ssdm_op_SpecLoopTripCount, i64 64, i64 64, i64 64" [awn_int8.cpp:245]   --->   Operation 27 'speclooptripcount' 'speclooptripcount_ln245' <Predicate = true> <Delay = 0.00>
ST_4 : Operation 28 [1/1] (0.00ns)   --->   "%specloopname_ln245 = specloopname void @_ssdm_op_SpecLoopName, void @empty_7" [awn_int8.cpp:245]   --->   Operation 28 'specloopname' 'specloopname_ln245' <Predicate = true> <Delay = 0.00>
ST_4 : Operation 29 [1/1] (1.03ns)   --->   "%sum = add i39 %mul_ln17, i39 1073741824" [awn_int8.cpp:19->awn_int8.cpp:30->awn_int8.cpp:248]   --->   Operation 29 'add' 'sum' <Predicate = true> <Delay = 1.03> <CoreInst = "Adder">   --->   Core 1 'Adder' <Latency = 0> <II = 1> <Delay = 1.03> <FuncUnit> <Opcode : 'add' 'sub'> <InPorts = 2> <OutPorts = 1>
ST_4 : Operation 30 [1/1] (0.00ns)   --->   "%trunc_ln20_1 = partselect i8 @_ssdm_op_PartSelect.i8.i39.i32.i32, i39 %sum, i32 31, i32 38" [awn_int8.cpp:20->awn_int8.cpp:30->awn_int8.cpp:248]   --->   Operation 30 'partselect' 'trunc_ln20_1' <Predicate = true> <Delay = 0.00>
ST_4 : Operation 31 [1/1] (0.35ns)   --->   "%xor_ln248 = xor i7 %c_1, i7 64" [awn_int8.cpp:248]   --->   Operation 31 'xor' 'xor_ln248' <Predicate = true> <Delay = 0.35> <CoreInst = "LogicGate">   --->   Core 74 'LogicGate' <Latency = 0> <II = 1> <Delay = 0.35> <FuncUnit> <Opcode : 'and' 'or' 'xor'> <InPorts = 2> <OutPorts = 1>
ST_4 : Operation 32 [1/1] (0.00ns)   --->   "%zext_ln248 = zext i7 %xor_ln248" [awn_int8.cpp:248]   --->   Operation 32 'zext' 'zext_ln248' <Predicate = true> <Delay = 0.00>
ST_4 : Operation 33 [1/1] (0.00ns)   --->   "%cat_q_addr_1 = getelementptr i8 %cat_q, i64 0, i64 %zext_ln248" [awn_int8.cpp:248]   --->   Operation 33 'getelementptr' 'cat_q_addr_1' <Predicate = true> <Delay = 0.00>
ST_4 : Operation 34 [1/1] (1.23ns)   --->   "%store_ln248 = store i8 %trunc_ln20_1, i7 %cat_q_addr_1" [awn_int8.cpp:248]   --->   Operation 34 'store' 'store_ln248' <Predicate = true> <Delay = 1.23> <CoreInst = "RAM">   --->   Core 83 'RAM' <Latency = 1> <II = 1> <Delay = 1.23> <Storage> <Opcode : 'load' 'store'> <Ports = 2> <Width = 8> <Depth = 128> <RAM>
ST_4 : Operation 35 [1/1] (0.00ns)   --->   "%br_ln245 = br void %for.inc115" [awn_int8.cpp:245]   --->   Operation 35 'br' 'br_ln245' <Predicate = true> <Delay = 0.00>


============================================================
+ Verbose Summary: Timing violations
============================================================
Target clock period: 5.000ns, clock uncertainty: 1.350ns.

 <State 1>: 1.627ns
The critical path consists of the following:
	'store' operation 0 bit ('store_ln245', awn_int8.cpp:245) of constant 0 on local variable 'c', awn_int8.cpp:245 [5]  (0.427 ns)
	'load' operation 7 bit ('c', awn_int8.cpp:245) on local variable 'c', awn_int8.cpp:245 [8]  (0.000 ns)
	'icmp' operation 1 bit ('icmp_ln245', awn_int8.cpp:245) [9]  (0.773 ns)
	'store' operation 0 bit ('store_ln245', awn_int8.cpp:245) of variable 'add_ln245', awn_int8.cpp:245 on local variable 'c', awn_int8.cpp:245 [31]  (0.427 ns)

 <State 2>: 1.914ns
The critical path consists of the following:
	'load' operation 8 bit ('avg_d_q_load', awn_int8.cpp:246) on array 'avg_d_q' [18]  (0.677 ns)
	'store' operation 0 bit ('store_ln246', awn_int8.cpp:246) of variable 'avg_d_q_load', awn_int8.cpp:246 on array 'cat_q' [20]  (1.237 ns)

 <State 3>: 3.420ns
The critical path consists of the following:
	'mul' operation 39 bit ('mul_ln17', awn_int8.cpp:17->awn_int8.cpp:30->awn_int8.cpp:248) [24]  (3.420 ns)

 <State 4>: 2.269ns
The critical path consists of the following:
	'add' operation 39 bit ('sum', awn_int8.cpp:19->awn_int8.cpp:30->awn_int8.cpp:248) [25]  (1.032 ns)
	'store' operation 0 bit ('store_ln248', awn_int8.cpp:248) of variable 'trunc_ln20_1', awn_int8.cpp:20->awn_int8.cpp:30->awn_int8.cpp:248 on array 'cat_q' [30]  (1.237 ns)


============================================================
+ Verbose Summary: Binding
============================================================
N/A
* FSMD analyzer results:
  - Output states:
 - Input state : 
  - Chain level:
	State 1
	State 2
	State 3
	State 4


============================================================
+ Verbose Summary: Datapath Resource usage 
============================================================
N/A
