

================================================================
== Vitis HLS Report for 'awn_forward_Pipeline_VITIS_LOOP_255_8'
================================================================
* Date:           Sat May 30 20:40:56 2026

* Version:        2023.2 (Build 4023990 on Oct 11 2023)
* Project:        proj_awn_int8
* Solution:       solution1 (Vivado IP Flow Target)
* Product family: zynquplus
* Target device:  xczu7ev-ffvc1156-2-e


================================================================
== Performance Estimates
================================================================
+ Timing: 
    * Summary: 
    +--------+---------+----------+------------+
    |  Clock |  Target | Estimated| Uncertainty|
    +--------+---------+----------+------------+
    |ap_clk  |  5.00 ns|  3.420 ns|     1.35 ns|
    +--------+---------+----------+------------+

+ Latency: 
    * Summary: 
    +---------+---------+----------+----------+-----+-----+---------+
    |  Latency (cycles) |  Latency (absolute) |  Interval | Pipeline|
    |   min   |   max   |    min   |    max   | min | max |   Type  |
    +---------+---------+----------+----------+-----+-----+---------+
    |       36|       36|  0.180 us|  0.180 us|   36|   36|       no|
    +---------+---------+----------+----------+-----+-----+---------+

    + Detail: 
        * Instance: 
        N/A

        * Loop: 
        +--------------------+---------+---------+----------+-----------+-----------+------+----------+
        |                    |  Latency (cycles) | Iteration|  Initiation Interval  | Trip |          |
        |      Loop Name     |   min   |   max   |  Latency |  achieved |   target  | Count| Pipelined|
        +--------------------+---------+---------+----------+-----------+-----------+------+----------+
        |- VITIS_LOOP_255_8  |       34|       34|         4|          1|          1|    32|       yes|
        +--------------------+---------+---------+----------+-----------+-----------+------+----------+

============================================================
+ Verbose Summary: Synthesis Manager
============================================================
InlineROM: 1
ExposeGlobal: 0
============================================================
+ Verbose Summary: CDFG Model
============================================================
IsTopModel: 0
ResetActiveHigh: 1
IsCombinational: 0
IsDatapathOnly: 0
HasWiredReturn: 1
HasMFsm: 2
HasVarLatency: 1
IsPipeline: 0
IsRtlPipelined: 0
IsInstanceOverlapped: 0
IsDontTouch: 0
HasImplIP: 0
IsGatedGlobalClock: 0

+ Individual pipeline summary: 
  * Pipeline-0: initiation interval (II) = 1, depth = 4


============================================================
+ Verbose Summary: Schedule
============================================================
* Number of FSM states : 4
* Pipeline : 1
  Pipeline-0 : II = 1, D = 4, States = { 1 2 3 4 }
* Dataflow Pipeline: 0

* FSM state transitions: 
1 --> 2 
2 --> 3 
3 --> 4 
4 --> 

* FSM state operations: 

State 1 <SV = 0> <Delay = 1.63>
ST_1 : Operation 7 [1/1] (0.00ns)   --->   "%i = alloca i32 1" [awn_int8.cpp:255]   --->   Operation 7 'alloca' 'i' <Predicate = true> <Delay = 0.00>
ST_1 : Operation 8 [1/1] (0.42ns)   --->   "%store_ln255 = store i6 0, i6 %i" [awn_int8.cpp:255]   --->   Operation 8 'store' 'store_ln255' <Predicate = true> <Delay = 0.42>
ST_1 : Operation 9 [1/1] (0.00ns)   --->   "%br_ln0 = br void %for.inc130"   --->   Operation 9 'br' 'br_ln0' <Predicate = true> <Delay = 0.00>
ST_1 : Operation 10 [1/1] (0.00ns)   --->   "%i_3 = load i6 %i" [awn_int8.cpp:255]   --->   Operation 10 'load' 'i_3' <Predicate = true> <Delay = 0.00>
ST_1 : Operation 11 [1/1] (0.78ns)   --->   "%icmp_ln255 = icmp_eq  i6 %i_3, i6 32" [awn_int8.cpp:255]   --->   Operation 11 'icmp' 'icmp_ln255' <Predicate = true> <Delay = 0.78> <CoreInst = "Cmp">   --->   Core 9 'Cmp' <Latency = 0> <II = 1> <Delay = 0.78> <FuncUnit> <Opcode : 'icmp'> <InPorts = 2> <OutPorts = 1>
ST_1 : Operation 12 [1/1] (0.78ns)   --->   "%add_ln255 = add i6 %i_3, i6 1" [awn_int8.cpp:255]   --->   Operation 12 'add' 'add_ln255' <Predicate = true> <Delay = 0.78> <CoreInst = "Adder">   --->   Core 1 'Adder' <Latency = 0> <II = 1> <Delay = 0.78> <FuncUnit> <Opcode : 'add' 'sub'> <InPorts = 2> <OutPorts = 1>
ST_1 : Operation 13 [1/1] (0.00ns)   --->   "%br_ln255 = br i1 %icmp_ln255, void %for.inc130.split, void %for.end132.exitStub" [awn_int8.cpp:255]   --->   Operation 13 'br' 'br_ln255' <Predicate = true> <Delay = 0.00>
ST_1 : Operation 14 [1/1] (0.00ns)   --->   "%zext_ln255 = zext i6 %i_3" [awn_int8.cpp:255]   --->   Operation 14 'zext' 'zext_ln255' <Predicate = (!icmp_ln255)> <Delay = 0.00>
ST_1 : Operation 15 [1/1] (0.00ns)   --->   "%se0_acc_addr = getelementptr i21 %se0_acc, i64 0, i64 %zext_ln255" [awn_int8.cpp:256]   --->   Operation 15 'getelementptr' 'se0_acc_addr' <Predicate = (!icmp_ln255)> <Delay = 0.00>
ST_1 : Operation 16 [2/2] (0.67ns)   --->   "%se0_acc_load = load i5 %se0_acc_addr" [awn_int8.cpp:256]   --->   Operation 16 'load' 'se0_acc_load' <Predicate = (!icmp_ln255)> <Delay = 0.67> <CoreInst = "RAM">   --->   Core 83 'RAM' <Latency = 1> <II = 1> <Delay = 0.67> <Storage> <Opcode : 'load' 'store'> <Ports = 2> <Width = 21> <Depth = 32> <RAM>
ST_1 : Operation 17 [1/1] (0.42ns)   --->   "%store_ln255 = store i6 %add_ln255, i6 %i" [awn_int8.cpp:255]   --->   Operation 17 'store' 'store_ln255' <Predicate = (!icmp_ln255)> <Delay = 0.42>

State 2 <SV = 1> <Delay = 0.67>
ST_2 : Operation 18 [1/2] (0.67ns)   --->   "%se0_acc_load = load i5 %se0_acc_addr" [awn_int8.cpp:256]   --->   Operation 18 'load' 'se0_acc_load' <Predicate = true> <Delay = 0.67> <CoreInst = "RAM">   --->   Core 83 'RAM' <Latency = 1> <II = 1> <Delay = 0.67> <Storage> <Opcode : 'load' 'store'> <Ports = 2> <Width = 21> <Depth = 32> <RAM>

State 3 <SV = 2> <Delay = 3.42>
ST_3 : Operation 19 [1/1] (0.00ns)   --->   "%sext_ln17 = sext i21 %se0_acc_load" [awn_int8.cpp:17->awn_int8.cpp:30->awn_int8.cpp:256]   --->   Operation 19 'sext' 'sext_ln17' <Predicate = true> <Delay = 0.00>
ST_3 : Operation 20 [1/1] (3.42ns)   --->   "%prod = mul i52 %sext_ln17, i52 1209470204" [awn_int8.cpp:17->awn_int8.cpp:30->awn_int8.cpp:256]   --->   Operation 20 'mul' 'prod' <Predicate = true> <Delay = 3.42> <CoreInst = "Multiplier">   --->   Core 3 'Multiplier' <Latency = 0> <II = 1> <Delay = 3.42> <FuncUnit> <Opcode : 'mul'> <InPorts = 2> <OutPorts = 1>
ST_3 : Operation 39 [1/1] (0.00ns)   --->   "%ret_ln0 = ret"   --->   Operation 39 'ret' 'ret_ln0' <Predicate = (icmp_ln255)> <Delay = 0.00>

State 4 <SV = 3> <Delay = 3.36>
ST_4 : Operation 21 [1/1] (0.00ns)   --->   "%specpipeline_ln255 = specpipeline void @_ssdm_op_SpecPipeline, i32 4294967295, i32 0, i32 0, i32 0, void @empty_3" [awn_int8.cpp:255]   --->   Operation 21 'specpipeline' 'specpipeline_ln255' <Predicate = true> <Delay = 0.00>
ST_4 : Operation 22 [1/1] (0.00ns)   --->   "%speclooptripcount_ln255 = speclooptripcount void @_ssdm_op_SpecLoopTripCount, i64 32, i64 32, i64 32" [awn_int8.cpp:255]   --->   Operation 22 'speclooptripcount' 'speclooptripcount_ln255' <Predicate = true> <Delay = 0.00>
ST_4 : Operation 23 [1/1] (0.00ns)   --->   "%specloopname_ln255 = specloopname void @_ssdm_op_SpecLoopName, void @empty_6" [awn_int8.cpp:255]   --->   Operation 23 'specloopname' 'specloopname_ln255' <Predicate = true> <Delay = 0.00>
ST_4 : Operation 24 [1/1] (1.10ns)   --->   "%sum = add i52 %prod, i52 137438953472" [awn_int8.cpp:19->awn_int8.cpp:30->awn_int8.cpp:256]   --->   Operation 24 'add' 'sum' <Predicate = true> <Delay = 1.10> <CoreInst = "Adder">   --->   Core 1 'Adder' <Latency = 0> <II = 1> <Delay = 1.10> <FuncUnit> <Opcode : 'add' 'sub'> <InPorts = 2> <OutPorts = 1>
ST_4 : Operation 25 [1/1] (0.00ns)   --->   "%trunc_ln20_3 = partselect i14 @_ssdm_op_PartSelect.i14.i52.i32.i32, i52 %sum, i32 38, i32 51" [awn_int8.cpp:20->awn_int8.cpp:30->awn_int8.cpp:256]   --->   Operation 25 'partselect' 'trunc_ln20_3' <Predicate = true> <Delay = 0.00>
ST_4 : Operation 26 [1/1] (0.00ns)   --->   "%tmp = partselect i7 @_ssdm_op_PartSelect.i7.i52.i32.i32, i52 %sum, i32 45, i32 51" [awn_int8.cpp:24->awn_int8.cpp:30->awn_int8.cpp:256]   --->   Operation 26 'partselect' 'tmp' <Predicate = true> <Delay = 0.00>
ST_4 : Operation 27 [1/1] (0.77ns)   --->   "%icmp_ln24 = icmp_sgt  i7 %tmp, i7 0" [awn_int8.cpp:24->awn_int8.cpp:30->awn_int8.cpp:256]   --->   Operation 27 'icmp' 'icmp_ln24' <Predicate = true> <Delay = 0.77> <CoreInst = "Cmp">   --->   Core 9 'Cmp' <Latency = 0> <II = 1> <Delay = 0.77> <FuncUnit> <Opcode : 'icmp'> <InPorts = 2> <OutPorts = 1>
ST_4 : Operation 28 [1/1] (0.83ns)   --->   "%icmp_ln25 = icmp_slt  i14 %trunc_ln20_3, i14 16256" [awn_int8.cpp:25->awn_int8.cpp:30->awn_int8.cpp:256]   --->   Operation 28 'icmp' 'icmp_ln25' <Predicate = true> <Delay = 0.83> <CoreInst = "Cmp">   --->   Core 9 'Cmp' <Latency = 0> <II = 1> <Delay = 0.83> <FuncUnit> <Opcode : 'icmp'> <InPorts = 2> <OutPorts = 1>
ST_4 : Operation 29 [1/1] (0.00ns) (grouped into LUT with out node r)   --->   "%trunc_ln26_3 = partselect i8 @_ssdm_op_PartSelect.i8.i52.i32.i32, i52 %sum, i32 38, i32 45" [awn_int8.cpp:26->awn_int8.cpp:30->awn_int8.cpp:256]   --->   Operation 29 'partselect' 'trunc_ln26_3' <Predicate = true> <Delay = 0.00>
ST_4 : Operation 30 [1/1] (0.00ns) (grouped into LUT with out node r)   --->   "%select_ln24 = select i1 %icmp_ln24, i8 127, i8 128" [awn_int8.cpp:24->awn_int8.cpp:30->awn_int8.cpp:256]   --->   Operation 30 'select' 'select_ln24' <Predicate = true> <Delay = 0.00> <CoreInst = "Sel">   --->   Core 73 'Sel' <Latency = 0> <II = 1> <Delay = 0.39> <FuncUnit> <Opcode : 'select'> <InPorts = 3> <OutPorts = 1>
ST_4 : Operation 31 [1/1] (0.00ns) (grouped into LUT with out node r)   --->   "%or_ln24 = or i1 %icmp_ln24, i1 %icmp_ln25" [awn_int8.cpp:24->awn_int8.cpp:30->awn_int8.cpp:256]   --->   Operation 31 'or' 'or_ln24' <Predicate = true> <Delay = 0.00> <CoreInst = "LogicGate">   --->   Core 74 'LogicGate' <Latency = 0> <II = 1> <Delay = 0.28> <FuncUnit> <Opcode : 'and' 'or' 'xor'> <InPorts = 2> <OutPorts = 1>
ST_4 : Operation 32 [1/1] (0.39ns) (out node of the LUT)   --->   "%r = select i1 %or_ln24, i8 %select_ln24, i8 %trunc_ln26_3" [awn_int8.cpp:24->awn_int8.cpp:30->awn_int8.cpp:256]   --->   Operation 32 'select' 'r' <Predicate = true> <Delay = 0.39> <CoreInst = "Sel">   --->   Core 73 'Sel' <Latency = 0> <II = 1> <Delay = 0.39> <FuncUnit> <Opcode : 'select'> <InPorts = 3> <OutPorts = 1>
ST_4 : Operation 33 [1/1] (0.00ns)   --->   "%trunc_ln256 = trunc i8 %r" [awn_int8.cpp:256]   --->   Operation 33 'trunc' 'trunc_ln256' <Predicate = true> <Delay = 0.00>
ST_4 : Operation 34 [1/1] (0.00ns)   --->   "%tmp_273 = bitselect i1 @_ssdm_op_BitSelect.i1.i8.i32, i8 %r, i32 7" [awn_int8.cpp:40->awn_int8.cpp:257]   --->   Operation 34 'bitselect' 'tmp_273' <Predicate = true> <Delay = 0.00>
ST_4 : Operation 35 [1/1] (0.36ns)   --->   "%select_ln40 = select i1 %tmp_273, i7 0, i7 %trunc_ln256" [awn_int8.cpp:40->awn_int8.cpp:257]   --->   Operation 35 'select' 'select_ln40' <Predicate = true> <Delay = 0.36> <CoreInst = "Sel">   --->   Core 73 'Sel' <Latency = 0> <II = 1> <Delay = 0.36> <FuncUnit> <Opcode : 'select'> <InPorts = 3> <OutPorts = 1>
ST_4 : Operation 36 [1/1] (0.00ns)   --->   "%se0_q_addr = getelementptr i7 %se0_q, i64 0, i64 %zext_ln255" [awn_int8.cpp:257]   --->   Operation 36 'getelementptr' 'se0_q_addr' <Predicate = true> <Delay = 0.00>
ST_4 : Operation 37 [1/1] (0.67ns)   --->   "%store_ln257 = store i7 %select_ln40, i5 %se0_q_addr" [awn_int8.cpp:257]   --->   Operation 37 'store' 'store_ln257' <Predicate = true> <Delay = 0.67> <CoreInst = "RAM">   --->   Core 83 'RAM' <Latency = 1> <II = 1> <Delay = 0.67> <Storage> <Opcode : 'load' 'store'> <Ports = 2> <Width = 7> <Depth = 32> <RAM>
ST_4 : Operation 38 [1/1] (0.00ns)   --->   "%br_ln255 = br void %for.inc130" [awn_int8.cpp:255]   --->   Operation 38 'br' 'br_ln255' <Predicate = true> <Delay = 0.00>


============================================================
+ Verbose Summary: Timing violations
============================================================
Target clock period: 5.000ns, clock uncertainty: 1.350ns.

 <State 1>: 1.635ns
The critical path consists of the following:
	'store' operation 0 bit ('store_ln255', awn_int8.cpp:255) of constant 0 on local variable 'i', awn_int8.cpp:255 [4]  (0.427 ns)
	'load' operation 6 bit ('i', awn_int8.cpp:255) on local variable 'i', awn_int8.cpp:255 [7]  (0.000 ns)
	'icmp' operation 1 bit ('icmp_ln255', awn_int8.cpp:255) [8]  (0.781 ns)
	'store' operation 0 bit ('store_ln255', awn_int8.cpp:255) of variable 'add_ln255', awn_int8.cpp:255 on local variable 'i', awn_int8.cpp:255 [34]  (0.427 ns)

 <State 2>: 0.677ns
The critical path consists of the following:
	'load' operation 21 bit ('acc', awn_int8.cpp:256) on array 'se0_acc' [17]  (0.677 ns)

 <State 3>: 3.420ns
The critical path consists of the following:
	'mul' operation 52 bit ('prod', awn_int8.cpp:17->awn_int8.cpp:30->awn_int8.cpp:256) [19]  (3.420 ns)

 <State 4>: 3.362ns
The critical path consists of the following:
	'add' operation 52 bit ('sum', awn_int8.cpp:19->awn_int8.cpp:30->awn_int8.cpp:256) [20]  (1.101 ns)
	'icmp' operation 1 bit ('icmp_ln25', awn_int8.cpp:25->awn_int8.cpp:30->awn_int8.cpp:256) [24]  (0.831 ns)
	'or' operation 1 bit ('or_ln24', awn_int8.cpp:24->awn_int8.cpp:30->awn_int8.cpp:256) [27]  (0.000 ns)
	'select' operation 8 bit ('r', awn_int8.cpp:24->awn_int8.cpp:30->awn_int8.cpp:256) [28]  (0.393 ns)
	'select' operation 7 bit ('select_ln40', awn_int8.cpp:40->awn_int8.cpp:257) [31]  (0.360 ns)
	'store' operation 0 bit ('store_ln257', awn_int8.cpp:257) of variable 'select_ln40', awn_int8.cpp:40->awn_int8.cpp:257 on array 'se0_q' [33]  (0.677 ns)


============================================================
+ Verbose Summary: Binding
============================================================
N/A
* FSMD analyzer results:
  - Output states:
 - Input state : 
  - Chain level:
	State 1
	State 2
	State 3
	State 4


============================================================
+ Verbose Summary: Datapath Resource usage 
============================================================
N/A
