

================================================================
== Vitis HLS Report for 'awn_forward_Pipeline_VITIS_LOOP_269_10'
================================================================
* Date:           Sat May 30 20:43:19 2026

* Version:        2023.2 (Build 4023990 on Oct 11 2023)
* Project:        proj_awn_int8
* Solution:       solution1 (Vivado IP Flow Target)
* Product family: zynquplus
* Target device:  xczu7ev-ffvc1156-2-e


================================================================
== Performance Estimates
================================================================
+ Timing: 
    * Summary: 
    +--------+---------+----------+------------+
    |  Clock |  Target | Estimated| Uncertainty|
    +--------+---------+----------+------------+
    |ap_clk  |  5.00 ns|  3.482 ns|     1.35 ns|
    +--------+---------+----------+------------+

+ Latency: 
    * Summary: 
    +---------+---------+----------+----------+-----+-----+---------+
    |  Latency (cycles) |  Latency (absolute) |  Interval | Pipeline|
    |   min   |   max   |    min   |    max   | min | max |   Type  |
    +---------+---------+----------+----------+-----+-----+---------+
    |      132|      132|  0.660 us|  0.660 us|  132|  132|       no|
    +---------+---------+----------+----------+-----+-----+---------+

    + Detail: 
        * Instance: 
        N/A

        * Loop: 
        +---------------------+---------+---------+----------+-----------+-----------+------+----------+
        |                     |  Latency (cycles) | Iteration|  Initiation Interval  | Trip |          |
        |      Loop Name      |   min   |   max   |  Latency |  achieved |   target  | Count| Pipelined|
        +---------------------+---------+---------+----------+-----------+-----------+------+----------+
        |- VITIS_LOOP_269_10  |      130|      130|         4|          1|          1|   128|       yes|
        +---------------------+---------+---------+----------+-----------+-----------+------+----------+



================================================================
== Utilization Estimates
================================================================
* Summary: 
+-----------------+---------+------+--------+--------+-----+
|       Name      | BRAM_18K|  DSP |   FF   |   LUT  | URAM|
+-----------------+---------+------+--------+--------+-----+
|DSP              |        -|     -|       -|       -|    -|
|Expression       |        -|     -|       0|     130|    -|
|FIFO             |        -|     -|       -|       -|    -|
|Instance         |        -|     2|       0|      60|    -|
|Memory           |        -|     -|       -|       -|    -|
|Multiplexer      |        -|     -|       -|      36|    -|
|Register         |        -|     -|     148|      32|    -|
+-----------------+---------+------+--------+--------+-----+
|Total            |        0|     2|     148|     258|    0|
+-----------------+---------+------+--------+--------+-----+
|Available        |      624|  1728|  460800|  230400|   96|
+-----------------+---------+------+--------+--------+-----+
|Utilization (%)  |        0|    ~0|      ~0|      ~0|    0|
+-----------------+---------+------+--------+--------+-----+

+ Detail: 
    * Instance: 
    +----------------------------+---------------------+---------+----+---+----+-----+
    |          Instance          |        Module       | BRAM_18K| DSP| FF| LUT| URAM|
    +----------------------------+---------------------+---------+----+---+----+-----+
    |mul_15s_32ns_46_1_1_U11351  |mul_15s_32ns_46_1_1  |        0|   2|  0|  20|    0|
    |mul_8s_7ns_15_1_1_U11352    |mul_8s_7ns_15_1_1    |        0|   0|  0|  40|    0|
    +----------------------------+---------------------+---------+----+---+----+-----+
    |Total                       |                     |        0|   2|  0|  60|    0|
    +----------------------------+---------------------+---------+----+---+----+-----+

    * DSP: 
    N/A

    * Memory: 
    N/A

    * FIFO: 
    N/A

    * Expression: 
    +-----------------------+----------+----+---+----+------------+------------+
    |     Variable Name     | Operation| DSP| FF| LUT| Bitwidth P0| Bitwidth P1|
    +-----------------------+----------+----+---+----+------------+------------+
    |add_ln269_fu_116_p2    |         +|   0|  0|  15|           8|           1|
    |sum_fu_151_p2          |         +|   0|  0|  53|          46|          37|
    |icmp_ln24_fu_176_p2    |      icmp|   0|  0|   9|           2|           1|
    |icmp_ln25_fu_182_p2    |      icmp|   0|  0|  16|           9|           9|
    |icmp_ln269_fu_110_p2   |      icmp|   0|  0|  16|           8|           9|
    |or_ln24_fu_206_p2      |        or|   0|  0|   2|           1|           1|
    |se_mul_q_d0            |    select|   0|  0|   8|           1|           8|
    |select_ln24_fu_198_p3  |    select|   0|  0|   9|           1|           7|
    |ap_enable_pp0          |       xor|   0|  0|   2|           1|           2|
    +-----------------------+----------+----+---+----+------------+------------+
    |Total                  |          |   0|  0| 130|          77|          75|
    +-----------------------+----------+----+---+----+------------+------------+

    * Multiplexer: 
    +-------------------------+----+-----------+-----+-----------+
    |           Name          | LUT| Input Size| Bits| Total Bits|
    +-------------------------+----+-----------+-----+-----------+
    |ap_done_int              |   9|          2|    1|          2|
    |ap_enable_reg_pp0_iter1  |   9|          2|    1|          2|
    |ap_sig_allocacmp_i       |   9|          2|    8|         16|
    |i_2_fu_54                |   9|          2|    8|         16|
    +-------------------------+----+-----------+-----+-----------+
    |Total                    |  36|          8|   18|         36|
    +-------------------------+----+-----------+-----+-----------+

    * Register: 
    +----------------------------------+----+----+-----+-----------+
    |               Name               | FF | LUT| Bits| Const Bits|
    +----------------------------------+----+----+-----+-----------+
    |ap_CS_fsm                         |   1|   0|    1|          0|
    |ap_done_reg                       |   1|   0|    1|          0|
    |ap_enable_reg_pp0_iter1           |   1|   0|    1|          0|
    |ap_enable_reg_pp0_iter2           |   1|   0|    1|          0|
    |ap_enable_reg_pp0_iter3           |   1|   0|    1|          0|
    |ap_loop_exit_ready_pp0_iter1_reg  |   1|   0|    1|          0|
    |ap_loop_exit_ready_pp0_iter2_reg  |   1|   0|    1|          0|
    |i_2_fu_54                         |   8|   0|    8|          0|
    |mul_ln17_reg_252                  |  46|   0|   46|          0|
    |prod_reg_247                      |  15|   0|   15|          0|
    |zext_ln269_reg_232                |   8|   0|   64|         56|
    |zext_ln269_reg_232                |  64|  32|   64|         56|
    +----------------------------------+----+----+-----+-----------+
    |Total                             | 148|  32|  204|        112|
    +----------------------------------+----+----+-----+-----------+



================================================================
== Interface
================================================================
* Summary: 
+-------------------+-----+-----+------------+----------------------------------------+--------------+
|     RTL Ports     | Dir | Bits|  Protocol  |              Source Object             |    C Type    |
+-------------------+-----+-----+------------+----------------------------------------+--------------+
|ap_clk             |   in|    1|  ap_ctrl_hs|  awn_forward_Pipeline_VITIS_LOOP_269_10|  return value|
|ap_rst             |   in|    1|  ap_ctrl_hs|  awn_forward_Pipeline_VITIS_LOOP_269_10|  return value|
|ap_start           |   in|    1|  ap_ctrl_hs|  awn_forward_Pipeline_VITIS_LOOP_269_10|  return value|
|ap_done            |  out|    1|  ap_ctrl_hs|  awn_forward_Pipeline_VITIS_LOOP_269_10|  return value|
|ap_idle            |  out|    1|  ap_ctrl_hs|  awn_forward_Pipeline_VITIS_LOOP_269_10|  return value|
|ap_ready           |  out|    1|  ap_ctrl_hs|  awn_forward_Pipeline_VITIS_LOOP_269_10|  return value|
|sig_q_address0     |  out|    7|   ap_memory|                                   sig_q|         array|
|sig_q_ce0          |  out|    1|   ap_memory|                                   sig_q|         array|
|sig_q_q0           |   in|    7|   ap_memory|                                   sig_q|         array|
|cat_q_address0     |  out|    7|   ap_memory|                                   cat_q|         array|
|cat_q_ce0          |  out|    1|   ap_memory|                                   cat_q|         array|
|cat_q_q0           |   in|    8|   ap_memory|                                   cat_q|         array|
|se_mul_q_address0  |  out|    7|   ap_memory|                                se_mul_q|         array|
|se_mul_q_ce0       |  out|    1|   ap_memory|                                se_mul_q|         array|
|se_mul_q_we0       |  out|    1|   ap_memory|                                se_mul_q|         array|
|se_mul_q_d0        |  out|    8|   ap_memory|                                se_mul_q|         array|
+-------------------+-----+-----+------------+----------------------------------------+--------------+

============================================================
+ Verbose Summary: Synthesis Manager
============================================================
InlineROM: 1
ExposeGlobal: 0
============================================================
+ Verbose Summary: CDFG Model
============================================================
IsTopModel: 0
ResetActiveHigh: 1
IsCombinational: 2
IsDatapathOnly: 2
HasWiredReturn: 1
HasMFsm: 2
HasVarLatency: 1
IsPipeline: 0
IsRtlPipelined: 0
IsInstanceOverlapped: 0
IsDontTouch: 0
HasImplIP: 0
IsGatedGlobalClock: 0

+ Individual pipeline summary: 
  * Pipeline-0: initiation interval (II) = 1, depth = 4


============================================================
+ Verbose Summary: Schedule
============================================================
* Number of FSM states : 4
* Pipeline : 1
  Pipeline-0 : II = 1, D = 4, States = { 1 2 3 4 }
* Dataflow Pipeline: 0

* FSM state transitions: 
1 --> 2 
2 --> 3 
3 --> 4 
4 --> 

* FSM state operations: 

State 1 <SV = 0> <Delay = 1.66>
ST_1 : Operation 7 [1/1] (0.00ns)   --->   "%i_2 = alloca i32 1" [awn_int8.cpp:269]   --->   Operation 7 'alloca' 'i_2' <Predicate = true> <Delay = 0.00>
ST_1 : Operation 8 [1/1] (0.42ns)   --->   "%store_ln269 = store i8 0, i8 %i_2" [awn_int8.cpp:269]   --->   Operation 8 'store' 'store_ln269' <Predicate = true> <Delay = 0.42>
ST_1 : Operation 9 [1/1] (0.00ns)   --->   "%br_ln0 = br void %for.inc165"   --->   Operation 9 'br' 'br_ln0' <Predicate = true> <Delay = 0.00>
ST_1 : Operation 10 [1/1] (0.00ns)   --->   "%i = load i8 %i_2" [awn_int8.cpp:269]   --->   Operation 10 'load' 'i' <Predicate = true> <Delay = 0.00>
ST_1 : Operation 11 [1/1] (0.76ns)   --->   "%icmp_ln269 = icmp_eq  i8 %i, i8 128" [awn_int8.cpp:269]   --->   Operation 11 'icmp' 'icmp_ln269' <Predicate = true> <Delay = 0.76> <CoreInst = "Cmp">   --->   Core 9 'Cmp' <Latency = 0> <II = 1> <Delay = 0.77> <FuncUnit> <Opcode : 'icmp'> <InPorts = 2> <OutPorts = 1>
ST_1 : Operation 12 [1/1] (0.76ns)   --->   "%add_ln269 = add i8 %i, i8 1" [awn_int8.cpp:269]   --->   Operation 12 'add' 'add_ln269' <Predicate = true> <Delay = 0.76> <CoreInst = "Adder">   --->   Core 1 'Adder' <Latency = 0> <II = 1> <Delay = 0.76> <FuncUnit> <Opcode : 'add' 'sub'> <InPorts = 2> <OutPorts = 1>
ST_1 : Operation 13 [1/1] (0.00ns)   --->   "%br_ln269 = br i1 %icmp_ln269, void %for.inc165.split, void %for.end167.exitStub" [awn_int8.cpp:269]   --->   Operation 13 'br' 'br_ln269' <Predicate = true> <Delay = 0.00>
ST_1 : Operation 14 [1/1] (0.00ns)   --->   "%zext_ln269 = zext i8 %i" [awn_int8.cpp:269]   --->   Operation 14 'zext' 'zext_ln269' <Predicate = (!icmp_ln269)> <Delay = 0.00>
ST_1 : Operation 15 [1/1] (0.00ns)   --->   "%sig_q_addr = getelementptr i7 %sig_q, i64 0, i64 %zext_ln269" [awn_int8.cpp:270]   --->   Operation 15 'getelementptr' 'sig_q_addr' <Predicate = (!icmp_ln269)> <Delay = 0.00>
ST_1 : Operation 16 [2/2] (0.67ns)   --->   "%sig_q_load = load i7 %sig_q_addr" [awn_int8.cpp:270]   --->   Operation 16 'load' 'sig_q_load' <Predicate = (!icmp_ln269)> <Delay = 0.67> <CoreInst = "RAM">   --->   Core 83 'RAM' <Latency = 1> <II = 1> <Delay = 0.67> <Storage> <Opcode : 'load' 'store'> <Ports = 2> <Width = 7> <Depth = 128> <RAM>
ST_1 : Operation 17 [1/1] (0.00ns)   --->   "%cat_q_addr = getelementptr i8 %cat_q, i64 0, i64 %zext_ln269" [awn_int8.cpp:270]   --->   Operation 17 'getelementptr' 'cat_q_addr' <Predicate = (!icmp_ln269)> <Delay = 0.00>
ST_1 : Operation 18 [2/2] (1.23ns)   --->   "%cat_q_load = load i7 %cat_q_addr" [awn_int8.cpp:270]   --->   Operation 18 'load' 'cat_q_load' <Predicate = (!icmp_ln269)> <Delay = 1.23> <CoreInst = "RAM">   --->   Core 83 'RAM' <Latency = 1> <II = 1> <Delay = 1.23> <Storage> <Opcode : 'load' 'store'> <Ports = 2> <Width = 8> <Depth = 128> <RAM>
ST_1 : Operation 19 [1/1] (0.42ns)   --->   "%store_ln269 = store i8 %add_ln269, i8 %i_2" [awn_int8.cpp:269]   --->   Operation 19 'store' 'store_ln269' <Predicate = (!icmp_ln269)> <Delay = 0.42>

State 2 <SV = 1> <Delay = 2.88>
ST_2 : Operation 20 [1/2] (0.67ns)   --->   "%sig_q_load = load i7 %sig_q_addr" [awn_int8.cpp:270]   --->   Operation 20 'load' 'sig_q_load' <Predicate = true> <Delay = 0.67> <CoreInst = "RAM">   --->   Core 83 'RAM' <Latency = 1> <II = 1> <Delay = 0.67> <Storage> <Opcode : 'load' 'store'> <Ports = 2> <Width = 7> <Depth = 128> <RAM>
ST_2 : Operation 21 [1/1] (0.00ns)   --->   "%zext_ln270 = zext i7 %sig_q_load" [awn_int8.cpp:270]   --->   Operation 21 'zext' 'zext_ln270' <Predicate = true> <Delay = 0.00>
ST_2 : Operation 22 [1/2] (1.23ns)   --->   "%cat_q_load = load i7 %cat_q_addr" [awn_int8.cpp:270]   --->   Operation 22 'load' 'cat_q_load' <Predicate = true> <Delay = 1.23> <CoreInst = "RAM">   --->   Core 83 'RAM' <Latency = 1> <II = 1> <Delay = 1.23> <Storage> <Opcode : 'load' 'store'> <Ports = 2> <Width = 8> <Depth = 128> <RAM>
ST_2 : Operation 23 [1/1] (0.00ns)   --->   "%sext_ln270 = sext i8 %cat_q_load" [awn_int8.cpp:270]   --->   Operation 23 'sext' 'sext_ln270' <Predicate = true> <Delay = 0.00>
ST_2 : Operation 24 [1/1] (1.65ns)   --->   "%prod = mul i15 %sext_ln270, i15 %zext_ln270" [awn_int8.cpp:270]   --->   Operation 24 'mul' 'prod' <Predicate = true> <Delay = 1.65> <CoreInst = "Multiplier">   --->   Core 3 'Multiplier' <Latency = 0> <II = 1> <Delay = 1.65> <FuncUnit> <Opcode : 'mul'> <InPorts = 2> <OutPorts = 1>

State 3 <SV = 2> <Delay = 3.42>
ST_3 : Operation 25 [1/1] (0.00ns)   --->   "%sext_ln17 = sext i15 %prod" [awn_int8.cpp:17->awn_int8.cpp:30->awn_int8.cpp:271]   --->   Operation 25 'sext' 'sext_ln17' <Predicate = true> <Delay = 0.00>
ST_3 : Operation 26 [1/1] (3.42ns)   --->   "%mul_ln17 = mul i46 %sext_ln17, i46 1198996078" [awn_int8.cpp:17->awn_int8.cpp:30->awn_int8.cpp:271]   --->   Operation 26 'mul' 'mul_ln17' <Predicate = true> <Delay = 3.42> <CoreInst = "Multiplier">   --->   Core 3 'Multiplier' <Latency = 0> <II = 1> <Delay = 3.42> <FuncUnit> <Opcode : 'mul'> <InPorts = 2> <OutPorts = 1>
ST_3 : Operation 42 [1/1] (0.00ns)   --->   "%ret_ln0 = ret"   --->   Operation 42 'ret' 'ret_ln0' <Predicate = (icmp_ln269)> <Delay = 0.00>

State 4 <SV = 3> <Delay = 3.48>
ST_4 : Operation 27 [1/1] (0.00ns)   --->   "%specpipeline_ln269 = specpipeline void @_ssdm_op_SpecPipeline, i32 4294967295, i32 0, i32 0, i32 0, void @empty_3" [awn_int8.cpp:269]   --->   Operation 27 'specpipeline' 'specpipeline_ln269' <Predicate = true> <Delay = 0.00>
ST_4 : Operation 28 [1/1] (0.00ns)   --->   "%speclooptripcount_ln269 = speclooptripcount void @_ssdm_op_SpecLoopTripCount, i64 128, i64 128, i64 128" [awn_int8.cpp:269]   --->   Operation 28 'speclooptripcount' 'speclooptripcount_ln269' <Predicate = true> <Delay = 0.00>
ST_4 : Operation 29 [1/1] (0.00ns)   --->   "%specloopname_ln269 = specloopname void @_ssdm_op_SpecLoopName, void @empty_0" [awn_int8.cpp:269]   --->   Operation 29 'specloopname' 'specloopname_ln269' <Predicate = true> <Delay = 0.00>
ST_4 : Operation 30 [1/1] (1.07ns)   --->   "%sum = add i46 %mul_ln17, i46 68719476736" [awn_int8.cpp:19->awn_int8.cpp:30->awn_int8.cpp:271]   --->   Operation 30 'add' 'sum' <Predicate = true> <Delay = 1.07> <CoreInst = "Adder">   --->   Core 1 'Adder' <Latency = 0> <II = 1> <Delay = 1.07> <FuncUnit> <Opcode : 'add' 'sub'> <InPorts = 2> <OutPorts = 1>
ST_4 : Operation 31 [1/1] (0.00ns)   --->   "%trunc_ln20_5 = partselect i9 @_ssdm_op_PartSelect.i9.i46.i32.i32, i46 %sum, i32 37, i32 45" [awn_int8.cpp:20->awn_int8.cpp:30->awn_int8.cpp:271]   --->   Operation 31 'partselect' 'trunc_ln20_5' <Predicate = true> <Delay = 0.00>
ST_4 : Operation 32 [1/1] (0.00ns)   --->   "%tmp = partselect i2 @_ssdm_op_PartSelect.i2.i46.i32.i32, i46 %sum, i32 44, i32 45" [awn_int8.cpp:24->awn_int8.cpp:30->awn_int8.cpp:271]   --->   Operation 32 'partselect' 'tmp' <Predicate = true> <Delay = 0.00>
ST_4 : Operation 33 [1/1] (0.54ns)   --->   "%icmp_ln24 = icmp_eq  i2 %tmp, i2 1" [awn_int8.cpp:24->awn_int8.cpp:30->awn_int8.cpp:271]   --->   Operation 33 'icmp' 'icmp_ln24' <Predicate = true> <Delay = 0.54> <CoreInst = "Cmp">   --->   Core 9 'Cmp' <Latency = 0> <II = 1> <Delay = 0.54> <FuncUnit> <Opcode : 'icmp'> <InPorts = 2> <OutPorts = 1>
ST_4 : Operation 34 [1/1] (0.77ns)   --->   "%icmp_ln25 = icmp_slt  i9 %trunc_ln20_5, i9 384" [awn_int8.cpp:25->awn_int8.cpp:30->awn_int8.cpp:271]   --->   Operation 34 'icmp' 'icmp_ln25' <Predicate = true> <Delay = 0.77> <CoreInst = "Cmp">   --->   Core 9 'Cmp' <Latency = 0> <II = 1> <Delay = 0.77> <FuncUnit> <Opcode : 'icmp'> <InPorts = 2> <OutPorts = 1>
ST_4 : Operation 35 [1/1] (0.00ns) (grouped into LUT with out node select_ln24_5)   --->   "%trunc_ln26_5 = partselect i8 @_ssdm_op_PartSelect.i8.i46.i32.i32, i46 %sum, i32 37, i32 44" [awn_int8.cpp:26->awn_int8.cpp:30->awn_int8.cpp:271]   --->   Operation 35 'partselect' 'trunc_ln26_5' <Predicate = true> <Delay = 0.00>
ST_4 : Operation 36 [1/1] (0.00ns) (grouped into LUT with out node select_ln24_5)   --->   "%select_ln24 = select i1 %icmp_ln24, i8 127, i8 128" [awn_int8.cpp:24->awn_int8.cpp:30->awn_int8.cpp:271]   --->   Operation 36 'select' 'select_ln24' <Predicate = true> <Delay = 0.00> <CoreInst = "Sel">   --->   Core 73 'Sel' <Latency = 0> <II = 1> <Delay = 0.39> <FuncUnit> <Opcode : 'select'> <InPorts = 3> <OutPorts = 1>
ST_4 : Operation 37 [1/1] (0.00ns) (grouped into LUT with out node select_ln24_5)   --->   "%or_ln24 = or i1 %icmp_ln24, i1 %icmp_ln25" [awn_int8.cpp:24->awn_int8.cpp:30->awn_int8.cpp:271]   --->   Operation 37 'or' 'or_ln24' <Predicate = true> <Delay = 0.00> <CoreInst = "LogicGate">   --->   Core 74 'LogicGate' <Latency = 0> <II = 1> <Delay = 0.28> <FuncUnit> <Opcode : 'and' 'or' 'xor'> <InPorts = 2> <OutPorts = 1>
ST_4 : Operation 38 [1/1] (0.39ns) (out node of the LUT)   --->   "%select_ln24_5 = select i1 %or_ln24, i8 %select_ln24, i8 %trunc_ln26_5" [awn_int8.cpp:24->awn_int8.cpp:30->awn_int8.cpp:271]   --->   Operation 38 'select' 'select_ln24_5' <Predicate = true> <Delay = 0.39> <CoreInst = "Sel">   --->   Core 73 'Sel' <Latency = 0> <II = 1> <Delay = 0.39> <FuncUnit> <Opcode : 'select'> <InPorts = 3> <OutPorts = 1>
ST_4 : Operation 39 [1/1] (0.00ns)   --->   "%se_mul_q_addr = getelementptr i8 %se_mul_q, i64 0, i64 %zext_ln269" [awn_int8.cpp:271]   --->   Operation 39 'getelementptr' 'se_mul_q_addr' <Predicate = true> <Delay = 0.00>
ST_4 : Operation 40 [1/1] (1.23ns)   --->   "%store_ln271 = store i8 %select_ln24_5, i7 %se_mul_q_addr" [awn_int8.cpp:271]   --->   Operation 40 'store' 'store_ln271' <Predicate = true> <Delay = 1.23> <CoreInst = "RAM">   --->   Core 83 'RAM' <Latency = 1> <II = 1> <Delay = 1.23> <Storage> <Opcode : 'load' 'store'> <Ports = 2> <Width = 8> <Depth = 128> <RAM>
ST_4 : Operation 41 [1/1] (0.00ns)   --->   "%br_ln269 = br void %for.inc165" [awn_int8.cpp:269]   --->   Operation 41 'br' 'br_ln269' <Predicate = true> <Delay = 0.00>


============================================================
+ Verbose Summary: Binding
============================================================
STG Binding: 
---------------- STG Properties BEGIN ----------------
- Is combinational: 0
- Is one-state seq: 0
- Is datapath-only: 0
- Is pipelined: 0
- Is top level: 0
Port [ Return ] is wired: 1; IO mode=ap_ctrl_hs:ce=0
Port [ sig_q]:  wired=1; compound=1; hidden=0; nouse=0; global=0; static=0; extern=0; dir=0; type=1; pingpong=0; private_global=0; MemPort=[13]; IO mode=ap_memory:ce=0
Port [ cat_q]:  wired=1; compound=1; hidden=0; nouse=0; global=0; static=0; extern=0; dir=0; type=1; pingpong=0; private_global=0; MemPort=[13]; IO mode=ap_memory:ce=0
Port [ se_mul_q]:  wired=1; compound=1; hidden=0; nouse=0; global=0; static=0; extern=0; dir=1; type=1; pingpong=0; private_global=0; MemPort=[03]; IO mode=ap_memory:ce=0
---------------- STG Properties END ------------------

---------------- Datapath Model BEGIN ----------------

<LifeTime>
<method=bitvector/>
i_2                     (alloca           ) [ 01000]
store_ln269             (store            ) [ 00000]
br_ln0                  (br               ) [ 00000]
i                       (load             ) [ 00000]
icmp_ln269              (icmp             ) [ 01110]
add_ln269               (add              ) [ 00000]
br_ln269                (br               ) [ 00000]
zext_ln269              (zext             ) [ 01111]
sig_q_addr              (getelementptr    ) [ 01100]
cat_q_addr              (getelementptr    ) [ 01100]
store_ln269             (store            ) [ 00000]
sig_q_load              (load             ) [ 00000]
zext_ln270              (zext             ) [ 00000]
cat_q_load              (load             ) [ 00000]
sext_ln270              (sext             ) [ 00000]
prod                    (mul              ) [ 01010]
sext_ln17               (sext             ) [ 00000]
mul_ln17                (mul              ) [ 01001]
specpipeline_ln269      (specpipeline     ) [ 00000]
speclooptripcount_ln269 (speclooptripcount) [ 00000]
specloopname_ln269      (specloopname     ) [ 00000]
sum                     (add              ) [ 00000]
trunc_ln20_5            (partselect       ) [ 00000]
tmp                     (partselect       ) [ 00000]
icmp_ln24               (icmp             ) [ 00000]
icmp_ln25               (icmp             ) [ 00000]
trunc_ln26_5            (partselect       ) [ 00000]
select_ln24             (select           ) [ 00000]
or_ln24                 (or               ) [ 00000]
select_ln24_5           (select           ) [ 00000]
se_mul_q_addr           (getelementptr    ) [ 00000]
store_ln271             (store            ) [ 00000]
br_ln269                (br               ) [ 00000]
ret_ln0                 (ret              ) [ 00000]
</LifeTime>

<model>

<comp_list>
<comp id="0" class="1000" name="sig_q">
<pin_list>
<pin id="1" dir="1" index="0" bw="1" slack="0"/>
</pin_list>
<bind>
<StgValue><ssdm name="sig_q"/><MemPortTyVec>1 3 </MemPortTyVec>
</StgValue>
</bind>
</comp>

<comp id="2" class="1000" name="cat_q">
<pin_list>
<pin id="3" dir="1" index="0" bw="1" slack="0"/>
</pin_list>
<bind>
<StgValue><ssdm name="cat_q"/><MemPortTyVec>1 3 </MemPortTyVec>
</StgValue>
</bind>
</comp>

<comp id="4" class="1000" name="se_mul_q">
<pin_list>
<pin id="5" dir="1" index="0" bw="1" slack="0"/>
</pin_list>
<bind>
<StgValue><ssdm name="se_mul_q"/><MemPortTyVec>0 3 </MemPortTyVec>
</StgValue>
</bind>
</comp>

<comp id="6" class="1001" name="const_6">
<pin_list>
<pin id="7" dir="1" index="0" bw="1" slack="0"/>
</pin_list>
<bind>
<StgValue><ssdm name=""/></StgValue>
</bind>
</comp>

<comp id="8" class="1001" name="const_8">
<pin_list>
<pin id="9" dir="1" index="0" bw="1" slack="0"/>
</pin_list>
<bind>
<StgValue><ssdm name=""/></StgValue>
</bind>
</comp>

<comp id="10" class="1001" name="const_10">
<pin_list>
<pin id="11" dir="1" index="0" bw="1" slack="0"/>
</pin_list>
<bind>
<StgValue><ssdm name=""/></StgValue>
</bind>
</comp>

<comp id="12" class="1001" name="const_12">
<pin_list>
<pin id="13" dir="1" index="0" bw="1" slack="0"/>
</pin_list>
<bind>
<StgValue><ssdm name=""/></StgValue>
</bind>
</comp>

<comp id="14" class="1001" name="const_14">
<pin_list>
<pin id="15" dir="1" index="0" bw="1" slack="0"/>
</pin_list>
<bind>
<StgValue><ssdm name=""/></StgValue>
</bind>
</comp>

<comp id="16" class="1001" name="const_16">
<pin_list>
<pin id="17" dir="1" index="0" bw="1" slack="0"/>
</pin_list>
<bind>
<StgValue><ssdm name=""/></StgValue>
</bind>
</comp>

<comp id="18" class="1001" name="const_18">
<pin_list>
<pin id="19" dir="1" index="0" bw="1" slack="2147483647"/>
</pin_list>
<bind>
<StgValue><ssdm name="_ssdm_op_SpecPipeline"/></StgValue>
</bind>
</comp>

<comp id="20" class="1001" name="const_20">
<pin_list>
<pin id="21" dir="1" index="0" bw="1" slack="2147483647"/>
</pin_list>
<bind>
<StgValue><ssdm name=""/></StgValue>
</bind>
</comp>

<comp id="22" class="1001" name="const_22">
<pin_list>
<pin id="23" dir="1" index="0" bw="1" slack="2147483647"/>
</pin_list>
<bind>
<StgValue><ssdm name=""/></StgValue>
</bind>
</comp>

<comp id="24" class="1001" name="const_24">
<pin_list>
<pin id="25" dir="1" index="0" bw="1" slack="2147483647"/>
</pin_list>
<bind>
<StgValue><ssdm name="empty_3"/></StgValue>
</bind>
</comp>

<comp id="26" class="1001" name="const_26">
<pin_list>
<pin id="27" dir="1" index="0" bw="1" slack="2147483647"/>
</pin_list>
<bind>
<StgValue><ssdm name="_ssdm_op_SpecLoopTripCount"/></StgValue>
</bind>
</comp>

<comp id="28" class="1001" name="const_28">
<pin_list>
<pin id="29" dir="1" index="0" bw="1" slack="2147483647"/>
</pin_list>
<bind>
<StgValue><ssdm name=""/></StgValue>
</bind>
</comp>

<comp id="30" class="1001" name="const_30">
<pin_list>
<pin id="31" dir="1" index="0" bw="1" slack="2147483647"/>
</pin_list>
<bind>
<StgValue><ssdm name="_ssdm_op_SpecLoopName"/></StgValue>
</bind>
</comp>

<comp id="32" class="1001" name="const_32">
<pin_list>
<pin id="33" dir="1" index="0" bw="1" slack="2147483647"/>
</pin_list>
<bind>
<StgValue><ssdm name="empty_0"/></StgValue>
</bind>
</comp>

<comp id="34" class="1001" name="const_34">
<pin_list>
<pin id="35" dir="1" index="0" bw="1" slack="0"/>
</pin_list>
<bind>
<StgValue><ssdm name=""/></StgValue>
</bind>
</comp>

<comp id="36" class="1001" name="const_36">
<pin_list>
<pin id="37" dir="1" index="0" bw="1" slack="0"/>
</pin_list>
<bind>
<StgValue><ssdm name="_ssdm_op_PartSelect.i9.i46.i32.i32"/></StgValue>
</bind>
</comp>

<comp id="38" class="1001" name="const_38">
<pin_list>
<pin id="39" dir="1" index="0" bw="1" slack="0"/>
</pin_list>
<bind>
<StgValue><ssdm name=""/></StgValue>
</bind>
</comp>

<comp id="40" class="1001" name="const_40">
<pin_list>
<pin id="41" dir="1" index="0" bw="1" slack="0"/>
</pin_list>
<bind>
<StgValue><ssdm name=""/></StgValue>
</bind>
</comp>

<comp id="42" class="1001" name="const_42">
<pin_list>
<pin id="43" dir="1" index="0" bw="1" slack="0"/>
</pin_list>
<bind>
<StgValue><ssdm name="_ssdm_op_PartSelect.i2.i46.i32.i32"/></StgValue>
</bind>
</comp>

<comp id="44" class="1001" name="const_44">
<pin_list>
<pin id="45" dir="1" index="0" bw="1" slack="0"/>
</pin_list>
<bind>
<StgValue><ssdm name=""/></StgValue>
</bind>
</comp>

<comp id="46" class="1001" name="const_46">
<pin_list>
<pin id="47" dir="1" index="0" bw="1" slack="0"/>
</pin_list>
<bind>
<StgValue><ssdm name=""/></StgValue>
</bind>
</comp>

<comp id="48" class="1001" name="const_48">
<pin_list>
<pin id="49" dir="1" index="0" bw="1" slack="0"/>
</pin_list>
<bind>
<StgValue><ssdm name=""/></StgValue>
</bind>
</comp>

<comp id="50" class="1001" name="const_50">
<pin_list>
<pin id="51" dir="1" index="0" bw="1" slack="0"/>
</pin_list>
<bind>
<StgValue><ssdm name="_ssdm_op_PartSelect.i8.i46.i32.i32"/></StgValue>
</bind>
</comp>

<comp id="52" class="1001" name="const_52">
<pin_list>
<pin id="53" dir="1" index="0" bw="1" slack="0"/>
</pin_list>
<bind>
<StgValue><ssdm name=""/></StgValue>
</bind>
</comp>

<comp id="54" class="1004" name="i_2_fu_54">
<pin_list>
<pin id="55" dir="0" index="0" bw="1" slack="0"/>
<pin id="56" dir="1" index="1" bw="8" slack="0"/>
</pin_list>
<bind>
<opcode="alloca(26) " fcode="alloca"/>
<opset="i_2/1 "/>
</bind>
</comp>

<comp id="58" class="1004" name="sig_q_addr_gep_fu_58">
<pin_list>
<pin id="59" dir="0" index="0" bw="7" slack="0"/>
<pin id="60" dir="0" index="1" bw="1" slack="0"/>
<pin id="61" dir="0" index="2" bw="8" slack="0"/>
<pin id="62" dir="1" index="3" bw="7" slack="0"/>
</pin_list>
<bind>
<opcode="getelementptr(29) " fcode="getelementptr"/>
<opset="sig_q_addr/1 "/>
</bind>
</comp>

<comp id="65" class="1004" name="grp_access_fu_65">
<pin_list>
<pin id="66" dir="0" index="0" bw="7" slack="0"/>
<pin id="67" dir="0" index="1" bw="7" slack="2147483647"/>
<pin id="68" dir="0" index="2" bw="0" slack="2147483647"/>
<pin id="69" dir="1" index="3" bw="7" slack="0"/>
</pin_list>
<bind>
<opcode="load(27) " fcode="load"/>
<opset="sig_q_load/1 "/>
</bind>
</comp>

<comp id="71" class="1004" name="cat_q_addr_gep_fu_71">
<pin_list>
<pin id="72" dir="0" index="0" bw="8" slack="0"/>
<pin id="73" dir="0" index="1" bw="1" slack="0"/>
<pin id="74" dir="0" index="2" bw="8" slack="0"/>
<pin id="75" dir="1" index="3" bw="7" slack="0"/>
</pin_list>
<bind>
<opcode="getelementptr(29) " fcode="getelementptr"/>
<opset="cat_q_addr/1 "/>
</bind>
</comp>

<comp id="78" class="1004" name="grp_access_fu_78">
<pin_list>
<pin id="79" dir="0" index="0" bw="7" slack="0"/>
<pin id="80" dir="0" index="1" bw="8" slack="2147483647"/>
<pin id="81" dir="0" index="2" bw="0" slack="2147483647"/>
<pin id="82" dir="1" index="3" bw="8" slack="0"/>
</pin_list>
<bind>
<opcode="load(27) " fcode="load"/>
<opset="cat_q_load/1 "/>
</bind>
</comp>

<comp id="84" class="1004" name="se_mul_q_addr_gep_fu_84">
<pin_list>
<pin id="85" dir="0" index="0" bw="8" slack="0"/>
<pin id="86" dir="0" index="1" bw="1" slack="0"/>
<pin id="87" dir="0" index="2" bw="8" slack="3"/>
<pin id="88" dir="1" index="3" bw="7" slack="0"/>
</pin_list>
<bind>
<opcode="getelementptr(29) " fcode="getelementptr"/>
<opset="se_mul_q_addr/4 "/>
</bind>
</comp>

<comp id="91" class="1004" name="store_ln271_access_fu_91">
<pin_list>
<pin id="92" dir="0" index="0" bw="7" slack="0"/>
<pin id="93" dir="0" index="1" bw="8" slack="0"/>
<pin id="94" dir="0" index="2" bw="0" slack="2147483647"/>
<pin id="95" dir="1" index="3" bw="8" slack="2147483647"/>
</pin_list>
<bind>
<opcode="store(28) " fcode="store"/>
<opset="store_ln271/4 "/>
</bind>
</comp>

<comp id="97" class="1004" name="mul_ln17_fu_97">
<pin_list>
<pin id="98" dir="0" index="0" bw="15" slack="0"/>
<pin id="99" dir="0" index="1" bw="32" slack="0"/>
<pin id="100" dir="1" index="2" bw="46" slack="1"/>
</pin_list>
<bind>
<opcode="mul(12) " fcode="mul"/>
<opset="mul_ln17/3 "/>
</bind>
</comp>

<comp id="102" class="1004" name="store_ln269_store_fu_102">
<pin_list>
<pin id="103" dir="0" index="0" bw="1" slack="0"/>
<pin id="104" dir="0" index="1" bw="8" slack="0"/>
<pin id="105" dir="1" index="2" bw="0" slack="2147483647"/>
</pin_list>
<bind>
<opcode="store(28) " fcode="store"/>
<opset="store_ln269/1 "/>
</bind>
</comp>

<comp id="107" class="1004" name="i_load_fu_107">
<pin_list>
<pin id="108" dir="0" index="0" bw="8" slack="0"/>
<pin id="109" dir="1" index="1" bw="8" slack="0"/>
</pin_list>
<bind>
<opcode="load(27) " fcode="load"/>
<opset="i/1 "/>
</bind>
</comp>

<comp id="110" class="1004" name="icmp_ln269_fu_110">
<pin_list>
<pin id="111" dir="0" index="0" bw="8" slack="0"/>
<pin id="112" dir="0" index="1" bw="8" slack="0"/>
<pin id="113" dir="1" index="2" bw="1" slack="2"/>
</pin_list>
<bind>
<opcode="icmp(45) " fcode="icmp"/>
<opset="icmp_ln269/1 "/>
</bind>
</comp>

<comp id="116" class="1004" name="add_ln269_fu_116">
<pin_list>
<pin id="117" dir="0" index="0" bw="8" slack="0"/>
<pin id="118" dir="0" index="1" bw="1" slack="0"/>
<pin id="119" dir="1" index="2" bw="8" slack="0"/>
</pin_list>
<bind>
<opcode="add(8) " fcode="add"/>
<opset="add_ln269/1 "/>
</bind>
</comp>

<comp id="122" class="1004" name="zext_ln269_fu_122">
<pin_list>
<pin id="123" dir="0" index="0" bw="8" slack="0"/>
<pin id="124" dir="1" index="1" bw="64" slack="0"/>
</pin_list>
<bind>
<opcode="zext(34) " fcode="zext"/>
<opset="zext_ln269/1 "/>
</bind>
</comp>

<comp id="128" class="1004" name="store_ln269_store_fu_128">
<pin_list>
<pin id="129" dir="0" index="0" bw="8" slack="0"/>
<pin id="130" dir="0" index="1" bw="8" slack="0"/>
<pin id="131" dir="1" index="2" bw="0" slack="2147483647"/>
</pin_list>
<bind>
<opcode="store(28) " fcode="store"/>
<opset="store_ln269/1 "/>
</bind>
</comp>

<comp id="133" class="1004" name="zext_ln270_fu_133">
<pin_list>
<pin id="134" dir="0" index="0" bw="7" slack="0"/>
<pin id="135" dir="1" index="1" bw="15" slack="0"/>
</pin_list>
<bind>
<opcode="zext(34) " fcode="zext"/>
<opset="zext_ln270/2 "/>
</bind>
</comp>

<comp id="137" class="1004" name="sext_ln270_fu_137">
<pin_list>
<pin id="138" dir="0" index="0" bw="8" slack="0"/>
<pin id="139" dir="1" index="1" bw="15" slack="0"/>
</pin_list>
<bind>
<opcode="sext(35) " fcode="sext"/>
<opset="sext_ln270/2 "/>
</bind>
</comp>

<comp id="141" class="1004" name="prod_fu_141">
<pin_list>
<pin id="142" dir="0" index="0" bw="8" slack="0"/>
<pin id="143" dir="0" index="1" bw="7" slack="0"/>
<pin id="144" dir="1" index="2" bw="15" slack="1"/>
</pin_list>
<bind>
<opcode="mul(12) " fcode="mul"/>
<opset="prod/2 "/>
</bind>
</comp>

<comp id="147" class="1004" name="sext_ln17_fu_147">
<pin_list>
<pin id="148" dir="0" index="0" bw="15" slack="1"/>
<pin id="149" dir="1" index="1" bw="46" slack="0"/>
</pin_list>
<bind>
<opcode="sext(35) " fcode="sext"/>
<opset="sext_ln17/3 "/>
</bind>
</comp>

<comp id="151" class="1004" name="sum_fu_151">
<pin_list>
<pin id="152" dir="0" index="0" bw="46" slack="1"/>
<pin id="153" dir="0" index="1" bw="38" slack="0"/>
<pin id="154" dir="1" index="2" bw="46" slack="0"/>
</pin_list>
<bind>
<opcode="add(8) " fcode="add"/>
<opset="sum/4 "/>
</bind>
</comp>

<comp id="156" class="1004" name="trunc_ln20_5_fu_156">
<pin_list>
<pin id="157" dir="0" index="0" bw="9" slack="0"/>
<pin id="158" dir="0" index="1" bw="46" slack="0"/>
<pin id="159" dir="0" index="2" bw="7" slack="0"/>
<pin id="160" dir="0" index="3" bw="7" slack="0"/>
<pin id="161" dir="1" index="4" bw="9" slack="0"/>
</pin_list>
<bind>
<opcode="partselect(1002) " fcode="partselect"/>
<opset="trunc_ln20_5/4 "/>
</bind>
</comp>

<comp id="166" class="1004" name="tmp_fu_166">
<pin_list>
<pin id="167" dir="0" index="0" bw="2" slack="0"/>
<pin id="168" dir="0" index="1" bw="46" slack="0"/>
<pin id="169" dir="0" index="2" bw="7" slack="0"/>
<pin id="170" dir="0" index="3" bw="7" slack="0"/>
<pin id="171" dir="1" index="4" bw="2" slack="0"/>
</pin_list>
<bind>
<opcode="partselect(1002) " fcode="partselect"/>
<opset="tmp/4 "/>
</bind>
</comp>

<comp id="176" class="1004" name="icmp_ln24_fu_176">
<pin_list>
<pin id="177" dir="0" index="0" bw="2" slack="0"/>
<pin id="178" dir="0" index="1" bw="2" slack="0"/>
<pin id="179" dir="1" index="2" bw="1" slack="0"/>
</pin_list>
<bind>
<opcode="icmp(45) " fcode="icmp"/>
<opset="icmp_ln24/4 "/>
</bind>
</comp>

<comp id="182" class="1004" name="icmp_ln25_fu_182">
<pin_list>
<pin id="183" dir="0" index="0" bw="9" slack="0"/>
<pin id="184" dir="0" index="1" bw="9" slack="0"/>
<pin id="185" dir="1" index="2" bw="1" slack="0"/>
</pin_list>
<bind>
<opcode="icmp(45) " fcode="icmp"/>
<opset="icmp_ln25/4 "/>
</bind>
</comp>

<comp id="188" class="1004" name="trunc_ln26_5_fu_188">
<pin_list>
<pin id="189" dir="0" index="0" bw="8" slack="0"/>
<pin id="190" dir="0" index="1" bw="46" slack="0"/>
<pin id="191" dir="0" index="2" bw="7" slack="0"/>
<pin id="192" dir="0" index="3" bw="7" slack="0"/>
<pin id="193" dir="1" index="4" bw="8" slack="0"/>
</pin_list>
<bind>
<opcode="partselect(1002) " fcode="partselect"/>
<opset="trunc_ln26_5/4 "/>
</bind>
</comp>

<comp id="198" class="1004" name="select_ln24_fu_198">
<pin_list>
<pin id="199" dir="0" index="0" bw="1" slack="0"/>
<pin id="200" dir="0" index="1" bw="8" slack="0"/>
<pin id="201" dir="0" index="2" bw="8" slack="0"/>
<pin id="202" dir="1" index="3" bw="8" slack="0"/>
</pin_list>
<bind>
<opcode="select(49) " fcode="select"/>
<opset="select_ln24/4 "/>
</bind>
</comp>

<comp id="206" class="1004" name="or_ln24_fu_206">
<pin_list>
<pin id="207" dir="0" index="0" bw="1" slack="0"/>
<pin id="208" dir="0" index="1" bw="1" slack="0"/>
<pin id="209" dir="1" index="2" bw="1" slack="0"/>
</pin_list>
<bind>
<opcode="or(24) " fcode="or"/>
<opset="or_ln24/4 "/>
</bind>
</comp>

<comp id="212" class="1004" name="select_ln24_5_fu_212">
<pin_list>
<pin id="213" dir="0" index="0" bw="1" slack="0"/>
<pin id="214" dir="0" index="1" bw="8" slack="0"/>
<pin id="215" dir="0" index="2" bw="8" slack="0"/>
<pin id="216" dir="1" index="3" bw="8" slack="0"/>
</pin_list>
<bind>
<opcode="select(49) " fcode="select"/>
<opset="select_ln24_5/4 "/>
</bind>
</comp>

<comp id="221" class="1005" name="i_2_reg_221">
<pin_list>
<pin id="222" dir="0" index="0" bw="8" slack="0"/>
<pin id="223" dir="1" index="1" bw="8" slack="0"/>
</pin_list>
<bind>
<opset="i_2 "/>
</bind>
</comp>

<comp id="228" class="1005" name="icmp_ln269_reg_228">
<pin_list>
<pin id="229" dir="0" index="0" bw="1" slack="2"/>
<pin id="230" dir="1" index="1" bw="1" slack="2147483647"/>
</pin_list>
<bind>
<opset="icmp_ln269 "/>
</bind>
</comp>

<comp id="232" class="1005" name="zext_ln269_reg_232">
<pin_list>
<pin id="233" dir="0" index="0" bw="64" slack="3"/>
<pin id="234" dir="1" index="1" bw="64" slack="3"/>
</pin_list>
<bind>
<opset="zext_ln269 "/>
</bind>
</comp>

<comp id="237" class="1005" name="sig_q_addr_reg_237">
<pin_list>
<pin id="238" dir="0" index="0" bw="7" slack="1"/>
<pin id="239" dir="1" index="1" bw="7" slack="1"/>
</pin_list>
<bind>
<opset="sig_q_addr "/>
</bind>
</comp>

<comp id="242" class="1005" name="cat_q_addr_reg_242">
<pin_list>
<pin id="243" dir="0" index="0" bw="7" slack="1"/>
<pin id="244" dir="1" index="1" bw="7" slack="1"/>
</pin_list>
<bind>
<opset="cat_q_addr "/>
</bind>
</comp>

<comp id="247" class="1005" name="prod_reg_247">
<pin_list>
<pin id="248" dir="0" index="0" bw="15" slack="1"/>
<pin id="249" dir="1" index="1" bw="15" slack="1"/>
</pin_list>
<bind>
<opset="prod "/>
</bind>
</comp>

<comp id="252" class="1005" name="mul_ln17_reg_252">
<pin_list>
<pin id="253" dir="0" index="0" bw="46" slack="1"/>
<pin id="254" dir="1" index="1" bw="46" slack="1"/>
</pin_list>
<bind>
<opset="mul_ln17 "/>
</bind>
</comp>

</comp_list>

<net_list>
<net id="57"><net_src comp="6" pin="0"/><net_sink comp="54" pin=0"/></net>

<net id="63"><net_src comp="0" pin="0"/><net_sink comp="58" pin=0"/></net>

<net id="64"><net_src comp="14" pin="0"/><net_sink comp="58" pin=1"/></net>

<net id="70"><net_src comp="58" pin="3"/><net_sink comp="65" pin=0"/></net>

<net id="76"><net_src comp="2" pin="0"/><net_sink comp="71" pin=0"/></net>

<net id="77"><net_src comp="14" pin="0"/><net_sink comp="71" pin=1"/></net>

<net id="83"><net_src comp="71" pin="3"/><net_sink comp="78" pin=0"/></net>

<net id="89"><net_src comp="4" pin="0"/><net_sink comp="84" pin=0"/></net>

<net id="90"><net_src comp="14" pin="0"/><net_sink comp="84" pin=1"/></net>

<net id="96"><net_src comp="84" pin="3"/><net_sink comp="91" pin=0"/></net>

<net id="101"><net_src comp="16" pin="0"/><net_sink comp="97" pin=1"/></net>

<net id="106"><net_src comp="8" pin="0"/><net_sink comp="102" pin=0"/></net>

<net id="114"><net_src comp="107" pin="1"/><net_sink comp="110" pin=0"/></net>

<net id="115"><net_src comp="10" pin="0"/><net_sink comp="110" pin=1"/></net>

<net id="120"><net_src comp="107" pin="1"/><net_sink comp="116" pin=0"/></net>

<net id="121"><net_src comp="12" pin="0"/><net_sink comp="116" pin=1"/></net>

<net id="125"><net_src comp="107" pin="1"/><net_sink comp="122" pin=0"/></net>

<net id="126"><net_src comp="122" pin="1"/><net_sink comp="58" pin=2"/></net>

<net id="127"><net_src comp="122" pin="1"/><net_sink comp="71" pin=2"/></net>

<net id="132"><net_src comp="116" pin="2"/><net_sink comp="128" pin=0"/></net>

<net id="136"><net_src comp="65" pin="3"/><net_sink comp="133" pin=0"/></net>

<net id="140"><net_src comp="78" pin="3"/><net_sink comp="137" pin=0"/></net>

<net id="145"><net_src comp="137" pin="1"/><net_sink comp="141" pin=0"/></net>

<net id="146"><net_src comp="133" pin="1"/><net_sink comp="141" pin=1"/></net>

<net id="150"><net_src comp="147" pin="1"/><net_sink comp="97" pin=0"/></net>

<net id="155"><net_src comp="34" pin="0"/><net_sink comp="151" pin=1"/></net>

<net id="162"><net_src comp="36" pin="0"/><net_sink comp="156" pin=0"/></net>

<net id="163"><net_src comp="151" pin="2"/><net_sink comp="156" pin=1"/></net>

<net id="164"><net_src comp="38" pin="0"/><net_sink comp="156" pin=2"/></net>

<net id="165"><net_src comp="40" pin="0"/><net_sink comp="156" pin=3"/></net>

<net id="172"><net_src comp="42" pin="0"/><net_sink comp="166" pin=0"/></net>

<net id="173"><net_src comp="151" pin="2"/><net_sink comp="166" pin=1"/></net>

<net id="174"><net_src comp="44" pin="0"/><net_sink comp="166" pin=2"/></net>

<net id="175"><net_src comp="40" pin="0"/><net_sink comp="166" pin=3"/></net>

<net id="180"><net_src comp="166" pin="4"/><net_sink comp="176" pin=0"/></net>

<net id="181"><net_src comp="46" pin="0"/><net_sink comp="176" pin=1"/></net>

<net id="186"><net_src comp="156" pin="4"/><net_sink comp="182" pin=0"/></net>

<net id="187"><net_src comp="48" pin="0"/><net_sink comp="182" pin=1"/></net>

<net id="194"><net_src comp="50" pin="0"/><net_sink comp="188" pin=0"/></net>

<net id="195"><net_src comp="151" pin="2"/><net_sink comp="188" pin=1"/></net>

<net id="196"><net_src comp="38" pin="0"/><net_sink comp="188" pin=2"/></net>

<net id="197"><net_src comp="44" pin="0"/><net_sink comp="188" pin=3"/></net>

<net id="203"><net_src comp="176" pin="2"/><net_sink comp="198" pin=0"/></net>

<net id="204"><net_src comp="52" pin="0"/><net_sink comp="198" pin=1"/></net>

<net id="205"><net_src comp="10" pin="0"/><net_sink comp="198" pin=2"/></net>

<net id="210"><net_src comp="176" pin="2"/><net_sink comp="206" pin=0"/></net>

<net id="211"><net_src comp="182" pin="2"/><net_sink comp="206" pin=1"/></net>

<net id="217"><net_src comp="206" pin="2"/><net_sink comp="212" pin=0"/></net>

<net id="218"><net_src comp="198" pin="3"/><net_sink comp="212" pin=1"/></net>

<net id="219"><net_src comp="188" pin="4"/><net_sink comp="212" pin=2"/></net>

<net id="220"><net_src comp="212" pin="3"/><net_sink comp="91" pin=1"/></net>

<net id="224"><net_src comp="54" pin="1"/><net_sink comp="221" pin=0"/></net>

<net id="225"><net_src comp="221" pin="1"/><net_sink comp="102" pin=1"/></net>

<net id="226"><net_src comp="221" pin="1"/><net_sink comp="107" pin=0"/></net>

<net id="227"><net_src comp="221" pin="1"/><net_sink comp="128" pin=1"/></net>

<net id="231"><net_src comp="110" pin="2"/><net_sink comp="228" pin=0"/></net>

<net id="235"><net_src comp="122" pin="1"/><net_sink comp="232" pin=0"/></net>

<net id="236"><net_src comp="232" pin="1"/><net_sink comp="84" pin=2"/></net>

<net id="240"><net_src comp="58" pin="3"/><net_sink comp="237" pin=0"/></net>

<net id="241"><net_src comp="237" pin="1"/><net_sink comp="65" pin=0"/></net>

<net id="245"><net_src comp="71" pin="3"/><net_sink comp="242" pin=0"/></net>

<net id="246"><net_src comp="242" pin="1"/><net_sink comp="78" pin=0"/></net>

<net id="250"><net_src comp="141" pin="2"/><net_sink comp="247" pin=0"/></net>

<net id="251"><net_src comp="247" pin="1"/><net_sink comp="147" pin=0"/></net>

<net id="255"><net_src comp="97" pin="2"/><net_sink comp="252" pin=0"/></net>

<net id="256"><net_src comp="252" pin="1"/><net_sink comp="151" pin=0"/></net>

</net_list>

</model> 
---------------- Datapath Model END ------------------

* FSMD analyzer results:
  - Output states:
	Port: se_mul_q | {4 }
 - Input state : 
	Port: awn_forward_Pipeline_VITIS_LOOP_269_10 : sig_q | {1 2 }
	Port: awn_forward_Pipeline_VITIS_LOOP_269_10 : cat_q | {1 2 }
  - Chain level:
	State 1
		store_ln269 : 1
		i : 1
		icmp_ln269 : 2
		add_ln269 : 2
		br_ln269 : 3
		zext_ln269 : 2
		sig_q_addr : 3
		sig_q_load : 4
		cat_q_addr : 3
		cat_q_load : 4
		store_ln269 : 3
	State 2
		zext_ln270 : 1
		sext_ln270 : 1
		prod : 2
	State 3
		mul_ln17 : 1
	State 4
		trunc_ln20_5 : 1
		tmp : 1
		icmp_ln24 : 2
		icmp_ln25 : 2
		trunc_ln26_5 : 1
		select_ln24 : 3
		or_ln24 : 3
		select_ln24_5 : 3
		store_ln271 : 4


============================================================
+ Verbose Summary: Datapath Resource usage 
============================================================

* Functional unit list:
|----------|----------------------|---------|---------|---------|
| Operation|    Functional Unit   |   DSP   |    FF   |   LUT   |
|----------|----------------------|---------|---------|---------|
|    add   |   add_ln269_fu_116   |    0    |    0    |    15   |
|          |      sum_fu_151      |    0    |    0    |    53   |
|----------|----------------------|---------|---------|---------|
|    mul   |    mul_ln17_fu_97    |    2    |    0    |    20   |
|          |      prod_fu_141     |    0    |    0    |    40   |
|----------|----------------------|---------|---------|---------|
|          |   icmp_ln269_fu_110  |    0    |    0    |    15   |
|   icmp   |   icmp_ln24_fu_176   |    0    |    0    |    9    |
|          |   icmp_ln25_fu_182   |    0    |    0    |    16   |
|----------|----------------------|---------|---------|---------|
|  select  |  select_ln24_fu_198  |    0    |    0    |    8    |
|          | select_ln24_5_fu_212 |    0    |    0    |    8    |
|----------|----------------------|---------|---------|---------|
|    or    |    or_ln24_fu_206    |    0    |    0    |    2    |
|----------|----------------------|---------|---------|---------|
|   zext   |   zext_ln269_fu_122  |    0    |    0    |    0    |
|          |   zext_ln270_fu_133  |    0    |    0    |    0    |
|----------|----------------------|---------|---------|---------|
|   sext   |   sext_ln270_fu_137  |    0    |    0    |    0    |
|          |   sext_ln17_fu_147   |    0    |    0    |    0    |
|----------|----------------------|---------|---------|---------|
|          |  trunc_ln20_5_fu_156 |    0    |    0    |    0    |
|partselect|      tmp_fu_166      |    0    |    0    |    0    |
|          |  trunc_ln26_5_fu_188 |    0    |    0    |    0    |
|----------|----------------------|---------|---------|---------|
|   Total  |                      |    2    |    0    |   186   |
|----------|----------------------|---------|---------|---------|

Memories:
N/A

* Register list:
+------------------+--------+
|                  |   FF   |
+------------------+--------+
|cat_q_addr_reg_242|    7   |
|    i_2_reg_221   |    8   |
|icmp_ln269_reg_228|    1   |
| mul_ln17_reg_252 |   46   |
|   prod_reg_247   |   15   |
|sig_q_addr_reg_237|    7   |
|zext_ln269_reg_232|   64   |
+------------------+--------+
|       Total      |   148  |
+------------------+--------+

* Multiplexer (MUX) list: 
|------------------|------|------|------|--------||---------||---------|
|       Comp       |  Pin | Size |  BW  | S x BW ||  Delay  ||   LUT   |
|------------------|------|------|------|--------||---------||---------|
| grp_access_fu_65 |  p0  |   2  |   7  |   14   ||    9    |
| grp_access_fu_78 |  p0  |   2  |   7  |   14   ||    9    |
|------------------|------|------|------|--------||---------||---------|
|       Total      |      |      |      |   28   ||  0.854  ||    18   |
|------------------|------|------|------|--------||---------||---------|



* Summary:
+-----------+--------+--------+--------+--------+
|           |   DSP  |  Delay |   FF   |   LUT  |
+-----------+--------+--------+--------+--------+
|  Function |    2   |    -   |    0   |   186  |
|   Memory  |    -   |    -   |    -   |    -   |
|Multiplexer|    -   |    0   |    -   |   18   |
|  Register |    -   |    -   |   148  |    -   |
+-----------+--------+--------+--------+--------+
|   Total   |    2   |    0   |   148  |   204  |
+-----------+--------+--------+--------+--------+
