

================================================================
== Vitis HLS Report for 'awn_forward_Pipeline_VITIS_LOOP_284_12'
================================================================
* Date:           Sat May 30 20:43:37 2026

* Version:        2023.2 (Build 4023990 on Oct 11 2023)
* Project:        proj_awn_int8
* Solution:       solution1 (Vivado IP Flow Target)
* Product family: zynquplus
* Target device:  xczu7ev-ffvc1156-2-e


================================================================
== Performance Estimates
================================================================
+ Timing: 
    * Summary: 
    +--------+---------+----------+------------+
    |  Clock |  Target | Estimated| Uncertainty|
    +--------+---------+----------+------------+
    |ap_clk  |  5.00 ns|  3.420 ns|     1.35 ns|
    +--------+---------+----------+------------+

+ Latency: 
    * Summary: 
    +---------+---------+-----------+-----------+-----+-----+---------+
    |  Latency (cycles) |   Latency (absolute)  |  Interval | Pipeline|
    |   min   |   max   |    min    |    max    | min | max |   Type  |
    +---------+---------+-----------+-----------+-----+-----+---------+
    |       15|       15|  75.000 ns|  75.000 ns|   15|   15|       no|
    +---------+---------+-----------+-----------+-----+-----+---------+

    + Detail: 
        * Instance: 
        N/A

        * Loop: 
        +---------------------+---------+---------+----------+-----------+-----------+------+----------+
        |                     |  Latency (cycles) | Iteration|  Initiation Interval  | Trip |          |
        |      Loop Name      |   min   |   max   |  Latency |  achieved |   target  | Count| Pipelined|
        +---------------------+---------+---------+----------+-----------+-----------+------+----------+
        |- VITIS_LOOP_284_12  |       13|       13|         4|          1|          1|    11|       yes|
        +---------------------+---------+---------+----------+-----------+-----------+------+----------+



================================================================
== Utilization Estimates
================================================================
* Summary: 
+-----------------+---------+------+--------+--------+-----+
|       Name      | BRAM_18K|  DSP |   FF   |   LUT  | URAM|
+-----------------+---------+------+--------+--------+-----+
|DSP              |        -|     -|       -|       -|    -|
|Expression       |        -|     -|       0|     138|    -|
|FIFO             |        -|     -|       -|       -|    -|
|Instance         |        -|     2|       0|      20|    -|
|Memory           |        -|     -|       -|       -|    -|
|Multiplexer      |        -|     -|       -|      36|    -|
|Register         |        -|     -|     154|      32|    -|
+-----------------+---------+------+--------+--------+-----+
|Total            |        0|     2|     154|     226|    0|
+-----------------+---------+------+--------+--------+-----+
|Available        |      624|  1728|  460800|  230400|   96|
+-----------------+---------+------+--------+--------+-----+
|Utilization (%)  |        0|    ~0|      ~0|      ~0|    0|
+-----------------+---------+------+--------+--------+-----+

+ Detail: 
    * Instance: 
    +----------------------------+---------------------+---------+----+---+----+-----+
    |          Instance          |        Module       | BRAM_18K| DSP| FF| LUT| URAM|
    +----------------------------+---------------------+---------+----+---+----+-----+
    |mul_22s_32ns_53_1_1_U12731  |mul_22s_32ns_53_1_1  |        0|   2|  0|  20|    0|
    +----------------------------+---------------------+---------+----+---+----+-----+
    |Total                       |                     |        0|   2|  0|  20|    0|
    +----------------------------+---------------------+---------+----+---+----+-----+

    * DSP: 
    N/A

    * Memory: 
    N/A

    * FIFO: 
    N/A

    * Expression: 
    +-----------------------+----------+----+---+----+------------+------------+
    |     Variable Name     | Operation| DSP| FF| LUT| Bitwidth P0| Bitwidth P1|
    +-----------------------+----------+----+---+----+------------+------------+
    |add_ln284_fu_107_p2    |         +|   0|  0|  12|           4|           1|
    |sum_fu_127_p2          |         +|   0|  0|  60|          53|          40|
    |icmp_ln24_fu_152_p2    |      icmp|   0|  0|  13|           6|           1|
    |icmp_ln25_fu_158_p2    |      icmp|   0|  0|  20|          13|           9|
    |icmp_ln284_fu_101_p2   |      icmp|   0|  0|  12|           4|           4|
    |or_ln24_fu_182_p2      |        or|   0|  0|   2|           1|           1|
    |logits_q_d0            |    select|   0|  0|   8|           1|           8|
    |select_ln24_fu_174_p3  |    select|   0|  0|   9|           1|           7|
    |ap_enable_pp0          |       xor|   0|  0|   2|           1|           2|
    +-----------------------+----------+----+---+----+------------+------------+
    |Total                  |          |   0|  0| 138|          84|          73|
    +-----------------------+----------+----+---+----+------------+------------+

    * Multiplexer: 
    +-------------------------+----+-----------+-----+-----------+
    |           Name          | LUT| Input Size| Bits| Total Bits|
    +-------------------------+----+-----------+-----+-----------+
    |ap_done_int              |   9|          2|    1|          2|
    |ap_enable_reg_pp0_iter1  |   9|          2|    1|          2|
    |ap_sig_allocacmp_i_1     |   9|          2|    4|          8|
    |i_fu_58                  |   9|          2|    4|          8|
    +-------------------------+----+-----------+-----+-----------+
    |Total                    |  36|          8|   10|         20|
    +-------------------------+----+-----------+-----+-----------+

    * Register: 
    +----------------------------------+----+----+-----+-----------+
    |               Name               | FF | LUT| Bits| Const Bits|
    +----------------------------------+----+----+-----+-----------+
    |ap_CS_fsm                         |   1|   0|    1|          0|
    |ap_done_reg                       |   1|   0|    1|          0|
    |ap_enable_reg_pp0_iter1           |   1|   0|    1|          0|
    |ap_enable_reg_pp0_iter2           |   1|   0|    1|          0|
    |ap_enable_reg_pp0_iter3           |   1|   0|    1|          0|
    |ap_loop_exit_ready_pp0_iter1_reg  |   1|   0|    1|          0|
    |ap_loop_exit_ready_pp0_iter2_reg  |   1|   0|    1|          0|
    |fc2_acc_load_reg_218              |  22|   0|   22|          0|
    |i_fu_58                           |   4|   0|    4|          0|
    |prod_reg_223                      |  53|   0|   53|          0|
    |zext_ln284_reg_208                |   4|   0|   64|         60|
    |zext_ln284_reg_208                |  64|  32|   64|         60|
    +----------------------------------+----+----+-----+-----------+
    |Total                             | 154|  32|  214|        120|
    +----------------------------------+----+----+-----+-----------+



================================================================
== Interface
================================================================
* Summary: 
+-------------------+-----+-----+------------+----------------------------------------+--------------+
|     RTL Ports     | Dir | Bits|  Protocol  |              Source Object             |    C Type    |
+-------------------+-----+-----+------------+----------------------------------------+--------------+
|ap_clk             |   in|    1|  ap_ctrl_hs|  awn_forward_Pipeline_VITIS_LOOP_284_12|  return value|
|ap_rst             |   in|    1|  ap_ctrl_hs|  awn_forward_Pipeline_VITIS_LOOP_284_12|  return value|
|ap_start           |   in|    1|  ap_ctrl_hs|  awn_forward_Pipeline_VITIS_LOOP_284_12|  return value|
|ap_done            |  out|    1|  ap_ctrl_hs|  awn_forward_Pipeline_VITIS_LOOP_284_12|  return value|
|ap_idle            |  out|    1|  ap_ctrl_hs|  awn_forward_Pipeline_VITIS_LOOP_284_12|  return value|
|ap_ready           |  out|    1|  ap_ctrl_hs|  awn_forward_Pipeline_VITIS_LOOP_284_12|  return value|
|fc2_acc_address0   |  out|    4|   ap_memory|                                 fc2_acc|         array|
|fc2_acc_ce0        |  out|    1|   ap_memory|                                 fc2_acc|         array|
|fc2_acc_q0         |   in|   22|   ap_memory|                                 fc2_acc|         array|
|logits_q_address0  |  out|    4|   ap_memory|                                logits_q|         array|
|logits_q_ce0       |  out|    1|   ap_memory|                                logits_q|         array|
|logits_q_we0       |  out|    1|   ap_memory|                                logits_q|         array|
|logits_q_d0        |  out|    8|   ap_memory|                                logits_q|         array|
+-------------------+-----+-----+------------+----------------------------------------+--------------+

============================================================
+ Verbose Summary: Synthesis Manager
============================================================
InlineROM: 1
ExposeGlobal: 0
============================================================
+ Verbose Summary: CDFG Model
============================================================
IsTopModel: 0
ResetActiveHigh: 1
IsCombinational: 2
IsDatapathOnly: 2
HasWiredReturn: 1
HasMFsm: 2
HasVarLatency: 1
IsPipeline: 0
IsRtlPipelined: 0
IsInstanceOverlapped: 0
IsDontTouch: 0
HasImplIP: 0
IsGatedGlobalClock: 0

+ Individual pipeline summary: 
  * Pipeline-0: initiation interval (II) = 1, depth = 4


============================================================
+ Verbose Summary: Schedule
============================================================
* Number of FSM states : 4
* Pipeline : 1
  Pipeline-0 : II = 1, D = 4, States = { 1 2 3 4 }
* Dataflow Pipeline: 0

* FSM state transitions: 
1 --> 2 
2 --> 3 
3 --> 4 
4 --> 

* FSM state operations: 

State 1 <SV = 0> <Delay = 1.65>
ST_1 : Operation 7 [1/1] (0.00ns)   --->   "%i = alloca i32 1" [awn_int8.cpp:284]   --->   Operation 7 'alloca' 'i' <Predicate = true> <Delay = 0.00>
ST_1 : Operation 8 [1/1] (0.00ns)   --->   "%specinterface_ln0 = specinterface void @_ssdm_op_SpecInterface, i8 %logits_q, void @empty_1, i32 0, i32 0, void @empty_3, i32 4294967295, i32 0, void @empty_3, void @empty_3, void @empty_3, i32 0, i32 0, i32 0, i32 0, void @empty_3, void @empty_3, i32 4294967295, i32 0"   --->   Operation 8 'specinterface' 'specinterface_ln0' <Predicate = true> <Delay = 0.00>
ST_1 : Operation 9 [1/1] (0.42ns)   --->   "%store_ln284 = store i4 0, i4 %i" [awn_int8.cpp:284]   --->   Operation 9 'store' 'store_ln284' <Predicate = true> <Delay = 0.42>
ST_1 : Operation 10 [1/1] (0.00ns)   --->   "%br_ln0 = br void %for.inc197"   --->   Operation 10 'br' 'br_ln0' <Predicate = true> <Delay = 0.00>
ST_1 : Operation 11 [1/1] (0.00ns)   --->   "%i_1 = load i4 %i" [awn_int8.cpp:284]   --->   Operation 11 'load' 'i_1' <Predicate = true> <Delay = 0.00>
ST_1 : Operation 12 [1/1] (0.79ns)   --->   "%icmp_ln284 = icmp_eq  i4 %i_1, i4 11" [awn_int8.cpp:284]   --->   Operation 12 'icmp' 'icmp_ln284' <Predicate = true> <Delay = 0.79> <CoreInst = "Cmp">   --->   Core 9 'Cmp' <Latency = 0> <II = 1> <Delay = 0.79> <FuncUnit> <Opcode : 'icmp'> <InPorts = 2> <OutPorts = 1>
ST_1 : Operation 13 [1/1] (0.79ns)   --->   "%add_ln284 = add i4 %i_1, i4 1" [awn_int8.cpp:284]   --->   Operation 13 'add' 'add_ln284' <Predicate = true> <Delay = 0.79> <CoreInst = "Adder">   --->   Core 1 'Adder' <Latency = 0> <II = 1> <Delay = 0.79> <FuncUnit> <Opcode : 'add' 'sub'> <InPorts = 2> <OutPorts = 1>
ST_1 : Operation 14 [1/1] (0.00ns)   --->   "%br_ln284 = br i1 %icmp_ln284, void %for.inc197.split, void %for.end199.exitStub" [awn_int8.cpp:284]   --->   Operation 14 'br' 'br_ln284' <Predicate = true> <Delay = 0.00>
ST_1 : Operation 15 [1/1] (0.00ns)   --->   "%zext_ln284 = zext i4 %i_1" [awn_int8.cpp:284]   --->   Operation 15 'zext' 'zext_ln284' <Predicate = (!icmp_ln284)> <Delay = 0.00>
ST_1 : Operation 16 [1/1] (0.00ns)   --->   "%fc2_acc_addr = getelementptr i22 %fc2_acc, i64 0, i64 %zext_ln284" [awn_int8.cpp:285]   --->   Operation 16 'getelementptr' 'fc2_acc_addr' <Predicate = (!icmp_ln284)> <Delay = 0.00>
ST_1 : Operation 17 [2/2] (0.67ns)   --->   "%fc2_acc_load = load i4 %fc2_acc_addr" [awn_int8.cpp:285]   --->   Operation 17 'load' 'fc2_acc_load' <Predicate = (!icmp_ln284)> <Delay = 0.67> <CoreInst = "RAM">   --->   Core 83 'RAM' <Latency = 1> <II = 1> <Delay = 0.67> <Storage> <Opcode : 'load' 'store'> <Ports = 2> <Width = 22> <Depth = 11> <RAM>
ST_1 : Operation 18 [1/1] (0.42ns)   --->   "%store_ln284 = store i4 %add_ln284, i4 %i" [awn_int8.cpp:284]   --->   Operation 18 'store' 'store_ln284' <Predicate = (!icmp_ln284)> <Delay = 0.42>

State 2 <SV = 1> <Delay = 0.67>
ST_2 : Operation 19 [1/2] (0.67ns)   --->   "%fc2_acc_load = load i4 %fc2_acc_addr" [awn_int8.cpp:285]   --->   Operation 19 'load' 'fc2_acc_load' <Predicate = true> <Delay = 0.67> <CoreInst = "RAM">   --->   Core 83 'RAM' <Latency = 1> <II = 1> <Delay = 0.67> <Storage> <Opcode : 'load' 'store'> <Ports = 2> <Width = 22> <Depth = 11> <RAM>

State 3 <SV = 2> <Delay = 3.42>
ST_3 : Operation 20 [1/1] (0.00ns)   --->   "%sext_ln17 = sext i22 %fc2_acc_load" [awn_int8.cpp:17->awn_int8.cpp:30->awn_int8.cpp:285]   --->   Operation 20 'sext' 'sext_ln17' <Predicate = true> <Delay = 0.00>
ST_3 : Operation 21 [1/1] (3.42ns)   --->   "%prod = mul i53 %sext_ln17, i53 1139215094" [awn_int8.cpp:17->awn_int8.cpp:30->awn_int8.cpp:285]   --->   Operation 21 'mul' 'prod' <Predicate = true> <Delay = 3.42> <CoreInst = "Multiplier">   --->   Core 3 'Multiplier' <Latency = 0> <II = 1> <Delay = 3.42> <FuncUnit> <Opcode : 'mul'> <InPorts = 2> <OutPorts = 1>
ST_3 : Operation 37 [1/1] (0.00ns)   --->   "%ret_ln0 = ret"   --->   Operation 37 'ret' 'ret_ln0' <Predicate = (icmp_ln284)> <Delay = 0.00>

State 4 <SV = 3> <Delay = 2.99>
ST_4 : Operation 22 [1/1] (0.00ns)   --->   "%specpipeline_ln284 = specpipeline void @_ssdm_op_SpecPipeline, i32 4294967295, i32 0, i32 0, i32 0, void @empty_3" [awn_int8.cpp:284]   --->   Operation 22 'specpipeline' 'specpipeline_ln284' <Predicate = true> <Delay = 0.00>
ST_4 : Operation 23 [1/1] (0.00ns)   --->   "%speclooptripcount_ln284 = speclooptripcount void @_ssdm_op_SpecLoopTripCount, i64 11, i64 11, i64 11" [awn_int8.cpp:284]   --->   Operation 23 'speclooptripcount' 'speclooptripcount_ln284' <Predicate = true> <Delay = 0.00>
ST_4 : Operation 24 [1/1] (0.00ns)   --->   "%specloopname_ln284 = specloopname void @_ssdm_op_SpecLoopName, void @empty_2" [awn_int8.cpp:284]   --->   Operation 24 'specloopname' 'specloopname_ln284' <Predicate = true> <Delay = 0.00>
ST_4 : Operation 25 [1/1] (1.10ns)   --->   "%sum = add i53 %prod, i53 549755813888" [awn_int8.cpp:19->awn_int8.cpp:30->awn_int8.cpp:285]   --->   Operation 25 'add' 'sum' <Predicate = true> <Delay = 1.10> <CoreInst = "Adder">   --->   Core 1 'Adder' <Latency = 0> <II = 1> <Delay = 1.10> <FuncUnit> <Opcode : 'add' 'sub'> <InPorts = 2> <OutPorts = 1>
ST_4 : Operation 26 [1/1] (0.00ns)   --->   "%trunc_ln20_7 = partselect i13 @_ssdm_op_PartSelect.i13.i53.i32.i32, i53 %sum, i32 40, i32 52" [awn_int8.cpp:20->awn_int8.cpp:30->awn_int8.cpp:285]   --->   Operation 26 'partselect' 'trunc_ln20_7' <Predicate = true> <Delay = 0.00>
ST_4 : Operation 27 [1/1] (0.00ns)   --->   "%tmp = partselect i6 @_ssdm_op_PartSelect.i6.i53.i32.i32, i53 %sum, i32 47, i32 52" [awn_int8.cpp:24->awn_int8.cpp:30->awn_int8.cpp:285]   --->   Operation 27 'partselect' 'tmp' <Predicate = true> <Delay = 0.00>
ST_4 : Operation 28 [1/1] (0.78ns)   --->   "%icmp_ln24 = icmp_sgt  i6 %tmp, i6 0" [awn_int8.cpp:24->awn_int8.cpp:30->awn_int8.cpp:285]   --->   Operation 28 'icmp' 'icmp_ln24' <Predicate = true> <Delay = 0.78> <CoreInst = "Cmp">   --->   Core 9 'Cmp' <Latency = 0> <II = 1> <Delay = 0.78> <FuncUnit> <Opcode : 'icmp'> <InPorts = 2> <OutPorts = 1>
ST_4 : Operation 29 [1/1] (0.82ns)   --->   "%icmp_ln25 = icmp_slt  i13 %trunc_ln20_7, i13 8064" [awn_int8.cpp:25->awn_int8.cpp:30->awn_int8.cpp:285]   --->   Operation 29 'icmp' 'icmp_ln25' <Predicate = true> <Delay = 0.82> <CoreInst = "Cmp">   --->   Core 9 'Cmp' <Latency = 0> <II = 1> <Delay = 0.82> <FuncUnit> <Opcode : 'icmp'> <InPorts = 2> <OutPorts = 1>
ST_4 : Operation 30 [1/1] (0.00ns) (grouped into LUT with out node select_ln24_3)   --->   "%trunc_ln26_8 = partselect i8 @_ssdm_op_PartSelect.i8.i53.i32.i32, i53 %sum, i32 40, i32 47" [awn_int8.cpp:26->awn_int8.cpp:30->awn_int8.cpp:285]   --->   Operation 30 'partselect' 'trunc_ln26_8' <Predicate = true> <Delay = 0.00>
ST_4 : Operation 31 [1/1] (0.00ns) (grouped into LUT with out node select_ln24_3)   --->   "%select_ln24 = select i1 %icmp_ln24, i8 127, i8 128" [awn_int8.cpp:24->awn_int8.cpp:30->awn_int8.cpp:285]   --->   Operation 31 'select' 'select_ln24' <Predicate = true> <Delay = 0.00> <CoreInst = "Sel">   --->   Core 73 'Sel' <Latency = 0> <II = 1> <Delay = 0.39> <FuncUnit> <Opcode : 'select'> <InPorts = 3> <OutPorts = 1>
ST_4 : Operation 32 [1/1] (0.00ns) (grouped into LUT with out node select_ln24_3)   --->   "%or_ln24 = or i1 %icmp_ln24, i1 %icmp_ln25" [awn_int8.cpp:24->awn_int8.cpp:30->awn_int8.cpp:285]   --->   Operation 32 'or' 'or_ln24' <Predicate = true> <Delay = 0.00> <CoreInst = "LogicGate">   --->   Core 74 'LogicGate' <Latency = 0> <II = 1> <Delay = 0.28> <FuncUnit> <Opcode : 'and' 'or' 'xor'> <InPorts = 2> <OutPorts = 1>
ST_4 : Operation 33 [1/1] (0.39ns) (out node of the LUT)   --->   "%select_ln24_3 = select i1 %or_ln24, i8 %select_ln24, i8 %trunc_ln26_8" [awn_int8.cpp:24->awn_int8.cpp:30->awn_int8.cpp:285]   --->   Operation 33 'select' 'select_ln24_3' <Predicate = true> <Delay = 0.39> <CoreInst = "Sel">   --->   Core 73 'Sel' <Latency = 0> <II = 1> <Delay = 0.39> <FuncUnit> <Opcode : 'select'> <InPorts = 3> <OutPorts = 1>
ST_4 : Operation 34 [1/1] (0.00ns)   --->   "%logits_q_addr = getelementptr i8 %logits_q, i64 0, i64 %zext_ln284" [awn_int8.cpp:285]   --->   Operation 34 'getelementptr' 'logits_q_addr' <Predicate = true> <Delay = 0.00>
ST_4 : Operation 35 [1/1] (0.67ns)   --->   "%store_ln285 = store i8 %select_ln24_3, i4 %logits_q_addr" [awn_int8.cpp:285]   --->   Operation 35 'store' 'store_ln285' <Predicate = true> <Delay = 0.67> <CoreInst = "RAM">   --->   Core 83 'RAM' <Latency = 1> <II = 1> <Delay = 0.67> <Storage> <Opcode : 'load' 'store'> <Ports = 2> <Width = 8> <Depth = 11> <RAM>
ST_4 : Operation 36 [1/1] (0.00ns)   --->   "%br_ln284 = br void %for.inc197" [awn_int8.cpp:284]   --->   Operation 36 'br' 'br_ln284' <Predicate = true> <Delay = 0.00>


============================================================
+ Verbose Summary: Binding
============================================================
STG Binding: 
---------------- STG Properties BEGIN ----------------
- Is combinational: 0
- Is one-state seq: 0
- Is datapath-only: 0
- Is pipelined: 0
- Is top level: 0
Port [ Return ] is wired: 1; IO mode=ap_ctrl_hs:ce=0
Port [ fc2_acc]:  wired=1; compound=1; hidden=0; nouse=0; global=0; static=0; extern=0; dir=0; type=1; pingpong=0; private_global=0; MemPort=[13]; IO mode=ap_memory:ce=0
Port [ logits_q]:  wired=1; compound=1; hidden=0; nouse=0; global=0; static=0; extern=0; dir=1; type=1; pingpong=0; private_global=0; MemPort=[03]; IO mode=ap_memory:ce=0
---------------- STG Properties END ------------------

---------------- Datapath Model BEGIN ----------------

<LifeTime>
<method=bitvector/>
i                       (alloca           ) [ 01000]
specinterface_ln0       (specinterface    ) [ 00000]
store_ln284             (store            ) [ 00000]
br_ln0                  (br               ) [ 00000]
i_1                     (load             ) [ 00000]
icmp_ln284              (icmp             ) [ 01110]
add_ln284               (add              ) [ 00000]
br_ln284                (br               ) [ 00000]
zext_ln284              (zext             ) [ 01111]
fc2_acc_addr            (getelementptr    ) [ 01100]
store_ln284             (store            ) [ 00000]
fc2_acc_load            (load             ) [ 01010]
sext_ln17               (sext             ) [ 00000]
prod                    (mul              ) [ 01001]
specpipeline_ln284      (specpipeline     ) [ 00000]
speclooptripcount_ln284 (speclooptripcount) [ 00000]
specloopname_ln284      (specloopname     ) [ 00000]
sum                     (add              ) [ 00000]
trunc_ln20_7            (partselect       ) [ 00000]
tmp                     (partselect       ) [ 00000]
icmp_ln24               (icmp             ) [ 00000]
icmp_ln25               (icmp             ) [ 00000]
trunc_ln26_8            (partselect       ) [ 00000]
select_ln24             (select           ) [ 00000]
or_ln24                 (or               ) [ 00000]
select_ln24_3           (select           ) [ 00000]
logits_q_addr           (getelementptr    ) [ 00000]
store_ln285             (store            ) [ 00000]
br_ln284                (br               ) [ 00000]
ret_ln0                 (ret              ) [ 00000]
</LifeTime>

<model>

<comp_list>
<comp id="0" class="1000" name="fc2_acc">
<pin_list>
<pin id="1" dir="1" index="0" bw="1" slack="0"/>
</pin_list>
<bind>
<StgValue><ssdm name="fc2_acc"/><MemPortTyVec>1 3 </MemPortTyVec>
</StgValue>
</bind>
</comp>

<comp id="2" class="1000" name="logits_q">
<pin_list>
<pin id="3" dir="1" index="0" bw="1" slack="0"/>
</pin_list>
<bind>
<StgValue><ssdm name="logits_q"/><MemPortTyVec>0 3 </MemPortTyVec>
</StgValue>
</bind>
</comp>

<comp id="4" class="1001" name="const_4">
<pin_list>
<pin id="5" dir="1" index="0" bw="1" slack="0"/>
</pin_list>
<bind>
<StgValue><ssdm name=""/></StgValue>
</bind>
</comp>

<comp id="6" class="1001" name="const_6">
<pin_list>
<pin id="7" dir="1" index="0" bw="1" slack="2147483647"/>
</pin_list>
<bind>
<StgValue><ssdm name="_ssdm_op_SpecInterface"/></StgValue>
</bind>
</comp>

<comp id="8" class="1001" name="const_8">
<pin_list>
<pin id="9" dir="1" index="0" bw="1" slack="2147483647"/>
</pin_list>
<bind>
<StgValue><ssdm name="empty_1"/></StgValue>
</bind>
</comp>

<comp id="10" class="1001" name="const_10">
<pin_list>
<pin id="11" dir="1" index="0" bw="1" slack="2147483647"/>
</pin_list>
<bind>
<StgValue><ssdm name=""/></StgValue>
</bind>
</comp>

<comp id="12" class="1001" name="const_12">
<pin_list>
<pin id="13" dir="1" index="0" bw="1" slack="2147483647"/>
</pin_list>
<bind>
<StgValue><ssdm name="empty_3"/></StgValue>
</bind>
</comp>

<comp id="14" class="1001" name="const_14">
<pin_list>
<pin id="15" dir="1" index="0" bw="1" slack="2147483647"/>
</pin_list>
<bind>
<StgValue><ssdm name=""/></StgValue>
</bind>
</comp>

<comp id="16" class="1001" name="const_16">
<pin_list>
<pin id="17" dir="1" index="0" bw="1" slack="0"/>
</pin_list>
<bind>
<StgValue><ssdm name=""/></StgValue>
</bind>
</comp>

<comp id="18" class="1001" name="const_18">
<pin_list>
<pin id="19" dir="1" index="0" bw="1" slack="0"/>
</pin_list>
<bind>
<StgValue><ssdm name=""/></StgValue>
</bind>
</comp>

<comp id="20" class="1001" name="const_20">
<pin_list>
<pin id="21" dir="1" index="0" bw="1" slack="0"/>
</pin_list>
<bind>
<StgValue><ssdm name=""/></StgValue>
</bind>
</comp>

<comp id="22" class="1001" name="const_22">
<pin_list>
<pin id="23" dir="1" index="0" bw="1" slack="0"/>
</pin_list>
<bind>
<StgValue><ssdm name=""/></StgValue>
</bind>
</comp>

<comp id="24" class="1001" name="const_24">
<pin_list>
<pin id="25" dir="1" index="0" bw="1" slack="0"/>
</pin_list>
<bind>
<StgValue><ssdm name=""/></StgValue>
</bind>
</comp>

<comp id="26" class="1001" name="const_26">
<pin_list>
<pin id="27" dir="1" index="0" bw="1" slack="2147483647"/>
</pin_list>
<bind>
<StgValue><ssdm name="_ssdm_op_SpecPipeline"/></StgValue>
</bind>
</comp>

<comp id="28" class="1001" name="const_28">
<pin_list>
<pin id="29" dir="1" index="0" bw="1" slack="2147483647"/>
</pin_list>
<bind>
<StgValue><ssdm name="_ssdm_op_SpecLoopTripCount"/></StgValue>
</bind>
</comp>

<comp id="30" class="1001" name="const_30">
<pin_list>
<pin id="31" dir="1" index="0" bw="1" slack="2147483647"/>
</pin_list>
<bind>
<StgValue><ssdm name=""/></StgValue>
</bind>
</comp>

<comp id="32" class="1001" name="const_32">
<pin_list>
<pin id="33" dir="1" index="0" bw="1" slack="2147483647"/>
</pin_list>
<bind>
<StgValue><ssdm name="_ssdm_op_SpecLoopName"/></StgValue>
</bind>
</comp>

<comp id="34" class="1001" name="const_34">
<pin_list>
<pin id="35" dir="1" index="0" bw="1" slack="2147483647"/>
</pin_list>
<bind>
<StgValue><ssdm name="empty_2"/></StgValue>
</bind>
</comp>

<comp id="36" class="1001" name="const_36">
<pin_list>
<pin id="37" dir="1" index="0" bw="1" slack="0"/>
</pin_list>
<bind>
<StgValue><ssdm name=""/></StgValue>
</bind>
</comp>

<comp id="38" class="1001" name="const_38">
<pin_list>
<pin id="39" dir="1" index="0" bw="1" slack="0"/>
</pin_list>
<bind>
<StgValue><ssdm name="_ssdm_op_PartSelect.i13.i53.i32.i32"/></StgValue>
</bind>
</comp>

<comp id="40" class="1001" name="const_40">
<pin_list>
<pin id="41" dir="1" index="0" bw="1" slack="0"/>
</pin_list>
<bind>
<StgValue><ssdm name=""/></StgValue>
</bind>
</comp>

<comp id="42" class="1001" name="const_42">
<pin_list>
<pin id="43" dir="1" index="0" bw="1" slack="0"/>
</pin_list>
<bind>
<StgValue><ssdm name=""/></StgValue>
</bind>
</comp>

<comp id="44" class="1001" name="const_44">
<pin_list>
<pin id="45" dir="1" index="0" bw="1" slack="0"/>
</pin_list>
<bind>
<StgValue><ssdm name="_ssdm_op_PartSelect.i6.i53.i32.i32"/></StgValue>
</bind>
</comp>

<comp id="46" class="1001" name="const_46">
<pin_list>
<pin id="47" dir="1" index="0" bw="1" slack="0"/>
</pin_list>
<bind>
<StgValue><ssdm name=""/></StgValue>
</bind>
</comp>

<comp id="48" class="1001" name="const_48">
<pin_list>
<pin id="49" dir="1" index="0" bw="1" slack="0"/>
</pin_list>
<bind>
<StgValue><ssdm name=""/></StgValue>
</bind>
</comp>

<comp id="50" class="1001" name="const_50">
<pin_list>
<pin id="51" dir="1" index="0" bw="1" slack="0"/>
</pin_list>
<bind>
<StgValue><ssdm name=""/></StgValue>
</bind>
</comp>

<comp id="52" class="1001" name="const_52">
<pin_list>
<pin id="53" dir="1" index="0" bw="1" slack="0"/>
</pin_list>
<bind>
<StgValue><ssdm name="_ssdm_op_PartSelect.i8.i53.i32.i32"/></StgValue>
</bind>
</comp>

<comp id="54" class="1001" name="const_54">
<pin_list>
<pin id="55" dir="1" index="0" bw="1" slack="0"/>
</pin_list>
<bind>
<StgValue><ssdm name=""/></StgValue>
</bind>
</comp>

<comp id="56" class="1001" name="const_56">
<pin_list>
<pin id="57" dir="1" index="0" bw="1" slack="0"/>
</pin_list>
<bind>
<StgValue><ssdm name=""/></StgValue>
</bind>
</comp>

<comp id="58" class="1004" name="i_fu_58">
<pin_list>
<pin id="59" dir="0" index="0" bw="1" slack="0"/>
<pin id="60" dir="1" index="1" bw="4" slack="0"/>
</pin_list>
<bind>
<opcode="alloca(26) " fcode="alloca"/>
<opset="i/1 "/>
</bind>
</comp>

<comp id="62" class="1004" name="fc2_acc_addr_gep_fu_62">
<pin_list>
<pin id="63" dir="0" index="0" bw="22" slack="0"/>
<pin id="64" dir="0" index="1" bw="1" slack="0"/>
<pin id="65" dir="0" index="2" bw="4" slack="0"/>
<pin id="66" dir="1" index="3" bw="4" slack="0"/>
</pin_list>
<bind>
<opcode="getelementptr(29) " fcode="getelementptr"/>
<opset="fc2_acc_addr/1 "/>
</bind>
</comp>

<comp id="69" class="1004" name="grp_access_fu_69">
<pin_list>
<pin id="70" dir="0" index="0" bw="4" slack="0"/>
<pin id="71" dir="0" index="1" bw="22" slack="2147483647"/>
<pin id="72" dir="0" index="2" bw="0" slack="2147483647"/>
<pin id="73" dir="1" index="3" bw="22" slack="1"/>
</pin_list>
<bind>
<opcode="load(27) " fcode="load"/>
<opset="fc2_acc_load/1 "/>
</bind>
</comp>

<comp id="75" class="1004" name="logits_q_addr_gep_fu_75">
<pin_list>
<pin id="76" dir="0" index="0" bw="8" slack="0"/>
<pin id="77" dir="0" index="1" bw="1" slack="0"/>
<pin id="78" dir="0" index="2" bw="4" slack="3"/>
<pin id="79" dir="1" index="3" bw="4" slack="0"/>
</pin_list>
<bind>
<opcode="getelementptr(29) " fcode="getelementptr"/>
<opset="logits_q_addr/4 "/>
</bind>
</comp>

<comp id="82" class="1004" name="store_ln285_access_fu_82">
<pin_list>
<pin id="83" dir="0" index="0" bw="4" slack="0"/>
<pin id="84" dir="0" index="1" bw="8" slack="0"/>
<pin id="85" dir="0" index="2" bw="0" slack="2147483647"/>
<pin id="86" dir="1" index="3" bw="8" slack="2147483647"/>
</pin_list>
<bind>
<opcode="store(28) " fcode="store"/>
<opset="store_ln285/4 "/>
</bind>
</comp>

<comp id="88" class="1004" name="prod_fu_88">
<pin_list>
<pin id="89" dir="0" index="0" bw="22" slack="0"/>
<pin id="90" dir="0" index="1" bw="32" slack="0"/>
<pin id="91" dir="1" index="2" bw="53" slack="1"/>
</pin_list>
<bind>
<opcode="mul(12) " fcode="mul"/>
<opset="prod/3 "/>
</bind>
</comp>

<comp id="93" class="1004" name="store_ln284_store_fu_93">
<pin_list>
<pin id="94" dir="0" index="0" bw="1" slack="0"/>
<pin id="95" dir="0" index="1" bw="4" slack="0"/>
<pin id="96" dir="1" index="2" bw="0" slack="2147483647"/>
</pin_list>
<bind>
<opcode="store(28) " fcode="store"/>
<opset="store_ln284/1 "/>
</bind>
</comp>

<comp id="98" class="1004" name="i_1_load_fu_98">
<pin_list>
<pin id="99" dir="0" index="0" bw="4" slack="0"/>
<pin id="100" dir="1" index="1" bw="4" slack="0"/>
</pin_list>
<bind>
<opcode="load(27) " fcode="load"/>
<opset="i_1/1 "/>
</bind>
</comp>

<comp id="101" class="1004" name="icmp_ln284_fu_101">
<pin_list>
<pin id="102" dir="0" index="0" bw="4" slack="0"/>
<pin id="103" dir="0" index="1" bw="4" slack="0"/>
<pin id="104" dir="1" index="2" bw="1" slack="2"/>
</pin_list>
<bind>
<opcode="icmp(45) " fcode="icmp"/>
<opset="icmp_ln284/1 "/>
</bind>
</comp>

<comp id="107" class="1004" name="add_ln284_fu_107">
<pin_list>
<pin id="108" dir="0" index="0" bw="4" slack="0"/>
<pin id="109" dir="0" index="1" bw="1" slack="0"/>
<pin id="110" dir="1" index="2" bw="4" slack="0"/>
</pin_list>
<bind>
<opcode="add(8) " fcode="add"/>
<opset="add_ln284/1 "/>
</bind>
</comp>

<comp id="113" class="1004" name="zext_ln284_fu_113">
<pin_list>
<pin id="114" dir="0" index="0" bw="4" slack="0"/>
<pin id="115" dir="1" index="1" bw="64" slack="0"/>
</pin_list>
<bind>
<opcode="zext(34) " fcode="zext"/>
<opset="zext_ln284/1 "/>
</bind>
</comp>

<comp id="118" class="1004" name="store_ln284_store_fu_118">
<pin_list>
<pin id="119" dir="0" index="0" bw="4" slack="0"/>
<pin id="120" dir="0" index="1" bw="4" slack="0"/>
<pin id="121" dir="1" index="2" bw="0" slack="2147483647"/>
</pin_list>
<bind>
<opcode="store(28) " fcode="store"/>
<opset="store_ln284/1 "/>
</bind>
</comp>

<comp id="123" class="1004" name="sext_ln17_fu_123">
<pin_list>
<pin id="124" dir="0" index="0" bw="22" slack="1"/>
<pin id="125" dir="1" index="1" bw="53" slack="0"/>
</pin_list>
<bind>
<opcode="sext(35) " fcode="sext"/>
<opset="sext_ln17/3 "/>
</bind>
</comp>

<comp id="127" class="1004" name="sum_fu_127">
<pin_list>
<pin id="128" dir="0" index="0" bw="53" slack="1"/>
<pin id="129" dir="0" index="1" bw="41" slack="0"/>
<pin id="130" dir="1" index="2" bw="53" slack="0"/>
</pin_list>
<bind>
<opcode="add(8) " fcode="add"/>
<opset="sum/4 "/>
</bind>
</comp>

<comp id="132" class="1004" name="trunc_ln20_7_fu_132">
<pin_list>
<pin id="133" dir="0" index="0" bw="13" slack="0"/>
<pin id="134" dir="0" index="1" bw="53" slack="0"/>
<pin id="135" dir="0" index="2" bw="7" slack="0"/>
<pin id="136" dir="0" index="3" bw="7" slack="0"/>
<pin id="137" dir="1" index="4" bw="13" slack="0"/>
</pin_list>
<bind>
<opcode="partselect(1002) " fcode="partselect"/>
<opset="trunc_ln20_7/4 "/>
</bind>
</comp>

<comp id="142" class="1004" name="tmp_fu_142">
<pin_list>
<pin id="143" dir="0" index="0" bw="6" slack="0"/>
<pin id="144" dir="0" index="1" bw="53" slack="0"/>
<pin id="145" dir="0" index="2" bw="7" slack="0"/>
<pin id="146" dir="0" index="3" bw="7" slack="0"/>
<pin id="147" dir="1" index="4" bw="6" slack="0"/>
</pin_list>
<bind>
<opcode="partselect(1002) " fcode="partselect"/>
<opset="tmp/4 "/>
</bind>
</comp>

<comp id="152" class="1004" name="icmp_ln24_fu_152">
<pin_list>
<pin id="153" dir="0" index="0" bw="6" slack="0"/>
<pin id="154" dir="0" index="1" bw="6" slack="0"/>
<pin id="155" dir="1" index="2" bw="1" slack="0"/>
</pin_list>
<bind>
<opcode="icmp(45) " fcode="icmp"/>
<opset="icmp_ln24/4 "/>
</bind>
</comp>

<comp id="158" class="1004" name="icmp_ln25_fu_158">
<pin_list>
<pin id="159" dir="0" index="0" bw="13" slack="0"/>
<pin id="160" dir="0" index="1" bw="13" slack="0"/>
<pin id="161" dir="1" index="2" bw="1" slack="0"/>
</pin_list>
<bind>
<opcode="icmp(45) " fcode="icmp"/>
<opset="icmp_ln25/4 "/>
</bind>
</comp>

<comp id="164" class="1004" name="trunc_ln26_8_fu_164">
<pin_list>
<pin id="165" dir="0" index="0" bw="8" slack="0"/>
<pin id="166" dir="0" index="1" bw="53" slack="0"/>
<pin id="167" dir="0" index="2" bw="7" slack="0"/>
<pin id="168" dir="0" index="3" bw="7" slack="0"/>
<pin id="169" dir="1" index="4" bw="8" slack="0"/>
</pin_list>
<bind>
<opcode="partselect(1002) " fcode="partselect"/>
<opset="trunc_ln26_8/4 "/>
</bind>
</comp>

<comp id="174" class="1004" name="select_ln24_fu_174">
<pin_list>
<pin id="175" dir="0" index="0" bw="1" slack="0"/>
<pin id="176" dir="0" index="1" bw="8" slack="0"/>
<pin id="177" dir="0" index="2" bw="8" slack="0"/>
<pin id="178" dir="1" index="3" bw="8" slack="0"/>
</pin_list>
<bind>
<opcode="select(49) " fcode="select"/>
<opset="select_ln24/4 "/>
</bind>
</comp>

<comp id="182" class="1004" name="or_ln24_fu_182">
<pin_list>
<pin id="183" dir="0" index="0" bw="1" slack="0"/>
<pin id="184" dir="0" index="1" bw="1" slack="0"/>
<pin id="185" dir="1" index="2" bw="1" slack="0"/>
</pin_list>
<bind>
<opcode="or(24) " fcode="or"/>
<opset="or_ln24/4 "/>
</bind>
</comp>

<comp id="188" class="1004" name="select_ln24_3_fu_188">
<pin_list>
<pin id="189" dir="0" index="0" bw="1" slack="0"/>
<pin id="190" dir="0" index="1" bw="8" slack="0"/>
<pin id="191" dir="0" index="2" bw="8" slack="0"/>
<pin id="192" dir="1" index="3" bw="8" slack="0"/>
</pin_list>
<bind>
<opcode="select(49) " fcode="select"/>
<opset="select_ln24_3/4 "/>
</bind>
</comp>

<comp id="197" class="1005" name="i_reg_197">
<pin_list>
<pin id="198" dir="0" index="0" bw="4" slack="0"/>
<pin id="199" dir="1" index="1" bw="4" slack="0"/>
</pin_list>
<bind>
<opset="i "/>
</bind>
</comp>

<comp id="204" class="1005" name="icmp_ln284_reg_204">
<pin_list>
<pin id="205" dir="0" index="0" bw="1" slack="2"/>
<pin id="206" dir="1" index="1" bw="1" slack="2147483647"/>
</pin_list>
<bind>
<opset="icmp_ln284 "/>
</bind>
</comp>

<comp id="208" class="1005" name="zext_ln284_reg_208">
<pin_list>
<pin id="209" dir="0" index="0" bw="64" slack="3"/>
<pin id="210" dir="1" index="1" bw="64" slack="3"/>
</pin_list>
<bind>
<opset="zext_ln284 "/>
</bind>
</comp>

<comp id="213" class="1005" name="fc2_acc_addr_reg_213">
<pin_list>
<pin id="214" dir="0" index="0" bw="4" slack="1"/>
<pin id="215" dir="1" index="1" bw="4" slack="1"/>
</pin_list>
<bind>
<opset="fc2_acc_addr "/>
</bind>
</comp>

<comp id="218" class="1005" name="fc2_acc_load_reg_218">
<pin_list>
<pin id="219" dir="0" index="0" bw="22" slack="1"/>
<pin id="220" dir="1" index="1" bw="22" slack="1"/>
</pin_list>
<bind>
<opset="fc2_acc_load "/>
</bind>
</comp>

<comp id="223" class="1005" name="prod_reg_223">
<pin_list>
<pin id="224" dir="0" index="0" bw="53" slack="1"/>
<pin id="225" dir="1" index="1" bw="53" slack="1"/>
</pin_list>
<bind>
<opset="prod "/>
</bind>
</comp>

</comp_list>

<net_list>
<net id="61"><net_src comp="4" pin="0"/><net_sink comp="58" pin=0"/></net>

<net id="67"><net_src comp="0" pin="0"/><net_sink comp="62" pin=0"/></net>

<net id="68"><net_src comp="22" pin="0"/><net_sink comp="62" pin=1"/></net>

<net id="74"><net_src comp="62" pin="3"/><net_sink comp="69" pin=0"/></net>

<net id="80"><net_src comp="2" pin="0"/><net_sink comp="75" pin=0"/></net>

<net id="81"><net_src comp="22" pin="0"/><net_sink comp="75" pin=1"/></net>

<net id="87"><net_src comp="75" pin="3"/><net_sink comp="82" pin=0"/></net>

<net id="92"><net_src comp="24" pin="0"/><net_sink comp="88" pin=1"/></net>

<net id="97"><net_src comp="16" pin="0"/><net_sink comp="93" pin=0"/></net>

<net id="105"><net_src comp="98" pin="1"/><net_sink comp="101" pin=0"/></net>

<net id="106"><net_src comp="18" pin="0"/><net_sink comp="101" pin=1"/></net>

<net id="111"><net_src comp="98" pin="1"/><net_sink comp="107" pin=0"/></net>

<net id="112"><net_src comp="20" pin="0"/><net_sink comp="107" pin=1"/></net>

<net id="116"><net_src comp="98" pin="1"/><net_sink comp="113" pin=0"/></net>

<net id="117"><net_src comp="113" pin="1"/><net_sink comp="62" pin=2"/></net>

<net id="122"><net_src comp="107" pin="2"/><net_sink comp="118" pin=0"/></net>

<net id="126"><net_src comp="123" pin="1"/><net_sink comp="88" pin=0"/></net>

<net id="131"><net_src comp="36" pin="0"/><net_sink comp="127" pin=1"/></net>

<net id="138"><net_src comp="38" pin="0"/><net_sink comp="132" pin=0"/></net>

<net id="139"><net_src comp="127" pin="2"/><net_sink comp="132" pin=1"/></net>

<net id="140"><net_src comp="40" pin="0"/><net_sink comp="132" pin=2"/></net>

<net id="141"><net_src comp="42" pin="0"/><net_sink comp="132" pin=3"/></net>

<net id="148"><net_src comp="44" pin="0"/><net_sink comp="142" pin=0"/></net>

<net id="149"><net_src comp="127" pin="2"/><net_sink comp="142" pin=1"/></net>

<net id="150"><net_src comp="46" pin="0"/><net_sink comp="142" pin=2"/></net>

<net id="151"><net_src comp="42" pin="0"/><net_sink comp="142" pin=3"/></net>

<net id="156"><net_src comp="142" pin="4"/><net_sink comp="152" pin=0"/></net>

<net id="157"><net_src comp="48" pin="0"/><net_sink comp="152" pin=1"/></net>

<net id="162"><net_src comp="132" pin="4"/><net_sink comp="158" pin=0"/></net>

<net id="163"><net_src comp="50" pin="0"/><net_sink comp="158" pin=1"/></net>

<net id="170"><net_src comp="52" pin="0"/><net_sink comp="164" pin=0"/></net>

<net id="171"><net_src comp="127" pin="2"/><net_sink comp="164" pin=1"/></net>

<net id="172"><net_src comp="40" pin="0"/><net_sink comp="164" pin=2"/></net>

<net id="173"><net_src comp="46" pin="0"/><net_sink comp="164" pin=3"/></net>

<net id="179"><net_src comp="152" pin="2"/><net_sink comp="174" pin=0"/></net>

<net id="180"><net_src comp="54" pin="0"/><net_sink comp="174" pin=1"/></net>

<net id="181"><net_src comp="56" pin="0"/><net_sink comp="174" pin=2"/></net>

<net id="186"><net_src comp="152" pin="2"/><net_sink comp="182" pin=0"/></net>

<net id="187"><net_src comp="158" pin="2"/><net_sink comp="182" pin=1"/></net>

<net id="193"><net_src comp="182" pin="2"/><net_sink comp="188" pin=0"/></net>

<net id="194"><net_src comp="174" pin="3"/><net_sink comp="188" pin=1"/></net>

<net id="195"><net_src comp="164" pin="4"/><net_sink comp="188" pin=2"/></net>

<net id="196"><net_src comp="188" pin="3"/><net_sink comp="82" pin=1"/></net>

<net id="200"><net_src comp="58" pin="1"/><net_sink comp="197" pin=0"/></net>

<net id="201"><net_src comp="197" pin="1"/><net_sink comp="93" pin=1"/></net>

<net id="202"><net_src comp="197" pin="1"/><net_sink comp="98" pin=0"/></net>

<net id="203"><net_src comp="197" pin="1"/><net_sink comp="118" pin=1"/></net>

<net id="207"><net_src comp="101" pin="2"/><net_sink comp="204" pin=0"/></net>

<net id="211"><net_src comp="113" pin="1"/><net_sink comp="208" pin=0"/></net>

<net id="212"><net_src comp="208" pin="1"/><net_sink comp="75" pin=2"/></net>

<net id="216"><net_src comp="62" pin="3"/><net_sink comp="213" pin=0"/></net>

<net id="217"><net_src comp="213" pin="1"/><net_sink comp="69" pin=0"/></net>

<net id="221"><net_src comp="69" pin="3"/><net_sink comp="218" pin=0"/></net>

<net id="222"><net_src comp="218" pin="1"/><net_sink comp="123" pin=0"/></net>

<net id="226"><net_src comp="88" pin="2"/><net_sink comp="223" pin=0"/></net>

<net id="227"><net_src comp="223" pin="1"/><net_sink comp="127" pin=0"/></net>

</net_list>

</model> 
---------------- Datapath Model END ------------------

* FSMD analyzer results:
  - Output states:
	Port: logits_q | {4 }
 - Input state : 
	Port: awn_forward_Pipeline_VITIS_LOOP_284_12 : fc2_acc | {1 2 }
	Port: awn_forward_Pipeline_VITIS_LOOP_284_12 : logits_q | {}
  - Chain level:
	State 1
		store_ln284 : 1
		i_1 : 1
		icmp_ln284 : 2
		add_ln284 : 2
		br_ln284 : 3
		zext_ln284 : 2
		fc2_acc_addr : 3
		fc2_acc_load : 4
		store_ln284 : 3
	State 2
	State 3
		prod : 1
	State 4
		trunc_ln20_7 : 1
		tmp : 1
		icmp_ln24 : 2
		icmp_ln25 : 2
		trunc_ln26_8 : 1
		select_ln24 : 3
		or_ln24 : 3
		select_ln24_3 : 3
		store_ln285 : 4


============================================================
+ Verbose Summary: Datapath Resource usage 
============================================================

* Functional unit list:
|----------|----------------------|---------|---------|---------|
| Operation|    Functional Unit   |   DSP   |    FF   |   LUT   |
|----------|----------------------|---------|---------|---------|
|    add   |   add_ln284_fu_107   |    0    |    0    |    12   |
|          |      sum_fu_127      |    0    |    0    |    60   |
|----------|----------------------|---------|---------|---------|
|          |   icmp_ln284_fu_101  |    0    |    0    |    12   |
|   icmp   |   icmp_ln24_fu_152   |    0    |    0    |    13   |
|          |   icmp_ln25_fu_158   |    0    |    0    |    20   |
|----------|----------------------|---------|---------|---------|
|    mul   |      prod_fu_88      |    2    |    0    |    20   |
|----------|----------------------|---------|---------|---------|
|  select  |  select_ln24_fu_174  |    0    |    0    |    8    |
|          | select_ln24_3_fu_188 |    0    |    0    |    8    |
|----------|----------------------|---------|---------|---------|
|    or    |    or_ln24_fu_182    |    0    |    0    |    2    |
|----------|----------------------|---------|---------|---------|
|   zext   |   zext_ln284_fu_113  |    0    |    0    |    0    |
|----------|----------------------|---------|---------|---------|
|   sext   |   sext_ln17_fu_123   |    0    |    0    |    0    |
|----------|----------------------|---------|---------|---------|
|          |  trunc_ln20_7_fu_132 |    0    |    0    |    0    |
|partselect|      tmp_fu_142      |    0    |    0    |    0    |
|          |  trunc_ln26_8_fu_164 |    0    |    0    |    0    |
|----------|----------------------|---------|---------|---------|
|   Total  |                      |    2    |    0    |   155   |
|----------|----------------------|---------|---------|---------|

Memories:
N/A

* Register list:
+--------------------+--------+
|                    |   FF   |
+--------------------+--------+
|fc2_acc_addr_reg_213|    4   |
|fc2_acc_load_reg_218|   22   |
|      i_reg_197     |    4   |
| icmp_ln284_reg_204 |    1   |
|    prod_reg_223    |   53   |
| zext_ln284_reg_208 |   64   |
+--------------------+--------+
|        Total       |   148  |
+--------------------+--------+

* Multiplexer (MUX) list: 
|------------------|------|------|------|--------||---------||---------|
|       Comp       |  Pin | Size |  BW  | S x BW ||  Delay  ||   LUT   |
|------------------|------|------|------|--------||---------||---------|
| grp_access_fu_69 |  p0  |   2  |   4  |    8   ||    9    |
|------------------|------|------|------|--------||---------||---------|
|       Total      |      |      |      |    8   ||  0.427  ||    9    |
|------------------|------|------|------|--------||---------||---------|



* Summary:
+-----------+--------+--------+--------+--------+
|           |   DSP  |  Delay |   FF   |   LUT  |
+-----------+--------+--------+--------+--------+
|  Function |    2   |    -   |    0   |   155  |
|   Memory  |    -   |    -   |    -   |    -   |
|Multiplexer|    -   |    0   |    -   |    9   |
|  Register |    -   |    -   |   148  |    -   |
+-----------+--------+--------+--------+--------+
|   Total   |    2   |    0   |   148  |   164  |
+-----------+--------+--------+--------+--------+
