

================================================================
== Vitis HLS Report for 'awn_forward_Pipeline_VITIS_LOOP_210_1_VITIS_LOOP_211_2'
================================================================
* Date:           Sat May 30 20:37:40 2026

* Version:        2023.2 (Build 4023990 on Oct 11 2023)
* Project:        proj_awn_int8
* Solution:       solution1 (Vivado IP Flow Target)
* Product family: zynquplus
* Target device:  xczu7ev-ffvc1156-2-e


================================================================
== Performance Estimates
================================================================
+ Timing: 
    * Summary: 
    +--------+---------+----------+------------+
    |  Clock |  Target | Estimated| Uncertainty|
    +--------+---------+----------+------------+
    |ap_clk  |  5.00 ns|  2.797 ns|     1.35 ns|
    +--------+---------+----------+------------+

+ Latency: 
    * Summary: 
    +---------+---------+-----------+-----------+------+------+---------+
    |  Latency (cycles) |   Latency (absolute)  |   Interval  | Pipeline|
    |   min   |   max   |    min    |    max    |  min |  max |   Type  |
    +---------+---------+-----------+-----------+------+------+---------+
    |     4098|     4098|  20.490 us|  20.490 us|  4098|  4098|       no|
    +---------+---------+-----------+-----------+------+------+---------+

    + Detail: 
        * Instance: 
        N/A

        * Loop: 
        +-------------------------------------+---------+---------+----------+-----------+-----------+------+----------+
        |                                     |  Latency (cycles) | Iteration|  Initiation Interval  | Trip |          |
        |              Loop Name              |   min   |   max   |  Latency |  achieved |   target  | Count| Pipelined|
        +-------------------------------------+---------+---------+----------+-----------+-----------+------+----------+
        |- VITIS_LOOP_210_1_VITIS_LOOP_211_2  |     4096|     4096|         2|          1|          1|  4096|       yes|
        +-------------------------------------+---------+---------+----------+-----------+-----------+------+----------+

============================================================
+ Verbose Summary: Synthesis Manager
============================================================
InlineROM: 1
ExposeGlobal: 0
============================================================
+ Verbose Summary: CDFG Model
============================================================
IsTopModel: 0
ResetActiveHigh: 1
IsCombinational: 0
IsDatapathOnly: 0
HasWiredReturn: 1
HasMFsm: 2
HasVarLatency: 1
IsPipeline: 0
IsRtlPipelined: 0
IsInstanceOverlapped: 0
IsDontTouch: 0
HasImplIP: 0
IsGatedGlobalClock: 0

+ Individual pipeline summary: 
  * Pipeline-0: initiation interval (II) = 1, depth = 2


============================================================
+ Verbose Summary: Schedule
============================================================
* Number of FSM states : 2
* Pipeline : 1
  Pipeline-0 : II = 1, D = 2, States = { 1 2 }
* Dataflow Pipeline: 0

* FSM state transitions: 
1 --> 2 
2 --> 

* FSM state operations: 

State 1 <SV = 0> <Delay = 2.79>
ST_1 : Operation 5 [1/1] (0.00ns)   --->   "%t = alloca i32 1" [awn_int8.cpp:211]   --->   Operation 5 'alloca' 't' <Predicate = true> <Delay = 0.00>
ST_1 : Operation 6 [1/1] (0.00ns)   --->   "%c = alloca i32 1" [awn_int8.cpp:210]   --->   Operation 6 'alloca' 'c' <Predicate = true> <Delay = 0.00>
ST_1 : Operation 7 [1/1] (0.00ns)   --->   "%indvar_flatten = alloca i32 1"   --->   Operation 7 'alloca' 'indvar_flatten' <Predicate = true> <Delay = 0.00>
ST_1 : Operation 8 [1/1] (0.42ns)   --->   "%store_ln0 = store i13 0, i13 %indvar_flatten"   --->   Operation 8 'store' 'store_ln0' <Predicate = true> <Delay = 0.42>
ST_1 : Operation 9 [1/1] (0.42ns)   --->   "%store_ln210 = store i7 0, i7 %c" [awn_int8.cpp:210]   --->   Operation 9 'store' 'store_ln210' <Predicate = true> <Delay = 0.42>
ST_1 : Operation 10 [1/1] (0.42ns)   --->   "%store_ln211 = store i7 0, i7 %t" [awn_int8.cpp:211]   --->   Operation 10 'store' 'store_ln211' <Predicate = true> <Delay = 0.42>
ST_1 : Operation 11 [1/1] (0.00ns)   --->   "%br_ln0 = br void %for.inc"   --->   Operation 11 'br' 'br_ln0' <Predicate = true> <Delay = 0.00>
ST_1 : Operation 12 [1/1] (0.00ns)   --->   "%indvar_flatten_load = load i13 %indvar_flatten" [awn_int8.cpp:210]   --->   Operation 12 'load' 'indvar_flatten_load' <Predicate = true> <Delay = 0.00>
ST_1 : Operation 13 [1/1] (0.82ns)   --->   "%icmp_ln210 = icmp_eq  i13 %indvar_flatten_load, i13 4096" [awn_int8.cpp:210]   --->   Operation 13 'icmp' 'icmp_ln210' <Predicate = true> <Delay = 0.82> <CoreInst = "Cmp">   --->   Core 9 'Cmp' <Latency = 0> <II = 1> <Delay = 0.82> <FuncUnit> <Opcode : 'icmp'> <InPorts = 2> <OutPorts = 1>
ST_1 : Operation 14 [1/1] (0.82ns)   --->   "%add_ln210_1 = add i13 %indvar_flatten_load, i13 1" [awn_int8.cpp:210]   --->   Operation 14 'add' 'add_ln210_1' <Predicate = true> <Delay = 0.82> <CoreInst = "Adder">   --->   Core 1 'Adder' <Latency = 0> <II = 1> <Delay = 0.82> <FuncUnit> <Opcode : 'add' 'sub'> <InPorts = 2> <OutPorts = 1>
ST_1 : Operation 15 [1/1] (0.00ns)   --->   "%br_ln210 = br i1 %icmp_ln210, void %for.inc22, void %for.end24.exitStub" [awn_int8.cpp:210]   --->   Operation 15 'br' 'br_ln210' <Predicate = true> <Delay = 0.00>
ST_1 : Operation 16 [1/1] (0.00ns)   --->   "%t_load = load i7 %t" [awn_int8.cpp:211]   --->   Operation 16 'load' 't_load' <Predicate = (!icmp_ln210)> <Delay = 0.00>
ST_1 : Operation 17 [1/1] (0.00ns)   --->   "%c_load = load i7 %c" [awn_int8.cpp:210]   --->   Operation 17 'load' 'c_load' <Predicate = (!icmp_ln210)> <Delay = 0.00>
ST_1 : Operation 18 [1/1] (0.77ns)   --->   "%add_ln210 = add i7 %c_load, i7 1" [awn_int8.cpp:210]   --->   Operation 18 'add' 'add_ln210' <Predicate = (!icmp_ln210)> <Delay = 0.77> <CoreInst = "Adder">   --->   Core 1 'Adder' <Latency = 0> <II = 1> <Delay = 0.77> <FuncUnit> <Opcode : 'add' 'sub'> <InPorts = 2> <OutPorts = 1>
ST_1 : Operation 19 [1/1] (0.77ns)   --->   "%icmp_ln211 = icmp_eq  i7 %t_load, i7 64" [awn_int8.cpp:211]   --->   Operation 19 'icmp' 'icmp_ln211' <Predicate = (!icmp_ln210)> <Delay = 0.77> <CoreInst = "Cmp">   --->   Core 9 'Cmp' <Latency = 0> <II = 1> <Delay = 0.77> <FuncUnit> <Opcode : 'icmp'> <InPorts = 2> <OutPorts = 1>
ST_1 : Operation 20 [1/1] (0.36ns)   --->   "%select_ln210 = select i1 %icmp_ln211, i7 0, i7 %t_load" [awn_int8.cpp:210]   --->   Operation 20 'select' 'select_ln210' <Predicate = (!icmp_ln210)> <Delay = 0.36> <CoreInst = "Sel">   --->   Core 73 'Sel' <Latency = 0> <II = 1> <Delay = 0.36> <FuncUnit> <Opcode : 'select'> <InPorts = 3> <OutPorts = 1>
ST_1 : Operation 21 [1/1] (0.36ns)   --->   "%select_ln210_1 = select i1 %icmp_ln211, i7 %add_ln210, i7 %c_load" [awn_int8.cpp:210]   --->   Operation 21 'select' 'select_ln210_1' <Predicate = (!icmp_ln210)> <Delay = 0.36> <CoreInst = "Sel">   --->   Core 73 'Sel' <Latency = 0> <II = 1> <Delay = 0.36> <FuncUnit> <Opcode : 'select'> <InPorts = 3> <OutPorts = 1>
ST_1 : Operation 22 [1/1] (0.00ns)   --->   "%trunc_ln212 = trunc i7 %select_ln210_1" [awn_int8.cpp:212]   --->   Operation 22 'trunc' 'trunc_ln212' <Predicate = (!icmp_ln210)> <Delay = 0.00>
ST_1 : Operation 23 [1/1] (0.00ns)   --->   "%trunc_ln212_1 = trunc i7 %select_ln210" [awn_int8.cpp:212]   --->   Operation 23 'trunc' 'trunc_ln212_1' <Predicate = (!icmp_ln210)> <Delay = 0.00>
ST_1 : Operation 24 [1/1] (0.00ns)   --->   "%shl_ln212 = shl i7 %select_ln210, i7 1" [awn_int8.cpp:212]   --->   Operation 24 'shl' 'shl_ln212' <Predicate = (!icmp_ln210)> <Delay = 0.00>
ST_1 : Operation 25 [1/1] (0.00ns)   --->   "%tmp_s = bitconcatenate i13 @_ssdm_op_BitConcatenate.i13.i6.i6.i1, i6 %trunc_ln212, i6 %trunc_ln212_1, i1 0" [awn_int8.cpp:212]   --->   Operation 25 'bitconcatenate' 'tmp_s' <Predicate = (!icmp_ln210)> <Delay = 0.00>
ST_1 : Operation 26 [1/1] (0.00ns)   --->   "%zext_ln212_1 = zext i13 %tmp_s" [awn_int8.cpp:212]   --->   Operation 26 'zext' 'zext_ln212_1' <Predicate = (!icmp_ln210)> <Delay = 0.00>
ST_1 : Operation 27 [1/1] (0.00ns)   --->   "%y2_addr = getelementptr i8 %y2, i64 0, i64 %zext_ln212_1" [awn_int8.cpp:212]   --->   Operation 27 'getelementptr' 'y2_addr' <Predicate = (!icmp_ln210)> <Delay = 0.00>
ST_1 : Operation 28 [2/2] (1.23ns)   --->   "%y2_load = load i13 %y2_addr" [awn_int8.cpp:212]   --->   Operation 28 'load' 'y2_load' <Predicate = (!icmp_ln210)> <Delay = 1.23> <CoreInst = "RAM">   --->   Core 83 'RAM' <Latency = 1> <II = 1> <Delay = 1.23> <Storage> <Opcode : 'load' 'store'> <Ports = 2> <Width = 8> <Depth = 8192> <RAM>
ST_1 : Operation 29 [1/1] (0.00ns)   --->   "%or_ln213 = or i7 %shl_ln212, i7 1" [awn_int8.cpp:213]   --->   Operation 29 'or' 'or_ln213' <Predicate = (!icmp_ln210)> <Delay = 0.00>
ST_1 : Operation 30 [1/1] (0.00ns)   --->   "%tmp_256 = bitconcatenate i13 @_ssdm_op_BitConcatenate.i13.i6.i7, i6 %trunc_ln212, i7 %or_ln213" [awn_int8.cpp:213]   --->   Operation 30 'bitconcatenate' 'tmp_256' <Predicate = (!icmp_ln210)> <Delay = 0.00>
ST_1 : Operation 31 [1/1] (0.00ns)   --->   "%zext_ln213 = zext i13 %tmp_256" [awn_int8.cpp:213]   --->   Operation 31 'zext' 'zext_ln213' <Predicate = (!icmp_ln210)> <Delay = 0.00>
ST_1 : Operation 32 [1/1] (0.00ns)   --->   "%y2_addr_1 = getelementptr i8 %y2, i64 0, i64 %zext_ln213" [awn_int8.cpp:213]   --->   Operation 32 'getelementptr' 'y2_addr_1' <Predicate = (!icmp_ln210)> <Delay = 0.00>
ST_1 : Operation 33 [2/2] (1.23ns)   --->   "%y2_load_1 = load i13 %y2_addr_1" [awn_int8.cpp:213]   --->   Operation 33 'load' 'y2_load_1' <Predicate = (!icmp_ln210)> <Delay = 1.23> <CoreInst = "RAM">   --->   Core 83 'RAM' <Latency = 1> <II = 1> <Delay = 1.23> <Storage> <Opcode : 'load' 'store'> <Ports = 2> <Width = 8> <Depth = 8192> <RAM>
ST_1 : Operation 34 [1/1] (0.74ns)   --->   "%switch_ln213 = switch i6 %trunc_ln212, void %arrayidx2110.case.63, i6 0, void %arrayidx2110.case.0, i6 1, void %arrayidx2110.case.1, i6 2, void %arrayidx2110.case.2, i6 3, void %arrayidx2110.case.3, i6 4, void %arrayidx2110.case.4, i6 5, void %arrayidx2110.case.5, i6 6, void %arrayidx2110.case.6, i6 7, void %arrayidx2110.case.7, i6 8, void %arrayidx2110.case.8, i6 9, void %arrayidx2110.case.9, i6 10, void %arrayidx2110.case.10, i6 11, void %arrayidx2110.case.11, i6 12, void %arrayidx2110.case.12, i6 13, void %arrayidx2110.case.13, i6 14, void %arrayidx2110.case.14, i6 15, void %arrayidx2110.case.15, i6 16, void %arrayidx2110.case.16, i6 17, void %arrayidx2110.case.17, i6 18, void %arrayidx2110.case.18, i6 19, void %arrayidx2110.case.19, i6 20, void %arrayidx2110.case.20, i6 21, void %arrayidx2110.case.21, i6 22, void %arrayidx2110.case.22, i6 23, void %arrayidx2110.case.23, i6 24, void %arrayidx2110.case.24, i6 25, void %arrayidx2110.case.25, i6 26, void %arrayidx2110.case.26, i6 27, void %arrayidx2110.case.27, i6 28, void %arrayidx2110.case.28, i6 29, void %arrayidx2110.case.29, i6 30, void %arrayidx2110.case.30, i6 31, void %arrayidx2110.case.31, i6 32, void %arrayidx2110.case.32, i6 33, void %arrayidx2110.case.33, i6 34, void %arrayidx2110.case.34, i6 35, void %arrayidx2110.case.35, i6 36, void %arrayidx2110.case.36, i6 37, void %arrayidx2110.case.37, i6 38, void %arrayidx2110.case.38, i6 39, void %arrayidx2110.case.39, i6 40, void %arrayidx2110.case.40, i6 41, void %arrayidx2110.case.41, i6 42, void %arrayidx2110.case.42, i6 43, void %arrayidx2110.case.43, i6 44, void %arrayidx2110.case.44, i6 45, void %arrayidx2110.case.45, i6 46, void %arrayidx2110.case.46, i6 47, void %arrayidx2110.case.47, i6 48, void %arrayidx2110.case.48, i6 49, void %arrayidx2110.case.49, i6 50, void %arrayidx2110.case.50, i6 51, void %arrayidx2110.case.51, i6 52, void %arrayidx2110.case.52, i6 53, void %arrayidx2110.case.53, i6 54, void %arrayidx2110.case.54, i6 55, void %arrayidx2110.case.55, i6 56, void %arrayidx2110.case.56, i6 57, void %arrayidx2110.case.57, i6 58, void %arrayidx2110.case.58, i6 59, void %arrayidx2110.case.59, i6 60, void %arrayidx2110.case.60, i6 61, void %arrayidx2110.case.61, i6 62, void %arrayidx2110.case.62" [awn_int8.cpp:213]   --->   Operation 34 'switch' 'switch_ln213' <Predicate = (!icmp_ln210)> <Delay = 0.74>
ST_1 : Operation 35 [1/1] (0.77ns)   --->   "%add_ln211 = add i7 %select_ln210, i7 1" [awn_int8.cpp:211]   --->   Operation 35 'add' 'add_ln211' <Predicate = (!icmp_ln210)> <Delay = 0.77> <CoreInst = "Adder">   --->   Core 1 'Adder' <Latency = 0> <II = 1> <Delay = 0.77> <FuncUnit> <Opcode : 'add' 'sub'> <InPorts = 2> <OutPorts = 1>
ST_1 : Operation 36 [1/1] (0.42ns)   --->   "%store_ln210 = store i13 %add_ln210_1, i13 %indvar_flatten" [awn_int8.cpp:210]   --->   Operation 36 'store' 'store_ln210' <Predicate = (!icmp_ln210)> <Delay = 0.42>
ST_1 : Operation 37 [1/1] (0.42ns)   --->   "%store_ln210 = store i7 %select_ln210_1, i7 %c" [awn_int8.cpp:210]   --->   Operation 37 'store' 'store_ln210' <Predicate = (!icmp_ln210)> <Delay = 0.42>
ST_1 : Operation 38 [1/1] (0.42ns)   --->   "%store_ln211 = store i7 %add_ln211, i7 %t" [awn_int8.cpp:211]   --->   Operation 38 'store' 'store_ln211' <Predicate = (!icmp_ln210)> <Delay = 0.42>
ST_1 : Operation 39 [1/1] (0.00ns)   --->   "%br_ln211 = br void %for.inc" [awn_int8.cpp:211]   --->   Operation 39 'br' 'br_ln211' <Predicate = (!icmp_ln210)> <Delay = 0.00>
ST_1 : Operation 244 [1/1] (0.00ns)   --->   "%ret_ln0 = ret"   --->   Operation 244 'ret' 'ret_ln0' <Predicate = (icmp_ln210)> <Delay = 0.00>

State 2 <SV = 1> <Delay = 2.47>
ST_2 : Operation 40 [1/1] (0.00ns)   --->   "%specloopname_ln0 = specloopname void @_ssdm_op_SpecLoopName, void @VITIS_LOOP_210_1_VITIS_LOOP_211_2_str"   --->   Operation 40 'specloopname' 'specloopname_ln0' <Predicate = true> <Delay = 0.00>
ST_2 : Operation 41 [1/1] (0.00ns)   --->   "%speclooptripcount_ln0 = speclooptripcount void @_ssdm_op_SpecLoopTripCount, i64 4096, i64 4096, i64 4096"   --->   Operation 41 'speclooptripcount' 'speclooptripcount_ln0' <Predicate = true> <Delay = 0.00>
ST_2 : Operation 42 [1/1] (0.00ns)   --->   "%tmp = bitconcatenate i12 @_ssdm_op_BitConcatenate.i12.i6.i6, i6 %trunc_ln212, i6 0" [awn_int8.cpp:212]   --->   Operation 42 'bitconcatenate' 'tmp' <Predicate = true> <Delay = 0.00>
ST_2 : Operation 43 [1/1] (0.00ns)   --->   "%zext_ln211 = zext i7 %select_ln210" [awn_int8.cpp:211]   --->   Operation 43 'zext' 'zext_ln211' <Predicate = true> <Delay = 0.00>
ST_2 : Operation 44 [1/1] (0.00ns)   --->   "%zext_ln212 = zext i7 %select_ln210" [awn_int8.cpp:212]   --->   Operation 44 'zext' 'zext_ln212' <Predicate = true> <Delay = 0.00>
ST_2 : Operation 45 [1/1] (0.80ns)   --->   "%add_ln212 = add i12 %tmp, i12 %zext_ln212" [awn_int8.cpp:212]   --->   Operation 45 'add' 'add_ln212' <Predicate = true> <Delay = 0.80> <CoreInst = "Adder">   --->   Core 1 'Adder' <Latency = 0> <II = 1> <Delay = 0.80> <FuncUnit> <Opcode : 'add' 'sub'> <InPorts = 2> <OutPorts = 1>
ST_2 : Operation 46 [1/1] (0.00ns)   --->   "%zext_ln212_2 = zext i12 %add_ln212" [awn_int8.cpp:212]   --->   Operation 46 'zext' 'zext_ln212_2' <Predicate = true> <Delay = 0.00>
ST_2 : Operation 47 [1/1] (0.00ns)   --->   "%even_q_addr = getelementptr i8 %even_q, i64 0, i64 %zext_ln212_2" [awn_int8.cpp:212]   --->   Operation 47 'getelementptr' 'even_q_addr' <Predicate = true> <Delay = 0.00>
ST_2 : Operation 48 [1/1] (0.00ns)   --->   "%specpipeline_ln211 = specpipeline void @_ssdm_op_SpecPipeline, i32 4294967295, i32 0, i32 0, i32 0, void @empty_3" [awn_int8.cpp:211]   --->   Operation 48 'specpipeline' 'specpipeline_ln211' <Predicate = true> <Delay = 0.00>
ST_2 : Operation 49 [1/2] (1.23ns)   --->   "%y2_load = load i13 %y2_addr" [awn_int8.cpp:212]   --->   Operation 49 'load' 'y2_load' <Predicate = true> <Delay = 1.23> <CoreInst = "RAM">   --->   Core 83 'RAM' <Latency = 1> <II = 1> <Delay = 1.23> <Storage> <Opcode : 'load' 'store'> <Ports = 2> <Width = 8> <Depth = 8192> <RAM>
ST_2 : Operation 50 [1/1] (1.23ns)   --->   "%store_ln212 = store i8 %y2_load, i12 %even_q_addr" [awn_int8.cpp:212]   --->   Operation 50 'store' 'store_ln212' <Predicate = true> <Delay = 1.23> <CoreInst = "RAM">   --->   Core 83 'RAM' <Latency = 1> <II = 1> <Delay = 1.23> <Storage> <Opcode : 'load' 'store'> <Ports = 2> <Width = 8> <Depth = 4096> <RAM>
ST_2 : Operation 51 [1/2] (1.23ns)   --->   "%y2_load_1 = load i13 %y2_addr_1" [awn_int8.cpp:213]   --->   Operation 51 'load' 'y2_load_1' <Predicate = true> <Delay = 1.23> <CoreInst = "RAM">   --->   Core 83 'RAM' <Latency = 1> <II = 1> <Delay = 1.23> <Storage> <Opcode : 'load' 'store'> <Ports = 2> <Width = 8> <Depth = 8192> <RAM>
ST_2 : Operation 52 [1/1] (0.00ns)   --->   "%odd_q_addr = getelementptr i8 %odd_q, i64 0, i64 %zext_ln211" [awn_int8.cpp:213]   --->   Operation 52 'getelementptr' 'odd_q_addr' <Predicate = true> <Delay = 0.00>
ST_2 : Operation 53 [1/1] (0.00ns)   --->   "%odd_q_1_addr = getelementptr i8 %odd_q_1, i64 0, i64 %zext_ln211" [awn_int8.cpp:213]   --->   Operation 53 'getelementptr' 'odd_q_1_addr' <Predicate = true> <Delay = 0.00>
ST_2 : Operation 54 [1/1] (0.00ns)   --->   "%odd_q_2_addr = getelementptr i8 %odd_q_2, i64 0, i64 %zext_ln211" [awn_int8.cpp:213]   --->   Operation 54 'getelementptr' 'odd_q_2_addr' <Predicate = true> <Delay = 0.00>
ST_2 : Operation 55 [1/1] (0.00ns)   --->   "%odd_q_3_addr = getelementptr i8 %odd_q_3, i64 0, i64 %zext_ln211" [awn_int8.cpp:213]   --->   Operation 55 'getelementptr' 'odd_q_3_addr' <Predicate = true> <Delay = 0.00>
ST_2 : Operation 56 [1/1] (0.00ns)   --->   "%odd_q_4_addr = getelementptr i8 %odd_q_4, i64 0, i64 %zext_ln211" [awn_int8.cpp:213]   --->   Operation 56 'getelementptr' 'odd_q_4_addr' <Predicate = true> <Delay = 0.00>
ST_2 : Operation 57 [1/1] (0.00ns)   --->   "%odd_q_5_addr = getelementptr i8 %odd_q_5, i64 0, i64 %zext_ln211" [awn_int8.cpp:213]   --->   Operation 57 'getelementptr' 'odd_q_5_addr' <Predicate = true> <Delay = 0.00>
ST_2 : Operation 58 [1/1] (0.00ns)   --->   "%odd_q_6_addr = getelementptr i8 %odd_q_6, i64 0, i64 %zext_ln211" [awn_int8.cpp:213]   --->   Operation 58 'getelementptr' 'odd_q_6_addr' <Predicate = true> <Delay = 0.00>
ST_2 : Operation 59 [1/1] (0.00ns)   --->   "%odd_q_7_addr = getelementptr i8 %odd_q_7, i64 0, i64 %zext_ln211" [awn_int8.cpp:213]   --->   Operation 59 'getelementptr' 'odd_q_7_addr' <Predicate = true> <Delay = 0.00>
ST_2 : Operation 60 [1/1] (0.00ns)   --->   "%odd_q_8_addr = getelementptr i8 %odd_q_8, i64 0, i64 %zext_ln211" [awn_int8.cpp:213]   --->   Operation 60 'getelementptr' 'odd_q_8_addr' <Predicate = true> <Delay = 0.00>
ST_2 : Operation 61 [1/1] (0.00ns)   --->   "%odd_q_9_addr = getelementptr i8 %odd_q_9, i64 0, i64 %zext_ln211" [awn_int8.cpp:213]   --->   Operation 61 'getelementptr' 'odd_q_9_addr' <Predicate = true> <Delay = 0.00>
ST_2 : Operation 62 [1/1] (0.00ns)   --->   "%odd_q_10_addr = getelementptr i8 %odd_q_10, i64 0, i64 %zext_ln211" [awn_int8.cpp:213]   --->   Operation 62 'getelementptr' 'odd_q_10_addr' <Predicate = true> <Delay = 0.00>
ST_2 : Operation 63 [1/1] (0.00ns)   --->   "%odd_q_11_addr = getelementptr i8 %odd_q_11, i64 0, i64 %zext_ln211" [awn_int8.cpp:213]   --->   Operation 63 'getelementptr' 'odd_q_11_addr' <Predicate = true> <Delay = 0.00>
ST_2 : Operation 64 [1/1] (0.00ns)   --->   "%odd_q_12_addr = getelementptr i8 %odd_q_12, i64 0, i64 %zext_ln211" [awn_int8.cpp:213]   --->   Operation 64 'getelementptr' 'odd_q_12_addr' <Predicate = true> <Delay = 0.00>
ST_2 : Operation 65 [1/1] (0.00ns)   --->   "%odd_q_13_addr = getelementptr i8 %odd_q_13, i64 0, i64 %zext_ln211" [awn_int8.cpp:213]   --->   Operation 65 'getelementptr' 'odd_q_13_addr' <Predicate = true> <Delay = 0.00>
ST_2 : Operation 66 [1/1] (0.00ns)   --->   "%odd_q_14_addr = getelementptr i8 %odd_q_14, i64 0, i64 %zext_ln211" [awn_int8.cpp:213]   --->   Operation 66 'getelementptr' 'odd_q_14_addr' <Predicate = true> <Delay = 0.00>
ST_2 : Operation 67 [1/1] (0.00ns)   --->   "%odd_q_15_addr = getelementptr i8 %odd_q_15, i64 0, i64 %zext_ln211" [awn_int8.cpp:213]   --->   Operation 67 'getelementptr' 'odd_q_15_addr' <Predicate = true> <Delay = 0.00>
ST_2 : Operation 68 [1/1] (0.00ns)   --->   "%odd_q_16_addr = getelementptr i8 %odd_q_16, i64 0, i64 %zext_ln211" [awn_int8.cpp:213]   --->   Operation 68 'getelementptr' 'odd_q_16_addr' <Predicate = true> <Delay = 0.00>
ST_2 : Operation 69 [1/1] (0.00ns)   --->   "%odd_q_17_addr = getelementptr i8 %odd_q_17, i64 0, i64 %zext_ln211" [awn_int8.cpp:213]   --->   Operation 69 'getelementptr' 'odd_q_17_addr' <Predicate = true> <Delay = 0.00>
ST_2 : Operation 70 [1/1] (0.00ns)   --->   "%odd_q_18_addr = getelementptr i8 %odd_q_18, i64 0, i64 %zext_ln211" [awn_int8.cpp:213]   --->   Operation 70 'getelementptr' 'odd_q_18_addr' <Predicate = true> <Delay = 0.00>
ST_2 : Operation 71 [1/1] (0.00ns)   --->   "%odd_q_19_addr = getelementptr i8 %odd_q_19, i64 0, i64 %zext_ln211" [awn_int8.cpp:213]   --->   Operation 71 'getelementptr' 'odd_q_19_addr' <Predicate = true> <Delay = 0.00>
ST_2 : Operation 72 [1/1] (0.00ns)   --->   "%odd_q_20_addr = getelementptr i8 %odd_q_20, i64 0, i64 %zext_ln211" [awn_int8.cpp:213]   --->   Operation 72 'getelementptr' 'odd_q_20_addr' <Predicate = true> <Delay = 0.00>
ST_2 : Operation 73 [1/1] (0.00ns)   --->   "%odd_q_21_addr = getelementptr i8 %odd_q_21, i64 0, i64 %zext_ln211" [awn_int8.cpp:213]   --->   Operation 73 'getelementptr' 'odd_q_21_addr' <Predicate = true> <Delay = 0.00>
ST_2 : Operation 74 [1/1] (0.00ns)   --->   "%odd_q_22_addr = getelementptr i8 %odd_q_22, i64 0, i64 %zext_ln211" [awn_int8.cpp:213]   --->   Operation 74 'getelementptr' 'odd_q_22_addr' <Predicate = true> <Delay = 0.00>
ST_2 : Operation 75 [1/1] (0.00ns)   --->   "%odd_q_23_addr = getelementptr i8 %odd_q_23, i64 0, i64 %zext_ln211" [awn_int8.cpp:213]   --->   Operation 75 'getelementptr' 'odd_q_23_addr' <Predicate = true> <Delay = 0.00>
ST_2 : Operation 76 [1/1] (0.00ns)   --->   "%odd_q_24_addr = getelementptr i8 %odd_q_24, i64 0, i64 %zext_ln211" [awn_int8.cpp:213]   --->   Operation 76 'getelementptr' 'odd_q_24_addr' <Predicate = true> <Delay = 0.00>
ST_2 : Operation 77 [1/1] (0.00ns)   --->   "%odd_q_25_addr = getelementptr i8 %odd_q_25, i64 0, i64 %zext_ln211" [awn_int8.cpp:213]   --->   Operation 77 'getelementptr' 'odd_q_25_addr' <Predicate = true> <Delay = 0.00>
ST_2 : Operation 78 [1/1] (0.00ns)   --->   "%odd_q_26_addr = getelementptr i8 %odd_q_26, i64 0, i64 %zext_ln211" [awn_int8.cpp:213]   --->   Operation 78 'getelementptr' 'odd_q_26_addr' <Predicate = true> <Delay = 0.00>
ST_2 : Operation 79 [1/1] (0.00ns)   --->   "%odd_q_27_addr = getelementptr i8 %odd_q_27, i64 0, i64 %zext_ln211" [awn_int8.cpp:213]   --->   Operation 79 'getelementptr' 'odd_q_27_addr' <Predicate = true> <Delay = 0.00>
ST_2 : Operation 80 [1/1] (0.00ns)   --->   "%odd_q_28_addr = getelementptr i8 %odd_q_28, i64 0, i64 %zext_ln211" [awn_int8.cpp:213]   --->   Operation 80 'getelementptr' 'odd_q_28_addr' <Predicate = true> <Delay = 0.00>
ST_2 : Operation 81 [1/1] (0.00ns)   --->   "%odd_q_29_addr = getelementptr i8 %odd_q_29, i64 0, i64 %zext_ln211" [awn_int8.cpp:213]   --->   Operation 81 'getelementptr' 'odd_q_29_addr' <Predicate = true> <Delay = 0.00>
ST_2 : Operation 82 [1/1] (0.00ns)   --->   "%odd_q_30_addr = getelementptr i8 %odd_q_30, i64 0, i64 %zext_ln211" [awn_int8.cpp:213]   --->   Operation 82 'getelementptr' 'odd_q_30_addr' <Predicate = true> <Delay = 0.00>
ST_2 : Operation 83 [1/1] (0.00ns)   --->   "%odd_q_31_addr = getelementptr i8 %odd_q_31, i64 0, i64 %zext_ln211" [awn_int8.cpp:213]   --->   Operation 83 'getelementptr' 'odd_q_31_addr' <Predicate = true> <Delay = 0.00>
ST_2 : Operation 84 [1/1] (0.00ns)   --->   "%odd_q_32_addr = getelementptr i8 %odd_q_32, i64 0, i64 %zext_ln211" [awn_int8.cpp:213]   --->   Operation 84 'getelementptr' 'odd_q_32_addr' <Predicate = true> <Delay = 0.00>
ST_2 : Operation 85 [1/1] (0.00ns)   --->   "%odd_q_33_addr = getelementptr i8 %odd_q_33, i64 0, i64 %zext_ln211" [awn_int8.cpp:213]   --->   Operation 85 'getelementptr' 'odd_q_33_addr' <Predicate = true> <Delay = 0.00>
ST_2 : Operation 86 [1/1] (0.00ns)   --->   "%odd_q_34_addr = getelementptr i8 %odd_q_34, i64 0, i64 %zext_ln211" [awn_int8.cpp:213]   --->   Operation 86 'getelementptr' 'odd_q_34_addr' <Predicate = true> <Delay = 0.00>
ST_2 : Operation 87 [1/1] (0.00ns)   --->   "%odd_q_35_addr = getelementptr i8 %odd_q_35, i64 0, i64 %zext_ln211" [awn_int8.cpp:213]   --->   Operation 87 'getelementptr' 'odd_q_35_addr' <Predicate = true> <Delay = 0.00>
ST_2 : Operation 88 [1/1] (0.00ns)   --->   "%odd_q_36_addr = getelementptr i8 %odd_q_36, i64 0, i64 %zext_ln211" [awn_int8.cpp:213]   --->   Operation 88 'getelementptr' 'odd_q_36_addr' <Predicate = true> <Delay = 0.00>
ST_2 : Operation 89 [1/1] (0.00ns)   --->   "%odd_q_37_addr = getelementptr i8 %odd_q_37, i64 0, i64 %zext_ln211" [awn_int8.cpp:213]   --->   Operation 89 'getelementptr' 'odd_q_37_addr' <Predicate = true> <Delay = 0.00>
ST_2 : Operation 90 [1/1] (0.00ns)   --->   "%odd_q_38_addr = getelementptr i8 %odd_q_38, i64 0, i64 %zext_ln211" [awn_int8.cpp:213]   --->   Operation 90 'getelementptr' 'odd_q_38_addr' <Predicate = true> <Delay = 0.00>
ST_2 : Operation 91 [1/1] (0.00ns)   --->   "%odd_q_39_addr = getelementptr i8 %odd_q_39, i64 0, i64 %zext_ln211" [awn_int8.cpp:213]   --->   Operation 91 'getelementptr' 'odd_q_39_addr' <Predicate = true> <Delay = 0.00>
ST_2 : Operation 92 [1/1] (0.00ns)   --->   "%odd_q_40_addr = getelementptr i8 %odd_q_40, i64 0, i64 %zext_ln211" [awn_int8.cpp:213]   --->   Operation 92 'getelementptr' 'odd_q_40_addr' <Predicate = true> <Delay = 0.00>
ST_2 : Operation 93 [1/1] (0.00ns)   --->   "%odd_q_41_addr = getelementptr i8 %odd_q_41, i64 0, i64 %zext_ln211" [awn_int8.cpp:213]   --->   Operation 93 'getelementptr' 'odd_q_41_addr' <Predicate = true> <Delay = 0.00>
ST_2 : Operation 94 [1/1] (0.00ns)   --->   "%odd_q_42_addr = getelementptr i8 %odd_q_42, i64 0, i64 %zext_ln211" [awn_int8.cpp:213]   --->   Operation 94 'getelementptr' 'odd_q_42_addr' <Predicate = true> <Delay = 0.00>
ST_2 : Operation 95 [1/1] (0.00ns)   --->   "%odd_q_43_addr = getelementptr i8 %odd_q_43, i64 0, i64 %zext_ln211" [awn_int8.cpp:213]   --->   Operation 95 'getelementptr' 'odd_q_43_addr' <Predicate = true> <Delay = 0.00>
ST_2 : Operation 96 [1/1] (0.00ns)   --->   "%odd_q_44_addr = getelementptr i8 %odd_q_44, i64 0, i64 %zext_ln211" [awn_int8.cpp:213]   --->   Operation 96 'getelementptr' 'odd_q_44_addr' <Predicate = true> <Delay = 0.00>
ST_2 : Operation 97 [1/1] (0.00ns)   --->   "%odd_q_45_addr = getelementptr i8 %odd_q_45, i64 0, i64 %zext_ln211" [awn_int8.cpp:213]   --->   Operation 97 'getelementptr' 'odd_q_45_addr' <Predicate = true> <Delay = 0.00>
ST_2 : Operation 98 [1/1] (0.00ns)   --->   "%odd_q_46_addr = getelementptr i8 %odd_q_46, i64 0, i64 %zext_ln211" [awn_int8.cpp:213]   --->   Operation 98 'getelementptr' 'odd_q_46_addr' <Predicate = true> <Delay = 0.00>
ST_2 : Operation 99 [1/1] (0.00ns)   --->   "%odd_q_47_addr = getelementptr i8 %odd_q_47, i64 0, i64 %zext_ln211" [awn_int8.cpp:213]   --->   Operation 99 'getelementptr' 'odd_q_47_addr' <Predicate = true> <Delay = 0.00>
ST_2 : Operation 100 [1/1] (0.00ns)   --->   "%odd_q_48_addr = getelementptr i8 %odd_q_48, i64 0, i64 %zext_ln211" [awn_int8.cpp:213]   --->   Operation 100 'getelementptr' 'odd_q_48_addr' <Predicate = true> <Delay = 0.00>
ST_2 : Operation 101 [1/1] (0.00ns)   --->   "%odd_q_49_addr = getelementptr i8 %odd_q_49, i64 0, i64 %zext_ln211" [awn_int8.cpp:213]   --->   Operation 101 'getelementptr' 'odd_q_49_addr' <Predicate = true> <Delay = 0.00>
ST_2 : Operation 102 [1/1] (0.00ns)   --->   "%odd_q_50_addr = getelementptr i8 %odd_q_50, i64 0, i64 %zext_ln211" [awn_int8.cpp:213]   --->   Operation 102 'getelementptr' 'odd_q_50_addr' <Predicate = true> <Delay = 0.00>
ST_2 : Operation 103 [1/1] (0.00ns)   --->   "%odd_q_51_addr = getelementptr i8 %odd_q_51, i64 0, i64 %zext_ln211" [awn_int8.cpp:213]   --->   Operation 103 'getelementptr' 'odd_q_51_addr' <Predicate = true> <Delay = 0.00>
ST_2 : Operation 104 [1/1] (0.00ns)   --->   "%odd_q_52_addr = getelementptr i8 %odd_q_52, i64 0, i64 %zext_ln211" [awn_int8.cpp:213]   --->   Operation 104 'getelementptr' 'odd_q_52_addr' <Predicate = true> <Delay = 0.00>
ST_2 : Operation 105 [1/1] (0.00ns)   --->   "%odd_q_53_addr = getelementptr i8 %odd_q_53, i64 0, i64 %zext_ln211" [awn_int8.cpp:213]   --->   Operation 105 'getelementptr' 'odd_q_53_addr' <Predicate = true> <Delay = 0.00>
ST_2 : Operation 106 [1/1] (0.00ns)   --->   "%odd_q_54_addr = getelementptr i8 %odd_q_54, i64 0, i64 %zext_ln211" [awn_int8.cpp:213]   --->   Operation 106 'getelementptr' 'odd_q_54_addr' <Predicate = true> <Delay = 0.00>
ST_2 : Operation 107 [1/1] (0.00ns)   --->   "%odd_q_55_addr = getelementptr i8 %odd_q_55, i64 0, i64 %zext_ln211" [awn_int8.cpp:213]   --->   Operation 107 'getelementptr' 'odd_q_55_addr' <Predicate = true> <Delay = 0.00>
ST_2 : Operation 108 [1/1] (0.00ns)   --->   "%odd_q_56_addr = getelementptr i8 %odd_q_56, i64 0, i64 %zext_ln211" [awn_int8.cpp:213]   --->   Operation 108 'getelementptr' 'odd_q_56_addr' <Predicate = true> <Delay = 0.00>
ST_2 : Operation 109 [1/1] (0.00ns)   --->   "%odd_q_57_addr = getelementptr i8 %odd_q_57, i64 0, i64 %zext_ln211" [awn_int8.cpp:213]   --->   Operation 109 'getelementptr' 'odd_q_57_addr' <Predicate = true> <Delay = 0.00>
ST_2 : Operation 110 [1/1] (0.00ns)   --->   "%odd_q_58_addr = getelementptr i8 %odd_q_58, i64 0, i64 %zext_ln211" [awn_int8.cpp:213]   --->   Operation 110 'getelementptr' 'odd_q_58_addr' <Predicate = true> <Delay = 0.00>
ST_2 : Operation 111 [1/1] (0.00ns)   --->   "%odd_q_59_addr = getelementptr i8 %odd_q_59, i64 0, i64 %zext_ln211" [awn_int8.cpp:213]   --->   Operation 111 'getelementptr' 'odd_q_59_addr' <Predicate = true> <Delay = 0.00>
ST_2 : Operation 112 [1/1] (0.00ns)   --->   "%odd_q_60_addr = getelementptr i8 %odd_q_60, i64 0, i64 %zext_ln211" [awn_int8.cpp:213]   --->   Operation 112 'getelementptr' 'odd_q_60_addr' <Predicate = true> <Delay = 0.00>
ST_2 : Operation 113 [1/1] (0.00ns)   --->   "%odd_q_61_addr = getelementptr i8 %odd_q_61, i64 0, i64 %zext_ln211" [awn_int8.cpp:213]   --->   Operation 113 'getelementptr' 'odd_q_61_addr' <Predicate = true> <Delay = 0.00>
ST_2 : Operation 114 [1/1] (0.00ns)   --->   "%odd_q_62_addr = getelementptr i8 %odd_q_62, i64 0, i64 %zext_ln211" [awn_int8.cpp:213]   --->   Operation 114 'getelementptr' 'odd_q_62_addr' <Predicate = true> <Delay = 0.00>
ST_2 : Operation 115 [1/1] (0.00ns)   --->   "%odd_q_63_addr = getelementptr i8 %odd_q_63, i64 0, i64 %zext_ln211" [awn_int8.cpp:213]   --->   Operation 115 'getelementptr' 'odd_q_63_addr' <Predicate = true> <Delay = 0.00>
ST_2 : Operation 116 [1/1] (0.67ns)   --->   "%store_ln213 = store i8 %y2_load_1, i6 %odd_q_62_addr" [awn_int8.cpp:213]   --->   Operation 116 'store' 'store_ln213' <Predicate = (trunc_ln212 == 62)> <Delay = 0.67> <CoreInst = "RAM">   --->   Core 83 'RAM' <Latency = 1> <II = 1> <Delay = 0.67> <Storage> <Opcode : 'load' 'store'> <Ports = 2> <Width = 8> <Depth = 64> <RAM>
ST_2 : Operation 117 [1/1] (0.00ns)   --->   "%br_ln213 = br void %arrayidx2110.exit" [awn_int8.cpp:213]   --->   Operation 117 'br' 'br_ln213' <Predicate = (trunc_ln212 == 62)> <Delay = 0.00>
ST_2 : Operation 118 [1/1] (0.67ns)   --->   "%store_ln213 = store i8 %y2_load_1, i6 %odd_q_61_addr" [awn_int8.cpp:213]   --->   Operation 118 'store' 'store_ln213' <Predicate = (trunc_ln212 == 61)> <Delay = 0.67> <CoreInst = "RAM">   --->   Core 83 'RAM' <Latency = 1> <II = 1> <Delay = 0.67> <Storage> <Opcode : 'load' 'store'> <Ports = 2> <Width = 8> <Depth = 64> <RAM>
ST_2 : Operation 119 [1/1] (0.00ns)   --->   "%br_ln213 = br void %arrayidx2110.exit" [awn_int8.cpp:213]   --->   Operation 119 'br' 'br_ln213' <Predicate = (trunc_ln212 == 61)> <Delay = 0.00>
ST_2 : Operation 120 [1/1] (0.67ns)   --->   "%store_ln213 = store i8 %y2_load_1, i6 %odd_q_60_addr" [awn_int8.cpp:213]   --->   Operation 120 'store' 'store_ln213' <Predicate = (trunc_ln212 == 60)> <Delay = 0.67> <CoreInst = "RAM">   --->   Core 83 'RAM' <Latency = 1> <II = 1> <Delay = 0.67> <Storage> <Opcode : 'load' 'store'> <Ports = 2> <Width = 8> <Depth = 64> <RAM>
ST_2 : Operation 121 [1/1] (0.00ns)   --->   "%br_ln213 = br void %arrayidx2110.exit" [awn_int8.cpp:213]   --->   Operation 121 'br' 'br_ln213' <Predicate = (trunc_ln212 == 60)> <Delay = 0.00>
ST_2 : Operation 122 [1/1] (0.67ns)   --->   "%store_ln213 = store i8 %y2_load_1, i6 %odd_q_59_addr" [awn_int8.cpp:213]   --->   Operation 122 'store' 'store_ln213' <Predicate = (trunc_ln212 == 59)> <Delay = 0.67> <CoreInst = "RAM">   --->   Core 83 'RAM' <Latency = 1> <II = 1> <Delay = 0.67> <Storage> <Opcode : 'load' 'store'> <Ports = 2> <Width = 8> <Depth = 64> <RAM>
ST_2 : Operation 123 [1/1] (0.00ns)   --->   "%br_ln213 = br void %arrayidx2110.exit" [awn_int8.cpp:213]   --->   Operation 123 'br' 'br_ln213' <Predicate = (trunc_ln212 == 59)> <Delay = 0.00>
ST_2 : Operation 124 [1/1] (0.67ns)   --->   "%store_ln213 = store i8 %y2_load_1, i6 %odd_q_58_addr" [awn_int8.cpp:213]   --->   Operation 124 'store' 'store_ln213' <Predicate = (trunc_ln212 == 58)> <Delay = 0.67> <CoreInst = "RAM">   --->   Core 83 'RAM' <Latency = 1> <II = 1> <Delay = 0.67> <Storage> <Opcode : 'load' 'store'> <Ports = 2> <Width = 8> <Depth = 64> <RAM>
ST_2 : Operation 125 [1/1] (0.00ns)   --->   "%br_ln213 = br void %arrayidx2110.exit" [awn_int8.cpp:213]   --->   Operation 125 'br' 'br_ln213' <Predicate = (trunc_ln212 == 58)> <Delay = 0.00>
ST_2 : Operation 126 [1/1] (0.67ns)   --->   "%store_ln213 = store i8 %y2_load_1, i6 %odd_q_57_addr" [awn_int8.cpp:213]   --->   Operation 126 'store' 'store_ln213' <Predicate = (trunc_ln212 == 57)> <Delay = 0.67> <CoreInst = "RAM">   --->   Core 83 'RAM' <Latency = 1> <II = 1> <Delay = 0.67> <Storage> <Opcode : 'load' 'store'> <Ports = 2> <Width = 8> <Depth = 64> <RAM>
ST_2 : Operation 127 [1/1] (0.00ns)   --->   "%br_ln213 = br void %arrayidx2110.exit" [awn_int8.cpp:213]   --->   Operation 127 'br' 'br_ln213' <Predicate = (trunc_ln212 == 57)> <Delay = 0.00>
ST_2 : Operation 128 [1/1] (0.67ns)   --->   "%store_ln213 = store i8 %y2_load_1, i6 %odd_q_56_addr" [awn_int8.cpp:213]   --->   Operation 128 'store' 'store_ln213' <Predicate = (trunc_ln212 == 56)> <Delay = 0.67> <CoreInst = "RAM">   --->   Core 83 'RAM' <Latency = 1> <II = 1> <Delay = 0.67> <Storage> <Opcode : 'load' 'store'> <Ports = 2> <Width = 8> <Depth = 64> <RAM>
ST_2 : Operation 129 [1/1] (0.00ns)   --->   "%br_ln213 = br void %arrayidx2110.exit" [awn_int8.cpp:213]   --->   Operation 129 'br' 'br_ln213' <Predicate = (trunc_ln212 == 56)> <Delay = 0.00>
ST_2 : Operation 130 [1/1] (0.67ns)   --->   "%store_ln213 = store i8 %y2_load_1, i6 %odd_q_55_addr" [awn_int8.cpp:213]   --->   Operation 130 'store' 'store_ln213' <Predicate = (trunc_ln212 == 55)> <Delay = 0.67> <CoreInst = "RAM">   --->   Core 83 'RAM' <Latency = 1> <II = 1> <Delay = 0.67> <Storage> <Opcode : 'load' 'store'> <Ports = 2> <Width = 8> <Depth = 64> <RAM>
ST_2 : Operation 131 [1/1] (0.00ns)   --->   "%br_ln213 = br void %arrayidx2110.exit" [awn_int8.cpp:213]   --->   Operation 131 'br' 'br_ln213' <Predicate = (trunc_ln212 == 55)> <Delay = 0.00>
ST_2 : Operation 132 [1/1] (0.67ns)   --->   "%store_ln213 = store i8 %y2_load_1, i6 %odd_q_54_addr" [awn_int8.cpp:213]   --->   Operation 132 'store' 'store_ln213' <Predicate = (trunc_ln212 == 54)> <Delay = 0.67> <CoreInst = "RAM">   --->   Core 83 'RAM' <Latency = 1> <II = 1> <Delay = 0.67> <Storage> <Opcode : 'load' 'store'> <Ports = 2> <Width = 8> <Depth = 64> <RAM>
ST_2 : Operation 133 [1/1] (0.00ns)   --->   "%br_ln213 = br void %arrayidx2110.exit" [awn_int8.cpp:213]   --->   Operation 133 'br' 'br_ln213' <Predicate = (trunc_ln212 == 54)> <Delay = 0.00>
ST_2 : Operation 134 [1/1] (0.67ns)   --->   "%store_ln213 = store i8 %y2_load_1, i6 %odd_q_53_addr" [awn_int8.cpp:213]   --->   Operation 134 'store' 'store_ln213' <Predicate = (trunc_ln212 == 53)> <Delay = 0.67> <CoreInst = "RAM">   --->   Core 83 'RAM' <Latency = 1> <II = 1> <Delay = 0.67> <Storage> <Opcode : 'load' 'store'> <Ports = 2> <Width = 8> <Depth = 64> <RAM>
ST_2 : Operation 135 [1/1] (0.00ns)   --->   "%br_ln213 = br void %arrayidx2110.exit" [awn_int8.cpp:213]   --->   Operation 135 'br' 'br_ln213' <Predicate = (trunc_ln212 == 53)> <Delay = 0.00>
ST_2 : Operation 136 [1/1] (0.67ns)   --->   "%store_ln213 = store i8 %y2_load_1, i6 %odd_q_52_addr" [awn_int8.cpp:213]   --->   Operation 136 'store' 'store_ln213' <Predicate = (trunc_ln212 == 52)> <Delay = 0.67> <CoreInst = "RAM">   --->   Core 83 'RAM' <Latency = 1> <II = 1> <Delay = 0.67> <Storage> <Opcode : 'load' 'store'> <Ports = 2> <Width = 8> <Depth = 64> <RAM>
ST_2 : Operation 137 [1/1] (0.00ns)   --->   "%br_ln213 = br void %arrayidx2110.exit" [awn_int8.cpp:213]   --->   Operation 137 'br' 'br_ln213' <Predicate = (trunc_ln212 == 52)> <Delay = 0.00>
ST_2 : Operation 138 [1/1] (0.67ns)   --->   "%store_ln213 = store i8 %y2_load_1, i6 %odd_q_51_addr" [awn_int8.cpp:213]   --->   Operation 138 'store' 'store_ln213' <Predicate = (trunc_ln212 == 51)> <Delay = 0.67> <CoreInst = "RAM">   --->   Core 83 'RAM' <Latency = 1> <II = 1> <Delay = 0.67> <Storage> <Opcode : 'load' 'store'> <Ports = 2> <Width = 8> <Depth = 64> <RAM>
ST_2 : Operation 139 [1/1] (0.00ns)   --->   "%br_ln213 = br void %arrayidx2110.exit" [awn_int8.cpp:213]   --->   Operation 139 'br' 'br_ln213' <Predicate = (trunc_ln212 == 51)> <Delay = 0.00>
ST_2 : Operation 140 [1/1] (0.67ns)   --->   "%store_ln213 = store i8 %y2_load_1, i6 %odd_q_50_addr" [awn_int8.cpp:213]   --->   Operation 140 'store' 'store_ln213' <Predicate = (trunc_ln212 == 50)> <Delay = 0.67> <CoreInst = "RAM">   --->   Core 83 'RAM' <Latency = 1> <II = 1> <Delay = 0.67> <Storage> <Opcode : 'load' 'store'> <Ports = 2> <Width = 8> <Depth = 64> <RAM>
ST_2 : Operation 141 [1/1] (0.00ns)   --->   "%br_ln213 = br void %arrayidx2110.exit" [awn_int8.cpp:213]   --->   Operation 141 'br' 'br_ln213' <Predicate = (trunc_ln212 == 50)> <Delay = 0.00>
ST_2 : Operation 142 [1/1] (0.67ns)   --->   "%store_ln213 = store i8 %y2_load_1, i6 %odd_q_49_addr" [awn_int8.cpp:213]   --->   Operation 142 'store' 'store_ln213' <Predicate = (trunc_ln212 == 49)> <Delay = 0.67> <CoreInst = "RAM">   --->   Core 83 'RAM' <Latency = 1> <II = 1> <Delay = 0.67> <Storage> <Opcode : 'load' 'store'> <Ports = 2> <Width = 8> <Depth = 64> <RAM>
ST_2 : Operation 143 [1/1] (0.00ns)   --->   "%br_ln213 = br void %arrayidx2110.exit" [awn_int8.cpp:213]   --->   Operation 143 'br' 'br_ln213' <Predicate = (trunc_ln212 == 49)> <Delay = 0.00>
ST_2 : Operation 144 [1/1] (0.67ns)   --->   "%store_ln213 = store i8 %y2_load_1, i6 %odd_q_48_addr" [awn_int8.cpp:213]   --->   Operation 144 'store' 'store_ln213' <Predicate = (trunc_ln212 == 48)> <Delay = 0.67> <CoreInst = "RAM">   --->   Core 83 'RAM' <Latency = 1> <II = 1> <Delay = 0.67> <Storage> <Opcode : 'load' 'store'> <Ports = 2> <Width = 8> <Depth = 64> <RAM>
ST_2 : Operation 145 [1/1] (0.00ns)   --->   "%br_ln213 = br void %arrayidx2110.exit" [awn_int8.cpp:213]   --->   Operation 145 'br' 'br_ln213' <Predicate = (trunc_ln212 == 48)> <Delay = 0.00>
ST_2 : Operation 146 [1/1] (0.67ns)   --->   "%store_ln213 = store i8 %y2_load_1, i6 %odd_q_47_addr" [awn_int8.cpp:213]   --->   Operation 146 'store' 'store_ln213' <Predicate = (trunc_ln212 == 47)> <Delay = 0.67> <CoreInst = "RAM">   --->   Core 83 'RAM' <Latency = 1> <II = 1> <Delay = 0.67> <Storage> <Opcode : 'load' 'store'> <Ports = 2> <Width = 8> <Depth = 64> <RAM>
ST_2 : Operation 147 [1/1] (0.00ns)   --->   "%br_ln213 = br void %arrayidx2110.exit" [awn_int8.cpp:213]   --->   Operation 147 'br' 'br_ln213' <Predicate = (trunc_ln212 == 47)> <Delay = 0.00>
ST_2 : Operation 148 [1/1] (0.67ns)   --->   "%store_ln213 = store i8 %y2_load_1, i6 %odd_q_46_addr" [awn_int8.cpp:213]   --->   Operation 148 'store' 'store_ln213' <Predicate = (trunc_ln212 == 46)> <Delay = 0.67> <CoreInst = "RAM">   --->   Core 83 'RAM' <Latency = 1> <II = 1> <Delay = 0.67> <Storage> <Opcode : 'load' 'store'> <Ports = 2> <Width = 8> <Depth = 64> <RAM>
ST_2 : Operation 149 [1/1] (0.00ns)   --->   "%br_ln213 = br void %arrayidx2110.exit" [awn_int8.cpp:213]   --->   Operation 149 'br' 'br_ln213' <Predicate = (trunc_ln212 == 46)> <Delay = 0.00>
ST_2 : Operation 150 [1/1] (0.67ns)   --->   "%store_ln213 = store i8 %y2_load_1, i6 %odd_q_45_addr" [awn_int8.cpp:213]   --->   Operation 150 'store' 'store_ln213' <Predicate = (trunc_ln212 == 45)> <Delay = 0.67> <CoreInst = "RAM">   --->   Core 83 'RAM' <Latency = 1> <II = 1> <Delay = 0.67> <Storage> <Opcode : 'load' 'store'> <Ports = 2> <Width = 8> <Depth = 64> <RAM>
ST_2 : Operation 151 [1/1] (0.00ns)   --->   "%br_ln213 = br void %arrayidx2110.exit" [awn_int8.cpp:213]   --->   Operation 151 'br' 'br_ln213' <Predicate = (trunc_ln212 == 45)> <Delay = 0.00>
ST_2 : Operation 152 [1/1] (0.67ns)   --->   "%store_ln213 = store i8 %y2_load_1, i6 %odd_q_44_addr" [awn_int8.cpp:213]   --->   Operation 152 'store' 'store_ln213' <Predicate = (trunc_ln212 == 44)> <Delay = 0.67> <CoreInst = "RAM">   --->   Core 83 'RAM' <Latency = 1> <II = 1> <Delay = 0.67> <Storage> <Opcode : 'load' 'store'> <Ports = 2> <Width = 8> <Depth = 64> <RAM>
ST_2 : Operation 153 [1/1] (0.00ns)   --->   "%br_ln213 = br void %arrayidx2110.exit" [awn_int8.cpp:213]   --->   Operation 153 'br' 'br_ln213' <Predicate = (trunc_ln212 == 44)> <Delay = 0.00>
ST_2 : Operation 154 [1/1] (0.67ns)   --->   "%store_ln213 = store i8 %y2_load_1, i6 %odd_q_43_addr" [awn_int8.cpp:213]   --->   Operation 154 'store' 'store_ln213' <Predicate = (trunc_ln212 == 43)> <Delay = 0.67> <CoreInst = "RAM">   --->   Core 83 'RAM' <Latency = 1> <II = 1> <Delay = 0.67> <Storage> <Opcode : 'load' 'store'> <Ports = 2> <Width = 8> <Depth = 64> <RAM>
ST_2 : Operation 155 [1/1] (0.00ns)   --->   "%br_ln213 = br void %arrayidx2110.exit" [awn_int8.cpp:213]   --->   Operation 155 'br' 'br_ln213' <Predicate = (trunc_ln212 == 43)> <Delay = 0.00>
ST_2 : Operation 156 [1/1] (0.67ns)   --->   "%store_ln213 = store i8 %y2_load_1, i6 %odd_q_42_addr" [awn_int8.cpp:213]   --->   Operation 156 'store' 'store_ln213' <Predicate = (trunc_ln212 == 42)> <Delay = 0.67> <CoreInst = "RAM">   --->   Core 83 'RAM' <Latency = 1> <II = 1> <Delay = 0.67> <Storage> <Opcode : 'load' 'store'> <Ports = 2> <Width = 8> <Depth = 64> <RAM>
ST_2 : Operation 157 [1/1] (0.00ns)   --->   "%br_ln213 = br void %arrayidx2110.exit" [awn_int8.cpp:213]   --->   Operation 157 'br' 'br_ln213' <Predicate = (trunc_ln212 == 42)> <Delay = 0.00>
ST_2 : Operation 158 [1/1] (0.67ns)   --->   "%store_ln213 = store i8 %y2_load_1, i6 %odd_q_41_addr" [awn_int8.cpp:213]   --->   Operation 158 'store' 'store_ln213' <Predicate = (trunc_ln212 == 41)> <Delay = 0.67> <CoreInst = "RAM">   --->   Core 83 'RAM' <Latency = 1> <II = 1> <Delay = 0.67> <Storage> <Opcode : 'load' 'store'> <Ports = 2> <Width = 8> <Depth = 64> <RAM>
ST_2 : Operation 159 [1/1] (0.00ns)   --->   "%br_ln213 = br void %arrayidx2110.exit" [awn_int8.cpp:213]   --->   Operation 159 'br' 'br_ln213' <Predicate = (trunc_ln212 == 41)> <Delay = 0.00>
ST_2 : Operation 160 [1/1] (0.67ns)   --->   "%store_ln213 = store i8 %y2_load_1, i6 %odd_q_40_addr" [awn_int8.cpp:213]   --->   Operation 160 'store' 'store_ln213' <Predicate = (trunc_ln212 == 40)> <Delay = 0.67> <CoreInst = "RAM">   --->   Core 83 'RAM' <Latency = 1> <II = 1> <Delay = 0.67> <Storage> <Opcode : 'load' 'store'> <Ports = 2> <Width = 8> <Depth = 64> <RAM>
ST_2 : Operation 161 [1/1] (0.00ns)   --->   "%br_ln213 = br void %arrayidx2110.exit" [awn_int8.cpp:213]   --->   Operation 161 'br' 'br_ln213' <Predicate = (trunc_ln212 == 40)> <Delay = 0.00>
ST_2 : Operation 162 [1/1] (0.67ns)   --->   "%store_ln213 = store i8 %y2_load_1, i6 %odd_q_39_addr" [awn_int8.cpp:213]   --->   Operation 162 'store' 'store_ln213' <Predicate = (trunc_ln212 == 39)> <Delay = 0.67> <CoreInst = "RAM">   --->   Core 83 'RAM' <Latency = 1> <II = 1> <Delay = 0.67> <Storage> <Opcode : 'load' 'store'> <Ports = 2> <Width = 8> <Depth = 64> <RAM>
ST_2 : Operation 163 [1/1] (0.00ns)   --->   "%br_ln213 = br void %arrayidx2110.exit" [awn_int8.cpp:213]   --->   Operation 163 'br' 'br_ln213' <Predicate = (trunc_ln212 == 39)> <Delay = 0.00>
ST_2 : Operation 164 [1/1] (0.67ns)   --->   "%store_ln213 = store i8 %y2_load_1, i6 %odd_q_38_addr" [awn_int8.cpp:213]   --->   Operation 164 'store' 'store_ln213' <Predicate = (trunc_ln212 == 38)> <Delay = 0.67> <CoreInst = "RAM">   --->   Core 83 'RAM' <Latency = 1> <II = 1> <Delay = 0.67> <Storage> <Opcode : 'load' 'store'> <Ports = 2> <Width = 8> <Depth = 64> <RAM>
ST_2 : Operation 165 [1/1] (0.00ns)   --->   "%br_ln213 = br void %arrayidx2110.exit" [awn_int8.cpp:213]   --->   Operation 165 'br' 'br_ln213' <Predicate = (trunc_ln212 == 38)> <Delay = 0.00>
ST_2 : Operation 166 [1/1] (0.67ns)   --->   "%store_ln213 = store i8 %y2_load_1, i6 %odd_q_37_addr" [awn_int8.cpp:213]   --->   Operation 166 'store' 'store_ln213' <Predicate = (trunc_ln212 == 37)> <Delay = 0.67> <CoreInst = "RAM">   --->   Core 83 'RAM' <Latency = 1> <II = 1> <Delay = 0.67> <Storage> <Opcode : 'load' 'store'> <Ports = 2> <Width = 8> <Depth = 64> <RAM>
ST_2 : Operation 167 [1/1] (0.00ns)   --->   "%br_ln213 = br void %arrayidx2110.exit" [awn_int8.cpp:213]   --->   Operation 167 'br' 'br_ln213' <Predicate = (trunc_ln212 == 37)> <Delay = 0.00>
ST_2 : Operation 168 [1/1] (0.67ns)   --->   "%store_ln213 = store i8 %y2_load_1, i6 %odd_q_36_addr" [awn_int8.cpp:213]   --->   Operation 168 'store' 'store_ln213' <Predicate = (trunc_ln212 == 36)> <Delay = 0.67> <CoreInst = "RAM">   --->   Core 83 'RAM' <Latency = 1> <II = 1> <Delay = 0.67> <Storage> <Opcode : 'load' 'store'> <Ports = 2> <Width = 8> <Depth = 64> <RAM>
ST_2 : Operation 169 [1/1] (0.00ns)   --->   "%br_ln213 = br void %arrayidx2110.exit" [awn_int8.cpp:213]   --->   Operation 169 'br' 'br_ln213' <Predicate = (trunc_ln212 == 36)> <Delay = 0.00>
ST_2 : Operation 170 [1/1] (0.67ns)   --->   "%store_ln213 = store i8 %y2_load_1, i6 %odd_q_35_addr" [awn_int8.cpp:213]   --->   Operation 170 'store' 'store_ln213' <Predicate = (trunc_ln212 == 35)> <Delay = 0.67> <CoreInst = "RAM">   --->   Core 83 'RAM' <Latency = 1> <II = 1> <Delay = 0.67> <Storage> <Opcode : 'load' 'store'> <Ports = 2> <Width = 8> <Depth = 64> <RAM>
ST_2 : Operation 171 [1/1] (0.00ns)   --->   "%br_ln213 = br void %arrayidx2110.exit" [awn_int8.cpp:213]   --->   Operation 171 'br' 'br_ln213' <Predicate = (trunc_ln212 == 35)> <Delay = 0.00>
ST_2 : Operation 172 [1/1] (0.67ns)   --->   "%store_ln213 = store i8 %y2_load_1, i6 %odd_q_34_addr" [awn_int8.cpp:213]   --->   Operation 172 'store' 'store_ln213' <Predicate = (trunc_ln212 == 34)> <Delay = 0.67> <CoreInst = "RAM">   --->   Core 83 'RAM' <Latency = 1> <II = 1> <Delay = 0.67> <Storage> <Opcode : 'load' 'store'> <Ports = 2> <Width = 8> <Depth = 64> <RAM>
ST_2 : Operation 173 [1/1] (0.00ns)   --->   "%br_ln213 = br void %arrayidx2110.exit" [awn_int8.cpp:213]   --->   Operation 173 'br' 'br_ln213' <Predicate = (trunc_ln212 == 34)> <Delay = 0.00>
ST_2 : Operation 174 [1/1] (0.67ns)   --->   "%store_ln213 = store i8 %y2_load_1, i6 %odd_q_33_addr" [awn_int8.cpp:213]   --->   Operation 174 'store' 'store_ln213' <Predicate = (trunc_ln212 == 33)> <Delay = 0.67> <CoreInst = "RAM">   --->   Core 83 'RAM' <Latency = 1> <II = 1> <Delay = 0.67> <Storage> <Opcode : 'load' 'store'> <Ports = 2> <Width = 8> <Depth = 64> <RAM>
ST_2 : Operation 175 [1/1] (0.00ns)   --->   "%br_ln213 = br void %arrayidx2110.exit" [awn_int8.cpp:213]   --->   Operation 175 'br' 'br_ln213' <Predicate = (trunc_ln212 == 33)> <Delay = 0.00>
ST_2 : Operation 176 [1/1] (0.67ns)   --->   "%store_ln213 = store i8 %y2_load_1, i6 %odd_q_32_addr" [awn_int8.cpp:213]   --->   Operation 176 'store' 'store_ln213' <Predicate = (trunc_ln212 == 32)> <Delay = 0.67> <CoreInst = "RAM">   --->   Core 83 'RAM' <Latency = 1> <II = 1> <Delay = 0.67> <Storage> <Opcode : 'load' 'store'> <Ports = 2> <Width = 8> <Depth = 64> <RAM>
ST_2 : Operation 177 [1/1] (0.00ns)   --->   "%br_ln213 = br void %arrayidx2110.exit" [awn_int8.cpp:213]   --->   Operation 177 'br' 'br_ln213' <Predicate = (trunc_ln212 == 32)> <Delay = 0.00>
ST_2 : Operation 178 [1/1] (0.67ns)   --->   "%store_ln213 = store i8 %y2_load_1, i6 %odd_q_31_addr" [awn_int8.cpp:213]   --->   Operation 178 'store' 'store_ln213' <Predicate = (trunc_ln212 == 31)> <Delay = 0.67> <CoreInst = "RAM">   --->   Core 83 'RAM' <Latency = 1> <II = 1> <Delay = 0.67> <Storage> <Opcode : 'load' 'store'> <Ports = 2> <Width = 8> <Depth = 64> <RAM>
ST_2 : Operation 179 [1/1] (0.00ns)   --->   "%br_ln213 = br void %arrayidx2110.exit" [awn_int8.cpp:213]   --->   Operation 179 'br' 'br_ln213' <Predicate = (trunc_ln212 == 31)> <Delay = 0.00>
ST_2 : Operation 180 [1/1] (0.67ns)   --->   "%store_ln213 = store i8 %y2_load_1, i6 %odd_q_30_addr" [awn_int8.cpp:213]   --->   Operation 180 'store' 'store_ln213' <Predicate = (trunc_ln212 == 30)> <Delay = 0.67> <CoreInst = "RAM">   --->   Core 83 'RAM' <Latency = 1> <II = 1> <Delay = 0.67> <Storage> <Opcode : 'load' 'store'> <Ports = 2> <Width = 8> <Depth = 64> <RAM>
ST_2 : Operation 181 [1/1] (0.00ns)   --->   "%br_ln213 = br void %arrayidx2110.exit" [awn_int8.cpp:213]   --->   Operation 181 'br' 'br_ln213' <Predicate = (trunc_ln212 == 30)> <Delay = 0.00>
ST_2 : Operation 182 [1/1] (0.67ns)   --->   "%store_ln213 = store i8 %y2_load_1, i6 %odd_q_29_addr" [awn_int8.cpp:213]   --->   Operation 182 'store' 'store_ln213' <Predicate = (trunc_ln212 == 29)> <Delay = 0.67> <CoreInst = "RAM">   --->   Core 83 'RAM' <Latency = 1> <II = 1> <Delay = 0.67> <Storage> <Opcode : 'load' 'store'> <Ports = 2> <Width = 8> <Depth = 64> <RAM>
ST_2 : Operation 183 [1/1] (0.00ns)   --->   "%br_ln213 = br void %arrayidx2110.exit" [awn_int8.cpp:213]   --->   Operation 183 'br' 'br_ln213' <Predicate = (trunc_ln212 == 29)> <Delay = 0.00>
ST_2 : Operation 184 [1/1] (0.67ns)   --->   "%store_ln213 = store i8 %y2_load_1, i6 %odd_q_28_addr" [awn_int8.cpp:213]   --->   Operation 184 'store' 'store_ln213' <Predicate = (trunc_ln212 == 28)> <Delay = 0.67> <CoreInst = "RAM">   --->   Core 83 'RAM' <Latency = 1> <II = 1> <Delay = 0.67> <Storage> <Opcode : 'load' 'store'> <Ports = 2> <Width = 8> <Depth = 64> <RAM>
ST_2 : Operation 185 [1/1] (0.00ns)   --->   "%br_ln213 = br void %arrayidx2110.exit" [awn_int8.cpp:213]   --->   Operation 185 'br' 'br_ln213' <Predicate = (trunc_ln212 == 28)> <Delay = 0.00>
ST_2 : Operation 186 [1/1] (0.67ns)   --->   "%store_ln213 = store i8 %y2_load_1, i6 %odd_q_27_addr" [awn_int8.cpp:213]   --->   Operation 186 'store' 'store_ln213' <Predicate = (trunc_ln212 == 27)> <Delay = 0.67> <CoreInst = "RAM">   --->   Core 83 'RAM' <Latency = 1> <II = 1> <Delay = 0.67> <Storage> <Opcode : 'load' 'store'> <Ports = 2> <Width = 8> <Depth = 64> <RAM>
ST_2 : Operation 187 [1/1] (0.00ns)   --->   "%br_ln213 = br void %arrayidx2110.exit" [awn_int8.cpp:213]   --->   Operation 187 'br' 'br_ln213' <Predicate = (trunc_ln212 == 27)> <Delay = 0.00>
ST_2 : Operation 188 [1/1] (0.67ns)   --->   "%store_ln213 = store i8 %y2_load_1, i6 %odd_q_26_addr" [awn_int8.cpp:213]   --->   Operation 188 'store' 'store_ln213' <Predicate = (trunc_ln212 == 26)> <Delay = 0.67> <CoreInst = "RAM">   --->   Core 83 'RAM' <Latency = 1> <II = 1> <Delay = 0.67> <Storage> <Opcode : 'load' 'store'> <Ports = 2> <Width = 8> <Depth = 64> <RAM>
ST_2 : Operation 189 [1/1] (0.00ns)   --->   "%br_ln213 = br void %arrayidx2110.exit" [awn_int8.cpp:213]   --->   Operation 189 'br' 'br_ln213' <Predicate = (trunc_ln212 == 26)> <Delay = 0.00>
ST_2 : Operation 190 [1/1] (0.67ns)   --->   "%store_ln213 = store i8 %y2_load_1, i6 %odd_q_25_addr" [awn_int8.cpp:213]   --->   Operation 190 'store' 'store_ln213' <Predicate = (trunc_ln212 == 25)> <Delay = 0.67> <CoreInst = "RAM">   --->   Core 83 'RAM' <Latency = 1> <II = 1> <Delay = 0.67> <Storage> <Opcode : 'load' 'store'> <Ports = 2> <Width = 8> <Depth = 64> <RAM>
ST_2 : Operation 191 [1/1] (0.00ns)   --->   "%br_ln213 = br void %arrayidx2110.exit" [awn_int8.cpp:213]   --->   Operation 191 'br' 'br_ln213' <Predicate = (trunc_ln212 == 25)> <Delay = 0.00>
ST_2 : Operation 192 [1/1] (0.67ns)   --->   "%store_ln213 = store i8 %y2_load_1, i6 %odd_q_24_addr" [awn_int8.cpp:213]   --->   Operation 192 'store' 'store_ln213' <Predicate = (trunc_ln212 == 24)> <Delay = 0.67> <CoreInst = "RAM">   --->   Core 83 'RAM' <Latency = 1> <II = 1> <Delay = 0.67> <Storage> <Opcode : 'load' 'store'> <Ports = 2> <Width = 8> <Depth = 64> <RAM>
ST_2 : Operation 193 [1/1] (0.00ns)   --->   "%br_ln213 = br void %arrayidx2110.exit" [awn_int8.cpp:213]   --->   Operation 193 'br' 'br_ln213' <Predicate = (trunc_ln212 == 24)> <Delay = 0.00>
ST_2 : Operation 194 [1/1] (0.67ns)   --->   "%store_ln213 = store i8 %y2_load_1, i6 %odd_q_23_addr" [awn_int8.cpp:213]   --->   Operation 194 'store' 'store_ln213' <Predicate = (trunc_ln212 == 23)> <Delay = 0.67> <CoreInst = "RAM">   --->   Core 83 'RAM' <Latency = 1> <II = 1> <Delay = 0.67> <Storage> <Opcode : 'load' 'store'> <Ports = 2> <Width = 8> <Depth = 64> <RAM>
ST_2 : Operation 195 [1/1] (0.00ns)   --->   "%br_ln213 = br void %arrayidx2110.exit" [awn_int8.cpp:213]   --->   Operation 195 'br' 'br_ln213' <Predicate = (trunc_ln212 == 23)> <Delay = 0.00>
ST_2 : Operation 196 [1/1] (0.67ns)   --->   "%store_ln213 = store i8 %y2_load_1, i6 %odd_q_22_addr" [awn_int8.cpp:213]   --->   Operation 196 'store' 'store_ln213' <Predicate = (trunc_ln212 == 22)> <Delay = 0.67> <CoreInst = "RAM">   --->   Core 83 'RAM' <Latency = 1> <II = 1> <Delay = 0.67> <Storage> <Opcode : 'load' 'store'> <Ports = 2> <Width = 8> <Depth = 64> <RAM>
ST_2 : Operation 197 [1/1] (0.00ns)   --->   "%br_ln213 = br void %arrayidx2110.exit" [awn_int8.cpp:213]   --->   Operation 197 'br' 'br_ln213' <Predicate = (trunc_ln212 == 22)> <Delay = 0.00>
ST_2 : Operation 198 [1/1] (0.67ns)   --->   "%store_ln213 = store i8 %y2_load_1, i6 %odd_q_21_addr" [awn_int8.cpp:213]   --->   Operation 198 'store' 'store_ln213' <Predicate = (trunc_ln212 == 21)> <Delay = 0.67> <CoreInst = "RAM">   --->   Core 83 'RAM' <Latency = 1> <II = 1> <Delay = 0.67> <Storage> <Opcode : 'load' 'store'> <Ports = 2> <Width = 8> <Depth = 64> <RAM>
ST_2 : Operation 199 [1/1] (0.00ns)   --->   "%br_ln213 = br void %arrayidx2110.exit" [awn_int8.cpp:213]   --->   Operation 199 'br' 'br_ln213' <Predicate = (trunc_ln212 == 21)> <Delay = 0.00>
ST_2 : Operation 200 [1/1] (0.67ns)   --->   "%store_ln213 = store i8 %y2_load_1, i6 %odd_q_20_addr" [awn_int8.cpp:213]   --->   Operation 200 'store' 'store_ln213' <Predicate = (trunc_ln212 == 20)> <Delay = 0.67> <CoreInst = "RAM">   --->   Core 83 'RAM' <Latency = 1> <II = 1> <Delay = 0.67> <Storage> <Opcode : 'load' 'store'> <Ports = 2> <Width = 8> <Depth = 64> <RAM>
ST_2 : Operation 201 [1/1] (0.00ns)   --->   "%br_ln213 = br void %arrayidx2110.exit" [awn_int8.cpp:213]   --->   Operation 201 'br' 'br_ln213' <Predicate = (trunc_ln212 == 20)> <Delay = 0.00>
ST_2 : Operation 202 [1/1] (0.67ns)   --->   "%store_ln213 = store i8 %y2_load_1, i6 %odd_q_19_addr" [awn_int8.cpp:213]   --->   Operation 202 'store' 'store_ln213' <Predicate = (trunc_ln212 == 19)> <Delay = 0.67> <CoreInst = "RAM">   --->   Core 83 'RAM' <Latency = 1> <II = 1> <Delay = 0.67> <Storage> <Opcode : 'load' 'store'> <Ports = 2> <Width = 8> <Depth = 64> <RAM>
ST_2 : Operation 203 [1/1] (0.00ns)   --->   "%br_ln213 = br void %arrayidx2110.exit" [awn_int8.cpp:213]   --->   Operation 203 'br' 'br_ln213' <Predicate = (trunc_ln212 == 19)> <Delay = 0.00>
ST_2 : Operation 204 [1/1] (0.67ns)   --->   "%store_ln213 = store i8 %y2_load_1, i6 %odd_q_18_addr" [awn_int8.cpp:213]   --->   Operation 204 'store' 'store_ln213' <Predicate = (trunc_ln212 == 18)> <Delay = 0.67> <CoreInst = "RAM">   --->   Core 83 'RAM' <Latency = 1> <II = 1> <Delay = 0.67> <Storage> <Opcode : 'load' 'store'> <Ports = 2> <Width = 8> <Depth = 64> <RAM>
ST_2 : Operation 205 [1/1] (0.00ns)   --->   "%br_ln213 = br void %arrayidx2110.exit" [awn_int8.cpp:213]   --->   Operation 205 'br' 'br_ln213' <Predicate = (trunc_ln212 == 18)> <Delay = 0.00>
ST_2 : Operation 206 [1/1] (0.67ns)   --->   "%store_ln213 = store i8 %y2_load_1, i6 %odd_q_17_addr" [awn_int8.cpp:213]   --->   Operation 206 'store' 'store_ln213' <Predicate = (trunc_ln212 == 17)> <Delay = 0.67> <CoreInst = "RAM">   --->   Core 83 'RAM' <Latency = 1> <II = 1> <Delay = 0.67> <Storage> <Opcode : 'load' 'store'> <Ports = 2> <Width = 8> <Depth = 64> <RAM>
ST_2 : Operation 207 [1/1] (0.00ns)   --->   "%br_ln213 = br void %arrayidx2110.exit" [awn_int8.cpp:213]   --->   Operation 207 'br' 'br_ln213' <Predicate = (trunc_ln212 == 17)> <Delay = 0.00>
ST_2 : Operation 208 [1/1] (0.67ns)   --->   "%store_ln213 = store i8 %y2_load_1, i6 %odd_q_16_addr" [awn_int8.cpp:213]   --->   Operation 208 'store' 'store_ln213' <Predicate = (trunc_ln212 == 16)> <Delay = 0.67> <CoreInst = "RAM">   --->   Core 83 'RAM' <Latency = 1> <II = 1> <Delay = 0.67> <Storage> <Opcode : 'load' 'store'> <Ports = 2> <Width = 8> <Depth = 64> <RAM>
ST_2 : Operation 209 [1/1] (0.00ns)   --->   "%br_ln213 = br void %arrayidx2110.exit" [awn_int8.cpp:213]   --->   Operation 209 'br' 'br_ln213' <Predicate = (trunc_ln212 == 16)> <Delay = 0.00>
ST_2 : Operation 210 [1/1] (0.67ns)   --->   "%store_ln213 = store i8 %y2_load_1, i6 %odd_q_15_addr" [awn_int8.cpp:213]   --->   Operation 210 'store' 'store_ln213' <Predicate = (trunc_ln212 == 15)> <Delay = 0.67> <CoreInst = "RAM">   --->   Core 83 'RAM' <Latency = 1> <II = 1> <Delay = 0.67> <Storage> <Opcode : 'load' 'store'> <Ports = 2> <Width = 8> <Depth = 64> <RAM>
ST_2 : Operation 211 [1/1] (0.00ns)   --->   "%br_ln213 = br void %arrayidx2110.exit" [awn_int8.cpp:213]   --->   Operation 211 'br' 'br_ln213' <Predicate = (trunc_ln212 == 15)> <Delay = 0.00>
ST_2 : Operation 212 [1/1] (0.67ns)   --->   "%store_ln213 = store i8 %y2_load_1, i6 %odd_q_14_addr" [awn_int8.cpp:213]   --->   Operation 212 'store' 'store_ln213' <Predicate = (trunc_ln212 == 14)> <Delay = 0.67> <CoreInst = "RAM">   --->   Core 83 'RAM' <Latency = 1> <II = 1> <Delay = 0.67> <Storage> <Opcode : 'load' 'store'> <Ports = 2> <Width = 8> <Depth = 64> <RAM>
ST_2 : Operation 213 [1/1] (0.00ns)   --->   "%br_ln213 = br void %arrayidx2110.exit" [awn_int8.cpp:213]   --->   Operation 213 'br' 'br_ln213' <Predicate = (trunc_ln212 == 14)> <Delay = 0.00>
ST_2 : Operation 214 [1/1] (0.67ns)   --->   "%store_ln213 = store i8 %y2_load_1, i6 %odd_q_13_addr" [awn_int8.cpp:213]   --->   Operation 214 'store' 'store_ln213' <Predicate = (trunc_ln212 == 13)> <Delay = 0.67> <CoreInst = "RAM">   --->   Core 83 'RAM' <Latency = 1> <II = 1> <Delay = 0.67> <Storage> <Opcode : 'load' 'store'> <Ports = 2> <Width = 8> <Depth = 64> <RAM>
ST_2 : Operation 215 [1/1] (0.00ns)   --->   "%br_ln213 = br void %arrayidx2110.exit" [awn_int8.cpp:213]   --->   Operation 215 'br' 'br_ln213' <Predicate = (trunc_ln212 == 13)> <Delay = 0.00>
ST_2 : Operation 216 [1/1] (0.67ns)   --->   "%store_ln213 = store i8 %y2_load_1, i6 %odd_q_12_addr" [awn_int8.cpp:213]   --->   Operation 216 'store' 'store_ln213' <Predicate = (trunc_ln212 == 12)> <Delay = 0.67> <CoreInst = "RAM">   --->   Core 83 'RAM' <Latency = 1> <II = 1> <Delay = 0.67> <Storage> <Opcode : 'load' 'store'> <Ports = 2> <Width = 8> <Depth = 64> <RAM>
ST_2 : Operation 217 [1/1] (0.00ns)   --->   "%br_ln213 = br void %arrayidx2110.exit" [awn_int8.cpp:213]   --->   Operation 217 'br' 'br_ln213' <Predicate = (trunc_ln212 == 12)> <Delay = 0.00>
ST_2 : Operation 218 [1/1] (0.67ns)   --->   "%store_ln213 = store i8 %y2_load_1, i6 %odd_q_11_addr" [awn_int8.cpp:213]   --->   Operation 218 'store' 'store_ln213' <Predicate = (trunc_ln212 == 11)> <Delay = 0.67> <CoreInst = "RAM">   --->   Core 83 'RAM' <Latency = 1> <II = 1> <Delay = 0.67> <Storage> <Opcode : 'load' 'store'> <Ports = 2> <Width = 8> <Depth = 64> <RAM>
ST_2 : Operation 219 [1/1] (0.00ns)   --->   "%br_ln213 = br void %arrayidx2110.exit" [awn_int8.cpp:213]   --->   Operation 219 'br' 'br_ln213' <Predicate = (trunc_ln212 == 11)> <Delay = 0.00>
ST_2 : Operation 220 [1/1] (0.67ns)   --->   "%store_ln213 = store i8 %y2_load_1, i6 %odd_q_10_addr" [awn_int8.cpp:213]   --->   Operation 220 'store' 'store_ln213' <Predicate = (trunc_ln212 == 10)> <Delay = 0.67> <CoreInst = "RAM">   --->   Core 83 'RAM' <Latency = 1> <II = 1> <Delay = 0.67> <Storage> <Opcode : 'load' 'store'> <Ports = 2> <Width = 8> <Depth = 64> <RAM>
ST_2 : Operation 221 [1/1] (0.00ns)   --->   "%br_ln213 = br void %arrayidx2110.exit" [awn_int8.cpp:213]   --->   Operation 221 'br' 'br_ln213' <Predicate = (trunc_ln212 == 10)> <Delay = 0.00>
ST_2 : Operation 222 [1/1] (0.67ns)   --->   "%store_ln213 = store i8 %y2_load_1, i6 %odd_q_9_addr" [awn_int8.cpp:213]   --->   Operation 222 'store' 'store_ln213' <Predicate = (trunc_ln212 == 9)> <Delay = 0.67> <CoreInst = "RAM">   --->   Core 83 'RAM' <Latency = 1> <II = 1> <Delay = 0.67> <Storage> <Opcode : 'load' 'store'> <Ports = 2> <Width = 8> <Depth = 64> <RAM>
ST_2 : Operation 223 [1/1] (0.00ns)   --->   "%br_ln213 = br void %arrayidx2110.exit" [awn_int8.cpp:213]   --->   Operation 223 'br' 'br_ln213' <Predicate = (trunc_ln212 == 9)> <Delay = 0.00>
ST_2 : Operation 224 [1/1] (0.67ns)   --->   "%store_ln213 = store i8 %y2_load_1, i6 %odd_q_8_addr" [awn_int8.cpp:213]   --->   Operation 224 'store' 'store_ln213' <Predicate = (trunc_ln212 == 8)> <Delay = 0.67> <CoreInst = "RAM">   --->   Core 83 'RAM' <Latency = 1> <II = 1> <Delay = 0.67> <Storage> <Opcode : 'load' 'store'> <Ports = 2> <Width = 8> <Depth = 64> <RAM>
ST_2 : Operation 225 [1/1] (0.00ns)   --->   "%br_ln213 = br void %arrayidx2110.exit" [awn_int8.cpp:213]   --->   Operation 225 'br' 'br_ln213' <Predicate = (trunc_ln212 == 8)> <Delay = 0.00>
ST_2 : Operation 226 [1/1] (0.67ns)   --->   "%store_ln213 = store i8 %y2_load_1, i6 %odd_q_7_addr" [awn_int8.cpp:213]   --->   Operation 226 'store' 'store_ln213' <Predicate = (trunc_ln212 == 7)> <Delay = 0.67> <CoreInst = "RAM">   --->   Core 83 'RAM' <Latency = 1> <II = 1> <Delay = 0.67> <Storage> <Opcode : 'load' 'store'> <Ports = 2> <Width = 8> <Depth = 64> <RAM>
ST_2 : Operation 227 [1/1] (0.00ns)   --->   "%br_ln213 = br void %arrayidx2110.exit" [awn_int8.cpp:213]   --->   Operation 227 'br' 'br_ln213' <Predicate = (trunc_ln212 == 7)> <Delay = 0.00>
ST_2 : Operation 228 [1/1] (0.67ns)   --->   "%store_ln213 = store i8 %y2_load_1, i6 %odd_q_6_addr" [awn_int8.cpp:213]   --->   Operation 228 'store' 'store_ln213' <Predicate = (trunc_ln212 == 6)> <Delay = 0.67> <CoreInst = "RAM">   --->   Core 83 'RAM' <Latency = 1> <II = 1> <Delay = 0.67> <Storage> <Opcode : 'load' 'store'> <Ports = 2> <Width = 8> <Depth = 64> <RAM>
ST_2 : Operation 229 [1/1] (0.00ns)   --->   "%br_ln213 = br void %arrayidx2110.exit" [awn_int8.cpp:213]   --->   Operation 229 'br' 'br_ln213' <Predicate = (trunc_ln212 == 6)> <Delay = 0.00>
ST_2 : Operation 230 [1/1] (0.67ns)   --->   "%store_ln213 = store i8 %y2_load_1, i6 %odd_q_5_addr" [awn_int8.cpp:213]   --->   Operation 230 'store' 'store_ln213' <Predicate = (trunc_ln212 == 5)> <Delay = 0.67> <CoreInst = "RAM">   --->   Core 83 'RAM' <Latency = 1> <II = 1> <Delay = 0.67> <Storage> <Opcode : 'load' 'store'> <Ports = 2> <Width = 8> <Depth = 64> <RAM>
ST_2 : Operation 231 [1/1] (0.00ns)   --->   "%br_ln213 = br void %arrayidx2110.exit" [awn_int8.cpp:213]   --->   Operation 231 'br' 'br_ln213' <Predicate = (trunc_ln212 == 5)> <Delay = 0.00>
ST_2 : Operation 232 [1/1] (0.67ns)   --->   "%store_ln213 = store i8 %y2_load_1, i6 %odd_q_4_addr" [awn_int8.cpp:213]   --->   Operation 232 'store' 'store_ln213' <Predicate = (trunc_ln212 == 4)> <Delay = 0.67> <CoreInst = "RAM">   --->   Core 83 'RAM' <Latency = 1> <II = 1> <Delay = 0.67> <Storage> <Opcode : 'load' 'store'> <Ports = 2> <Width = 8> <Depth = 64> <RAM>
ST_2 : Operation 233 [1/1] (0.00ns)   --->   "%br_ln213 = br void %arrayidx2110.exit" [awn_int8.cpp:213]   --->   Operation 233 'br' 'br_ln213' <Predicate = (trunc_ln212 == 4)> <Delay = 0.00>
ST_2 : Operation 234 [1/1] (0.67ns)   --->   "%store_ln213 = store i8 %y2_load_1, i6 %odd_q_3_addr" [awn_int8.cpp:213]   --->   Operation 234 'store' 'store_ln213' <Predicate = (trunc_ln212 == 3)> <Delay = 0.67> <CoreInst = "RAM">   --->   Core 83 'RAM' <Latency = 1> <II = 1> <Delay = 0.67> <Storage> <Opcode : 'load' 'store'> <Ports = 2> <Width = 8> <Depth = 64> <RAM>
ST_2 : Operation 235 [1/1] (0.00ns)   --->   "%br_ln213 = br void %arrayidx2110.exit" [awn_int8.cpp:213]   --->   Operation 235 'br' 'br_ln213' <Predicate = (trunc_ln212 == 3)> <Delay = 0.00>
ST_2 : Operation 236 [1/1] (0.67ns)   --->   "%store_ln213 = store i8 %y2_load_1, i6 %odd_q_2_addr" [awn_int8.cpp:213]   --->   Operation 236 'store' 'store_ln213' <Predicate = (trunc_ln212 == 2)> <Delay = 0.67> <CoreInst = "RAM">   --->   Core 83 'RAM' <Latency = 1> <II = 1> <Delay = 0.67> <Storage> <Opcode : 'load' 'store'> <Ports = 2> <Width = 8> <Depth = 64> <RAM>
ST_2 : Operation 237 [1/1] (0.00ns)   --->   "%br_ln213 = br void %arrayidx2110.exit" [awn_int8.cpp:213]   --->   Operation 237 'br' 'br_ln213' <Predicate = (trunc_ln212 == 2)> <Delay = 0.00>
ST_2 : Operation 238 [1/1] (0.67ns)   --->   "%store_ln213 = store i8 %y2_load_1, i6 %odd_q_1_addr" [awn_int8.cpp:213]   --->   Operation 238 'store' 'store_ln213' <Predicate = (trunc_ln212 == 1)> <Delay = 0.67> <CoreInst = "RAM">   --->   Core 83 'RAM' <Latency = 1> <II = 1> <Delay = 0.67> <Storage> <Opcode : 'load' 'store'> <Ports = 2> <Width = 8> <Depth = 64> <RAM>
ST_2 : Operation 239 [1/1] (0.00ns)   --->   "%br_ln213 = br void %arrayidx2110.exit" [awn_int8.cpp:213]   --->   Operation 239 'br' 'br_ln213' <Predicate = (trunc_ln212 == 1)> <Delay = 0.00>
ST_2 : Operation 240 [1/1] (0.67ns)   --->   "%store_ln213 = store i8 %y2_load_1, i6 %odd_q_addr" [awn_int8.cpp:213]   --->   Operation 240 'store' 'store_ln213' <Predicate = (trunc_ln212 == 0)> <Delay = 0.67> <CoreInst = "RAM">   --->   Core 83 'RAM' <Latency = 1> <II = 1> <Delay = 0.67> <Storage> <Opcode : 'load' 'store'> <Ports = 2> <Width = 8> <Depth = 64> <RAM>
ST_2 : Operation 241 [1/1] (0.00ns)   --->   "%br_ln213 = br void %arrayidx2110.exit" [awn_int8.cpp:213]   --->   Operation 241 'br' 'br_ln213' <Predicate = (trunc_ln212 == 0)> <Delay = 0.00>
ST_2 : Operation 242 [1/1] (0.67ns)   --->   "%store_ln213 = store i8 %y2_load_1, i6 %odd_q_63_addr" [awn_int8.cpp:213]   --->   Operation 242 'store' 'store_ln213' <Predicate = (trunc_ln212 == 63)> <Delay = 0.67> <CoreInst = "RAM">   --->   Core 83 'RAM' <Latency = 1> <II = 1> <Delay = 0.67> <Storage> <Opcode : 'load' 'store'> <Ports = 2> <Width = 8> <Depth = 64> <RAM>
ST_2 : Operation 243 [1/1] (0.00ns)   --->   "%br_ln213 = br void %arrayidx2110.exit" [awn_int8.cpp:213]   --->   Operation 243 'br' 'br_ln213' <Predicate = (trunc_ln212 == 63)> <Delay = 0.00>


============================================================
+ Verbose Summary: Timing violations
============================================================
Target clock period: 5.000ns, clock uncertainty: 1.350ns.

 <State 1>: 2.797ns
The critical path consists of the following:
	'store' operation 0 bit ('store_ln210', awn_int8.cpp:210) of constant 0 on local variable 'c', awn_int8.cpp:210 [71]  (0.427 ns)
	'load' operation 7 bit ('c_load', awn_int8.cpp:210) on local variable 'c', awn_int8.cpp:210 [81]  (0.000 ns)
	'add' operation 7 bit ('add_ln210', awn_int8.cpp:210) [82]  (0.773 ns)
	'select' operation 7 bit ('select_ln210_1', awn_int8.cpp:210) [87]  (0.360 ns)
	'getelementptr' operation 13 bit ('y2_addr', awn_int8.cpp:212) [100]  (0.000 ns)
	'load' operation 8 bit ('y2_load', awn_int8.cpp:212) on array 'y2' [101]  (1.237 ns)

 <State 2>: 2.474ns
The critical path consists of the following:
	'load' operation 8 bit ('y2_load', awn_int8.cpp:212) on array 'y2' [101]  (1.237 ns)
	'store' operation 0 bit ('store_ln212', awn_int8.cpp:212) of variable 'y2_load', awn_int8.cpp:212 on array 'even_q' [102]  (1.237 ns)


============================================================
+ Verbose Summary: Binding
============================================================
N/A
* FSMD analyzer results:
  - Output states:
 - Input state : 
  - Chain level:
	State 1
	State 2


============================================================
+ Verbose Summary: Datapath Resource usage 
============================================================
N/A
