

================================================================
== Vitis HLS Report for 'awn_forward_Pipeline_VITIS_LOOP_245_7'
================================================================
* Date:           Sat May 30 20:40:53 2026

* Version:        2023.2 (Build 4023990 on Oct 11 2023)
* Project:        proj_awn_int8
* Solution:       solution1 (Vivado IP Flow Target)
* Product family: zynquplus
* Target device:  xczu7ev-ffvc1156-2-e


================================================================
== Performance Estimates
================================================================
+ Timing: 
    * Summary: 
    +--------+---------+----------+------------+
    |  Clock |  Target | Estimated| Uncertainty|
    +--------+---------+----------+------------+
    |ap_clk  |  5.00 ns|  3.420 ns|     1.35 ns|
    +--------+---------+----------+------------+

+ Latency: 
    * Summary: 
    +---------+---------+----------+----------+-----+-----+---------+
    |  Latency (cycles) |  Latency (absolute) |  Interval | Pipeline|
    |   min   |   max   |    min   |    max   | min | max |   Type  |
    +---------+---------+----------+----------+-----+-----+---------+
    |       68|       68|  0.340 us|  0.340 us|   68|   68|       no|
    +---------+---------+----------+----------+-----+-----+---------+

    + Detail: 
        * Instance: 
        N/A

        * Loop: 
        +--------------------+---------+---------+----------+-----------+-----------+------+----------+
        |                    |  Latency (cycles) | Iteration|  Initiation Interval  | Trip |          |
        |      Loop Name     |   min   |   max   |  Latency |  achieved |   target  | Count| Pipelined|
        +--------------------+---------+---------+----------+-----------+-----------+------+----------+
        |- VITIS_LOOP_245_7  |       66|       66|         4|          1|          1|    64|       yes|
        +--------------------+---------+---------+----------+-----------+-----------+------+----------+

============================================================
+ Verbose Summary: Synthesis Manager
============================================================
InlineROM: 1
ExposeGlobal: 0
============================================================
+ Verbose Summary: CDFG Model
============================================================
IsTopModel: 0
ResetActiveHigh: 1
IsCombinational: 0
IsDatapathOnly: 0
HasWiredReturn: 1
HasMFsm: 2
HasVarLatency: 1
IsPipeline: 0
IsRtlPipelined: 0
IsInstanceOverlapped: 0
IsDontTouch: 0
HasImplIP: 0
IsGatedGlobalClock: 0

+ Individual pipeline summary: 
  * Pipeline-0: initiation interval (II) = 1, depth = 4


============================================================
+ Verbose Summary: Schedule
============================================================
* Number of FSM states : 4
* Pipeline : 1
  Pipeline-0 : II = 1, D = 4, States = { 1 2 3 4 }
* Dataflow Pipeline: 0

* FSM state transitions: 
1 --> 2 
2 --> 3 
3 --> 4 
4 --> 

* FSM state operations: 

State 1 <SV = 0> <Delay = 1.62>
ST_1 : Operation 7 [1/1] (0.00ns)   --->   "%c = alloca i32 1" [awn_int8.cpp:245]   --->   Operation 7 'alloca' 'c' <Predicate = true> <Delay = 0.00>
ST_1 : Operation 8 [1/1] (0.42ns)   --->   "%store_ln245 = store i7 0, i7 %c" [awn_int8.cpp:245]   --->   Operation 8 'store' 'store_ln245' <Predicate = true> <Delay = 0.42>
ST_1 : Operation 9 [1/1] (0.00ns)   --->   "%br_ln0 = br void %for.inc115"   --->   Operation 9 'br' 'br_ln0' <Predicate = true> <Delay = 0.00>
ST_1 : Operation 10 [1/1] (0.00ns)   --->   "%c_1 = load i7 %c" [awn_int8.cpp:245]   --->   Operation 10 'load' 'c_1' <Predicate = true> <Delay = 0.00>
ST_1 : Operation 11 [1/1] (0.77ns)   --->   "%icmp_ln245 = icmp_eq  i7 %c_1, i7 64" [awn_int8.cpp:245]   --->   Operation 11 'icmp' 'icmp_ln245' <Predicate = true> <Delay = 0.77> <CoreInst = "Cmp">   --->   Core 9 'Cmp' <Latency = 0> <II = 1> <Delay = 0.77> <FuncUnit> <Opcode : 'icmp'> <InPorts = 2> <OutPorts = 1>
ST_1 : Operation 12 [1/1] (0.77ns)   --->   "%add_ln245 = add i7 %c_1, i7 1" [awn_int8.cpp:245]   --->   Operation 12 'add' 'add_ln245' <Predicate = true> <Delay = 0.77> <CoreInst = "Adder">   --->   Core 1 'Adder' <Latency = 0> <II = 1> <Delay = 0.77> <FuncUnit> <Opcode : 'add' 'sub'> <InPorts = 2> <OutPorts = 1>
ST_1 : Operation 13 [1/1] (0.00ns)   --->   "%br_ln245 = br i1 %icmp_ln245, void %for.inc115.split, void %for.end117.exitStub" [awn_int8.cpp:245]   --->   Operation 13 'br' 'br_ln245' <Predicate = true> <Delay = 0.00>
ST_1 : Operation 14 [1/1] (0.00ns)   --->   "%zext_ln245 = zext i7 %c_1" [awn_int8.cpp:245]   --->   Operation 14 'zext' 'zext_ln245' <Predicate = (!icmp_ln245)> <Delay = 0.00>
ST_1 : Operation 15 [1/1] (0.00ns)   --->   "%avg_d_q_addr = getelementptr i8 %avg_d_q, i64 0, i64 %zext_ln245" [awn_int8.cpp:246]   --->   Operation 15 'getelementptr' 'avg_d_q_addr' <Predicate = (!icmp_ln245)> <Delay = 0.00>
ST_1 : Operation 16 [2/2] (0.67ns)   --->   "%avg_d_q_load = load i6 %avg_d_q_addr" [awn_int8.cpp:246]   --->   Operation 16 'load' 'avg_d_q_load' <Predicate = (!icmp_ln245)> <Delay = 0.67> <CoreInst = "RAM">   --->   Core 83 'RAM' <Latency = 1> <II = 1> <Delay = 0.67> <Storage> <Opcode : 'load' 'store'> <Ports = 2> <Width = 8> <Depth = 64> <RAM>
ST_1 : Operation 17 [1/1] (0.00ns)   --->   "%avg_c_q_addr = getelementptr i8 %avg_c_q, i64 0, i64 %zext_ln245" [awn_int8.cpp:248]   --->   Operation 17 'getelementptr' 'avg_c_q_addr' <Predicate = (!icmp_ln245)> <Delay = 0.00>
ST_1 : Operation 18 [2/2] (0.67ns)   --->   "%avg_c_q_load = load i6 %avg_c_q_addr" [awn_int8.cpp:248]   --->   Operation 18 'load' 'avg_c_q_load' <Predicate = (!icmp_ln245)> <Delay = 0.67> <CoreInst = "RAM">   --->   Core 83 'RAM' <Latency = 1> <II = 1> <Delay = 0.67> <Storage> <Opcode : 'load' 'store'> <Ports = 2> <Width = 8> <Depth = 64> <RAM>
ST_1 : Operation 19 [1/1] (0.42ns)   --->   "%store_ln245 = store i7 %add_ln245, i7 %c" [awn_int8.cpp:245]   --->   Operation 19 'store' 'store_ln245' <Predicate = (!icmp_ln245)> <Delay = 0.42>

State 2 <SV = 1> <Delay = 1.91>
ST_2 : Operation 20 [1/2] (0.67ns)   --->   "%avg_d_q_load = load i6 %avg_d_q_addr" [awn_int8.cpp:246]   --->   Operation 20 'load' 'avg_d_q_load' <Predicate = true> <Delay = 0.67> <CoreInst = "RAM">   --->   Core 83 'RAM' <Latency = 1> <II = 1> <Delay = 0.67> <Storage> <Opcode : 'load' 'store'> <Ports = 2> <Width = 8> <Depth = 64> <RAM>
ST_2 : Operation 21 [1/1] (0.00ns)   --->   "%cat_q_addr = getelementptr i8 %cat_q, i64 0, i64 %zext_ln245" [awn_int8.cpp:246]   --->   Operation 21 'getelementptr' 'cat_q_addr' <Predicate = true> <Delay = 0.00>
ST_2 : Operation 22 [1/1] (1.23ns)   --->   "%store_ln246 = store i8 %avg_d_q_load, i7 %cat_q_addr" [awn_int8.cpp:246]   --->   Operation 22 'store' 'store_ln246' <Predicate = true> <Delay = 1.23> <CoreInst = "RAM">   --->   Core 83 'RAM' <Latency = 1> <II = 1> <Delay = 1.23> <Storage> <Opcode : 'load' 'store'> <Ports = 2> <Width = 8> <Depth = 128> <RAM>
ST_2 : Operation 23 [1/2] (0.67ns)   --->   "%avg_c_q_load = load i6 %avg_c_q_addr" [awn_int8.cpp:248]   --->   Operation 23 'load' 'avg_c_q_load' <Predicate = true> <Delay = 0.67> <CoreInst = "RAM">   --->   Core 83 'RAM' <Latency = 1> <II = 1> <Delay = 0.67> <Storage> <Opcode : 'load' 'store'> <Ports = 2> <Width = 8> <Depth = 64> <RAM>

State 3 <SV = 2> <Delay = 3.42>
ST_3 : Operation 24 [1/1] (0.00ns)   --->   "%sext_ln17 = sext i8 %avg_c_q_load" [awn_int8.cpp:17->awn_int8.cpp:30->awn_int8.cpp:248]   --->   Operation 24 'sext' 'sext_ln17' <Predicate = true> <Delay = 0.00>
ST_3 : Operation 25 [1/1] (3.42ns)   --->   "%mul_ln17 = mul i39 %sext_ln17, i39 2120605373" [awn_int8.cpp:17->awn_int8.cpp:30->awn_int8.cpp:248]   --->   Operation 25 'mul' 'mul_ln17' <Predicate = true> <Delay = 3.42> <CoreInst = "Multiplier">   --->   Core 3 'Multiplier' <Latency = 0> <II = 1> <Delay = 3.42> <FuncUnit> <Opcode : 'mul'> <InPorts = 2> <OutPorts = 1>
ST_3 : Operation 36 [1/1] (0.00ns)   --->   "%ret_ln0 = ret"   --->   Operation 36 'ret' 'ret_ln0' <Predicate = (icmp_ln245)> <Delay = 0.00>

State 4 <SV = 3> <Delay = 2.26>
ST_4 : Operation 26 [1/1] (0.00ns)   --->   "%specpipeline_ln245 = specpipeline void @_ssdm_op_SpecPipeline, i32 4294967295, i32 0, i32 0, i32 0, void @empty_3" [awn_int8.cpp:245]   --->   Operation 26 'specpipeline' 'specpipeline_ln245' <Predicate = true> <Delay = 0.00>
ST_4 : Operation 27 [1/1] (0.00ns)   --->   "%speclooptripcount_ln245 = speclooptripcount void @_ssdm_op_SpecLoopTripCount, i64 64, i64 64, i64 64" [awn_int8.cpp:245]   --->   Operation 27 'speclooptripcount' 'speclooptripcount_ln245' <Predicate = true> <Delay = 0.00>
ST_4 : Operation 28 [1/1] (0.00ns)   --->   "%specloopname_ln245 = specloopname void @_ssdm_op_SpecLoopName, void @empty_7" [awn_int8.cpp:245]   --->   Operation 28 'specloopname' 'specloopname_ln245' <Predicate = true> <Delay = 0.00>
ST_4 : Operation 29 [1/1] (1.03ns)   --->   "%sum = add i39 %mul_ln17, i39 1073741824" [awn_int8.cpp:19->awn_int8.cpp:30->awn_int8.cpp:248]   --->   Operation 29 'add' 'sum' <Predicate = true> <Delay = 1.03> <CoreInst = "Adder">   --->   Core 1 'Adder' <Latency = 0> <II = 1> <Delay = 1.03> <FuncUnit> <Opcode : 'add' 'sub'> <InPorts = 2> <OutPorts = 1>
ST_4 : Operation 30 [1/1] (0.00ns)   --->   "%trunc_ln20_1 = partselect i8 @_ssdm_op_PartSelect.i8.i39.i32.i32, i39 %sum, i32 31, i32 38" [awn_int8.cpp:20->awn_int8.cpp:30->awn_int8.cpp:248]   --->   Operation 30 'partselect' 'trunc_ln20_1' <Predicate = true> <Delay = 0.00>
ST_4 : Operation 31 [1/1] (0.35ns)   --->   "%xor_ln248 = xor i7 %c_1, i7 64" [awn_int8.cpp:248]   --->   Operation 31 'xor' 'xor_ln248' <Predicate = true> <Delay = 0.35> <CoreInst = "LogicGate">   --->   Core 74 'LogicGate' <Latency = 0> <II = 1> <Delay = 0.35> <FuncUnit> <Opcode : 'and' 'or' 'xor'> <InPorts = 2> <OutPorts = 1>
ST_4 : Operation 32 [1/1] (0.00ns)   --->   "%zext_ln248 = zext i7 %xor_ln248" [awn_int8.cpp:248]   --->   Operation 32 'zext' 'zext_ln248' <Predicate = true> <Delay = 0.00>
ST_4 : Operation 33 [1/1] (0.00ns)   --->   "%cat_q_addr_1 = getelementptr i8 %cat_q, i64 0, i64 %zext_ln248" [awn_int8.cpp:248]   --->   Operation 33 'getelementptr' 'cat_q_addr_1' <Predicate = true> <Delay = 0.00>
ST_4 : Operation 34 [1/1] (1.23ns)   --->   "%store_ln248 = store i8 %trunc_ln20_1, i7 %cat_q_addr_1" [awn_int8.cpp:248]   --->   Operation 34 'store' 'store_ln248' <Predicate = true> <Delay = 1.23> <CoreInst = "RAM">   --->   Core 83 'RAM' <Latency = 1> <II = 1> <Delay = 1.23> <Storage> <Opcode : 'load' 'store'> <Ports = 2> <Width = 8> <Depth = 128> <RAM>
ST_4 : Operation 35 [1/1] (0.00ns)   --->   "%br_ln245 = br void %for.inc115" [awn_int8.cpp:245]   --->   Operation 35 'br' 'br_ln245' <Predicate = true> <Delay = 0.00>


============================================================
+ Verbose Summary: Binding
============================================================
STG Binding: 
---------------- STG Properties BEGIN ----------------
- Is combinational: 0
- Is one-state seq: 0
- Is datapath-only: 0
- Is pipelined: 0
- Is top level: 0
Port [ Return ] is wired: 1; IO mode=ap_ctrl_hs:ce=0
Port [ avg_d_q]:  wired=1; compound=1; hidden=0; nouse=0; global=0; static=0; extern=0; dir=0; type=1; pingpong=0; private_global=0; MemPort=[13]; IO mode=ap_memory:ce=0
Port [ cat_q]:  wired=1; compound=1; hidden=0; nouse=0; global=0; static=0; extern=0; dir=1; type=1; pingpong=0; private_global=0; MemPort=[00]; IO mode=ap_memory:ce=0
Port [ avg_c_q]:  wired=1; compound=1; hidden=0; nouse=0; global=0; static=0; extern=0; dir=0; type=1; pingpong=0; private_global=0; MemPort=[13]; IO mode=ap_memory:ce=0
---------------- STG Properties END ------------------

---------------- Datapath Model BEGIN ----------------

<LifeTime>
<method=bitvector/>
c                       (alloca           ) [ 01000]
store_ln245             (store            ) [ 00000]
br_ln0                  (br               ) [ 00000]
c_1                     (load             ) [ 01111]
icmp_ln245              (icmp             ) [ 01110]
add_ln245               (add              ) [ 00000]
br_ln245                (br               ) [ 00000]
zext_ln245              (zext             ) [ 01100]
avg_d_q_addr            (getelementptr    ) [ 01100]
avg_c_q_addr            (getelementptr    ) [ 01100]
store_ln245             (store            ) [ 00000]
avg_d_q_load            (load             ) [ 00000]
cat_q_addr              (getelementptr    ) [ 00000]
store_ln246             (store            ) [ 00000]
avg_c_q_load            (load             ) [ 01010]
sext_ln17               (sext             ) [ 00000]
mul_ln17                (mul              ) [ 01001]
specpipeline_ln245      (specpipeline     ) [ 00000]
speclooptripcount_ln245 (speclooptripcount) [ 00000]
specloopname_ln245      (specloopname     ) [ 00000]
sum                     (add              ) [ 00000]
trunc_ln20_1            (partselect       ) [ 00000]
xor_ln248               (xor              ) [ 00000]
zext_ln248              (zext             ) [ 00000]
cat_q_addr_1            (getelementptr    ) [ 00000]
store_ln248             (store            ) [ 00000]
br_ln245                (br               ) [ 00000]
ret_ln0                 (ret              ) [ 00000]
</LifeTime>

<model>

<comp_list>
<comp id="0" class="1000" name="avg_d_q">
<pin_list>
<pin id="1" dir="1" index="0" bw="1" slack="0"/>
</pin_list>
<bind>
<StgValue><ssdm name="avg_d_q"/><MemPortTyVec>1 3 </MemPortTyVec>
</StgValue>
</bind>
</comp>

<comp id="2" class="1000" name="cat_q">
<pin_list>
<pin id="3" dir="1" index="0" bw="1" slack="0"/>
</pin_list>
<bind>
<StgValue><ssdm name="cat_q"/><MemPortTyVec>0 0 </MemPortTyVec>
</StgValue>
</bind>
</comp>

<comp id="4" class="1000" name="avg_c_q">
<pin_list>
<pin id="5" dir="1" index="0" bw="1" slack="0"/>
</pin_list>
<bind>
<StgValue><ssdm name="avg_c_q"/><MemPortTyVec>1 3 </MemPortTyVec>
</StgValue>
</bind>
</comp>

<comp id="6" class="1001" name="const_6">
<pin_list>
<pin id="7" dir="1" index="0" bw="1" slack="0"/>
</pin_list>
<bind>
<StgValue><ssdm name=""/></StgValue>
</bind>
</comp>

<comp id="8" class="1001" name="const_8">
<pin_list>
<pin id="9" dir="1" index="0" bw="1" slack="0"/>
</pin_list>
<bind>
<StgValue><ssdm name=""/></StgValue>
</bind>
</comp>

<comp id="10" class="1001" name="const_10">
<pin_list>
<pin id="11" dir="1" index="0" bw="1" slack="0"/>
</pin_list>
<bind>
<StgValue><ssdm name=""/></StgValue>
</bind>
</comp>

<comp id="12" class="1001" name="const_12">
<pin_list>
<pin id="13" dir="1" index="0" bw="1" slack="0"/>
</pin_list>
<bind>
<StgValue><ssdm name=""/></StgValue>
</bind>
</comp>

<comp id="14" class="1001" name="const_14">
<pin_list>
<pin id="15" dir="1" index="0" bw="1" slack="0"/>
</pin_list>
<bind>
<StgValue><ssdm name=""/></StgValue>
</bind>
</comp>

<comp id="16" class="1001" name="const_16">
<pin_list>
<pin id="17" dir="1" index="0" bw="1" slack="0"/>
</pin_list>
<bind>
<StgValue><ssdm name=""/></StgValue>
</bind>
</comp>

<comp id="18" class="1001" name="const_18">
<pin_list>
<pin id="19" dir="1" index="0" bw="1" slack="2147483647"/>
</pin_list>
<bind>
<StgValue><ssdm name="_ssdm_op_SpecPipeline"/></StgValue>
</bind>
</comp>

<comp id="20" class="1001" name="const_20">
<pin_list>
<pin id="21" dir="1" index="0" bw="1" slack="2147483647"/>
</pin_list>
<bind>
<StgValue><ssdm name=""/></StgValue>
</bind>
</comp>

<comp id="22" class="1001" name="const_22">
<pin_list>
<pin id="23" dir="1" index="0" bw="1" slack="2147483647"/>
</pin_list>
<bind>
<StgValue><ssdm name=""/></StgValue>
</bind>
</comp>

<comp id="24" class="1001" name="const_24">
<pin_list>
<pin id="25" dir="1" index="0" bw="1" slack="2147483647"/>
</pin_list>
<bind>
<StgValue><ssdm name="empty_3"/></StgValue>
</bind>
</comp>

<comp id="26" class="1001" name="const_26">
<pin_list>
<pin id="27" dir="1" index="0" bw="1" slack="2147483647"/>
</pin_list>
<bind>
<StgValue><ssdm name="_ssdm_op_SpecLoopTripCount"/></StgValue>
</bind>
</comp>

<comp id="28" class="1001" name="const_28">
<pin_list>
<pin id="29" dir="1" index="0" bw="1" slack="2147483647"/>
</pin_list>
<bind>
<StgValue><ssdm name=""/></StgValue>
</bind>
</comp>

<comp id="30" class="1001" name="const_30">
<pin_list>
<pin id="31" dir="1" index="0" bw="1" slack="2147483647"/>
</pin_list>
<bind>
<StgValue><ssdm name="_ssdm_op_SpecLoopName"/></StgValue>
</bind>
</comp>

<comp id="32" class="1001" name="const_32">
<pin_list>
<pin id="33" dir="1" index="0" bw="1" slack="2147483647"/>
</pin_list>
<bind>
<StgValue><ssdm name="empty_7"/></StgValue>
</bind>
</comp>

<comp id="34" class="1001" name="const_34">
<pin_list>
<pin id="35" dir="1" index="0" bw="1" slack="0"/>
</pin_list>
<bind>
<StgValue><ssdm name=""/></StgValue>
</bind>
</comp>

<comp id="36" class="1001" name="const_36">
<pin_list>
<pin id="37" dir="1" index="0" bw="1" slack="0"/>
</pin_list>
<bind>
<StgValue><ssdm name="_ssdm_op_PartSelect.i8.i39.i32.i32"/></StgValue>
</bind>
</comp>

<comp id="38" class="1001" name="const_38">
<pin_list>
<pin id="39" dir="1" index="0" bw="1" slack="0"/>
</pin_list>
<bind>
<StgValue><ssdm name=""/></StgValue>
</bind>
</comp>

<comp id="40" class="1001" name="const_40">
<pin_list>
<pin id="41" dir="1" index="0" bw="1" slack="0"/>
</pin_list>
<bind>
<StgValue><ssdm name=""/></StgValue>
</bind>
</comp>

<comp id="42" class="1004" name="c_fu_42">
<pin_list>
<pin id="43" dir="0" index="0" bw="1" slack="0"/>
<pin id="44" dir="1" index="1" bw="7" slack="0"/>
</pin_list>
<bind>
<opcode="alloca(26) " fcode="alloca"/>
<opset="c/1 "/>
</bind>
</comp>

<comp id="46" class="1004" name="avg_d_q_addr_gep_fu_46">
<pin_list>
<pin id="47" dir="0" index="0" bw="8" slack="0"/>
<pin id="48" dir="0" index="1" bw="1" slack="0"/>
<pin id="49" dir="0" index="2" bw="7" slack="0"/>
<pin id="50" dir="1" index="3" bw="6" slack="0"/>
</pin_list>
<bind>
<opcode="getelementptr(29) " fcode="getelementptr"/>
<opset="avg_d_q_addr/1 "/>
</bind>
</comp>

<comp id="53" class="1004" name="grp_access_fu_53">
<pin_list>
<pin id="54" dir="0" index="0" bw="6" slack="0"/>
<pin id="55" dir="0" index="1" bw="8" slack="2147483647"/>
<pin id="56" dir="0" index="2" bw="0" slack="2147483647"/>
<pin id="57" dir="1" index="3" bw="8" slack="0"/>
</pin_list>
<bind>
<opcode="load(27) " fcode="load"/>
<opset="avg_d_q_load/1 "/>
</bind>
</comp>

<comp id="59" class="1004" name="avg_c_q_addr_gep_fu_59">
<pin_list>
<pin id="60" dir="0" index="0" bw="8" slack="0"/>
<pin id="61" dir="0" index="1" bw="1" slack="0"/>
<pin id="62" dir="0" index="2" bw="7" slack="0"/>
<pin id="63" dir="1" index="3" bw="6" slack="0"/>
</pin_list>
<bind>
<opcode="getelementptr(29) " fcode="getelementptr"/>
<opset="avg_c_q_addr/1 "/>
</bind>
</comp>

<comp id="66" class="1004" name="grp_access_fu_66">
<pin_list>
<pin id="67" dir="0" index="0" bw="6" slack="0"/>
<pin id="68" dir="0" index="1" bw="8" slack="2147483647"/>
<pin id="69" dir="0" index="2" bw="0" slack="2147483647"/>
<pin id="70" dir="1" index="3" bw="8" slack="1"/>
</pin_list>
<bind>
<opcode="load(27) " fcode="load"/>
<opset="avg_c_q_load/1 "/>
</bind>
</comp>

<comp id="72" class="1004" name="cat_q_addr_gep_fu_72">
<pin_list>
<pin id="73" dir="0" index="0" bw="8" slack="0"/>
<pin id="74" dir="0" index="1" bw="1" slack="0"/>
<pin id="75" dir="0" index="2" bw="7" slack="1"/>
<pin id="76" dir="1" index="3" bw="7" slack="0"/>
</pin_list>
<bind>
<opcode="getelementptr(29) " fcode="getelementptr"/>
<opset="cat_q_addr/2 "/>
</bind>
</comp>

<comp id="79" class="1004" name="grp_access_fu_79">
<pin_list>
<pin id="80" dir="0" index="0" bw="7" slack="0"/>
<pin id="81" dir="0" index="1" bw="8" slack="0"/>
<pin id="82" dir="0" index="2" bw="0" slack="0"/>
<pin id="84" dir="0" index="4" bw="7" slack="0"/>
<pin id="85" dir="0" index="5" bw="8" slack="2147483647"/>
<pin id="86" dir="0" index="6" bw="0" slack="2147483647"/>
<pin id="83" dir="1" index="3" bw="8" slack="2147483647"/>
<pin id="87" dir="1" index="7" bw="8" slack="2147483647"/>
</pin_list>
<bind>
<opcode="store(28) " fcode="store"/>
<opset="store_ln246/2 store_ln248/4 "/>
</bind>
</comp>

<comp id="90" class="1004" name="cat_q_addr_1_gep_fu_90">
<pin_list>
<pin id="91" dir="0" index="0" bw="8" slack="0"/>
<pin id="92" dir="0" index="1" bw="1" slack="0"/>
<pin id="93" dir="0" index="2" bw="7" slack="0"/>
<pin id="94" dir="1" index="3" bw="7" slack="0"/>
</pin_list>
<bind>
<opcode="getelementptr(29) " fcode="getelementptr"/>
<opset="cat_q_addr_1/4 "/>
</bind>
</comp>

<comp id="98" class="1004" name="mul_ln17_fu_98">
<pin_list>
<pin id="99" dir="0" index="0" bw="8" slack="0"/>
<pin id="100" dir="0" index="1" bw="32" slack="0"/>
<pin id="101" dir="1" index="2" bw="39" slack="1"/>
</pin_list>
<bind>
<opcode="mul(12) " fcode="mul"/>
<opset="mul_ln17/3 "/>
</bind>
</comp>

<comp id="103" class="1004" name="store_ln245_store_fu_103">
<pin_list>
<pin id="104" dir="0" index="0" bw="1" slack="0"/>
<pin id="105" dir="0" index="1" bw="7" slack="0"/>
<pin id="106" dir="1" index="2" bw="0" slack="2147483647"/>
</pin_list>
<bind>
<opcode="store(28) " fcode="store"/>
<opset="store_ln245/1 "/>
</bind>
</comp>

<comp id="108" class="1004" name="c_1_load_fu_108">
<pin_list>
<pin id="109" dir="0" index="0" bw="7" slack="0"/>
<pin id="110" dir="1" index="1" bw="7" slack="0"/>
</pin_list>
<bind>
<opcode="load(27) " fcode="load"/>
<opset="c_1/1 "/>
</bind>
</comp>

<comp id="111" class="1004" name="icmp_ln245_fu_111">
<pin_list>
<pin id="112" dir="0" index="0" bw="7" slack="0"/>
<pin id="113" dir="0" index="1" bw="7" slack="0"/>
<pin id="114" dir="1" index="2" bw="1" slack="2"/>
</pin_list>
<bind>
<opcode="icmp(45) " fcode="icmp"/>
<opset="icmp_ln245/1 "/>
</bind>
</comp>

<comp id="117" class="1004" name="add_ln245_fu_117">
<pin_list>
<pin id="118" dir="0" index="0" bw="7" slack="0"/>
<pin id="119" dir="0" index="1" bw="1" slack="0"/>
<pin id="120" dir="1" index="2" bw="7" slack="0"/>
</pin_list>
<bind>
<opcode="add(8) " fcode="add"/>
<opset="add_ln245/1 "/>
</bind>
</comp>

<comp id="123" class="1004" name="zext_ln245_fu_123">
<pin_list>
<pin id="124" dir="0" index="0" bw="7" slack="0"/>
<pin id="125" dir="1" index="1" bw="64" slack="0"/>
</pin_list>
<bind>
<opcode="zext(34) " fcode="zext"/>
<opset="zext_ln245/1 "/>
</bind>
</comp>

<comp id="129" class="1004" name="store_ln245_store_fu_129">
<pin_list>
<pin id="130" dir="0" index="0" bw="7" slack="0"/>
<pin id="131" dir="0" index="1" bw="7" slack="0"/>
<pin id="132" dir="1" index="2" bw="0" slack="2147483647"/>
</pin_list>
<bind>
<opcode="store(28) " fcode="store"/>
<opset="store_ln245/1 "/>
</bind>
</comp>

<comp id="134" class="1004" name="sext_ln17_fu_134">
<pin_list>
<pin id="135" dir="0" index="0" bw="8" slack="1"/>
<pin id="136" dir="1" index="1" bw="39" slack="0"/>
</pin_list>
<bind>
<opcode="sext(35) " fcode="sext"/>
<opset="sext_ln17/3 "/>
</bind>
</comp>

<comp id="138" class="1004" name="sum_fu_138">
<pin_list>
<pin id="139" dir="0" index="0" bw="39" slack="1"/>
<pin id="140" dir="0" index="1" bw="32" slack="0"/>
<pin id="141" dir="1" index="2" bw="39" slack="0"/>
</pin_list>
<bind>
<opcode="add(8) " fcode="add"/>
<opset="sum/4 "/>
</bind>
</comp>

<comp id="143" class="1004" name="trunc_ln20_1_fu_143">
<pin_list>
<pin id="144" dir="0" index="0" bw="8" slack="0"/>
<pin id="145" dir="0" index="1" bw="39" slack="0"/>
<pin id="146" dir="0" index="2" bw="6" slack="0"/>
<pin id="147" dir="0" index="3" bw="7" slack="0"/>
<pin id="148" dir="1" index="4" bw="8" slack="0"/>
</pin_list>
<bind>
<opcode="partselect(1002) " fcode="partselect"/>
<opset="trunc_ln20_1/4 "/>
</bind>
</comp>

<comp id="154" class="1004" name="xor_ln248_fu_154">
<pin_list>
<pin id="155" dir="0" index="0" bw="7" slack="3"/>
<pin id="156" dir="0" index="1" bw="7" slack="0"/>
<pin id="157" dir="1" index="2" bw="7" slack="0"/>
</pin_list>
<bind>
<opcode="xor(25) " fcode="xor"/>
<opset="xor_ln248/4 "/>
</bind>
</comp>

<comp id="159" class="1004" name="zext_ln248_fu_159">
<pin_list>
<pin id="160" dir="0" index="0" bw="7" slack="0"/>
<pin id="161" dir="1" index="1" bw="64" slack="0"/>
</pin_list>
<bind>
<opcode="zext(34) " fcode="zext"/>
<opset="zext_ln248/4 "/>
</bind>
</comp>

<comp id="164" class="1005" name="c_reg_164">
<pin_list>
<pin id="165" dir="0" index="0" bw="7" slack="0"/>
<pin id="166" dir="1" index="1" bw="7" slack="0"/>
</pin_list>
<bind>
<opset="c "/>
</bind>
</comp>

<comp id="171" class="1005" name="c_1_reg_171">
<pin_list>
<pin id="172" dir="0" index="0" bw="7" slack="3"/>
<pin id="173" dir="1" index="1" bw="7" slack="3"/>
</pin_list>
<bind>
<opset="c_1 "/>
</bind>
</comp>

<comp id="176" class="1005" name="icmp_ln245_reg_176">
<pin_list>
<pin id="177" dir="0" index="0" bw="1" slack="2"/>
<pin id="178" dir="1" index="1" bw="1" slack="2147483647"/>
</pin_list>
<bind>
<opset="icmp_ln245 "/>
</bind>
</comp>

<comp id="180" class="1005" name="zext_ln245_reg_180">
<pin_list>
<pin id="181" dir="0" index="0" bw="64" slack="1"/>
<pin id="182" dir="1" index="1" bw="64" slack="1"/>
</pin_list>
<bind>
<opset="zext_ln245 "/>
</bind>
</comp>

<comp id="185" class="1005" name="avg_d_q_addr_reg_185">
<pin_list>
<pin id="186" dir="0" index="0" bw="6" slack="1"/>
<pin id="187" dir="1" index="1" bw="6" slack="1"/>
</pin_list>
<bind>
<opset="avg_d_q_addr "/>
</bind>
</comp>

<comp id="190" class="1005" name="avg_c_q_addr_reg_190">
<pin_list>
<pin id="191" dir="0" index="0" bw="6" slack="1"/>
<pin id="192" dir="1" index="1" bw="6" slack="1"/>
</pin_list>
<bind>
<opset="avg_c_q_addr "/>
</bind>
</comp>

<comp id="195" class="1005" name="avg_c_q_load_reg_195">
<pin_list>
<pin id="196" dir="0" index="0" bw="8" slack="1"/>
<pin id="197" dir="1" index="1" bw="8" slack="1"/>
</pin_list>
<bind>
<opset="avg_c_q_load "/>
</bind>
</comp>

<comp id="200" class="1005" name="mul_ln17_reg_200">
<pin_list>
<pin id="201" dir="0" index="0" bw="39" slack="1"/>
<pin id="202" dir="1" index="1" bw="39" slack="1"/>
</pin_list>
<bind>
<opset="mul_ln17 "/>
</bind>
</comp>

</comp_list>

<net_list>
<net id="45"><net_src comp="6" pin="0"/><net_sink comp="42" pin=0"/></net>

<net id="51"><net_src comp="0" pin="0"/><net_sink comp="46" pin=0"/></net>

<net id="52"><net_src comp="14" pin="0"/><net_sink comp="46" pin=1"/></net>

<net id="58"><net_src comp="46" pin="3"/><net_sink comp="53" pin=0"/></net>

<net id="64"><net_src comp="4" pin="0"/><net_sink comp="59" pin=0"/></net>

<net id="65"><net_src comp="14" pin="0"/><net_sink comp="59" pin=1"/></net>

<net id="71"><net_src comp="59" pin="3"/><net_sink comp="66" pin=0"/></net>

<net id="77"><net_src comp="2" pin="0"/><net_sink comp="72" pin=0"/></net>

<net id="78"><net_src comp="14" pin="0"/><net_sink comp="72" pin=1"/></net>

<net id="88"><net_src comp="53" pin="3"/><net_sink comp="79" pin=4"/></net>

<net id="89"><net_src comp="72" pin="3"/><net_sink comp="79" pin=2"/></net>

<net id="95"><net_src comp="2" pin="0"/><net_sink comp="90" pin=0"/></net>

<net id="96"><net_src comp="14" pin="0"/><net_sink comp="90" pin=1"/></net>

<net id="97"><net_src comp="90" pin="3"/><net_sink comp="79" pin=0"/></net>

<net id="102"><net_src comp="16" pin="0"/><net_sink comp="98" pin=1"/></net>

<net id="107"><net_src comp="8" pin="0"/><net_sink comp="103" pin=0"/></net>

<net id="115"><net_src comp="108" pin="1"/><net_sink comp="111" pin=0"/></net>

<net id="116"><net_src comp="10" pin="0"/><net_sink comp="111" pin=1"/></net>

<net id="121"><net_src comp="108" pin="1"/><net_sink comp="117" pin=0"/></net>

<net id="122"><net_src comp="12" pin="0"/><net_sink comp="117" pin=1"/></net>

<net id="126"><net_src comp="108" pin="1"/><net_sink comp="123" pin=0"/></net>

<net id="127"><net_src comp="123" pin="1"/><net_sink comp="46" pin=2"/></net>

<net id="128"><net_src comp="123" pin="1"/><net_sink comp="59" pin=2"/></net>

<net id="133"><net_src comp="117" pin="2"/><net_sink comp="129" pin=0"/></net>

<net id="137"><net_src comp="134" pin="1"/><net_sink comp="98" pin=0"/></net>

<net id="142"><net_src comp="34" pin="0"/><net_sink comp="138" pin=1"/></net>

<net id="149"><net_src comp="36" pin="0"/><net_sink comp="143" pin=0"/></net>

<net id="150"><net_src comp="138" pin="2"/><net_sink comp="143" pin=1"/></net>

<net id="151"><net_src comp="38" pin="0"/><net_sink comp="143" pin=2"/></net>

<net id="152"><net_src comp="40" pin="0"/><net_sink comp="143" pin=3"/></net>

<net id="153"><net_src comp="143" pin="4"/><net_sink comp="79" pin=1"/></net>

<net id="158"><net_src comp="10" pin="0"/><net_sink comp="154" pin=1"/></net>

<net id="162"><net_src comp="154" pin="2"/><net_sink comp="159" pin=0"/></net>

<net id="163"><net_src comp="159" pin="1"/><net_sink comp="90" pin=2"/></net>

<net id="167"><net_src comp="42" pin="1"/><net_sink comp="164" pin=0"/></net>

<net id="168"><net_src comp="164" pin="1"/><net_sink comp="103" pin=1"/></net>

<net id="169"><net_src comp="164" pin="1"/><net_sink comp="108" pin=0"/></net>

<net id="170"><net_src comp="164" pin="1"/><net_sink comp="129" pin=1"/></net>

<net id="174"><net_src comp="108" pin="1"/><net_sink comp="171" pin=0"/></net>

<net id="175"><net_src comp="171" pin="1"/><net_sink comp="154" pin=0"/></net>

<net id="179"><net_src comp="111" pin="2"/><net_sink comp="176" pin=0"/></net>

<net id="183"><net_src comp="123" pin="1"/><net_sink comp="180" pin=0"/></net>

<net id="184"><net_src comp="180" pin="1"/><net_sink comp="72" pin=2"/></net>

<net id="188"><net_src comp="46" pin="3"/><net_sink comp="185" pin=0"/></net>

<net id="189"><net_src comp="185" pin="1"/><net_sink comp="53" pin=0"/></net>

<net id="193"><net_src comp="59" pin="3"/><net_sink comp="190" pin=0"/></net>

<net id="194"><net_src comp="190" pin="1"/><net_sink comp="66" pin=0"/></net>

<net id="198"><net_src comp="66" pin="3"/><net_sink comp="195" pin=0"/></net>

<net id="199"><net_src comp="195" pin="1"/><net_sink comp="134" pin=0"/></net>

<net id="203"><net_src comp="98" pin="2"/><net_sink comp="200" pin=0"/></net>

<net id="204"><net_src comp="200" pin="1"/><net_sink comp="138" pin=0"/></net>

</net_list>

</model> 
---------------- Datapath Model END ------------------

* FSMD analyzer results:
  - Output states:
	Port: cat_q | {2 4 }
 - Input state : 
	Port: awn_forward_Pipeline_VITIS_LOOP_245_7 : avg_d_q | {1 2 }
	Port: awn_forward_Pipeline_VITIS_LOOP_245_7 : avg_c_q | {1 2 }
  - Chain level:
	State 1
		store_ln245 : 1
		c_1 : 1
		icmp_ln245 : 2
		add_ln245 : 2
		br_ln245 : 3
		zext_ln245 : 2
		avg_d_q_addr : 3
		avg_d_q_load : 4
		avg_c_q_addr : 3
		avg_c_q_load : 4
		store_ln245 : 3
	State 2
		store_ln246 : 1
	State 3
		mul_ln17 : 1
	State 4
		trunc_ln20_1 : 1
		cat_q_addr_1 : 1
		store_ln248 : 2


============================================================
+ Verbose Summary: Datapath Resource usage 
============================================================

* Functional unit list:
|----------|---------------------|---------|---------|---------|
| Operation|   Functional Unit   |   DSP   |    FF   |   LUT   |
|----------|---------------------|---------|---------|---------|
|    add   |   add_ln245_fu_117  |    0    |    0    |    14   |
|          |      sum_fu_138     |    0    |    0    |    46   |
|----------|---------------------|---------|---------|---------|
|    mul   |    mul_ln17_fu_98   |    2    |    0    |    20   |
|----------|---------------------|---------|---------|---------|
|   icmp   |  icmp_ln245_fu_111  |    0    |    0    |    14   |
|----------|---------------------|---------|---------|---------|
|    xor   |   xor_ln248_fu_154  |    0    |    0    |    7    |
|----------|---------------------|---------|---------|---------|
|   zext   |  zext_ln245_fu_123  |    0    |    0    |    0    |
|          |  zext_ln248_fu_159  |    0    |    0    |    0    |
|----------|---------------------|---------|---------|---------|
|   sext   |   sext_ln17_fu_134  |    0    |    0    |    0    |
|----------|---------------------|---------|---------|---------|
|partselect| trunc_ln20_1_fu_143 |    0    |    0    |    0    |
|----------|---------------------|---------|---------|---------|
|   Total  |                     |    2    |    0    |   101   |
|----------|---------------------|---------|---------|---------|

Memories:
N/A

* Register list:
+--------------------+--------+
|                    |   FF   |
+--------------------+--------+
|avg_c_q_addr_reg_190|    6   |
|avg_c_q_load_reg_195|    8   |
|avg_d_q_addr_reg_185|    6   |
|     c_1_reg_171    |    7   |
|      c_reg_164     |    7   |
| icmp_ln245_reg_176 |    1   |
|  mul_ln17_reg_200  |   39   |
| zext_ln245_reg_180 |   64   |
+--------------------+--------+
|        Total       |   138  |
+--------------------+--------+

* Multiplexer (MUX) list: 
|------------------|------|------|------|--------||---------||---------|
|       Comp       |  Pin | Size |  BW  | S x BW ||  Delay  ||   LUT   |
|------------------|------|------|------|--------||---------||---------|
| grp_access_fu_53 |  p0  |   2  |   6  |   12   ||    9    |
| grp_access_fu_66 |  p0  |   2  |   6  |   12   ||    9    |
|------------------|------|------|------|--------||---------||---------|
|       Total      |      |      |      |   24   ||  0.854  ||    18   |
|------------------|------|------|------|--------||---------||---------|



* Summary:
+-----------+--------+--------+--------+--------+
|           |   DSP  |  Delay |   FF   |   LUT  |
+-----------+--------+--------+--------+--------+
|  Function |    2   |    -   |    0   |   101  |
|   Memory  |    -   |    -   |    -   |    -   |
|Multiplexer|    -   |    0   |    -   |   18   |
|  Register |    -   |    -   |   138  |    -   |
+-----------+--------+--------+--------+--------+
|   Total   |    2   |    0   |   138  |   119  |
+-----------+--------+--------+--------+--------+
