

================================================================
== Vitis HLS Report for 'awn_forward_Pipeline_VITIS_LOOP_263_9'
================================================================
* Date:           Sat May 30 20:40:57 2026

* Version:        2023.2 (Build 4023990 on Oct 11 2023)
* Project:        proj_awn_int8
* Solution:       solution1 (Vivado IP Flow Target)
* Product family: zynquplus
* Target device:  xczu7ev-ffvc1156-2-e


================================================================
== Performance Estimates
================================================================
+ Timing: 
    * Summary: 
    +--------+---------+----------+------------+
    |  Clock |  Target | Estimated| Uncertainty|
    +--------+---------+----------+------------+
    |ap_clk  |  5.00 ns|  3.542 ns|     1.35 ns|
    +--------+---------+----------+------------+

+ Latency: 
    * Summary: 
    +---------+---------+----------+----------+-----+-----+---------+
    |  Latency (cycles) |  Latency (absolute) |  Interval | Pipeline|
    |   min   |   max   |    min   |    max   | min | max |   Type  |
    +---------+---------+----------+----------+-----+-----+---------+
    |      133|      133|  0.665 us|  0.665 us|  133|  133|       no|
    +---------+---------+----------+----------+-----+-----+---------+

    + Detail: 
        * Instance: 
        N/A

        * Loop: 
        +--------------------+---------+---------+----------+-----------+-----------+------+----------+
        |                    |  Latency (cycles) | Iteration|  Initiation Interval  | Trip |          |
        |      Loop Name     |   min   |   max   |  Latency |  achieved |   target  | Count| Pipelined|
        +--------------------+---------+---------+----------+-----------+-----------+------+----------+
        |- VITIS_LOOP_263_9  |      131|      131|         5|          1|          1|   128|       yes|
        +--------------------+---------+---------+----------+-----------+-----------+------+----------+

============================================================
+ Verbose Summary: Synthesis Manager
============================================================
InlineROM: 1
ExposeGlobal: 0
============================================================
+ Verbose Summary: CDFG Model
============================================================
IsTopModel: 0
ResetActiveHigh: 1
IsCombinational: 0
IsDatapathOnly: 0
HasWiredReturn: 1
HasMFsm: 2
HasVarLatency: 1
IsPipeline: 0
IsRtlPipelined: 0
IsInstanceOverlapped: 0
IsDontTouch: 0
HasImplIP: 0
IsGatedGlobalClock: 0

+ Individual pipeline summary: 
  * Pipeline-0: initiation interval (II) = 1, depth = 5


============================================================
+ Verbose Summary: Schedule
============================================================
* Number of FSM states : 5
* Pipeline : 1
  Pipeline-0 : II = 1, D = 5, States = { 1 2 3 4 5 }
* Dataflow Pipeline: 0

* FSM state transitions: 
1 --> 2 
2 --> 3 
3 --> 4 
4 --> 5 
5 --> 

* FSM state operations: 

State 1 <SV = 0> <Delay = 1.66>
ST_1 : Operation 8 [1/1] (0.00ns)   --->   "%i_1 = alloca i32 1" [awn_int8.cpp:263]   --->   Operation 8 'alloca' 'i_1' <Predicate = true> <Delay = 0.00>
ST_1 : Operation 9 [1/1] (0.42ns)   --->   "%store_ln263 = store i8 0, i8 %i_1" [awn_int8.cpp:263]   --->   Operation 9 'store' 'store_ln263' <Predicate = true> <Delay = 0.42>
ST_1 : Operation 10 [1/1] (0.00ns)   --->   "%br_ln0 = br void %for.inc147"   --->   Operation 10 'br' 'br_ln0' <Predicate = true> <Delay = 0.00>
ST_1 : Operation 11 [1/1] (0.00ns)   --->   "%i = load i8 %i_1" [awn_int8.cpp:263]   --->   Operation 11 'load' 'i' <Predicate = true> <Delay = 0.00>
ST_1 : Operation 12 [1/1] (0.76ns)   --->   "%icmp_ln263 = icmp_eq  i8 %i, i8 128" [awn_int8.cpp:263]   --->   Operation 12 'icmp' 'icmp_ln263' <Predicate = true> <Delay = 0.76> <CoreInst = "Cmp">   --->   Core 9 'Cmp' <Latency = 0> <II = 1> <Delay = 0.76> <FuncUnit> <Opcode : 'icmp'> <InPorts = 2> <OutPorts = 1>
ST_1 : Operation 13 [1/1] (0.76ns)   --->   "%add_ln263 = add i8 %i, i8 1" [awn_int8.cpp:263]   --->   Operation 13 'add' 'add_ln263' <Predicate = true> <Delay = 0.76> <CoreInst = "Adder">   --->   Core 1 'Adder' <Latency = 0> <II = 1> <Delay = 0.76> <FuncUnit> <Opcode : 'add' 'sub'> <InPorts = 2> <OutPorts = 1>
ST_1 : Operation 14 [1/1] (0.00ns)   --->   "%br_ln263 = br i1 %icmp_ln263, void %for.inc147.split, void %for.inc165.preheader.exitStub" [awn_int8.cpp:263]   --->   Operation 14 'br' 'br_ln263' <Predicate = true> <Delay = 0.00>
ST_1 : Operation 15 [1/1] (0.00ns)   --->   "%zext_ln263 = zext i8 %i" [awn_int8.cpp:263]   --->   Operation 15 'zext' 'zext_ln263' <Predicate = (!icmp_ln263)> <Delay = 0.00>
ST_1 : Operation 16 [1/1] (0.00ns)   --->   "%se3_acc_addr = getelementptr i20 %se3_acc, i64 0, i64 %zext_ln263" [awn_int8.cpp:264]   --->   Operation 16 'getelementptr' 'se3_acc_addr' <Predicate = (!icmp_ln263)> <Delay = 0.00>
ST_1 : Operation 17 [2/2] (1.23ns)   --->   "%se3_acc_load = load i7 %se3_acc_addr" [awn_int8.cpp:264]   --->   Operation 17 'load' 'se3_acc_load' <Predicate = (!icmp_ln263)> <Delay = 1.23> <CoreInst = "RAM">   --->   Core 83 'RAM' <Latency = 1> <II = 1> <Delay = 1.23> <Storage> <Opcode : 'load' 'store'> <Ports = 2> <Width = 20> <Depth = 128> <RAM>
ST_1 : Operation 18 [1/1] (0.42ns)   --->   "%store_ln263 = store i8 %add_ln263, i8 %i_1" [awn_int8.cpp:263]   --->   Operation 18 'store' 'store_ln263' <Predicate = (!icmp_ln263)> <Delay = 0.42>

State 2 <SV = 1> <Delay = 1.23>
ST_2 : Operation 19 [1/2] (1.23ns)   --->   "%se3_acc_load = load i7 %se3_acc_addr" [awn_int8.cpp:264]   --->   Operation 19 'load' 'se3_acc_load' <Predicate = true> <Delay = 1.23> <CoreInst = "RAM">   --->   Core 83 'RAM' <Latency = 1> <II = 1> <Delay = 1.23> <Storage> <Opcode : 'load' 'store'> <Ports = 2> <Width = 20> <Depth = 128> <RAM>

State 3 <SV = 2> <Delay = 3.42>
ST_3 : Operation 20 [1/1] (0.00ns)   --->   "%sext_ln17 = sext i20 %se3_acc_load" [awn_int8.cpp:17->awn_int8.cpp:30->awn_int8.cpp:264]   --->   Operation 20 'sext' 'sext_ln17' <Predicate = true> <Delay = 0.00>
ST_3 : Operation 21 [1/1] (3.42ns)   --->   "%prod = mul i51 %sext_ln17, i51 1925523590" [awn_int8.cpp:17->awn_int8.cpp:30->awn_int8.cpp:264]   --->   Operation 21 'mul' 'prod' <Predicate = true> <Delay = 3.42> <CoreInst = "Multiplier">   --->   Core 3 'Multiplier' <Latency = 0> <II = 1> <Delay = 3.42> <FuncUnit> <Opcode : 'mul'> <InPorts = 2> <OutPorts = 1>

State 4 <SV = 3> <Delay = 3.54>
ST_4 : Operation 22 [1/1] (1.10ns)   --->   "%sum = add i51 %prod, i51 274877906944" [awn_int8.cpp:19->awn_int8.cpp:30->awn_int8.cpp:264]   --->   Operation 22 'add' 'sum' <Predicate = true> <Delay = 1.10> <CoreInst = "Adder">   --->   Core 1 'Adder' <Latency = 0> <II = 1> <Delay = 1.10> <FuncUnit> <Opcode : 'add' 'sub'> <InPorts = 2> <OutPorts = 1>
ST_4 : Operation 23 [1/1] (0.00ns)   --->   "%trunc_ln20_4 = partselect i12 @_ssdm_op_PartSelect.i12.i51.i32.i32, i51 %sum, i32 39, i32 50" [awn_int8.cpp:20->awn_int8.cpp:30->awn_int8.cpp:264]   --->   Operation 23 'partselect' 'trunc_ln20_4' <Predicate = true> <Delay = 0.00>
ST_4 : Operation 24 [1/1] (0.00ns)   --->   "%tmp = partselect i5 @_ssdm_op_PartSelect.i5.i51.i32.i32, i51 %sum, i32 46, i32 50" [awn_int8.cpp:24->awn_int8.cpp:30->awn_int8.cpp:264]   --->   Operation 24 'partselect' 'tmp' <Predicate = true> <Delay = 0.00>
ST_4 : Operation 25 [1/1] (0.78ns)   --->   "%icmp_ln24 = icmp_sgt  i5 %tmp, i5 0" [awn_int8.cpp:24->awn_int8.cpp:30->awn_int8.cpp:264]   --->   Operation 25 'icmp' 'icmp_ln24' <Predicate = true> <Delay = 0.78> <CoreInst = "Cmp">   --->   Core 9 'Cmp' <Latency = 0> <II = 1> <Delay = 0.78> <FuncUnit> <Opcode : 'icmp'> <InPorts = 2> <OutPorts = 1>
ST_4 : Operation 26 [1/1] (0.80ns)   --->   "%icmp_ln25 = icmp_slt  i12 %trunc_ln20_4, i12 3968" [awn_int8.cpp:25->awn_int8.cpp:30->awn_int8.cpp:264]   --->   Operation 26 'icmp' 'icmp_ln25' <Predicate = true> <Delay = 0.80> <CoreInst = "Cmp">   --->   Core 9 'Cmp' <Latency = 0> <II = 1> <Delay = 0.80> <FuncUnit> <Opcode : 'icmp'> <InPorts = 2> <OutPorts = 1>
ST_4 : Operation 27 [1/1] (0.00ns) (grouped into LUT with out node xor_ln43)   --->   "%trunc_ln26_4 = partselect i8 @_ssdm_op_PartSelect.i8.i51.i32.i32, i51 %sum, i32 39, i32 46" [awn_int8.cpp:26->awn_int8.cpp:30->awn_int8.cpp:264]   --->   Operation 27 'partselect' 'trunc_ln26_4' <Predicate = true> <Delay = 0.00>
ST_4 : Operation 28 [1/1] (0.00ns) (grouped into LUT with out node xor_ln43)   --->   "%select_ln24 = select i1 %icmp_ln24, i8 127, i8 128" [awn_int8.cpp:24->awn_int8.cpp:30->awn_int8.cpp:264]   --->   Operation 28 'select' 'select_ln24' <Predicate = true> <Delay = 0.00> <CoreInst = "Sel">   --->   Core 73 'Sel' <Latency = 0> <II = 1> <Delay = 0.39> <FuncUnit> <Opcode : 'select'> <InPorts = 3> <OutPorts = 1>
ST_4 : Operation 29 [1/1] (0.00ns) (grouped into LUT with out node xor_ln43)   --->   "%or_ln24 = or i1 %icmp_ln24, i1 %icmp_ln25" [awn_int8.cpp:24->awn_int8.cpp:30->awn_int8.cpp:264]   --->   Operation 29 'or' 'or_ln24' <Predicate = true> <Delay = 0.00> <CoreInst = "LogicGate">   --->   Core 74 'LogicGate' <Latency = 0> <II = 1> <Delay = 0.28> <FuncUnit> <Opcode : 'and' 'or' 'xor'> <InPorts = 2> <OutPorts = 1>
ST_4 : Operation 30 [1/1] (0.00ns) (grouped into LUT with out node xor_ln43)   --->   "%r = select i1 %or_ln24, i8 %select_ln24, i8 %trunc_ln26_4" [awn_int8.cpp:24->awn_int8.cpp:30->awn_int8.cpp:264]   --->   Operation 30 'select' 'r' <Predicate = true> <Delay = 0.00> <CoreInst = "Sel">   --->   Core 73 'Sel' <Latency = 0> <II = 1> <Delay = 0.39> <FuncUnit> <Opcode : 'select'> <InPorts = 3> <OutPorts = 1>
ST_4 : Operation 31 [1/1] (0.39ns) (out node of the LUT)   --->   "%xor_ln43 = xor i8 %r, i8 128" [awn_int8.cpp:43->awn_int8.cpp:265]   --->   Operation 31 'xor' 'xor_ln43' <Predicate = true> <Delay = 0.39> <CoreInst = "LogicGate">   --->   Core 74 'LogicGate' <Latency = 0> <II = 1> <Delay = 0.33> <FuncUnit> <Opcode : 'and' 'or' 'xor'> <InPorts = 2> <OutPorts = 1>
ST_4 : Operation 32 [1/1] (0.00ns)   --->   "%zext_ln43 = zext i8 %xor_ln43" [awn_int8.cpp:43->awn_int8.cpp:265]   --->   Operation 32 'zext' 'zext_ln43' <Predicate = true> <Delay = 0.00>
ST_4 : Operation 33 [1/1] (0.00ns)   --->   "%SIGMOID_LUT_addr = getelementptr i7 %SIGMOID_LUT, i64 0, i64 %zext_ln43" [awn_int8.cpp:43->awn_int8.cpp:265]   --->   Operation 33 'getelementptr' 'SIGMOID_LUT_addr' <Predicate = true> <Delay = 0.00>
ST_4 : Operation 34 [2/2] (1.23ns)   --->   "%SIGMOID_LUT_load = load i8 %SIGMOID_LUT_addr" [awn_int8.cpp:43->awn_int8.cpp:265]   --->   Operation 34 'load' 'SIGMOID_LUT_load' <Predicate = true> <Delay = 1.23> <CoreInst = "ROM">   --->   Core 101 'ROM' <Latency = 1> <II = 1> <Delay = 1.23> <Storage> <Opcode : 'load'> <Ports = 0> <Width = 7> <Depth = 256> <ROM>
ST_4 : Operation 42 [1/1] (0.00ns)   --->   "%ret_ln0 = ret"   --->   Operation 42 'ret' 'ret_ln0' <Predicate = (icmp_ln263)> <Delay = 0.00>

State 5 <SV = 4> <Delay = 1.91>
ST_5 : Operation 35 [1/1] (0.00ns)   --->   "%specpipeline_ln263 = specpipeline void @_ssdm_op_SpecPipeline, i32 4294967295, i32 0, i32 0, i32 0, void @empty_3" [awn_int8.cpp:263]   --->   Operation 35 'specpipeline' 'specpipeline_ln263' <Predicate = true> <Delay = 0.00>
ST_5 : Operation 36 [1/1] (0.00ns)   --->   "%speclooptripcount_ln263 = speclooptripcount void @_ssdm_op_SpecLoopTripCount, i64 128, i64 128, i64 128" [awn_int8.cpp:263]   --->   Operation 36 'speclooptripcount' 'speclooptripcount_ln263' <Predicate = true> <Delay = 0.00>
ST_5 : Operation 37 [1/1] (0.00ns)   --->   "%specloopname_ln263 = specloopname void @_ssdm_op_SpecLoopName, void @empty_5" [awn_int8.cpp:263]   --->   Operation 37 'specloopname' 'specloopname_ln263' <Predicate = true> <Delay = 0.00>
ST_5 : Operation 38 [1/2] (1.23ns)   --->   "%SIGMOID_LUT_load = load i8 %SIGMOID_LUT_addr" [awn_int8.cpp:43->awn_int8.cpp:265]   --->   Operation 38 'load' 'SIGMOID_LUT_load' <Predicate = true> <Delay = 1.23> <CoreInst = "ROM">   --->   Core 101 'ROM' <Latency = 1> <II = 1> <Delay = 1.23> <Storage> <Opcode : 'load'> <Ports = 0> <Width = 7> <Depth = 256> <ROM>
ST_5 : Operation 39 [1/1] (0.00ns)   --->   "%sig_q_addr = getelementptr i7 %sig_q, i64 0, i64 %zext_ln263" [awn_int8.cpp:265]   --->   Operation 39 'getelementptr' 'sig_q_addr' <Predicate = true> <Delay = 0.00>
ST_5 : Operation 40 [1/1] (0.67ns)   --->   "%store_ln265 = store i7 %SIGMOID_LUT_load, i7 %sig_q_addr" [awn_int8.cpp:265]   --->   Operation 40 'store' 'store_ln265' <Predicate = true> <Delay = 0.67> <CoreInst = "RAM">   --->   Core 83 'RAM' <Latency = 1> <II = 1> <Delay = 0.67> <Storage> <Opcode : 'load' 'store'> <Ports = 2> <Width = 7> <Depth = 128> <RAM>
ST_5 : Operation 41 [1/1] (0.00ns)   --->   "%br_ln263 = br void %for.inc147" [awn_int8.cpp:263]   --->   Operation 41 'br' 'br_ln263' <Predicate = true> <Delay = 0.00>


============================================================
+ Verbose Summary: Timing violations
============================================================
Target clock period: 5.000ns, clock uncertainty: 1.350ns.

 <State 1>: 1.664ns
The critical path consists of the following:
	'store' operation 0 bit ('store_ln263', awn_int8.cpp:263) of constant 0 on local variable 'i', awn_int8.cpp:263 [5]  (0.427 ns)
	'load' operation 8 bit ('i', awn_int8.cpp:263) on local variable 'i', awn_int8.cpp:263 [8]  (0.000 ns)
	'getelementptr' operation 7 bit ('se3_acc_addr', awn_int8.cpp:264) [17]  (0.000 ns)
	'load' operation 20 bit ('acc', awn_int8.cpp:264) on array 'se3_acc' [18]  (1.237 ns)

 <State 2>: 1.237ns
The critical path consists of the following:
	'load' operation 20 bit ('acc', awn_int8.cpp:264) on array 'se3_acc' [18]  (1.237 ns)

 <State 3>: 3.420ns
The critical path consists of the following:
	'mul' operation 51 bit ('prod', awn_int8.cpp:17->awn_int8.cpp:30->awn_int8.cpp:264) [20]  (3.420 ns)

 <State 4>: 3.542ns
The critical path consists of the following:
	'add' operation 51 bit ('sum', awn_int8.cpp:19->awn_int8.cpp:30->awn_int8.cpp:264) [21]  (1.103 ns)
	'icmp' operation 1 bit ('icmp_ln25', awn_int8.cpp:25->awn_int8.cpp:30->awn_int8.cpp:264) [25]  (0.809 ns)
	'or' operation 1 bit ('or_ln24', awn_int8.cpp:24->awn_int8.cpp:30->awn_int8.cpp:264) [28]  (0.000 ns)
	'select' operation 8 bit ('r', awn_int8.cpp:24->awn_int8.cpp:30->awn_int8.cpp:264) [29]  (0.000 ns)
	'xor' operation 8 bit ('xor_ln43', awn_int8.cpp:43->awn_int8.cpp:265) [30]  (0.393 ns)
	'getelementptr' operation 8 bit ('SIGMOID_LUT_addr', awn_int8.cpp:43->awn_int8.cpp:265) [32]  (0.000 ns)
	'load' operation 7 bit ('SIGMOID_LUT_load', awn_int8.cpp:43->awn_int8.cpp:265) on array 'SIGMOID_LUT' [33]  (1.237 ns)

 <State 5>: 1.914ns
The critical path consists of the following:
	'load' operation 7 bit ('SIGMOID_LUT_load', awn_int8.cpp:43->awn_int8.cpp:265) on array 'SIGMOID_LUT' [33]  (1.237 ns)
	'store' operation 0 bit ('store_ln265', awn_int8.cpp:265) of variable 'SIGMOID_LUT_load', awn_int8.cpp:43->awn_int8.cpp:265 on array 'sig_q' [35]  (0.677 ns)


============================================================
+ Verbose Summary: Binding
============================================================
N/A
* FSMD analyzer results:
  - Output states:
 - Input state : 
  - Chain level:
	State 1
	State 2
	State 3
	State 4
	State 5


============================================================
+ Verbose Summary: Datapath Resource usage 
============================================================
N/A
