

================================================================
== Vitis HLS Report for 'u_branch'
================================================================
* Date:           Sat May 30 20:37:40 2026

* Version:        2023.2 (Build 4023990 on Oct 11 2023)
* Project:        proj_awn_int8
* Solution:       solution1 (Vivado IP Flow Target)
* Product family: zynquplus
* Target device:  xczu7ev-ffvc1156-2-e


================================================================
== Performance Estimates
================================================================
+ Timing: 
    * Summary: 
    +--------+---------+----------+------------+
    |  Clock |  Target | Estimated| Uncertainty|
    +--------+---------+----------+------------+
    |ap_clk  |  5.00 ns|  2.819 ns|     1.35 ns|
    +--------+---------+----------+------------+

+ Latency: 
    * Summary: 
    +---------+---------+-----------+-----------+------+------+---------+
    |  Latency (cycles) |   Latency (absolute)  |   Interval  | Pipeline|
    |   min   |   max   |    min    |    max    |  min |  max |   Type  |
    +---------+---------+-----------+-----------+------+------+---------+
    |     4418|     4418|  22.090 us|  22.090 us|  4418|  4418|       no|
    +---------+---------+-----------+-----------+------+------+---------+

    + Detail: 
        * Instance: 
        N/A

        * Loop: 
        +--------------------+---------+---------+----------+-----------+-----------+------+----------+
        |                    |  Latency (cycles) | Iteration|  Initiation Interval  | Trip |          |
        |      Loop Name     |   min   |   max   |  Latency |  achieved |   target  | Count| Pipelined|
        +--------------------+---------+---------+----------+-----------+-----------+------+----------+
        |- VITIS_LOOP_100_1  |       64|       64|         1|          -|          -|    64|        no|
        |- VITIS_LOOP_116_5  |     4352|     4352|        68|          -|          -|    64|        no|
        +--------------------+---------+---------+----------+-----------+-----------+------+----------+

============================================================
+ Verbose Summary: Synthesis Manager
============================================================
InlineROM: 1
ExposeGlobal: 0
============================================================
+ Verbose Summary: CDFG Model
============================================================
IsTopModel: 0
ResetActiveHigh: 1
IsCombinational: 0
IsDatapathOnly: 0
HasWiredReturn: 1
HasMFsm: 0
HasVarLatency: 1
IsPipeline: 0
IsRtlPipelined: 0
IsInstanceOverlapped: 0
IsDontTouch: 0
HasImplIP: 0
IsGatedGlobalClock: 0


============================================================
+ Verbose Summary: Schedule
============================================================
* Number of FSM states : 4
* Pipeline : 0
* Dataflow Pipeline: 0

* FSM state transitions: 
1 --> 2 
2 --> 2 3 
3 --> 4 
4 --> 3 

* FSM state operations: 

State 1 <SV = 0> <Delay = 0.42>
ST_1 : Operation 5 [1/1] (0.00ns)   --->   "%oc = alloca i32 1" [awn_int8.cpp:100]   --->   Operation 5 'alloca' 'oc' <Predicate = true> <Delay = 0.00>
ST_1 : Operation 6 [1/1] (0.42ns)   --->   "%store_ln100 = store i7 0, i7 %oc" [awn_int8.cpp:100]   --->   Operation 6 'store' 'store_ln100' <Predicate = true> <Delay = 0.42>
ST_1 : Operation 7 [1/1] (0.00ns)   --->   "%br_ln100 = br void %VITIS_LOOP_101_2" [awn_int8.cpp:100]   --->   Operation 7 'br' 'br_ln100' <Predicate = true> <Delay = 0.00>

State 2 <SV = 1> <Delay = 1.20>
ST_2 : Operation 8 [1/1] (0.00ns)   --->   "%oc_2 = load i7 %oc" [awn_int8.cpp:100]   --->   Operation 8 'load' 'oc_2' <Predicate = true> <Delay = 0.00>
ST_2 : Operation 9 [1/1] (0.77ns)   --->   "%icmp_ln100 = icmp_eq  i7 %oc_2, i7 64" [awn_int8.cpp:100]   --->   Operation 9 'icmp' 'icmp_ln100' <Predicate = true> <Delay = 0.77> <CoreInst = "Cmp">   --->   Core 9 'Cmp' <Latency = 0> <II = 1> <Delay = 0.77> <FuncUnit> <Opcode : 'icmp'> <InPorts = 2> <OutPorts = 1>
ST_2 : Operation 10 [1/1] (0.77ns)   --->   "%add_ln100 = add i7 %oc_2, i7 1" [awn_int8.cpp:100]   --->   Operation 10 'add' 'add_ln100' <Predicate = true> <Delay = 0.77> <CoreInst = "Adder">   --->   Core 1 'Adder' <Latency = 0> <II = 1> <Delay = 0.77> <FuncUnit> <Opcode : 'add' 'sub'> <InPorts = 2> <OutPorts = 1>
ST_2 : Operation 11 [1/1] (0.00ns)   --->   "%br_ln100 = br i1 %icmp_ln100, void %VITIS_LOOP_101_2.split, void %VITIS_LOOP_117_6.preheader" [awn_int8.cpp:100]   --->   Operation 11 'br' 'br_ln100' <Predicate = true> <Delay = 0.00>
ST_2 : Operation 12 [1/1] (0.00ns)   --->   "%speclooptripcount_ln100 = speclooptripcount void @_ssdm_op_SpecLoopTripCount, i64 64, i64 64, i64 64" [awn_int8.cpp:100]   --->   Operation 12 'speclooptripcount' 'speclooptripcount_ln100' <Predicate = (!icmp_ln100)> <Delay = 0.00>
ST_2 : Operation 13 [1/1] (0.00ns)   --->   "%specloopname_ln100 = specloopname void @_ssdm_op_SpecLoopName, void @empty_9" [awn_int8.cpp:100]   --->   Operation 13 'specloopname' 'specloopname_ln100' <Predicate = (!icmp_ln100)> <Delay = 0.00>
ST_2 : Operation 14 [1/1] (0.42ns)   --->   "%store_ln100 = store i7 %add_ln100, i7 %oc" [awn_int8.cpp:100]   --->   Operation 14 'store' 'store_ln100' <Predicate = (!icmp_ln100)> <Delay = 0.42>
ST_2 : Operation 15 [1/1] (0.00ns)   --->   "%br_ln100 = br void %VITIS_LOOP_101_2" [awn_int8.cpp:100]   --->   Operation 15 'br' 'br_ln100' <Predicate = (!icmp_ln100)> <Delay = 0.00>
ST_2 : Operation 16 [1/1] (0.00ns)   --->   "%oc_1 = alloca i32 1" [awn_int8.cpp:116]   --->   Operation 16 'alloca' 'oc_1' <Predicate = (icmp_ln100)> <Delay = 0.00>
ST_2 : Operation 17 [1/1] (0.42ns)   --->   "%store_ln116 = store i7 0, i7 %oc_1" [awn_int8.cpp:116]   --->   Operation 17 'store' 'store_ln116' <Predicate = (icmp_ln100)> <Delay = 0.42>
ST_2 : Operation 18 [1/1] (0.00ns)   --->   "%br_ln116 = br void %VITIS_LOOP_117_6" [awn_int8.cpp:116]   --->   Operation 18 'br' 'br_ln116' <Predicate = (icmp_ln100)> <Delay = 0.00>

State 3 <SV = 2> <Delay = 2.81>
ST_3 : Operation 19 [1/1] (0.00ns)   --->   "%oc_3 = load i7 %oc_1" [awn_int8.cpp:116]   --->   Operation 19 'load' 'oc_3' <Predicate = true> <Delay = 0.00>
ST_3 : Operation 20 [1/1] (0.00ns)   --->   "%trunc_ln116 = trunc i7 %oc_3" [awn_int8.cpp:116]   --->   Operation 20 'trunc' 'trunc_ln116' <Predicate = true> <Delay = 0.00>
ST_3 : Operation 21 [1/1] (0.77ns)   --->   "%icmp_ln116 = icmp_eq  i7 %oc_3, i7 64" [awn_int8.cpp:116]   --->   Operation 21 'icmp' 'icmp_ln116' <Predicate = true> <Delay = 0.77> <CoreInst = "Cmp">   --->   Core 9 'Cmp' <Latency = 0> <II = 1> <Delay = 0.77> <FuncUnit> <Opcode : 'icmp'> <InPorts = 2> <OutPorts = 1>
ST_3 : Operation 22 [1/1] (0.77ns)   --->   "%add_ln116 = add i7 %oc_3, i7 1" [awn_int8.cpp:116]   --->   Operation 22 'add' 'add_ln116' <Predicate = true> <Delay = 0.77> <CoreInst = "Adder">   --->   Core 1 'Adder' <Latency = 0> <II = 1> <Delay = 0.77> <FuncUnit> <Opcode : 'add' 'sub'> <InPorts = 2> <OutPorts = 1>
ST_3 : Operation 23 [1/1] (0.00ns)   --->   "%br_ln116 = br i1 %icmp_ln116, void %VITIS_LOOP_117_6.split, void %for.end101" [awn_int8.cpp:116]   --->   Operation 23 'br' 'br_ln116' <Predicate = true> <Delay = 0.00>
ST_3 : Operation 24 [1/1] (0.00ns)   --->   "%tmp = bitconcatenate i12 @_ssdm_op_BitConcatenate.i12.i6.i6, i6 %trunc_ln116, i6 0" [awn_int8.cpp:126]   --->   Operation 24 'bitconcatenate' 'tmp' <Predicate = (!icmp_ln116)> <Delay = 0.00>
ST_3 : Operation 25 [2/2] (2.04ns)   --->   "%call_ln126 = call void @u_branch_Pipeline_VITIS_LOOP_117_6, i12 %tmp, i1 %y_tanh" [awn_int8.cpp:126]   --->   Operation 25 'call' 'call_ln126' <Predicate = (!icmp_ln116)> <Delay = 2.04> <CoreType = "Generic">   --->   Core 0 '' <Latency = 0> <II = 1> <Delay = 1.00> <Generic> <Opcode : >
ST_3 : Operation 26 [1/1] (0.42ns)   --->   "%store_ln116 = store i7 %add_ln116, i7 %oc_1" [awn_int8.cpp:116]   --->   Operation 26 'store' 'store_ln116' <Predicate = (!icmp_ln116)> <Delay = 0.42>
ST_3 : Operation 27 [1/1] (0.00ns)   --->   "%ret_ln129 = ret" [awn_int8.cpp:129]   --->   Operation 27 'ret' 'ret_ln129' <Predicate = (icmp_ln116)> <Delay = 0.00>

State 4 <SV = 3> <Delay = 0.00>
ST_4 : Operation 28 [1/1] (0.00ns)   --->   "%speclooptripcount_ln116 = speclooptripcount void @_ssdm_op_SpecLoopTripCount, i64 64, i64 64, i64 64" [awn_int8.cpp:116]   --->   Operation 28 'speclooptripcount' 'speclooptripcount_ln116' <Predicate = true> <Delay = 0.00>
ST_4 : Operation 29 [1/1] (0.00ns)   --->   "%specloopname_ln116 = specloopname void @_ssdm_op_SpecLoopName, void @empty_16" [awn_int8.cpp:116]   --->   Operation 29 'specloopname' 'specloopname_ln116' <Predicate = true> <Delay = 0.00>
ST_4 : Operation 30 [1/2] (0.00ns)   --->   "%call_ln126 = call void @u_branch_Pipeline_VITIS_LOOP_117_6, i12 %tmp, i1 %y_tanh" [awn_int8.cpp:126]   --->   Operation 30 'call' 'call_ln126' <Predicate = true> <Delay = 0.00> <CoreType = "Generic">   --->   Core 0 '' <Latency = 0> <II = 1> <Delay = 1.00> <Generic> <Opcode : >
ST_4 : Operation 31 [1/1] (0.00ns)   --->   "%br_ln116 = br void %VITIS_LOOP_117_6" [awn_int8.cpp:116]   --->   Operation 31 'br' 'br_ln116' <Predicate = true> <Delay = 0.00>


============================================================
+ Verbose Summary: Timing violations
============================================================
Target clock period: 5.000ns, clock uncertainty: 1.350ns.

 <State 1>: 0.427ns
The critical path consists of the following:
	'alloca' operation 7 bit ('oc', awn_int8.cpp:100) [2]  (0.000 ns)
	'store' operation 0 bit ('store_ln100', awn_int8.cpp:100) of constant 0 on local variable 'oc', awn_int8.cpp:100 [3]  (0.427 ns)

 <State 2>: 1.200ns
The critical path consists of the following:
	'load' operation 7 bit ('oc', awn_int8.cpp:100) on local variable 'oc', awn_int8.cpp:100 [6]  (0.000 ns)
	'icmp' operation 1 bit ('icmp_ln100', awn_int8.cpp:100) [7]  (0.773 ns)
	'store' operation 0 bit ('store_ln116', awn_int8.cpp:116) of constant 0 on local variable 'oc', awn_int8.cpp:116 [17]  (0.427 ns)

 <State 3>: 2.819ns
The critical path consists of the following:
	'load' operation 7 bit ('oc', awn_int8.cpp:116) on local variable 'oc', awn_int8.cpp:116 [20]  (0.000 ns)
	'icmp' operation 1 bit ('icmp_ln116', awn_int8.cpp:116) [22]  (0.773 ns)
	'call' operation 0 bit ('call_ln126', awn_int8.cpp:126) to 'u_branch_Pipeline_VITIS_LOOP_117_6' [29]  (2.046 ns)

 <State 4>: 0.000ns
The critical path consists of the following:


============================================================
+ Verbose Summary: Binding
============================================================
N/A
* FSMD analyzer results:
  - Output states:
 - Input state : 
  - Chain level:
	State 1
	State 2
	State 3
	State 4


============================================================
+ Verbose Summary: Datapath Resource usage 
============================================================
N/A
