

================================================================
== Vitis HLS Report for 'u_branch'
================================================================
* Date:           Sat May 30 20:41:50 2026

* Version:        2023.2 (Build 4023990 on Oct 11 2023)
* Project:        proj_awn_int8
* Solution:       solution1 (Vivado IP Flow Target)
* Product family: zynquplus
* Target device:  xczu7ev-ffvc1156-2-e


================================================================
== Performance Estimates
================================================================
+ Timing: 
    * Summary: 
    +--------+---------+----------+------------+
    |  Clock |  Target | Estimated| Uncertainty|
    +--------+---------+----------+------------+
    |ap_clk  |  5.00 ns|  2.819 ns|     1.35 ns|
    +--------+---------+----------+------------+

+ Latency: 
    * Summary: 
    +---------+---------+-----------+-----------+------+------+---------+
    |  Latency (cycles) |   Latency (absolute)  |   Interval  | Pipeline|
    |   min   |   max   |    min    |    max    |  min |  max |   Type  |
    +---------+---------+-----------+-----------+------+------+---------+
    |     4418|     4418|  22.090 us|  22.090 us|  4418|  4418|       no|
    +---------+---------+-----------+-----------+------+------+---------+

    + Detail: 
        * Instance: 
        +----------------------------------------------+------------------------------------+---------+---------+----------+----------+-----+-----+---------+
        |                                              |                                    |  Latency (cycles) |  Latency (absolute) |  Interval | Pipeline|
        |                   Instance                   |               Module               |   min   |   max   |    min   |    max   | min | max |   Type  |
        +----------------------------------------------+------------------------------------+---------+---------+----------+----------+-----+-----+---------+
        |grp_u_branch_Pipeline_VITIS_LOOP_117_6_fu_34  |u_branch_Pipeline_VITIS_LOOP_117_6  |       66|       66|  0.330 us|  0.330 us|   66|   66|       no|
        +----------------------------------------------+------------------------------------+---------+---------+----------+----------+-----+-----+---------+

        * Loop: 
        +--------------------+---------+---------+----------+-----------+-----------+------+----------+
        |                    |  Latency (cycles) | Iteration|  Initiation Interval  | Trip |          |
        |      Loop Name     |   min   |   max   |  Latency |  achieved |   target  | Count| Pipelined|
        +--------------------+---------+---------+----------+-----------+-----------+------+----------+
        |- VITIS_LOOP_100_1  |       64|       64|         1|          -|          -|    64|        no|
        |- VITIS_LOOP_116_5  |     4352|     4352|        68|          -|          -|    64|        no|
        +--------------------+---------+---------+----------+-----------+-----------+------+----------+



================================================================
== Utilization Estimates
================================================================
* Summary: 
+-----------------+---------+------+--------+--------+-----+
|       Name      | BRAM_18K|  DSP |   FF   |   LUT  | URAM|
+-----------------+---------+------+--------+--------+-----+
|DSP              |        -|     -|       -|       -|    -|
|Expression       |        -|     -|       0|      58|    -|
|FIFO             |        -|     -|       -|       -|    -|
|Instance         |        -|     -|       9|      75|    -|
|Memory           |        -|     -|       -|       -|    -|
|Multiplexer      |        -|     -|       -|      44|    -|
|Register         |        -|     -|      25|       -|    -|
+-----------------+---------+------+--------+--------+-----+
|Total            |        0|     0|      34|     177|    0|
+-----------------+---------+------+--------+--------+-----+
|Available        |      624|  1728|  460800|  230400|   96|
+-----------------+---------+------+--------+--------+-----+
|Utilization (%)  |        0|     0|      ~0|      ~0|    0|
+-----------------+---------+------+--------+--------+-----+

+ Detail: 
    * Instance: 
    +----------------------------------------------+------------------------------------+---------+----+---+----+-----+
    |                   Instance                   |               Module               | BRAM_18K| DSP| FF| LUT| URAM|
    +----------------------------------------------+------------------------------------+---------+----+---+----+-----+
    |grp_u_branch_Pipeline_VITIS_LOOP_117_6_fu_34  |u_branch_Pipeline_VITIS_LOOP_117_6  |        0|   0|  9|  75|    0|
    +----------------------------------------------+------------------------------------+---------+----+---+----+-----+
    |Total                                         |                                    |        0|   0|  9|  75|    0|
    +----------------------------------------------+------------------------------------+---------+----+---+----+-----+

    * DSP: 
    N/A

    * Memory: 
    N/A

    * FIFO: 
    N/A

    * Expression: 
    +---------------------+----------+----+---+----+------------+------------+
    |    Variable Name    | Operation| DSP| FF| LUT| Bitwidth P0| Bitwidth P1|
    +---------------------+----------+----+---+----+------------+------------+
    |add_ln100_fu_55_p2   |         +|   0|  0|  14|           7|           1|
    |add_ln116_fu_84_p2   |         +|   0|  0|  14|           7|           1|
    |icmp_ln100_fu_49_p2  |      icmp|   0|  0|  15|           7|           8|
    |icmp_ln116_fu_78_p2  |      icmp|   0|  0|  15|           7|           8|
    +---------------------+----------+----+---+----+------------+------------+
    |Total                |          |   0|  0|  58|          28|          18|
    +---------------------+----------+----+---+----+------------+------------+

    * Multiplexer: 
    +------------+----+-----------+-----+-----------+
    |    Name    | LUT| Input Size| Bits| Total Bits|
    +------------+----+-----------+-----+-----------+
    |ap_NS_fsm   |  26|          5|    1|          5|
    |oc_1_fu_30  |   9|          2|    7|         14|
    |oc_fu_26    |   9|          2|    7|         14|
    +------------+----+-----------+-----+-----------+
    |Total       |  44|          9|   15|         33|
    +------------+----+-----------+-----+-----------+

    * Register: 
    +-----------------------------------------------------------+---+----+-----+-----------+
    |                            Name                           | FF| LUT| Bits| Const Bits|
    +-----------------------------------------------------------+---+----+-----+-----------+
    |ap_CS_fsm                                                  |  4|   0|    4|          0|
    |grp_u_branch_Pipeline_VITIS_LOOP_117_6_fu_34_ap_start_reg  |  1|   0|    1|          0|
    |oc_1_fu_30                                                 |  7|   0|    7|          0|
    |oc_fu_26                                                   |  7|   0|    7|          0|
    |tmp_reg_124                                                |  6|   0|   12|          6|
    +-----------------------------------------------------------+---+----+-----+-----------+
    |Total                                                      | 25|   0|   31|          6|
    +-----------------------------------------------------------+---+----+-----+-----------+



================================================================
== Interface
================================================================
* Summary: 
+-----------------+-----+-----+------------+--------------+--------------+
|    RTL Ports    | Dir | Bits|  Protocol  | Source Object|    C Type    |
+-----------------+-----+-----+------------+--------------+--------------+
|ap_clk           |   in|    1|  ap_ctrl_hs|      u_branch|  return value|
|ap_rst           |   in|    1|  ap_ctrl_hs|      u_branch|  return value|
|ap_start         |   in|    1|  ap_ctrl_hs|      u_branch|  return value|
|ap_done          |  out|    1|  ap_ctrl_hs|      u_branch|  return value|
|ap_idle          |  out|    1|  ap_ctrl_hs|      u_branch|  return value|
|ap_ready         |  out|    1|  ap_ctrl_hs|      u_branch|  return value|
|y_tanh_address0  |  out|   12|   ap_memory|        y_tanh|         array|
|y_tanh_ce0       |  out|    1|   ap_memory|        y_tanh|         array|
|y_tanh_we0       |  out|    1|   ap_memory|        y_tanh|         array|
|y_tanh_d0        |  out|    1|   ap_memory|        y_tanh|         array|
+-----------------+-----+-----+------------+--------------+--------------+

============================================================
+ Verbose Summary: Synthesis Manager
============================================================
InlineROM: 1
ExposeGlobal: 0
============================================================
+ Verbose Summary: CDFG Model
============================================================
IsTopModel: 0
ResetActiveHigh: 1
IsCombinational: 2
IsDatapathOnly: 2
HasWiredReturn: 1
HasMFsm: 0
HasVarLatency: 1
IsPipeline: 0
IsRtlPipelined: 0
IsInstanceOverlapped: 0
IsDontTouch: 0
HasImplIP: 0
IsGatedGlobalClock: 0


============================================================
+ Verbose Summary: Schedule
============================================================
* Number of FSM states : 4
* Pipeline : 0
* Dataflow Pipeline: 0

* FSM state transitions: 
1 --> 2 
2 --> 2 3 
3 --> 4 
4 --> 3 

* FSM state operations: 

State 1 <SV = 0> <Delay = 0.42>
ST_1 : Operation 5 [1/1] (0.00ns)   --->   "%oc = alloca i32 1" [awn_int8.cpp:100]   --->   Operation 5 'alloca' 'oc' <Predicate = true> <Delay = 0.00>
ST_1 : Operation 6 [1/1] (0.42ns)   --->   "%store_ln100 = store i7 0, i7 %oc" [awn_int8.cpp:100]   --->   Operation 6 'store' 'store_ln100' <Predicate = true> <Delay = 0.42>
ST_1 : Operation 7 [1/1] (0.00ns)   --->   "%br_ln100 = br void %VITIS_LOOP_101_2" [awn_int8.cpp:100]   --->   Operation 7 'br' 'br_ln100' <Predicate = true> <Delay = 0.00>

State 2 <SV = 1> <Delay = 1.20>
ST_2 : Operation 8 [1/1] (0.00ns)   --->   "%oc_2 = load i7 %oc" [awn_int8.cpp:100]   --->   Operation 8 'load' 'oc_2' <Predicate = true> <Delay = 0.00>
ST_2 : Operation 9 [1/1] (0.77ns)   --->   "%icmp_ln100 = icmp_eq  i7 %oc_2, i7 64" [awn_int8.cpp:100]   --->   Operation 9 'icmp' 'icmp_ln100' <Predicate = true> <Delay = 0.77> <CoreInst = "Cmp">   --->   Core 9 'Cmp' <Latency = 0> <II = 1> <Delay = 0.76> <FuncUnit> <Opcode : 'icmp'> <InPorts = 2> <OutPorts = 1>
ST_2 : Operation 10 [1/1] (0.77ns)   --->   "%add_ln100 = add i7 %oc_2, i7 1" [awn_int8.cpp:100]   --->   Operation 10 'add' 'add_ln100' <Predicate = true> <Delay = 0.77> <CoreInst = "Adder">   --->   Core 1 'Adder' <Latency = 0> <II = 1> <Delay = 0.77> <FuncUnit> <Opcode : 'add' 'sub'> <InPorts = 2> <OutPorts = 1>
ST_2 : Operation 11 [1/1] (0.00ns)   --->   "%br_ln100 = br i1 %icmp_ln100, void %VITIS_LOOP_101_2.split, void %VITIS_LOOP_117_6.preheader" [awn_int8.cpp:100]   --->   Operation 11 'br' 'br_ln100' <Predicate = true> <Delay = 0.00>
ST_2 : Operation 12 [1/1] (0.00ns)   --->   "%speclooptripcount_ln100 = speclooptripcount void @_ssdm_op_SpecLoopTripCount, i64 64, i64 64, i64 64" [awn_int8.cpp:100]   --->   Operation 12 'speclooptripcount' 'speclooptripcount_ln100' <Predicate = (!icmp_ln100)> <Delay = 0.00>
ST_2 : Operation 13 [1/1] (0.00ns)   --->   "%specloopname_ln100 = specloopname void @_ssdm_op_SpecLoopName, void @empty_9" [awn_int8.cpp:100]   --->   Operation 13 'specloopname' 'specloopname_ln100' <Predicate = (!icmp_ln100)> <Delay = 0.00>
ST_2 : Operation 14 [1/1] (0.42ns)   --->   "%store_ln100 = store i7 %add_ln100, i7 %oc" [awn_int8.cpp:100]   --->   Operation 14 'store' 'store_ln100' <Predicate = (!icmp_ln100)> <Delay = 0.42>
ST_2 : Operation 15 [1/1] (0.00ns)   --->   "%br_ln100 = br void %VITIS_LOOP_101_2" [awn_int8.cpp:100]   --->   Operation 15 'br' 'br_ln100' <Predicate = (!icmp_ln100)> <Delay = 0.00>
ST_2 : Operation 16 [1/1] (0.00ns)   --->   "%oc_1 = alloca i32 1" [awn_int8.cpp:116]   --->   Operation 16 'alloca' 'oc_1' <Predicate = (icmp_ln100)> <Delay = 0.00>
ST_2 : Operation 17 [1/1] (0.42ns)   --->   "%store_ln116 = store i7 0, i7 %oc_1" [awn_int8.cpp:116]   --->   Operation 17 'store' 'store_ln116' <Predicate = (icmp_ln100)> <Delay = 0.42>
ST_2 : Operation 18 [1/1] (0.00ns)   --->   "%br_ln116 = br void %VITIS_LOOP_117_6" [awn_int8.cpp:116]   --->   Operation 18 'br' 'br_ln116' <Predicate = (icmp_ln100)> <Delay = 0.00>

State 3 <SV = 2> <Delay = 2.81>
ST_3 : Operation 19 [1/1] (0.00ns)   --->   "%oc_3 = load i7 %oc_1" [awn_int8.cpp:116]   --->   Operation 19 'load' 'oc_3' <Predicate = true> <Delay = 0.00>
ST_3 : Operation 20 [1/1] (0.00ns)   --->   "%trunc_ln116 = trunc i7 %oc_3" [awn_int8.cpp:116]   --->   Operation 20 'trunc' 'trunc_ln116' <Predicate = true> <Delay = 0.00>
ST_3 : Operation 21 [1/1] (0.77ns)   --->   "%icmp_ln116 = icmp_eq  i7 %oc_3, i7 64" [awn_int8.cpp:116]   --->   Operation 21 'icmp' 'icmp_ln116' <Predicate = true> <Delay = 0.77> <CoreInst = "Cmp">   --->   Core 9 'Cmp' <Latency = 0> <II = 1> <Delay = 0.76> <FuncUnit> <Opcode : 'icmp'> <InPorts = 2> <OutPorts = 1>
ST_3 : Operation 22 [1/1] (0.77ns)   --->   "%add_ln116 = add i7 %oc_3, i7 1" [awn_int8.cpp:116]   --->   Operation 22 'add' 'add_ln116' <Predicate = true> <Delay = 0.77> <CoreInst = "Adder">   --->   Core 1 'Adder' <Latency = 0> <II = 1> <Delay = 0.77> <FuncUnit> <Opcode : 'add' 'sub'> <InPorts = 2> <OutPorts = 1>
ST_3 : Operation 23 [1/1] (0.00ns)   --->   "%br_ln116 = br i1 %icmp_ln116, void %VITIS_LOOP_117_6.split, void %for.end101" [awn_int8.cpp:116]   --->   Operation 23 'br' 'br_ln116' <Predicate = true> <Delay = 0.00>
ST_3 : Operation 24 [1/1] (0.00ns)   --->   "%tmp = bitconcatenate i12 @_ssdm_op_BitConcatenate.i12.i6.i6, i6 %trunc_ln116, i6 0" [awn_int8.cpp:126]   --->   Operation 24 'bitconcatenate' 'tmp' <Predicate = (!icmp_ln116)> <Delay = 0.00>
ST_3 : Operation 25 [2/2] (2.04ns)   --->   "%call_ln126 = call void @u_branch_Pipeline_VITIS_LOOP_117_6, i12 %tmp, i1 %y_tanh" [awn_int8.cpp:126]   --->   Operation 25 'call' 'call_ln126' <Predicate = (!icmp_ln116)> <Delay = 2.04> <CoreType = "Generic">   --->   Core 0 '' <Latency = 0> <II = 1> <Delay = 1.00> <Generic> <Opcode : >
ST_3 : Operation 26 [1/1] (0.42ns)   --->   "%store_ln116 = store i7 %add_ln116, i7 %oc_1" [awn_int8.cpp:116]   --->   Operation 26 'store' 'store_ln116' <Predicate = (!icmp_ln116)> <Delay = 0.42>
ST_3 : Operation 27 [1/1] (0.00ns)   --->   "%ret_ln129 = ret" [awn_int8.cpp:129]   --->   Operation 27 'ret' 'ret_ln129' <Predicate = (icmp_ln116)> <Delay = 0.00>

State 4 <SV = 3> <Delay = 0.00>
ST_4 : Operation 28 [1/1] (0.00ns)   --->   "%speclooptripcount_ln116 = speclooptripcount void @_ssdm_op_SpecLoopTripCount, i64 64, i64 64, i64 64" [awn_int8.cpp:116]   --->   Operation 28 'speclooptripcount' 'speclooptripcount_ln116' <Predicate = true> <Delay = 0.00>
ST_4 : Operation 29 [1/1] (0.00ns)   --->   "%specloopname_ln116 = specloopname void @_ssdm_op_SpecLoopName, void @empty_16" [awn_int8.cpp:116]   --->   Operation 29 'specloopname' 'specloopname_ln116' <Predicate = true> <Delay = 0.00>
ST_4 : Operation 30 [1/2] (0.00ns)   --->   "%call_ln126 = call void @u_branch_Pipeline_VITIS_LOOP_117_6, i12 %tmp, i1 %y_tanh" [awn_int8.cpp:126]   --->   Operation 30 'call' 'call_ln126' <Predicate = true> <Delay = 0.00> <CoreType = "Generic">   --->   Core 0 '' <Latency = 0> <II = 1> <Delay = 1.00> <Generic> <Opcode : >
ST_4 : Operation 31 [1/1] (0.00ns)   --->   "%br_ln116 = br void %VITIS_LOOP_117_6" [awn_int8.cpp:116]   --->   Operation 31 'br' 'br_ln116' <Predicate = true> <Delay = 0.00>


============================================================
+ Verbose Summary: Binding
============================================================
STG Binding: 
---------------- STG Properties BEGIN ----------------
- Is combinational: 0
- Is one-state seq: 0
- Is datapath-only: 0
- Is pipelined: 0
- Is top level: 0
Port [ Return ] is wired: 1; IO mode=ap_ctrl_hs:ce=0
Port [ y_tanh]:  wired=1; compound=1; hidden=0; nouse=0; global=0; static=0; extern=0; dir=1; type=1; pingpong=0; private_global=0; MemPort=[03]; IO mode=ap_memory:ce=0
---------------- STG Properties END ------------------

---------------- Datapath Model BEGIN ----------------

<LifeTime>
<method=bitvector/>
oc                      (alloca           ) [ 01100]
store_ln100             (store            ) [ 00000]
br_ln100                (br               ) [ 00000]
oc_2                    (load             ) [ 00000]
icmp_ln100              (icmp             ) [ 00100]
add_ln100               (add              ) [ 00000]
br_ln100                (br               ) [ 00000]
speclooptripcount_ln100 (speclooptripcount) [ 00000]
specloopname_ln100      (specloopname     ) [ 00000]
store_ln100             (store            ) [ 00000]
br_ln100                (br               ) [ 00000]
oc_1                    (alloca           ) [ 00111]
store_ln116             (store            ) [ 00000]
br_ln116                (br               ) [ 00000]
oc_3                    (load             ) [ 00000]
trunc_ln116             (trunc            ) [ 00000]
icmp_ln116              (icmp             ) [ 00011]
add_ln116               (add              ) [ 00000]
br_ln116                (br               ) [ 00000]
tmp                     (bitconcatenate   ) [ 00001]
store_ln116             (store            ) [ 00000]
ret_ln129               (ret              ) [ 00000]
speclooptripcount_ln116 (speclooptripcount) [ 00000]
specloopname_ln116      (specloopname     ) [ 00000]
call_ln126              (call             ) [ 00000]
br_ln116                (br               ) [ 00000]
</LifeTime>

<model>

<comp_list>
<comp id="0" class="1000" name="y_tanh">
<pin_list>
<pin id="1" dir="1" index="0" bw="1" slack="0"/>
</pin_list>
<bind>
<StgValue><ssdm name="y_tanh"/><MemPortTyVec>0 3 </MemPortTyVec>
</StgValue>
</bind>
</comp>

<comp id="2" class="1001" name="const_2">
<pin_list>
<pin id="3" dir="1" index="0" bw="1" slack="0"/>
</pin_list>
<bind>
<StgValue><ssdm name=""/></StgValue>
</bind>
</comp>

<comp id="4" class="1001" name="const_4">
<pin_list>
<pin id="5" dir="1" index="0" bw="1" slack="0"/>
</pin_list>
<bind>
<StgValue><ssdm name=""/></StgValue>
</bind>
</comp>

<comp id="6" class="1001" name="const_6">
<pin_list>
<pin id="7" dir="1" index="0" bw="1" slack="0"/>
</pin_list>
<bind>
<StgValue><ssdm name=""/></StgValue>
</bind>
</comp>

<comp id="8" class="1001" name="const_8">
<pin_list>
<pin id="9" dir="1" index="0" bw="1" slack="0"/>
</pin_list>
<bind>
<StgValue><ssdm name=""/></StgValue>
</bind>
</comp>

<comp id="10" class="1001" name="const_10">
<pin_list>
<pin id="11" dir="1" index="0" bw="1" slack="2147483647"/>
</pin_list>
<bind>
<StgValue><ssdm name="_ssdm_op_SpecLoopTripCount"/></StgValue>
</bind>
</comp>

<comp id="12" class="1001" name="const_12">
<pin_list>
<pin id="13" dir="1" index="0" bw="1" slack="2147483647"/>
</pin_list>
<bind>
<StgValue><ssdm name=""/></StgValue>
</bind>
</comp>

<comp id="14" class="1001" name="const_14">
<pin_list>
<pin id="15" dir="1" index="0" bw="1" slack="2147483647"/>
</pin_list>
<bind>
<StgValue><ssdm name="_ssdm_op_SpecLoopName"/></StgValue>
</bind>
</comp>

<comp id="16" class="1001" name="const_16">
<pin_list>
<pin id="17" dir="1" index="0" bw="1" slack="2147483647"/>
</pin_list>
<bind>
<StgValue><ssdm name="empty_9"/></StgValue>
</bind>
</comp>

<comp id="18" class="1001" name="const_18">
<pin_list>
<pin id="19" dir="1" index="0" bw="1" slack="0"/>
</pin_list>
<bind>
<StgValue><ssdm name="_ssdm_op_BitConcatenate.i12.i6.i6"/></StgValue>
</bind>
</comp>

<comp id="20" class="1001" name="const_20">
<pin_list>
<pin id="21" dir="1" index="0" bw="1" slack="0"/>
</pin_list>
<bind>
<StgValue><ssdm name=""/></StgValue>
</bind>
</comp>

<comp id="22" class="1001" name="const_22">
<pin_list>
<pin id="23" dir="1" index="0" bw="1" slack="0"/>
</pin_list>
<bind>
<StgValue><ssdm name="u_branch_Pipeline_VITIS_LOOP_117_6"/></StgValue>
</bind>
</comp>

<comp id="24" class="1001" name="const_24">
<pin_list>
<pin id="25" dir="1" index="0" bw="1" slack="2147483647"/>
</pin_list>
<bind>
<StgValue><ssdm name="empty_16"/></StgValue>
</bind>
</comp>

<comp id="26" class="1004" name="oc_fu_26">
<pin_list>
<pin id="27" dir="0" index="0" bw="1" slack="0"/>
<pin id="28" dir="1" index="1" bw="7" slack="0"/>
</pin_list>
<bind>
<opcode="alloca(26) " fcode="alloca"/>
<opset="oc/1 "/>
</bind>
</comp>

<comp id="30" class="1004" name="oc_1_fu_30">
<pin_list>
<pin id="31" dir="0" index="0" bw="1" slack="0"/>
<pin id="32" dir="1" index="1" bw="7" slack="0"/>
</pin_list>
<bind>
<opcode="alloca(26) " fcode="alloca"/>
<opset="oc_1/2 "/>
</bind>
</comp>

<comp id="34" class="1004" name="grp_u_branch_Pipeline_VITIS_LOOP_117_6_fu_34">
<pin_list>
<pin id="35" dir="0" index="0" bw="0" slack="0"/>
<pin id="36" dir="0" index="1" bw="12" slack="0"/>
<pin id="37" dir="0" index="2" bw="1" slack="0"/>
<pin id="38" dir="1" index="3" bw="0" slack="2147483647"/>
</pin_list>
<bind>
<opcode="call(48) " fcode="call"/>
<opset="call_ln126/3 "/>
</bind>
</comp>

<comp id="41" class="1004" name="store_ln100_store_fu_41">
<pin_list>
<pin id="42" dir="0" index="0" bw="1" slack="0"/>
<pin id="43" dir="0" index="1" bw="7" slack="0"/>
<pin id="44" dir="1" index="2" bw="0" slack="2147483647"/>
</pin_list>
<bind>
<opcode="store(28) " fcode="store"/>
<opset="store_ln100/1 "/>
</bind>
</comp>

<comp id="46" class="1004" name="oc_2_load_fu_46">
<pin_list>
<pin id="47" dir="0" index="0" bw="7" slack="1"/>
<pin id="48" dir="1" index="1" bw="7" slack="0"/>
</pin_list>
<bind>
<opcode="load(27) " fcode="load"/>
<opset="oc_2/2 "/>
</bind>
</comp>

<comp id="49" class="1004" name="icmp_ln100_fu_49">
<pin_list>
<pin id="50" dir="0" index="0" bw="7" slack="0"/>
<pin id="51" dir="0" index="1" bw="7" slack="0"/>
<pin id="52" dir="1" index="2" bw="1" slack="2147483647"/>
</pin_list>
<bind>
<opcode="icmp(45) " fcode="icmp"/>
<opset="icmp_ln100/2 "/>
</bind>
</comp>

<comp id="55" class="1004" name="add_ln100_fu_55">
<pin_list>
<pin id="56" dir="0" index="0" bw="7" slack="0"/>
<pin id="57" dir="0" index="1" bw="1" slack="0"/>
<pin id="58" dir="1" index="2" bw="7" slack="0"/>
</pin_list>
<bind>
<opcode="add(8) " fcode="add"/>
<opset="add_ln100/2 "/>
</bind>
</comp>

<comp id="61" class="1004" name="store_ln100_store_fu_61">
<pin_list>
<pin id="62" dir="0" index="0" bw="7" slack="0"/>
<pin id="63" dir="0" index="1" bw="7" slack="1"/>
<pin id="64" dir="1" index="2" bw="0" slack="2147483647"/>
</pin_list>
<bind>
<opcode="store(28) " fcode="store"/>
<opset="store_ln100/2 "/>
</bind>
</comp>

<comp id="66" class="1004" name="store_ln116_store_fu_66">
<pin_list>
<pin id="67" dir="0" index="0" bw="1" slack="0"/>
<pin id="68" dir="0" index="1" bw="7" slack="0"/>
<pin id="69" dir="1" index="2" bw="0" slack="2147483647"/>
</pin_list>
<bind>
<opcode="store(28) " fcode="store"/>
<opset="store_ln116/2 "/>
</bind>
</comp>

<comp id="71" class="1004" name="oc_3_load_fu_71">
<pin_list>
<pin id="72" dir="0" index="0" bw="7" slack="1"/>
<pin id="73" dir="1" index="1" bw="7" slack="0"/>
</pin_list>
<bind>
<opcode="load(27) " fcode="load"/>
<opset="oc_3/3 "/>
</bind>
</comp>

<comp id="74" class="1004" name="trunc_ln116_fu_74">
<pin_list>
<pin id="75" dir="0" index="0" bw="7" slack="0"/>
<pin id="76" dir="1" index="1" bw="6" slack="0"/>
</pin_list>
<bind>
<opcode="trunc(33) " fcode="trunc"/>
<opset="trunc_ln116/3 "/>
</bind>
</comp>

<comp id="78" class="1004" name="icmp_ln116_fu_78">
<pin_list>
<pin id="79" dir="0" index="0" bw="7" slack="0"/>
<pin id="80" dir="0" index="1" bw="7" slack="0"/>
<pin id="81" dir="1" index="2" bw="1" slack="2147483647"/>
</pin_list>
<bind>
<opcode="icmp(45) " fcode="icmp"/>
<opset="icmp_ln116/3 "/>
</bind>
</comp>

<comp id="84" class="1004" name="add_ln116_fu_84">
<pin_list>
<pin id="85" dir="0" index="0" bw="7" slack="0"/>
<pin id="86" dir="0" index="1" bw="1" slack="0"/>
<pin id="87" dir="1" index="2" bw="7" slack="0"/>
</pin_list>
<bind>
<opcode="add(8) " fcode="add"/>
<opset="add_ln116/3 "/>
</bind>
</comp>

<comp id="90" class="1004" name="tmp_fu_90">
<pin_list>
<pin id="91" dir="0" index="0" bw="12" slack="0"/>
<pin id="92" dir="0" index="1" bw="6" slack="0"/>
<pin id="93" dir="0" index="2" bw="1" slack="0"/>
<pin id="94" dir="1" index="3" bw="12" slack="0"/>
</pin_list>
<bind>
<opcode="bitconcatenate(1004) " fcode="bitconcatenate"/>
<opset="tmp/3 "/>
</bind>
</comp>

<comp id="99" class="1004" name="store_ln116_store_fu_99">
<pin_list>
<pin id="100" dir="0" index="0" bw="7" slack="0"/>
<pin id="101" dir="0" index="1" bw="7" slack="1"/>
<pin id="102" dir="1" index="2" bw="0" slack="2147483647"/>
</pin_list>
<bind>
<opcode="store(28) " fcode="store"/>
<opset="store_ln116/3 "/>
</bind>
</comp>

<comp id="104" class="1005" name="oc_reg_104">
<pin_list>
<pin id="105" dir="0" index="0" bw="7" slack="0"/>
<pin id="106" dir="1" index="1" bw="7" slack="0"/>
</pin_list>
<bind>
<opset="oc "/>
</bind>
</comp>

<comp id="114" class="1005" name="oc_1_reg_114">
<pin_list>
<pin id="115" dir="0" index="0" bw="7" slack="0"/>
<pin id="116" dir="1" index="1" bw="7" slack="0"/>
</pin_list>
<bind>
<opset="oc_1 "/>
</bind>
</comp>

<comp id="124" class="1005" name="tmp_reg_124">
<pin_list>
<pin id="125" dir="0" index="0" bw="12" slack="1"/>
<pin id="126" dir="1" index="1" bw="12" slack="1"/>
</pin_list>
<bind>
<opset="tmp "/>
</bind>
</comp>

</comp_list>

<net_list>
<net id="29"><net_src comp="2" pin="0"/><net_sink comp="26" pin=0"/></net>

<net id="33"><net_src comp="2" pin="0"/><net_sink comp="30" pin=0"/></net>

<net id="39"><net_src comp="22" pin="0"/><net_sink comp="34" pin=0"/></net>

<net id="40"><net_src comp="0" pin="0"/><net_sink comp="34" pin=2"/></net>

<net id="45"><net_src comp="4" pin="0"/><net_sink comp="41" pin=0"/></net>

<net id="53"><net_src comp="46" pin="1"/><net_sink comp="49" pin=0"/></net>

<net id="54"><net_src comp="6" pin="0"/><net_sink comp="49" pin=1"/></net>

<net id="59"><net_src comp="46" pin="1"/><net_sink comp="55" pin=0"/></net>

<net id="60"><net_src comp="8" pin="0"/><net_sink comp="55" pin=1"/></net>

<net id="65"><net_src comp="55" pin="2"/><net_sink comp="61" pin=0"/></net>

<net id="70"><net_src comp="4" pin="0"/><net_sink comp="66" pin=0"/></net>

<net id="77"><net_src comp="71" pin="1"/><net_sink comp="74" pin=0"/></net>

<net id="82"><net_src comp="71" pin="1"/><net_sink comp="78" pin=0"/></net>

<net id="83"><net_src comp="6" pin="0"/><net_sink comp="78" pin=1"/></net>

<net id="88"><net_src comp="71" pin="1"/><net_sink comp="84" pin=0"/></net>

<net id="89"><net_src comp="8" pin="0"/><net_sink comp="84" pin=1"/></net>

<net id="95"><net_src comp="18" pin="0"/><net_sink comp="90" pin=0"/></net>

<net id="96"><net_src comp="74" pin="1"/><net_sink comp="90" pin=1"/></net>

<net id="97"><net_src comp="20" pin="0"/><net_sink comp="90" pin=2"/></net>

<net id="98"><net_src comp="90" pin="3"/><net_sink comp="34" pin=1"/></net>

<net id="103"><net_src comp="84" pin="2"/><net_sink comp="99" pin=0"/></net>

<net id="107"><net_src comp="26" pin="1"/><net_sink comp="104" pin=0"/></net>

<net id="108"><net_src comp="104" pin="1"/><net_sink comp="41" pin=1"/></net>

<net id="109"><net_src comp="104" pin="1"/><net_sink comp="46" pin=0"/></net>

<net id="110"><net_src comp="104" pin="1"/><net_sink comp="61" pin=1"/></net>

<net id="117"><net_src comp="30" pin="1"/><net_sink comp="114" pin=0"/></net>

<net id="118"><net_src comp="114" pin="1"/><net_sink comp="66" pin=1"/></net>

<net id="119"><net_src comp="114" pin="1"/><net_sink comp="71" pin=0"/></net>

<net id="120"><net_src comp="114" pin="1"/><net_sink comp="99" pin=1"/></net>

<net id="127"><net_src comp="90" pin="3"/><net_sink comp="124" pin=0"/></net>

<net id="128"><net_src comp="124" pin="1"/><net_sink comp="34" pin=1"/></net>

</net_list>

</model> 
---------------- Datapath Model END ------------------

* FSMD analyzer results:
  - Output states:
	Port: y_tanh | {3 4 }
 - Input state : 
  - Chain level:
	State 1
		store_ln100 : 1
	State 2
		icmp_ln100 : 1
		add_ln100 : 1
		br_ln100 : 2
		store_ln100 : 2
		store_ln116 : 1
	State 3
		trunc_ln116 : 1
		icmp_ln116 : 1
		add_ln116 : 1
		br_ln116 : 2
		tmp : 2
		call_ln126 : 3
		store_ln116 : 2
	State 4


============================================================
+ Verbose Summary: Datapath Resource usage 
============================================================

* Functional unit list:
|----------|----------------------------------------------|---------|---------|
| Operation|                Functional Unit               |    FF   |   LUT   |
|----------|----------------------------------------------|---------|---------|
|   call   | grp_u_branch_Pipeline_VITIS_LOOP_117_6_fu_34 |    7    |    47   |
|----------|----------------------------------------------|---------|---------|
|   icmp   |               icmp_ln100_fu_49               |    0    |    14   |
|          |               icmp_ln116_fu_78               |    0    |    14   |
|----------|----------------------------------------------|---------|---------|
|    add   |                add_ln100_fu_55               |    0    |    14   |
|          |                add_ln116_fu_84               |    0    |    14   |
|----------|----------------------------------------------|---------|---------|
|   trunc  |               trunc_ln116_fu_74              |    0    |    0    |
|----------|----------------------------------------------|---------|---------|
|bitconcatenate|                   tmp_fu_90                  |    0    |    0    |
|----------|----------------------------------------------|---------|---------|
|   Total  |                                              |    7    |   103   |
|----------|----------------------------------------------|---------|---------|

Memories:
N/A

* Register list:
+------------+--------+
|            |   FF   |
+------------+--------+
|oc_1_reg_114|    7   |
| oc_reg_104 |    7   |
| tmp_reg_124|   12   |
+------------+--------+
|    Total   |   26   |
+------------+--------+

* Multiplexer (MUX) list: 
|----------------------------------------------|------|------|------|--------||---------||---------|
|                     Comp                     |  Pin | Size |  BW  | S x BW ||  Delay  ||   LUT   |
|----------------------------------------------|------|------|------|--------||---------||---------|
| grp_u_branch_Pipeline_VITIS_LOOP_117_6_fu_34 |  p1  |   2  |  12  |   24   ||    9    |
|----------------------------------------------|------|------|------|--------||---------||---------|
|                     Total                    |      |      |      |   24   ||  0.427  ||    9    |
|----------------------------------------------|------|------|------|--------||---------||---------|



* Summary:
+-----------+--------+--------+--------+
|           |  Delay |   FF   |   LUT  |
+-----------+--------+--------+--------+
|  Function |    -   |    7   |   103  |
|   Memory  |    -   |    -   |    -   |
|Multiplexer|    0   |    -   |    9   |
|  Register |    -   |   26   |    -   |
+-----------+--------+--------+--------+
|   Total   |    0   |   33   |   112  |
+-----------+--------+--------+--------+
