

================================================================
== Vitis HLS Report for 'u_branch_Pipeline_VITIS_LOOP_117_6'
================================================================
* Date:           Sat May 30 20:37:40 2026

* Version:        2023.2 (Build 4023990 on Oct 11 2023)
* Project:        proj_awn_int8
* Solution:       solution1 (Vivado IP Flow Target)
* Product family: zynquplus
* Target device:  xczu7ev-ffvc1156-2-e


================================================================
== Performance Estimates
================================================================
+ Timing: 
    * Summary: 
    +--------+---------+----------+------------+
    |  Clock |  Target | Estimated| Uncertainty|
    +--------+---------+----------+------------+
    |ap_clk  |  5.00 ns|  2.473 ns|     1.35 ns|
    +--------+---------+----------+------------+

+ Latency: 
    * Summary: 
    +---------+---------+----------+----------+-----+-----+---------+
    |  Latency (cycles) |  Latency (absolute) |  Interval | Pipeline|
    |   min   |   max   |    min   |    max   | min | max |   Type  |
    +---------+---------+----------+----------+-----+-----+---------+
    |       66|       66|  0.330 us|  0.330 us|   66|   66|       no|
    +---------+---------+----------+----------+-----+-----+---------+

    + Detail: 
        * Instance: 
        N/A

        * Loop: 
        +--------------------+---------+---------+----------+-----------+-----------+------+----------+
        |                    |  Latency (cycles) | Iteration|  Initiation Interval  | Trip |          |
        |      Loop Name     |   min   |   max   |  Latency |  achieved |   target  | Count| Pipelined|
        +--------------------+---------+---------+----------+-----------+-----------+------+----------+
        |- VITIS_LOOP_117_6  |       64|       64|         1|          1|          1|    64|       yes|
        +--------------------+---------+---------+----------+-----------+-----------+------+----------+

============================================================
+ Verbose Summary: Synthesis Manager
============================================================
InlineROM: 1
ExposeGlobal: 0
============================================================
+ Verbose Summary: CDFG Model
============================================================
IsTopModel: 0
ResetActiveHigh: 1
IsCombinational: 0
IsDatapathOnly: 0
HasWiredReturn: 1
HasMFsm: 2
HasVarLatency: 1
IsPipeline: 0
IsRtlPipelined: 0
IsInstanceOverlapped: 0
IsDontTouch: 0
HasImplIP: 0
IsGatedGlobalClock: 0

+ Individual pipeline summary: 
  * Pipeline-0: initiation interval (II) = 1, depth = 1


============================================================
+ Verbose Summary: Schedule
============================================================
* Number of FSM states : 1
* Pipeline : 1
  Pipeline-0 : II = 1, D = 1, States = { 1 }
* Dataflow Pipeline: 0

* FSM state transitions: 
1 --> 

* FSM state operations: 

State 1 <SV = 0> <Delay = 2.47>
ST_1 : Operation 4 [1/1] (0.00ns)   --->   "%t = alloca i32 1" [awn_int8.cpp:117]   --->   Operation 4 'alloca' 't' <Predicate = true> <Delay = 0.00>
ST_1 : Operation 5 [1/1] (0.00ns)   --->   "%zext_ln126_read = read i12 @_ssdm_op_Read.ap_auto.i12, i12 %zext_ln126"   --->   Operation 5 'read' 'zext_ln126_read' <Predicate = true> <Delay = 0.00>
ST_1 : Operation 6 [1/1] (0.42ns)   --->   "%store_ln117 = store i7 0, i7 %t" [awn_int8.cpp:117]   --->   Operation 6 'store' 'store_ln117' <Predicate = true> <Delay = 0.42>
ST_1 : Operation 7 [1/1] (0.00ns)   --->   "%br_ln0 = br void %VITIS_LOOP_120_7"   --->   Operation 7 'br' 'br_ln0' <Predicate = true> <Delay = 0.00>
ST_1 : Operation 8 [1/1] (0.00ns)   --->   "%t_1 = load i7 %t" [awn_int8.cpp:119]   --->   Operation 8 'load' 't_1' <Predicate = true> <Delay = 0.00>
ST_1 : Operation 9 [1/1] (0.77ns)   --->   "%icmp_ln117 = icmp_eq  i7 %t_1, i7 64" [awn_int8.cpp:117]   --->   Operation 9 'icmp' 'icmp_ln117' <Predicate = true> <Delay = 0.77> <CoreInst = "Cmp">   --->   Core 9 'Cmp' <Latency = 0> <II = 1> <Delay = 0.77> <FuncUnit> <Opcode : 'icmp'> <InPorts = 2> <OutPorts = 1>
ST_1 : Operation 10 [1/1] (0.77ns)   --->   "%add_ln119 = add i7 %t_1, i7 1" [awn_int8.cpp:119]   --->   Operation 10 'add' 'add_ln119' <Predicate = true> <Delay = 0.77> <CoreInst = "Adder">   --->   Core 1 'Adder' <Latency = 0> <II = 1> <Delay = 0.77> <FuncUnit> <Opcode : 'add' 'sub'> <InPorts = 2> <OutPorts = 1>
ST_1 : Operation 11 [1/1] (0.00ns)   --->   "%br_ln117 = br i1 %icmp_ln117, void %VITIS_LOOP_120_7.split, void %for.inc99.exitStub" [awn_int8.cpp:117]   --->   Operation 11 'br' 'br_ln117' <Predicate = true> <Delay = 0.00>
ST_1 : Operation 12 [1/1] (0.00ns)   --->   "%zext_ln126_1 = zext i7 %t_1" [awn_int8.cpp:126]   --->   Operation 12 'zext' 'zext_ln126_1' <Predicate = (!icmp_ln117)> <Delay = 0.00>
ST_1 : Operation 13 [1/1] (0.80ns)   --->   "%add_ln126 = add i12 %zext_ln126_read, i12 %zext_ln126_1" [awn_int8.cpp:126]   --->   Operation 13 'add' 'add_ln126' <Predicate = (!icmp_ln117)> <Delay = 0.80> <CoreInst = "Adder">   --->   Core 1 'Adder' <Latency = 0> <II = 1> <Delay = 0.80> <FuncUnit> <Opcode : 'add' 'sub'> <InPorts = 2> <OutPorts = 1>
ST_1 : Operation 14 [1/1] (0.00ns)   --->   "%zext_ln126_2 = zext i12 %add_ln126" [awn_int8.cpp:126]   --->   Operation 14 'zext' 'zext_ln126_2' <Predicate = (!icmp_ln117)> <Delay = 0.00>
ST_1 : Operation 15 [1/1] (0.00ns)   --->   "%y_tanh_addr = getelementptr i1 %y_tanh, i64 0, i64 %zext_ln126_2" [awn_int8.cpp:126]   --->   Operation 15 'getelementptr' 'y_tanh_addr' <Predicate = (!icmp_ln117)> <Delay = 0.00>
ST_1 : Operation 16 [1/1] (0.00ns)   --->   "%specpipeline_ln118 = specpipeline void @_ssdm_op_SpecPipeline, i32 1, i32 0, i32 0, i32 0, void @empty_3" [awn_int8.cpp:118]   --->   Operation 16 'specpipeline' 'specpipeline_ln118' <Predicate = (!icmp_ln117)> <Delay = 0.00>
ST_1 : Operation 17 [1/1] (0.00ns)   --->   "%speclooptripcount_ln119 = speclooptripcount void @_ssdm_op_SpecLoopTripCount, i64 64, i64 64, i64 64" [awn_int8.cpp:119]   --->   Operation 17 'speclooptripcount' 'speclooptripcount_ln119' <Predicate = (!icmp_ln117)> <Delay = 0.00>
ST_1 : Operation 18 [1/1] (0.00ns)   --->   "%specloopname_ln117 = specloopname void @_ssdm_op_SpecLoopName, void @empty_17" [awn_int8.cpp:117]   --->   Operation 18 'specloopname' 'specloopname_ln117' <Predicate = (!icmp_ln117)> <Delay = 0.00>
ST_1 : Operation 19 [1/1] (1.23ns)   --->   "%store_ln126 = store i1 0, i12 %y_tanh_addr" [awn_int8.cpp:126]   --->   Operation 19 'store' 'store_ln126' <Predicate = (!icmp_ln117)> <Delay = 1.23> <CoreInst = "RAM">   --->   Core 83 'RAM' <Latency = 1> <II = 1> <Delay = 1.23> <Storage> <Opcode : 'load' 'store'> <Ports = 2> <Width = 1> <Depth = 4096> <RAM>
ST_1 : Operation 20 [1/1] (0.42ns)   --->   "%store_ln117 = store i7 %add_ln119, i7 %t" [awn_int8.cpp:117]   --->   Operation 20 'store' 'store_ln117' <Predicate = (!icmp_ln117)> <Delay = 0.42>
ST_1 : Operation 21 [1/1] (0.00ns)   --->   "%br_ln117 = br void %VITIS_LOOP_120_7" [awn_int8.cpp:117]   --->   Operation 21 'br' 'br_ln117' <Predicate = (!icmp_ln117)> <Delay = 0.00>
ST_1 : Operation 22 [1/1] (0.00ns)   --->   "%ret_ln0 = ret"   --->   Operation 22 'ret' 'ret_ln0' <Predicate = (icmp_ln117)> <Delay = 0.00>


============================================================
+ Verbose Summary: Timing violations
============================================================
Target clock period: 5.000ns, clock uncertainty: 1.350ns.

 <State 1>: 2.473ns
The critical path consists of the following:
	'store' operation 0 bit ('store_ln117', awn_int8.cpp:117) of constant 0 on local variable 't', awn_int8.cpp:117 [5]  (0.427 ns)
	'load' operation 7 bit ('t', awn_int8.cpp:119) on local variable 't', awn_int8.cpp:117 [8]  (0.000 ns)
	'add' operation 12 bit ('add_ln126', awn_int8.cpp:126) [14]  (0.809 ns)
	'getelementptr' operation 12 bit ('y_tanh_addr', awn_int8.cpp:126) [16]  (0.000 ns)
	'store' operation 0 bit ('store_ln126', awn_int8.cpp:126) of constant 0 on array 'y_tanh' [20]  (1.237 ns)


============================================================
+ Verbose Summary: Binding
============================================================
N/A
* FSMD analyzer results:
  - Output states:
 - Input state : 
  - Chain level:
	State 1


============================================================
+ Verbose Summary: Datapath Resource usage 
============================================================
N/A
